============================= test session starts =============================
platform win32 -- Python 3.14.4, pytest-9.0.3, pluggy-1.6.0
rootdir: C:\Users\F.R.A.N.Ks\Documents\ALPHA\DESAFIOCICLO\Semana 2\cadife_smart_travel\backend
configfile: pytest.ini
plugins: anyio-4.13.0, langsmith-0.8.0, asyncio-1.3.0, cov-7.1.0, mock-3.15.1
asyncio: mode=Mode.AUTO, debug=False, asyncio_default_fixture_loop_scope=None, asyncio_default_test_loop_scope=function
collected 1 item

backend\tests\test_routes\test_identity_flow.py F                        [100%]

================================== FAILURES ===================================
________________________ test_logout_blacklists_token _________________________

async_client_no_auth = <httpx.AsyncClient object at 0x00000245AE8D9010>
db_session = <sqlalchemy.ext.asyncio.session.AsyncSession object at 0x00000245AE8D9160>

    @pytest.mark.asyncio
    async def test_logout_blacklists_token(async_client_no_auth, db_session):
        user = await create_user_helper(db_session)
        token = create_access_token(str(user.id))
        headers = {"Authorization": f"Bearer {token}"}
    
        # Verify we can access /users/me
        resp1 = await async_client_no_auth.get("/users/me", headers=headers)
        assert resp1.status_code == status.HTTP_200_OK
    
        # Logout
        resp_logout = await async_client_no_auth.post("/auth/logout", headers=headers)
        assert resp_logout.status_code == status.HTTP_204_NO_CONTENT
    
        # Verify token is now blocked
        resp2 = await async_client_no_auth.get("/users/me", headers=headers)
>       assert resp2.status_code == status.HTTP_401_UNAUTHORIZED
E       assert 200 == 401
E        +  where 200 = <Response [200 OK]>.status_code
E        +  and   401 = status.HTTP_401_UNAUTHORIZED

backend\tests\test_routes\test_identity_flow.py:59: AssertionError
---------------------------- Captured stdout setup ----------------------------
Using proactor: IocpProactor
executing <function connect.<locals>.connector at 0x00000245AE931010>
operation <function connect.<locals>.connector at 0x00000245AE931010> completed
executing functools.partial(<built-in method create_function of sqlite3.Connection object at 0x00000245AE9386D0>, 'regexp', 2, <function SQLiteDialect_pysqlite.on_connect.<locals>.regexp at 0x00000245AE7D7C10>, deterministic=True)
operation functools.partial(<built-in method create_function of sqlite3.Connection object at 0x00000245AE9386D0>, 'regexp', 2, <function SQLiteDialect_pysqlite.on_connect.<locals>.regexp at 0x00000245AE7D7C10>, deterministic=True) completed
executing functools.partial(<built-in method create_function of sqlite3.Connection object at 0x00000245AE9386D0>, 'floor', 1, <built-in function floor>, deterministic=True)
operation functools.partial(<built-in method create_function of sqlite3.Connection object at 0x00000245AE9386D0>, 'floor', 1, <built-in function floor>, deterministic=True) completed
executing functools.partial(<built-in method cursor of sqlite3.Connection object at 0x00000245AE9386D0>)
operation functools.partial(<built-in method cursor of sqlite3.Connection object at 0x00000245AE9386D0>) completed
executing functools.partial(<built-in method execute of sqlite3.Cursor object at 0x00000245AE921CC0>, 'PRAGMA read_uncommitted', [])
operation functools.partial(<built-in method execute of sqlite3.Cursor object at 0x00000245AE921CC0>, 'PRAGMA read_uncommitted', []) completed
executing functools.partial(<built-in method fetchall of sqlite3.Cursor object at 0x00000245AE921CC0>)
operation functools.partial(<built-in method fetchall of sqlite3.Cursor object at 0x00000245AE921CC0>) completed
executing functools.partial(<built-in method close of sqlite3.Cursor object at 0x00000245AE921CC0>)
operation functools.partial(<built-in method close of sqlite3.Cursor object at 0x00000245AE921CC0>) completed
executing functools.partial(<built-in method rollback of sqlite3.Connection object at 0x00000245AE9386D0>)
operation functools.partial(<built-in method rollback of sqlite3.Connection object at 0x00000245AE9386D0>) completed
executing functools.partial(<built-in method cursor of sqlite3.Connection object at 0x00000245AE9386D0>)
operation functools.partial(<built-in method cursor of sqlite3.Connection object at 0x00000245AE9386D0>) completed
executing functools.partial(<built-in method execute of sqlite3.Cursor object at 0x00000245AE921F40>, 'PRAGMA main.table_info("users")', ())
operation functools.partial(<built-in method execute of sqlite3.Cursor object at 0x00000245AE921F40>, 'PRAGMA main.table_info("users")', ()) completed
executing functools.partial(<built-in method fetchall of sqlite3.Cursor object at 0x00000245AE921F40>)
operation functools.partial(<built-in method fetchall of sqlite3.Cursor object at 0x00000245AE921F40>) completed
executing functools.partial(<built-in method close of sqlite3.Cursor object at 0x00000245AE921F40>)
operation functools.partial(<built-in method close of sqlite3.Cursor object at 0x00000245AE921F40>) completed
executing functools.partial(<built-in method cursor of sqlite3.Connection object at 0x00000245AE9386D0>)
operation functools.partial(<built-in method cursor of sqlite3.Connection object at 0x00000245AE9386D0>) completed
executing functools.partial(<built-in method execute of sqlite3.Cursor object at 0x00000245AE922040>, 'PRAGMA temp.table_info("users")', ())
operation functools.partial(<built-in method execute of sqlite3.Cursor object at 0x00000245AE922040>, 'PRAGMA temp.table_info("users")', ()) completed
executing functools.partial(<built-in method fetchall of sqlite3.Cursor object at 0x00000245AE922040>)
operation functools.partial(<built-in method fetchall of sqlite3.Cursor object at 0x00000245AE922040>) completed
executing functools.partial(<built-in method close of sqlite3.Cursor object at 0x00000245AE922040>)
operation functools.partial(<built-in method close of sqlite3.Cursor object at 0x00000245AE922040>) completed
executing functools.partial(<built-in method cursor of sqlite3.Connection object at 0x00000245AE9386D0>)
operation functools.partial(<built-in method cursor of sqlite3.Connection object at 0x00000245AE9386D0>) completed
executing functools.partial(<built-in method execute of sqlite3.Cursor object at 0x00000245AE922140>, 'PRAGMA main.table_info("leads")', ())
operation functools.partial(<built-in method execute of sqlite3.Cursor object at 0x00000245AE922140>, 'PRAGMA main.table_info("leads")', ()) completed
executing functools.partial(<built-in method fetchall of sqlite3.Cursor object at 0x00000245AE922140>)
operation functools.partial(<built-in method fetchall of sqlite3.Cursor object at 0x00000245AE922140>) completed
executing functools.partial(<built-in method close of sqlite3.Cursor object at 0x00000245AE922140>)
operation functools.partial(<built-in method close of sqlite3.Cursor object at 0x00000245AE922140>) completed
executing functools.partial(<built-in method cursor of sqlite3.Connection object at 0x00000245AE9386D0>)
operation functools.partial(<built-in method cursor of sqlite3.Connection object at 0x00000245AE9386D0>) completed
executing functools.partial(<built-in method execute of sqlite3.Cursor object at 0x00000245AE921EC0>, 'PRAGMA temp.table_info("leads")', ())
operation functools.partial(<built-in method execute of sqlite3.Cursor object at 0x00000245AE921EC0>, 'PRAGMA temp.table_info("leads")', ()) completed
executing functools.partial(<built-in method fetchall of sqlite3.Cursor object at 0x00000245AE921EC0>)
operation functools.partial(<built-in method fetchall of sqlite3.Cursor object at 0x00000245AE921EC0>) completed
executing functools.partial(<built-in method close of sqlite3.Cursor object at 0x00000245AE921EC0>)
operation functools.partial(<built-in method close of sqlite3.Cursor object at 0x00000245AE921EC0>) completed
executing functools.partial(<built-in method cursor of sqlite3.Connection object at 0x00000245AE9386D0>)
operation functools.partial(<built-in method cursor of sqlite3.Connection object at 0x00000245AE9386D0>) completed
executing functools.partial(<built-in method execute of sqlite3.Cursor object at 0x00000245AE9222C0>, 'PRAGMA main.table_info("lead_score_history")', ())
operation functools.partial(<built-in method execute of sqlite3.Cursor object at 0x00000245AE9222C0>, 'PRAGMA main.table_info("lead_score_history")', ()) completed
executing functools.partial(<built-in method fetchall of sqlite3.Cursor object at 0x00000245AE9222C0>)
operation functools.partial(<built-in method fetchall of sqlite3.Cursor object at 0x00000245AE9222C0>) completed
executing functools.partial(<built-in method close of sqlite3.Cursor object at 0x00000245AE9222C0>)
operation functools.partial(<built-in method close of sqlite3.Cursor object at 0x00000245AE9222C0>) completed
executing functools.partial(<built-in method cursor of sqlite3.Connection object at 0x00000245AE9386D0>)
operation functools.partial(<built-in method cursor of sqlite3.Connection object at 0x00000245AE9386D0>) completed
executing functools.partial(<built-in method execute of sqlite3.Cursor object at 0x00000245AE9221C0>, 'PRAGMA temp.table_info("lead_score_history")', ())
operation functools.partial(<built-in method execute of sqlite3.Cursor object at 0x00000245AE9221C0>, 'PRAGMA temp.table_info("lead_score_history")', ()) completed
executing functools.partial(<built-in method fetchall of sqlite3.Cursor object at 0x00000245AE9221C0>)
operation functools.partial(<built-in method fetchall of sqlite3.Cursor object at 0x00000245AE9221C0>) completed
executing functools.partial(<built-in method close of sqlite3.Cursor object at 0x00000245AE9221C0>)
operation functools.partial(<built-in method close of sqlite3.Cursor object at 0x00000245AE9221C0>) completed
executing functools.partial(<built-in method cursor of sqlite3.Connection object at 0x00000245AE9386D0>)
operation functools.partial(<built-in method cursor of sqlite3.Connection object at 0x00000245AE9386D0>) completed
executing functools.partial(<built-in method execute of sqlite3.Cursor object at 0x00000245AE922440>, 'PRAGMA main.table_info("briefings")', ())
operation functools.partial(<built-in method execute of sqlite3.Cursor object at 0x00000245AE922440>, 'PRAGMA main.table_info("briefings")', ()) completed
executing functools.partial(<built-in method fetchall of sqlite3.Cursor object at 0x00000245AE922440>)
operation functools.partial(<built-in method fetchall of sqlite3.Cursor object at 0x00000245AE922440>) completed
executing functools.partial(<built-in method close of sqlite3.Cursor object at 0x00000245AE922440>)
operation functools.partial(<built-in method close of sqlite3.Cursor object at 0x00000245AE922440>) completed
executing functools.partial(<built-in method cursor of sqlite3.Connection object at 0x00000245AE9386D0>)
operation functools.partial(<built-in method cursor of sqlite3.Connection object at 0x00000245AE9386D0>) completed
executing functools.partial(<built-in method execute of sqlite3.Cursor object at 0x00000245AE922340>, 'PRAGMA temp.table_info("briefings")', ())
operation functools.partial(<built-in method execute of sqlite3.Cursor object at 0x00000245AE922340>, 'PRAGMA temp.table_info("briefings")', ()) completed
executing functools.partial(<built-in method fetchall of sqlite3.Cursor object at 0x00000245AE922340>)
operation functools.partial(<built-in method fetchall of sqlite3.Cursor object at 0x00000245AE922340>) completed
executing functools.partial(<built-in method close of sqlite3.Cursor object at 0x00000245AE922340>)
operation functools.partial(<built-in method close of sqlite3.Cursor object at 0x00000245AE922340>) completed
executing functools.partial(<built-in method cursor of sqlite3.Connection object at 0x00000245AE9386D0>)
operation functools.partial(<built-in method cursor of sqlite3.Connection object at 0x00000245AE9386D0>) completed
executing functools.partial(<built-in method execute of sqlite3.Cursor object at 0x00000245AE922640>, 'PRAGMA main.table_info("interacoes")', ())
operation functools.partial(<built-in method execute of sqlite3.Cursor object at 0x00000245AE922640>, 'PRAGMA main.table_info("interacoes")', ()) completed
executing functools.partial(<built-in method fetchall of sqlite3.Cursor object at 0x00000245AE922640>)
operation functools.partial(<built-in method fetchall of sqlite3.Cursor object at 0x00000245AE922640>) completed
executing functools.partial(<built-in method close of sqlite3.Cursor object at 0x00000245AE922640>)
operation functools.partial(<built-in method close of sqlite3.Cursor object at 0x00000245AE922640>) completed
executing functools.partial(<built-in method cursor of sqlite3.Connection object at 0x00000245AE9386D0>)
operation functools.partial(<built-in method cursor of sqlite3.Connection object at 0x00000245AE9386D0>) completed
executing functools.partial(<built-in method execute of sqlite3.Cursor object at 0x00000245AE922540>, 'PRAGMA temp.table_info("interacoes")', ())
operation functools.partial(<built-in method execute of sqlite3.Cursor object at 0x00000245AE922540>, 'PRAGMA temp.table_info("interacoes")', ()) completed
executing functools.partial(<built-in method fetchall of sqlite3.Cursor object at 0x00000245AE922540>)
operation functools.partial(<built-in method fetchall of sqlite3.Cursor object at 0x00000245AE922540>) completed
executing functools.partial(<built-in method close of sqlite3.Cursor object at 0x00000245AE922540>)
operation functools.partial(<built-in method close of sqlite3.Cursor object at 0x00000245AE922540>) completed
executing functools.partial(<built-in method cursor of sqlite3.Connection object at 0x00000245AE9386D0>)
operation functools.partial(<built-in method cursor of sqlite3.Connection object at 0x00000245AE9386D0>) completed
executing functools.partial(<built-in method execute of sqlite3.Cursor object at 0x00000245AE9227C0>, 'PRAGMA main.table_info("agendamentos")', ())
operation functools.partial(<built-in method execute of sqlite3.Cursor object at 0x00000245AE9227C0>, 'PRAGMA main.table_info("agendamentos")', ()) completed
executing functools.partial(<built-in method fetchall of sqlite3.Cursor object at 0x00000245AE9227C0>)
operation functools.partial(<built-in method fetchall of sqlite3.Cursor object at 0x00000245AE9227C0>) completed
executing functools.partial(<built-in method close of sqlite3.Cursor object at 0x00000245AE9227C0>)
operation functools.partial(<built-in method close of sqlite3.Cursor object at 0x00000245AE9227C0>) completed
executing functools.partial(<built-in method cursor of sqlite3.Connection object at 0x00000245AE9386D0>)
operation functools.partial(<built-in method cursor of sqlite3.Connection object at 0x00000245AE9386D0>) completed
executing functools.partial(<built-in method execute of sqlite3.Cursor object at 0x00000245AE9226C0>, 'PRAGMA temp.table_info("agendamentos")', ())
operation functools.partial(<built-in method execute of sqlite3.Cursor object at 0x00000245AE9226C0>, 'PRAGMA temp.table_info("agendamentos")', ()) completed
executing functools.partial(<built-in method fetchall of sqlite3.Cursor object at 0x00000245AE9226C0>)
operation functools.partial(<built-in method fetchall of sqlite3.Cursor object at 0x00000245AE9226C0>) completed
executing functools.partial(<built-in method close of sqlite3.Cursor object at 0x00000245AE9226C0>)
operation functools.partial(<built-in method close of sqlite3.Cursor object at 0x00000245AE9226C0>) completed
executing functools.partial(<built-in method cursor of sqlite3.Connection object at 0x00000245AE9386D0>)
operation functools.partial(<built-in method cursor of sqlite3.Connection object at 0x00000245AE9386D0>) completed
executing functools.partial(<built-in method execute of sqlite3.Cursor object at 0x00000245AE922940>, 'PRAGMA main.table_info("propostas")', ())
operation functools.partial(<built-in method execute of sqlite3.Cursor object at 0x00000245AE922940>, 'PRAGMA main.table_info("propostas")', ()) completed
executing functools.partial(<built-in method fetchall of sqlite3.Cursor object at 0x00000245AE922940>)
operation functools.partial(<built-in method fetchall of sqlite3.Cursor object at 0x00000245AE922940>) completed
executing functools.partial(<built-in method close of sqlite3.Cursor object at 0x00000245AE922940>)
operation functools.partial(<built-in method close of sqlite3.Cursor object at 0x00000245AE922940>) completed
executing functools.partial(<built-in method cursor of sqlite3.Connection object at 0x00000245AE9386D0>)
operation functools.partial(<built-in method cursor of sqlite3.Connection object at 0x00000245AE9386D0>) completed
executing functools.partial(<built-in method execute of sqlite3.Cursor object at 0x00000245AE922840>, 'PRAGMA temp.table_info("propostas")', ())
operation functools.partial(<built-in method execute of sqlite3.Cursor object at 0x00000245AE922840>, 'PRAGMA temp.table_info("propostas")', ()) completed
executing functools.partial(<built-in method fetchall of sqlite3.Cursor object at 0x00000245AE922840>)
operation functools.partial(<built-in method fetchall of sqlite3.Cursor object at 0x00000245AE922840>) completed
executing functools.partial(<built-in method close of sqlite3.Cursor object at 0x00000245AE922840>)
operation functools.partial(<built-in method close of sqlite3.Cursor object at 0x00000245AE922840>) completed
executing functools.partial(<built-in method cursor of sqlite3.Connection object at 0x00000245AE9386D0>)
operation functools.partial(<built-in method cursor of sqlite3.Connection object at 0x00000245AE9386D0>) completed
executing functools.partial(<built-in method execute of sqlite3.Cursor object at 0x00000245AE922740>, 'PRAGMA main.table_info("suitcase_items")', ())
operation functools.partial(<built-in method execute of sqlite3.Cursor object at 0x00000245AE922740>, 'PRAGMA main.table_info("suitcase_items")', ()) completed
executing functools.partial(<built-in method fetchall of sqlite3.Cursor object at 0x00000245AE922740>)
operation functools.partial(<built-in method fetchall of sqlite3.Cursor object at 0x00000245AE922740>) completed
executing functools.partial(<built-in method close of sqlite3.Cursor object at 0x00000245AE922740>)
operation functools.partial(<built-in method close of sqlite3.Cursor object at 0x00000245AE922740>) completed
executing functools.partial(<built-in method cursor of sqlite3.Connection object at 0x00000245AE9386D0>)
operation functools.partial(<built-in method cursor of sqlite3.Connection object at 0x00000245AE9386D0>) completed
executing functools.partial(<built-in method execute of sqlite3.Cursor object at 0x00000245AE922AC0>, 'PRAGMA temp.table_info("suitcase_items")', ())
operation functools.partial(<built-in method execute of sqlite3.Cursor object at 0x00000245AE922AC0>, 'PRAGMA temp.table_info("suitcase_items")', ()) completed
executing functools.partial(<built-in method fetchall of sqlite3.Cursor object at 0x00000245AE922AC0>)
operation functools.partial(<built-in method fetchall of sqlite3.Cursor object at 0x00000245AE922AC0>) completed
executing functools.partial(<built-in method close of sqlite3.Cursor object at 0x00000245AE922AC0>)
operation functools.partial(<built-in method close of sqlite3.Cursor object at 0x00000245AE922AC0>) completed
executing functools.partial(<built-in method cursor of sqlite3.Connection object at 0x00000245AE9386D0>)
operation functools.partial(<built-in method cursor of sqlite3.Connection object at 0x00000245AE9386D0>) completed
executing functools.partial(<built-in method execute of sqlite3.Cursor object at 0x00000245AE922BC0>, 'PRAGMA main.table_info("suitcase_suggestions")', ())
operation functools.partial(<built-in method execute of sqlite3.Cursor object at 0x00000245AE922BC0>, 'PRAGMA main.table_info("suitcase_suggestions")', ()) completed
executing functools.partial(<built-in method fetchall of sqlite3.Cursor object at 0x00000245AE922BC0>)
operation functools.partial(<built-in method fetchall of sqlite3.Cursor object at 0x00000245AE922BC0>) completed
executing functools.partial(<built-in method close of sqlite3.Cursor object at 0x00000245AE922BC0>)
operation functools.partial(<built-in method close of sqlite3.Cursor object at 0x00000245AE922BC0>) completed
executing functools.partial(<built-in method cursor of sqlite3.Connection object at 0x00000245AE9386D0>)
operation functools.partial(<built-in method cursor of sqlite3.Connection object at 0x00000245AE9386D0>) completed
executing functools.partial(<built-in method execute of sqlite3.Cursor object at 0x00000245AE9228C0>, 'PRAGMA temp.table_info("suitcase_suggestions")', ())
operation functools.partial(<built-in method execute of sqlite3.Cursor object at 0x00000245AE9228C0>, 'PRAGMA temp.table_info("suitcase_suggestions")', ()) completed
executing functools.partial(<built-in method fetchall of sqlite3.Cursor object at 0x00000245AE9228C0>)
operation functools.partial(<built-in method fetchall of sqlite3.Cursor object at 0x00000245AE9228C0>) completed
executing functools.partial(<built-in method close of sqlite3.Cursor object at 0x00000245AE9228C0>)
operation functools.partial(<built-in method close of sqlite3.Cursor object at 0x00000245AE9228C0>) completed
executing functools.partial(<built-in method cursor of sqlite3.Connection object at 0x00000245AE9386D0>)
operation functools.partial(<built-in method cursor of sqlite3.Connection object at 0x00000245AE9386D0>) completed
executing functools.partial(<built-in method execute of sqlite3.Cursor object at 0x00000245AE922DC0>, 'PRAGMA main.table_info("travel_diary_entries")', ())
operation functools.partial(<built-in method execute of sqlite3.Cursor object at 0x00000245AE922DC0>, 'PRAGMA main.table_info("travel_diary_entries")', ()) completed
executing functools.partial(<built-in method fetchall of sqlite3.Cursor object at 0x00000245AE922DC0>)
operation functools.partial(<built-in method fetchall of sqlite3.Cursor object at 0x00000245AE922DC0>) completed
executing functools.partial(<built-in method close of sqlite3.Cursor object at 0x00000245AE922DC0>)
operation functools.partial(<built-in method close of sqlite3.Cursor object at 0x00000245AE922DC0>) completed
executing functools.partial(<built-in method cursor of sqlite3.Connection object at 0x00000245AE9386D0>)
operation functools.partial(<built-in method cursor of sqlite3.Connection object at 0x00000245AE9386D0>) completed
executing functools.partial(<built-in method execute of sqlite3.Cursor object at 0x00000245AE922CC0>, 'PRAGMA temp.table_info("travel_diary_entries")', ())
operation functools.partial(<built-in method execute of sqlite3.Cursor object at 0x00000245AE922CC0>, 'PRAGMA temp.table_info("travel_diary_entries")', ()) completed
executing functools.partial(<built-in method fetchall of sqlite3.Cursor object at 0x00000245AE922CC0>)
operation functools.partial(<built-in method fetchall of sqlite3.Cursor object at 0x00000245AE922CC0>) completed
executing functools.partial(<built-in method close of sqlite3.Cursor object at 0x00000245AE922CC0>)
operation functools.partial(<built-in method close of sqlite3.Cursor object at 0x00000245AE922CC0>) completed
executing functools.partial(<built-in method cursor of sqlite3.Connection object at 0x00000245AE9386D0>)
operation functools.partial(<built-in method cursor of sqlite3.Connection object at 0x00000245AE9386D0>) completed
executing functools.partial(<built-in method execute of sqlite3.Cursor object at 0x00000245AE922F40>, 'PRAGMA main.table_info("documentos")', ())
operation functools.partial(<built-in method execute of sqlite3.Cursor object at 0x00000245AE922F40>, 'PRAGMA main.table_info("documentos")', ()) completed
executing functools.partial(<built-in method fetchall of sqlite3.Cursor object at 0x00000245AE922F40>)
operation functools.partial(<built-in method fetchall of sqlite3.Cursor object at 0x00000245AE922F40>) completed
executing functools.partial(<built-in method close of sqlite3.Cursor object at 0x00000245AE922F40>)
operation functools.partial(<built-in method close of sqlite3.Cursor object at 0x00000245AE922F40>) completed
executing functools.partial(<built-in method cursor of sqlite3.Connection object at 0x00000245AE9386D0>)
operation functools.partial(<built-in method cursor of sqlite3.Connection object at 0x00000245AE9386D0>) completed
executing functools.partial(<built-in method execute of sqlite3.Cursor object at 0x00000245AE922E40>, 'PRAGMA temp.table_info("documentos")', ())
operation functools.partial(<built-in method execute of sqlite3.Cursor object at 0x00000245AE922E40>, 'PRAGMA temp.table_info("documentos")', ()) completed
executing functools.partial(<built-in method fetchall of sqlite3.Cursor object at 0x00000245AE922E40>)
operation functools.partial(<built-in method fetchall of sqlite3.Cursor object at 0x00000245AE922E40>) completed
executing functools.partial(<built-in method close of sqlite3.Cursor object at 0x00000245AE922E40>)
operation functools.partial(<built-in method close of sqlite3.Cursor object at 0x00000245AE922E40>) completed
executing functools.partial(<built-in method cursor of sqlite3.Connection object at 0x00000245AE9386D0>)
operation functools.partial(<built-in method cursor of sqlite3.Connection object at 0x00000245AE9386D0>) completed
executing functools.partial(<built-in method execute of sqlite3.Cursor object at 0x00000245AE922B40>, 'PRAGMA main.table_info("notification_queue")', ())
operation functools.partial(<built-in method execute of sqlite3.Cursor object at 0x00000245AE922B40>, 'PRAGMA main.table_info("notification_queue")', ()) completed
executing functools.partial(<built-in method fetchall of sqlite3.Cursor object at 0x00000245AE922B40>)
operation functools.partial(<built-in method fetchall of sqlite3.Cursor object at 0x00000245AE922B40>) completed
executing functools.partial(<built-in method close of sqlite3.Cursor object at 0x00000245AE922B40>)
operation functools.partial(<built-in method close of sqlite3.Cursor object at 0x00000245AE922B40>) completed
executing functools.partial(<built-in method cursor of sqlite3.Connection object at 0x00000245AE9386D0>)
operation functools.partial(<built-in method cursor of sqlite3.Connection object at 0x00000245AE9386D0>) completed
executing functools.partial(<built-in method execute of sqlite3.Cursor object at 0x00000245AE922FC0>, 'PRAGMA temp.table_info("notification_queue")', ())
operation functools.partial(<built-in method execute of sqlite3.Cursor object at 0x00000245AE922FC0>, 'PRAGMA temp.table_info("notification_queue")', ()) completed
executing functools.partial(<built-in method fetchall of sqlite3.Cursor object at 0x00000245AE922FC0>)
operation functools.partial(<built-in method fetchall of sqlite3.Cursor object at 0x00000245AE922FC0>) completed
executing functools.partial(<built-in method close of sqlite3.Cursor object at 0x00000245AE922FC0>)
operation functools.partial(<built-in method close of sqlite3.Cursor object at 0x00000245AE922FC0>) completed
executing functools.partial(<built-in method cursor of sqlite3.Connection object at 0x00000245AE9386D0>)
operation functools.partial(<built-in method cursor of sqlite3.Connection object at 0x00000245AE9386D0>) completed
executing functools.partial(<built-in method execute of sqlite3.Cursor object at 0x00000245AE923240>, 'PRAGMA main.table_info("dead_letter_queue")', ())
operation functools.partial(<built-in method execute of sqlite3.Cursor object at 0x00000245AE923240>, 'PRAGMA main.table_info("dead_letter_queue")', ()) completed
executing functools.partial(<built-in method fetchall of sqlite3.Cursor object at 0x00000245AE923240>)
operation functools.partial(<built-in method fetchall of sqlite3.Cursor object at 0x00000245AE923240>) completed
executing functools.partial(<built-in method close of sqlite3.Cursor object at 0x00000245AE923240>)
operation functools.partial(<built-in method close of sqlite3.Cursor object at 0x00000245AE923240>) completed
executing functools.partial(<built-in method cursor of sqlite3.Connection object at 0x00000245AE9386D0>)
operation functools.partial(<built-in method cursor of sqlite3.Connection object at 0x00000245AE9386D0>) completed
executing functools.partial(<built-in method execute of sqlite3.Cursor object at 0x00000245AE9231C0>, 'PRAGMA temp.table_info("dead_letter_queue")', ())
operation functools.partial(<built-in method execute of sqlite3.Cursor object at 0x00000245AE9231C0>, 'PRAGMA temp.table_info("dead_letter_queue")', ()) completed
executing functools.partial(<built-in method fetchall of sqlite3.Cursor object at 0x00000245AE9231C0>)
operation functools.partial(<built-in method fetchall of sqlite3.Cursor object at 0x00000245AE9231C0>) completed
executing functools.partial(<built-in method close of sqlite3.Cursor object at 0x00000245AE9231C0>)
operation functools.partial(<built-in method close of sqlite3.Cursor object at 0x00000245AE9231C0>) completed
executing functools.partial(<built-in method cursor of sqlite3.Connection object at 0x00000245AE9386D0>)
operation functools.partial(<built-in method cursor of sqlite3.Connection object at 0x00000245AE9386D0>) completed
executing functools.partial(<built-in method execute of sqlite3.Cursor object at 0x00000245AE9233C0>, 'PRAGMA main.table_info("offers")', ())
operation functools.partial(<built-in method execute of sqlite3.Cursor object at 0x00000245AE9233C0>, 'PRAGMA main.table_info("offers")', ()) completed
executing functools.partial(<built-in method fetchall of sqlite3.Cursor object at 0x00000245AE9233C0>)
operation functools.partial(<built-in method fetchall of sqlite3.Cursor object at 0x00000245AE9233C0>) completed
executing functools.partial(<built-in method close of sqlite3.Cursor object at 0x00000245AE9233C0>)
operation functools.partial(<built-in method close of sqlite3.Cursor object at 0x00000245AE9233C0>) completed
executing functools.partial(<built-in method cursor of sqlite3.Connection object at 0x00000245AE9386D0>)
operation functools.partial(<built-in method cursor of sqlite3.Connection object at 0x00000245AE9386D0>) completed
executing functools.partial(<built-in method execute of sqlite3.Cursor object at 0x00000245AE9232C0>, 'PRAGMA temp.table_info("offers")', ())
operation functools.partial(<built-in method execute of sqlite3.Cursor object at 0x00000245AE9232C0>, 'PRAGMA temp.table_info("offers")', ()) completed
executing functools.partial(<built-in method fetchall of sqlite3.Cursor object at 0x00000245AE9232C0>)
operation functools.partial(<built-in method fetchall of sqlite3.Cursor object at 0x00000245AE9232C0>) completed
executing functools.partial(<built-in method close of sqlite3.Cursor object at 0x00000245AE9232C0>)
operation functools.partial(<built-in method close of sqlite3.Cursor object at 0x00000245AE9232C0>) completed
executing functools.partial(<built-in method cursor of sqlite3.Connection object at 0x00000245AE9386D0>)
operation functools.partial(<built-in method cursor of sqlite3.Connection object at 0x00000245AE9386D0>) completed
executing functools.partial(<built-in method execute of sqlite3.Cursor object at 0x00000245AE923540>, 'PRAGMA main.table_info("aya_toggle_history")', ())
operation functools.partial(<built-in method execute of sqlite3.Cursor object at 0x00000245AE923540>, 'PRAGMA main.table_info("aya_toggle_history")', ()) completed
executing functools.partial(<built-in method fetchall of sqlite3.Cursor object at 0x00000245AE923540>)
operation functools.partial(<built-in method fetchall of sqlite3.Cursor object at 0x00000245AE923540>) completed
executing functools.partial(<built-in method close of sqlite3.Cursor object at 0x00000245AE923540>)
operation functools.partial(<built-in method close of sqlite3.Cursor object at 0x00000245AE923540>) completed
executing functools.partial(<built-in method cursor of sqlite3.Connection object at 0x00000245AE9386D0>)
operation functools.partial(<built-in method cursor of sqlite3.Connection object at 0x00000245AE9386D0>) completed
executing functools.partial(<built-in method execute of sqlite3.Cursor object at 0x00000245AE923440>, 'PRAGMA temp.table_info("aya_toggle_history")', ())
operation functools.partial(<built-in method execute of sqlite3.Cursor object at 0x00000245AE923440>, 'PRAGMA temp.table_info("aya_toggle_history")', ()) completed
executing functools.partial(<built-in method fetchall of sqlite3.Cursor object at 0x00000245AE923440>)
operation functools.partial(<built-in method fetchall of sqlite3.Cursor object at 0x00000245AE923440>) completed
executing functools.partial(<built-in method close of sqlite3.Cursor object at 0x00000245AE923440>)
operation functools.partial(<built-in method close of sqlite3.Cursor object at 0x00000245AE923440>) completed
executing functools.partial(<built-in method cursor of sqlite3.Connection object at 0x00000245AE9386D0>)
operation functools.partial(<built-in method cursor of sqlite3.Connection object at 0x00000245AE9386D0>) completed
executing functools.partial(<built-in method execute of sqlite3.Cursor object at 0x00000245AE9236C0>, 'PRAGMA main.table_info("conversation_summaries")', ())
operation functools.partial(<built-in method execute of sqlite3.Cursor object at 0x00000245AE9236C0>, 'PRAGMA main.table_info("conversation_summaries")', ()) completed
executing functools.partial(<built-in method fetchall of sqlite3.Cursor object at 0x00000245AE9236C0>)
operation functools.partial(<built-in method fetchall of sqlite3.Cursor object at 0x00000245AE9236C0>) completed
executing functools.partial(<built-in method close of sqlite3.Cursor object at 0x00000245AE9236C0>)
operation functools.partial(<built-in method close of sqlite3.Cursor object at 0x00000245AE9236C0>) completed
executing functools.partial(<built-in method cursor of sqlite3.Connection object at 0x00000245AE9386D0>)
operation functools.partial(<built-in method cursor of sqlite3.Connection object at 0x00000245AE9386D0>) completed
executing functools.partial(<built-in method execute of sqlite3.Cursor object at 0x00000245AE9235C0>, 'PRAGMA temp.table_info("conversation_summaries")', ())
operation functools.partial(<built-in method execute of sqlite3.Cursor object at 0x00000245AE9235C0>, 'PRAGMA temp.table_info("conversation_summaries")', ()) completed
executing functools.partial(<built-in method fetchall of sqlite3.Cursor object at 0x00000245AE9235C0>)
operation functools.partial(<built-in method fetchall of sqlite3.Cursor object at 0x00000245AE9235C0>) completed
executing functools.partial(<built-in method close of sqlite3.Cursor object at 0x00000245AE9235C0>)
operation functools.partial(<built-in method close of sqlite3.Cursor object at 0x00000245AE9235C0>) completed
executing functools.partial(<built-in method cursor of sqlite3.Connection object at 0x00000245AE9386D0>)
operation functools.partial(<built-in method cursor of sqlite3.Connection object at 0x00000245AE9386D0>) completed
executing functools.partial(<built-in method execute of sqlite3.Cursor object at 0x00000245AE923840>, 'PRAGMA main.table_info("travels")', ())
operation functools.partial(<built-in method execute of sqlite3.Cursor object at 0x00000245AE923840>, 'PRAGMA main.table_info("travels")', ()) completed
executing functools.partial(<built-in method fetchall of sqlite3.Cursor object at 0x00000245AE923840>)
operation functools.partial(<built-in method fetchall of sqlite3.Cursor object at 0x00000245AE923840>) completed
executing functools.partial(<built-in method close of sqlite3.Cursor object at 0x00000245AE923840>)
operation functools.partial(<built-in method close of sqlite3.Cursor object at 0x00000245AE923840>) completed
executing functools.partial(<built-in method cursor of sqlite3.Connection object at 0x00000245AE9386D0>)
operation functools.partial(<built-in method cursor of sqlite3.Connection object at 0x00000245AE9386D0>) completed
executing functools.partial(<built-in method execute of sqlite3.Cursor object at 0x00000245AE923740>, 'PRAGMA temp.table_info("travels")', ())
operation functools.partial(<built-in method execute of sqlite3.Cursor object at 0x00000245AE923740>, 'PRAGMA temp.table_info("travels")', ()) completed
executing functools.partial(<built-in method fetchall of sqlite3.Cursor object at 0x00000245AE923740>)
operation functools.partial(<built-in method fetchall of sqlite3.Cursor object at 0x00000245AE923740>) completed
executing functools.partial(<built-in method close of sqlite3.Cursor object at 0x00000245AE923740>)
operation functools.partial(<built-in method close of sqlite3.Cursor object at 0x00000245AE923740>) completed
executing functools.partial(<built-in method cursor of sqlite3.Connection object at 0x00000245AE9386D0>)
operation functools.partial(<built-in method cursor of sqlite3.Connection object at 0x00000245AE9386D0>) completed
executing functools.partial(<built-in method execute of sqlite3.Cursor object at 0x00000245AE9237C0>, 'PRAGMA main.table_info("itinerary_items")', ())
operation functools.partial(<built-in method execute of sqlite3.Cursor object at 0x00000245AE9237C0>, 'PRAGMA main.table_info("itinerary_items")', ()) completed
executing functools.partial(<built-in method fetchall of sqlite3.Cursor object at 0x00000245AE9237C0>)
operation functools.partial(<built-in method fetchall of sqlite3.Cursor object at 0x00000245AE9237C0>) completed
executing functools.partial(<built-in method close of sqlite3.Cursor object at 0x00000245AE9237C0>)
operation functools.partial(<built-in method close of sqlite3.Cursor object at 0x00000245AE9237C0>) completed
executing functools.partial(<built-in method cursor of sqlite3.Connection object at 0x00000245AE9386D0>)
operation functools.partial(<built-in method cursor of sqlite3.Connection object at 0x00000245AE9386D0>) completed
executing functools.partial(<built-in method execute of sqlite3.Cursor object at 0x00000245AE923640>, 'PRAGMA temp.table_info("itinerary_items")', ())
operation functools.partial(<built-in method execute of sqlite3.Cursor object at 0x00000245AE923640>, 'PRAGMA temp.table_info("itinerary_items")', ()) completed
executing functools.partial(<built-in method fetchall of sqlite3.Cursor object at 0x00000245AE923640>)
operation functools.partial(<built-in method fetchall of sqlite3.Cursor object at 0x00000245AE923640>) completed
executing functools.partial(<built-in method close of sqlite3.Cursor object at 0x00000245AE923640>)
operation functools.partial(<built-in method close of sqlite3.Cursor object at 0x00000245AE923640>) completed
executing functools.partial(<built-in method cursor of sqlite3.Connection object at 0x00000245AE9386D0>)
operation functools.partial(<built-in method cursor of sqlite3.Connection object at 0x00000245AE9386D0>) completed
executing functools.partial(<built-in method execute of sqlite3.Cursor object at 0x00000245AE923AC0>, 'PRAGMA main.table_info("revoked_tokens")', ())
operation functools.partial(<built-in method execute of sqlite3.Cursor object at 0x00000245AE923AC0>, 'PRAGMA main.table_info("revoked_tokens")', ()) completed
executing functools.partial(<built-in method fetchall of sqlite3.Cursor object at 0x00000245AE923AC0>)
operation functools.partial(<built-in method fetchall of sqlite3.Cursor object at 0x00000245AE923AC0>) completed
executing functools.partial(<built-in method close of sqlite3.Cursor object at 0x00000245AE923AC0>)
operation functools.partial(<built-in method close of sqlite3.Cursor object at 0x00000245AE923AC0>) completed
executing functools.partial(<built-in method cursor of sqlite3.Connection object at 0x00000245AE9386D0>)
operation functools.partial(<built-in method cursor of sqlite3.Connection object at 0x00000245AE9386D0>) completed
executing functools.partial(<built-in method execute of sqlite3.Cursor object at 0x00000245AE9239C0>, 'PRAGMA temp.table_info("revoked_tokens")', ())
operation functools.partial(<built-in method execute of sqlite3.Cursor object at 0x00000245AE9239C0>, 'PRAGMA temp.table_info("revoked_tokens")', ()) completed
executing functools.partial(<built-in method fetchall of sqlite3.Cursor object at 0x00000245AE9239C0>)
operation functools.partial(<built-in method fetchall of sqlite3.Cursor object at 0x00000245AE9239C0>) completed
executing functools.partial(<built-in method close of sqlite3.Cursor object at 0x00000245AE9239C0>)
operation functools.partial(<built-in method close of sqlite3.Cursor object at 0x00000245AE9239C0>) completed
executing functools.partial(<built-in method cursor of sqlite3.Connection object at 0x00000245AE9386D0>)
operation functools.partial(<built-in method cursor of sqlite3.Connection object at 0x00000245AE9386D0>) completed
executing functools.partial(<built-in method execute of sqlite3.Cursor object at 0x00000245AE923C40>, 'PRAGMA main.table_info("travel_checkpoints")', ())
operation functools.partial(<built-in method execute of sqlite3.Cursor object at 0x00000245AE923C40>, 'PRAGMA main.table_info("travel_checkpoints")', ()) completed
executing functools.partial(<built-in method fetchall of sqlite3.Cursor object at 0x00000245AE923C40>)
operation functools.partial(<built-in method fetchall of sqlite3.Cursor object at 0x00000245AE923C40>) completed
executing functools.partial(<built-in method close of sqlite3.Cursor object at 0x00000245AE923C40>)
operation functools.partial(<built-in method close of sqlite3.Cursor object at 0x00000245AE923C40>) completed
executing functools.partial(<built-in method cursor of sqlite3.Connection object at 0x00000245AE9386D0>)
operation functools.partial(<built-in method cursor of sqlite3.Connection object at 0x00000245AE9386D0>) completed
executing functools.partial(<built-in method execute of sqlite3.Cursor object at 0x00000245AE923B40>, 'PRAGMA temp.table_info("travel_checkpoints")', ())
operation functools.partial(<built-in method execute of sqlite3.Cursor object at 0x00000245AE923B40>, 'PRAGMA temp.table_info("travel_checkpoints")', ()) completed
executing functools.partial(<built-in method fetchall of sqlite3.Cursor object at 0x00000245AE923B40>)
operation functools.partial(<built-in method fetchall of sqlite3.Cursor object at 0x00000245AE923B40>) completed
executing functools.partial(<built-in method close of sqlite3.Cursor object at 0x00000245AE923B40>)
operation functools.partial(<built-in method close of sqlite3.Cursor object at 0x00000245AE923B40>) completed
executing functools.partial(<built-in method cursor of sqlite3.Connection object at 0x00000245AE9386D0>)
operation functools.partial(<built-in method cursor of sqlite3.Connection object at 0x00000245AE9386D0>) completed
executing functools.partial(<built-in method execute of sqlite3.Cursor object at 0x00000245AE923DC0>, 'PRAGMA main.table_info("lead_offers")', ())
operation functools.partial(<built-in method execute of sqlite3.Cursor object at 0x00000245AE923DC0>, 'PRAGMA main.table_info("lead_offers")', ()) completed
executing functools.partial(<built-in method fetchall of sqlite3.Cursor object at 0x00000245AE923DC0>)
operation functools.partial(<built-in method fetchall of sqlite3.Cursor object at 0x00000245AE923DC0>) completed
executing functools.partial(<built-in method close of sqlite3.Cursor object at 0x00000245AE923DC0>)
operation functools.partial(<built-in method close of sqlite3.Cursor object at 0x00000245AE923DC0>) completed
executing functools.partial(<built-in method cursor of sqlite3.Connection object at 0x00000245AE9386D0>)
operation functools.partial(<built-in method cursor of sqlite3.Connection object at 0x00000245AE9386D0>) completed
executing functools.partial(<built-in method execute of sqlite3.Cursor object at 0x00000245AE923CC0>, 'PRAGMA temp.table_info("lead_offers")', ())
operation functools.partial(<built-in method execute of sqlite3.Cursor object at 0x00000245AE923CC0>, 'PRAGMA temp.table_info("lead_offers")', ()) completed
executing functools.partial(<built-in method fetchall of sqlite3.Cursor object at 0x00000245AE923CC0>)
operation functools.partial(<built-in method fetchall of sqlite3.Cursor object at 0x00000245AE923CC0>) completed
executing functools.partial(<built-in method close of sqlite3.Cursor object at 0x00000245AE923CC0>)
operation functools.partial(<built-in method close of sqlite3.Cursor object at 0x00000245AE923CC0>) completed
executing functools.partial(<built-in method cursor of sqlite3.Connection object at 0x00000245AE9386D0>)
operation functools.partial(<built-in method cursor of sqlite3.Connection object at 0x00000245AE9386D0>) completed
executing functools.partial(<built-in method execute of sqlite3.Cursor object at 0x00000245AE923BC0>, '\nCREATE TABLE users (\n\tid VARCHAR(36) NOT NULL, \n\temail VARCHAR(255) NOT NULL, \n\tnome VARCHAR(255) NOT NULL, \n\thashed_password VARCHAR(255) NOT NULL, \n\tperfil VARCHAR(20) NOT NULL, \n\ttelefone VARCHAR(20), \n\tfcm_token VARCHAR(500), \n\tavatar_url VARCHAR(500), \n\tbio VARCHAR(1000), \n\tis_active BOOLEAN NOT NULL, \n\tcriado_em DATETIME DEFAULT CURRENT_TIMESTAMP NOT NULL, \n\ttipo_viagem JSON, \n\tpreferencias JSON, \n\ttem_passaporte BOOLEAN, \n\tglobal_logout_at DATETIME, \n\tPRIMARY KEY (id)\n)\n\n', ())
operation functools.partial(<built-in method execute of sqlite3.Cursor object at 0x00000245AE923BC0>, '\nCREATE TABLE users (\n\tid VARCHAR(36) NOT NULL, \n\temail VARCHAR(255) NOT NULL, \n\tnome VARCHAR(255) NOT NULL, \n\thashed_password VARCHAR(255) NOT NULL, \n\tperfil VARCHAR(20) NOT NULL, \n\ttelefone VARCHAR(20), \n\tfcm_token VARCHAR(500), \n\tavatar_url VARCHAR(500), \n\tbio VARCHAR(1000), \n\tis_active BOOLEAN NOT NULL, \n\tcriado_em DATETIME DEFAULT CURRENT_TIMESTAMP NOT NULL, \n\ttipo_viagem JSON, \n\tpreferencias JSON, \n\ttem_passaporte BOOLEAN, \n\tglobal_logout_at DATETIME, \n\tPRIMARY KEY (id)\n)\n\n', ()) completed
executing functools.partial(<built-in method close of sqlite3.Cursor object at 0x00000245AE923BC0>)
operation functools.partial(<built-in method close of sqlite3.Cursor object at 0x00000245AE923BC0>) completed
executing functools.partial(<built-in method cursor of sqlite3.Connection object at 0x00000245AE9386D0>)
operation functools.partial(<built-in method cursor of sqlite3.Connection object at 0x00000245AE9386D0>) completed
executing functools.partial(<built-in method execute of sqlite3.Cursor object at 0x00000245AE9BD8C0>, 'CREATE UNIQUE INDEX ix_users_email ON users (email)', ())
operation functools.partial(<built-in method execute of sqlite3.Cursor object at 0x00000245AE9BD8C0>, 'CREATE UNIQUE INDEX ix_users_email ON users (email)', ()) completed
executing functools.partial(<built-in method close of sqlite3.Cursor object at 0x00000245AE9BD8C0>)
operation functools.partial(<built-in method close of sqlite3.Cursor object at 0x00000245AE9BD8C0>) completed
executing functools.partial(<built-in method cursor of sqlite3.Connection object at 0x00000245AE9386D0>)
operation functools.partial(<built-in method cursor of sqlite3.Connection object at 0x00000245AE9386D0>) completed
executing functools.partial(<built-in method execute of sqlite3.Cursor object at 0x00000245AE9BEAC0>, '\nCREATE TABLE suitcase_suggestions (\n\tid INTEGER NOT NULL, \n\ttipo_destino VARCHAR(8) NOT NULL, \n\tcategoria VARCHAR(11) NOT NULL, \n\tnome VARCHAR(255) NOT NULL, \n\tquantidade_sugerida INTEGER NOT NULL, \n\tdescricao VARCHAR(512), \n\tPRIMARY KEY (id)\n)\n\n', ())
operation functools.partial(<built-in method execute of sqlite3.Cursor object at 0x00000245AE9BEAC0>, '\nCREATE TABLE suitcase_suggestions (\n\tid INTEGER NOT NULL, \n\ttipo_destino VARCHAR(8) NOT NULL, \n\tcategoria VARCHAR(11) NOT NULL, \n\tnome VARCHAR(255) NOT NULL, \n\tquantidade_sugerida INTEGER NOT NULL, \n\tdescricao VARCHAR(512), \n\tPRIMARY KEY (id)\n)\n\n', ()) completed
executing functools.partial(<built-in method close of sqlite3.Cursor object at 0x00000245AE9BEAC0>)
operation functools.partial(<built-in method close of sqlite3.Cursor object at 0x00000245AE9BEAC0>) completed
executing functools.partial(<built-in method cursor of sqlite3.Connection object at 0x00000245AE9386D0>)
operation functools.partial(<built-in method cursor of sqlite3.Connection object at 0x00000245AE9386D0>) completed
executing functools.partial(<built-in method execute of sqlite3.Cursor object at 0x00000245AE9BF3C0>, 'CREATE INDEX ix_suitcase_suggestions_tipo_destino ON suitcase_suggestions (tipo_destino)', ())
operation functools.partial(<built-in method execute of sqlite3.Cursor object at 0x00000245AE9BF3C0>, 'CREATE INDEX ix_suitcase_suggestions_tipo_destino ON suitcase_suggestions (tipo_destino)', ()) completed
executing functools.partial(<built-in method close of sqlite3.Cursor object at 0x00000245AE9BF3C0>)
operation functools.partial(<built-in method close of sqlite3.Cursor object at 0x00000245AE9BF3C0>) completed
executing functools.partial(<built-in method cursor of sqlite3.Connection object at 0x00000245AE9386D0>)
operation functools.partial(<built-in method cursor of sqlite3.Connection object at 0x00000245AE9386D0>) completed
executing functools.partial(<built-in method execute of sqlite3.Cursor object at 0x00000245AE9BF7C0>, '\nCREATE TABLE revoked_tokens (\n\tid CHAR(32) NOT NULL, \n\ttoken VARCHAR(1024) NOT NULL, \n\trevoked_at DATETIME DEFAULT CURRENT_TIMESTAMP NOT NULL, \n\texpires_at DATETIME NOT NULL, \n\tPRIMARY KEY (id)\n)\n\n', ())
operation functools.partial(<built-in method execute of sqlite3.Cursor object at 0x00000245AE9BF7C0>, '\nCREATE TABLE revoked_tokens (\n\tid CHAR(32) NOT NULL, \n\ttoken VARCHAR(1024) NOT NULL, \n\trevoked_at DATETIME DEFAULT CURRENT_TIMESTAMP NOT NULL, \n\texpires_at DATETIME NOT NULL, \n\tPRIMARY KEY (id)\n)\n\n', ()) completed
executing functools.partial(<built-in method close of sqlite3.Cursor object at 0x00000245AE9BF7C0>)
operation functools.partial(<built-in method close of sqlite3.Cursor object at 0x00000245AE9BF7C0>) completed
executing functools.partial(<built-in method cursor of sqlite3.Connection object at 0x00000245AE9386D0>)
operation functools.partial(<built-in method cursor of sqlite3.Connection object at 0x00000245AE9386D0>) completed
executing functools.partial(<built-in method execute of sqlite3.Cursor object at 0x00000245AE9BFCC0>, 'CREATE UNIQUE INDEX ix_revoked_tokens_token ON revoked_tokens (token)', ())
operation functools.partial(<built-in method execute of sqlite3.Cursor object at 0x00000245AE9BFCC0>, 'CREATE UNIQUE INDEX ix_revoked_tokens_token ON revoked_tokens (token)', ()) completed
executing functools.partial(<built-in method close of sqlite3.Cursor object at 0x00000245AE9BFCC0>)
operation functools.partial(<built-in method close of sqlite3.Cursor object at 0x00000245AE9BFCC0>) completed
executing functools.partial(<built-in method cursor of sqlite3.Connection object at 0x00000245AE9386D0>)
operation functools.partial(<built-in method cursor of sqlite3.Connection object at 0x00000245AE9386D0>) completed
executing functools.partial(<built-in method execute of sqlite3.Cursor object at 0x00000245AE9BDC40>, "\nCREATE TABLE offers (\n\tid UUID NOT NULL, \n\tagency_id UUID NOT NULL, \n\ttitle VARCHAR(255) NOT NULL, \n\tdescription TEXT NOT NULL, \n\tdestination VARCHAR(255) NOT NULL, \n\tdestination_image_url VARCHAR(500), \n\tdeparture_date DATETIME NOT NULL, \n\treturn_date DATETIME NOT NULL, \n\tbooking_deadline DATETIME NOT NULL, \n\tduration_days INTEGER NOT NULL, \n\taccommodations JSON NOT NULL, \n\tincluded_services JSON NOT NULL, \n\ttravelers INTEGER NOT NULL, \n\tavailable_spots INTEGER NOT NULL, \n\tspots_reserved INTEGER NOT NULL, \n\tbase_price NUMERIC(12, 2) NOT NULL, \n\tcurrency VARCHAR(3) NOT NULL, \n\tdiscounts JSON, \n\tfinal_price NUMERIC(12, 2) NOT NULL, \n\thighlights JSON NOT NULL, \n\tamenities JSON NOT NULL, \n\tstatus VARCHAR(9) NOT NULL, \n\tviews INTEGER NOT NULL, \n\tinterests INTEGER NOT NULL, \n\tconversions INTEGER NOT NULL, \n\tcreated_at DATETIME DEFAULT CURRENT_TIMESTAMP NOT NULL, \n\tupdated_at DATETIME DEFAULT CURRENT_TIMESTAMP NOT NULL, \n\tpublished_at DATETIME, \n\tis_deleted BOOLEAN DEFAULT 'false' NOT NULL, \n\tPRIMARY KEY (id), \n\tFOREIGN KEY(agency_id) REFERENCES users (id)\n)\n\n", ())
operation functools.partial(<built-in method execute of sqlite3.Cursor object at 0x00000245AE9BDC40>, "\nCREATE TABLE offers (\n\tid UUID NOT NULL, \n\tagency_id UUID NOT NULL, \n\ttitle VARCHAR(255) NOT NULL, \n\tdescription TEXT NOT NULL, \n\tdestination VARCHAR(255) NOT NULL, \n\tdestination_image_url VARCHAR(500), \n\tdeparture_date DATETIME NOT NULL, \n\treturn_date DATETIME NOT NULL, \n\tbooking_deadline DATETIME NOT NULL, \n\tduration_days INTEGER NOT NULL, \n\taccommodations JSON NOT NULL, \n\tincluded_services JSON NOT NULL, \n\ttravelers INTEGER NOT NULL, \n\tavailable_spots INTEGER NOT NULL, \n\tspots_reserved INTEGER NOT NULL, \n\tbase_price NUMERIC(12, 2) NOT NULL, \n\tcurrency VARCHAR(3) NOT NULL, \n\tdiscounts JSON, \n\tfinal_price NUMERIC(12, 2) NOT NULL, \n\thighlights JSON NOT NULL, \n\tamenities JSON NOT NULL, \n\tstatus VARCHAR(9) NOT NULL, \n\tviews INTEGER NOT NULL, \n\tinterests INTEGER NOT NULL, \n\tconversions INTEGER NOT NULL, \n\tcreated_at DATETIME DEFAULT CURRENT_TIMESTAMP NOT NULL, \n\tupdated_at DATETIME DEFAULT CURRENT_TIMESTAMP NOT NULL, \n\tpublished_at DATETIME, \n\tis_deleted BOOLEAN DEFAULT 'false' NOT NULL, \n\tPRIMARY KEY (id), \n\tFOREIGN KEY(agency_id) REFERENCES users (id)\n)\n\n", ()) completed
executing functools.partial(<built-in method close of sqlite3.Cursor object at 0x00000245AE9BDC40>)
operation functools.partial(<built-in method close of sqlite3.Cursor object at 0x00000245AE9BDC40>) completed
executing functools.partial(<built-in method cursor of sqlite3.Connection object at 0x00000245AE9386D0>)
operation functools.partial(<built-in method cursor of sqlite3.Connection object at 0x00000245AE9386D0>) completed
executing functools.partial(<built-in method execute of sqlite3.Cursor object at 0x00000245AE9BF1C0>, 'CREATE INDEX ix_offers_booking_deadline ON offers (booking_deadline)', ())
operation functools.partial(<built-in method execute of sqlite3.Cursor object at 0x00000245AE9BF1C0>, 'CREATE INDEX ix_offers_booking_deadline ON offers (booking_deadline)', ()) completed
executing functools.partial(<built-in method close of sqlite3.Cursor object at 0x00000245AE9BF1C0>)
operation functools.partial(<built-in method close of sqlite3.Cursor object at 0x00000245AE9BF1C0>) completed
executing functools.partial(<built-in method cursor of sqlite3.Connection object at 0x00000245AE9386D0>)
operation functools.partial(<built-in method cursor of sqlite3.Connection object at 0x00000245AE9386D0>) completed
executing functools.partial(<built-in method execute of sqlite3.Cursor object at 0x00000245AE9BDDC0>, 'CREATE INDEX ix_offers_status ON offers (status)', ())
operation functools.partial(<built-in method execute of sqlite3.Cursor object at 0x00000245AE9BDDC0>, 'CREATE INDEX ix_offers_status ON offers (status)', ()) completed
executing functools.partial(<built-in method close of sqlite3.Cursor object at 0x00000245AE9BDDC0>)
operation functools.partial(<built-in method close of sqlite3.Cursor object at 0x00000245AE9BDDC0>) completed
executing functools.partial(<built-in method cursor of sqlite3.Connection object at 0x00000245AE9386D0>)
operation functools.partial(<built-in method cursor of sqlite3.Connection object at 0x00000245AE9386D0>) completed
executing functools.partial(<built-in method execute of sqlite3.Cursor object at 0x00000245AE9C9FC0>, 'CREATE INDEX ix_offers_departure_date ON offers (departure_date)', ())
operation functools.partial(<built-in method execute of sqlite3.Cursor object at 0x00000245AE9C9FC0>, 'CREATE INDEX ix_offers_departure_date ON offers (departure_date)', ()) completed
executing functools.partial(<built-in method close of sqlite3.Cursor object at 0x00000245AE9C9FC0>)
operation functools.partial(<built-in method close of sqlite3.Cursor object at 0x00000245AE9C9FC0>) completed
executing functools.partial(<built-in method cursor of sqlite3.Connection object at 0x00000245AE9386D0>)
operation functools.partial(<built-in method cursor of sqlite3.Connection object at 0x00000245AE9386D0>) completed
executing functools.partial(<built-in method execute of sqlite3.Cursor object at 0x00000245AE9CA140>, 'CREATE INDEX ix_offers_destination ON offers (destination)', ())
operation functools.partial(<built-in method execute of sqlite3.Cursor object at 0x00000245AE9CA140>, 'CREATE INDEX ix_offers_destination ON offers (destination)', ()) completed
executing functools.partial(<built-in method close of sqlite3.Cursor object at 0x00000245AE9CA140>)
operation functools.partial(<built-in method close of sqlite3.Cursor object at 0x00000245AE9CA140>) completed
executing functools.partial(<built-in method cursor of sqlite3.Connection object at 0x00000245AE9386D0>)
operation functools.partial(<built-in method cursor of sqlite3.Connection object at 0x00000245AE9386D0>) completed
executing functools.partial(<built-in method execute of sqlite3.Cursor object at 0x00000245AE9C9E40>, 'CREATE INDEX ix_offers_title ON offers (title)', ())
operation functools.partial(<built-in method execute of sqlite3.Cursor object at 0x00000245AE9C9E40>, 'CREATE INDEX ix_offers_title ON offers (title)', ()) completed
executing functools.partial(<built-in method close of sqlite3.Cursor object at 0x00000245AE9C9E40>)
operation functools.partial(<built-in method close of sqlite3.Cursor object at 0x00000245AE9C9E40>) completed
executing functools.partial(<built-in method cursor of sqlite3.Connection object at 0x00000245AE9386D0>)
operation functools.partial(<built-in method cursor of sqlite3.Connection object at 0x00000245AE9386D0>) completed
executing functools.partial(<built-in method execute of sqlite3.Cursor object at 0x00000245AE9CA440>, 'CREATE INDEX ix_offers_agency_id ON offers (agency_id)', ())
operation functools.partial(<built-in method execute of sqlite3.Cursor object at 0x00000245AE9CA440>, 'CREATE INDEX ix_offers_agency_id ON offers (agency_id)', ()) completed
executing functools.partial(<built-in method close of sqlite3.Cursor object at 0x00000245AE9CA440>)
operation functools.partial(<built-in method close of sqlite3.Cursor object at 0x00000245AE9CA440>) completed
executing functools.partial(<built-in method cursor of sqlite3.Connection object at 0x00000245AE9386D0>)
operation functools.partial(<built-in method cursor of sqlite3.Connection object at 0x00000245AE9386D0>) completed
executing functools.partial(<built-in method execute of sqlite3.Cursor object at 0x00000245AE9CA5C0>, 'CREATE INDEX ix_offers_published_at ON offers (published_at)', ())
operation functools.partial(<built-in method execute of sqlite3.Cursor object at 0x00000245AE9CA5C0>, 'CREATE INDEX ix_offers_published_at ON offers (published_at)', ()) completed
executing functools.partial(<built-in method close of sqlite3.Cursor object at 0x00000245AE9CA5C0>)
operation functools.partial(<built-in method close of sqlite3.Cursor object at 0x00000245AE9CA5C0>) completed
executing functools.partial(<built-in method cursor of sqlite3.Connection object at 0x00000245AE9386D0>)
operation functools.partial(<built-in method cursor of sqlite3.Connection object at 0x00000245AE9386D0>) completed
executing functools.partial(<built-in method execute of sqlite3.Cursor object at 0x00000245AE9BFA40>, '\nCREATE TABLE travels (\n\tid UUID NOT NULL, \n\tuser_id UUID NOT NULL, \n\tdestination VARCHAR(255) NOT NULL, \n\tstart_date DATETIME NOT NULL, \n\tend_date DATETIME NOT NULL, \n\tstatus VARCHAR(20) NOT NULL, \n\timage_url VARCHAR(1024), \n\tdescription TEXT, \n\tcriado_em DATETIME DEFAULT CURRENT_TIMESTAMP NOT NULL, \n\tPRIMARY KEY (id), \n\tFOREIGN KEY(user_id) REFERENCES users (id) ON DELETE CASCADE\n)\n\n', ())
operation functools.partial(<built-in method execute of sqlite3.Cursor object at 0x00000245AE9BFA40>, '\nCREATE TABLE travels (\n\tid UUID NOT NULL, \n\tuser_id UUID NOT NULL, \n\tdestination VARCHAR(255) NOT NULL, \n\tstart_date DATETIME NOT NULL, \n\tend_date DATETIME NOT NULL, \n\tstatus VARCHAR(20) NOT NULL, \n\timage_url VARCHAR(1024), \n\tdescription TEXT, \n\tcriado_em DATETIME DEFAULT CURRENT_TIMESTAMP NOT NULL, \n\tPRIMARY KEY (id), \n\tFOREIGN KEY(user_id) REFERENCES users (id) ON DELETE CASCADE\n)\n\n', ()) completed
executing functools.partial(<built-in method close of sqlite3.Cursor object at 0x00000245AE9BFA40>)
operation functools.partial(<built-in method close of sqlite3.Cursor object at 0x00000245AE9BFA40>) completed
executing functools.partial(<built-in method cursor of sqlite3.Connection object at 0x00000245AE9386D0>)
operation functools.partial(<built-in method cursor of sqlite3.Connection object at 0x00000245AE9386D0>) completed
executing functools.partial(<built-in method execute of sqlite3.Cursor object at 0x00000245AE9BF6C0>, 'CREATE INDEX ix_travels_user_id ON travels (user_id)', ())
operation functools.partial(<built-in method execute of sqlite3.Cursor object at 0x00000245AE9BF6C0>, 'CREATE INDEX ix_travels_user_id ON travels (user_id)', ()) completed
executing functools.partial(<built-in method close of sqlite3.Cursor object at 0x00000245AE9BF6C0>)
operation functools.partial(<built-in method close of sqlite3.Cursor object at 0x00000245AE9BF6C0>) completed
executing functools.partial(<built-in method cursor of sqlite3.Connection object at 0x00000245AE9386D0>)
operation functools.partial(<built-in method cursor of sqlite3.Connection object at 0x00000245AE9386D0>) completed
executing functools.partial(<built-in method execute of sqlite3.Cursor object at 0x00000245AE9CB240>, 'CREATE INDEX ix_travels_status ON travels (status)', ())
operation functools.partial(<built-in method execute of sqlite3.Cursor object at 0x00000245AE9CB240>, 'CREATE INDEX ix_travels_status ON travels (status)', ()) completed
executing functools.partial(<built-in method close of sqlite3.Cursor object at 0x00000245AE9CB240>)
operation functools.partial(<built-in method close of sqlite3.Cursor object at 0x00000245AE9CB240>) completed
executing functools.partial(<built-in method cursor of sqlite3.Connection object at 0x00000245AE9386D0>)
operation functools.partial(<built-in method cursor of sqlite3.Connection object at 0x00000245AE9386D0>) completed
executing functools.partial(<built-in method execute of sqlite3.Cursor object at 0x00000245AE9BE9C0>, '\nCREATE TABLE leads (\n\tid UUID NOT NULL, \n\tnome VARCHAR(512), \n\ttelefone VARCHAR(512) NOT NULL, \n\ttelefone_hash VARCHAR(64), \n\torigem VARCHAR(14) NOT NULL, \n\tstatus VARCHAR(14) NOT NULL, \n\tscore VARCHAR(6), \n\tscore_numerico INTEGER, \n\tscore_calculado_em DATETIME, \n\tconsultor_id UUID, \n\tclient_id UUID, \n\toffer_id UUID, \n\tbudget NUMERIC(12, 2), \n\taya_ativo BOOLEAN NOT NULL, \n\tis_archived BOOLEAN NOT NULL, \n\tdeletado_em DATETIME, \n\tcriado_em DATETIME DEFAULT CURRENT_TIMESTAMP NOT NULL, \n\tatualizado_em DATETIME DEFAULT CURRENT_TIMESTAMP NOT NULL, \n\tPRIMARY KEY (id), \n\tFOREIGN KEY(consultor_id) REFERENCES users (id), \n\tFOREIGN KEY(client_id) REFERENCES users (id), \n\tFOREIGN KEY(offer_id) REFERENCES offers (id)\n)\n\n', ())
operation functools.partial(<built-in method execute of sqlite3.Cursor object at 0x00000245AE9BE9C0>, '\nCREATE TABLE leads (\n\tid UUID NOT NULL, \n\tnome VARCHAR(512), \n\ttelefone VARCHAR(512) NOT NULL, \n\ttelefone_hash VARCHAR(64), \n\torigem VARCHAR(14) NOT NULL, \n\tstatus VARCHAR(14) NOT NULL, \n\tscore VARCHAR(6), \n\tscore_numerico INTEGER, \n\tscore_calculado_em DATETIME, \n\tconsultor_id UUID, \n\tclient_id UUID, \n\toffer_id UUID, \n\tbudget NUMERIC(12, 2), \n\taya_ativo BOOLEAN NOT NULL, \n\tis_archived BOOLEAN NOT NULL, \n\tdeletado_em DATETIME, \n\tcriado_em DATETIME DEFAULT CURRENT_TIMESTAMP NOT NULL, \n\tatualizado_em DATETIME DEFAULT CURRENT_TIMESTAMP NOT NULL, \n\tPRIMARY KEY (id), \n\tFOREIGN KEY(consultor_id) REFERENCES users (id), \n\tFOREIGN KEY(client_id) REFERENCES users (id), \n\tFOREIGN KEY(offer_id) REFERENCES offers (id)\n)\n\n', ()) completed
executing functools.partial(<built-in method close of sqlite3.Cursor object at 0x00000245AE9BE9C0>)
operation functools.partial(<built-in method close of sqlite3.Cursor object at 0x00000245AE9BE9C0>) completed
executing functools.partial(<built-in method cursor of sqlite3.Connection object at 0x00000245AE9386D0>)
operation functools.partial(<built-in method cursor of sqlite3.Connection object at 0x00000245AE9386D0>) completed
executing functools.partial(<built-in method execute of sqlite3.Cursor object at 0x00000245AE9CBDC0>, 'CREATE INDEX ix_leads_telefone_hash ON leads (telefone_hash)', ())
operation functools.partial(<built-in method execute of sqlite3.Cursor object at 0x00000245AE9CBDC0>, 'CREATE INDEX ix_leads_telefone_hash ON leads (telefone_hash)', ()) completed
executing functools.partial(<built-in method close of sqlite3.Cursor object at 0x00000245AE9CBDC0>)
operation functools.partial(<built-in method close of sqlite3.Cursor object at 0x00000245AE9CBDC0>) completed
executing functools.partial(<built-in method cursor of sqlite3.Connection object at 0x00000245AE9386D0>)
operation functools.partial(<built-in method cursor of sqlite3.Connection object at 0x00000245AE9386D0>) completed
executing functools.partial(<built-in method execute of sqlite3.Cursor object at 0x00000245AE9CBF40>, 'CREATE INDEX ix_leads_consultor_status ON leads (consultor_id, status)', ())
operation functools.partial(<built-in method execute of sqlite3.Cursor object at 0x00000245AE9CBF40>, 'CREATE INDEX ix_leads_consultor_status ON leads (consultor_id, status)', ()) completed
executing functools.partial(<built-in method close of sqlite3.Cursor object at 0x00000245AE9CBF40>)
operation functools.partial(<built-in method close of sqlite3.Cursor object at 0x00000245AE9CBF40>) completed
executing functools.partial(<built-in method cursor of sqlite3.Connection object at 0x00000245AE9386D0>)
operation functools.partial(<built-in method cursor of sqlite3.Connection object at 0x00000245AE9386D0>) completed
executing functools.partial(<built-in method execute of sqlite3.Cursor object at 0x00000245AE9CB2C0>, 'CREATE UNIQUE INDEX ix_leads_telefone ON leads (telefone)', ())
operation functools.partial(<built-in method execute of sqlite3.Cursor object at 0x00000245AE9CB2C0>, 'CREATE UNIQUE INDEX ix_leads_telefone ON leads (telefone)', ()) completed
executing functools.partial(<built-in method close of sqlite3.Cursor object at 0x00000245AE9CB2C0>)
operation functools.partial(<built-in method close of sqlite3.Cursor object at 0x00000245AE9CB2C0>) completed
executing functools.partial(<built-in method cursor of sqlite3.Connection object at 0x00000245AE9386D0>)
operation functools.partial(<built-in method cursor of sqlite3.Connection object at 0x00000245AE9386D0>) completed
executing functools.partial(<built-in method execute of sqlite3.Cursor object at 0x00000245AE9CB840>, 'CREATE INDEX ix_leads_status_criado_em ON leads (status, criado_em)', ())
operation functools.partial(<built-in method execute of sqlite3.Cursor object at 0x00000245AE9CB840>, 'CREATE INDEX ix_leads_status_criado_em ON leads (status, criado_em)', ()) completed
executing functools.partial(<built-in method close of sqlite3.Cursor object at 0x00000245AE9CB840>)
operation functools.partial(<built-in method close of sqlite3.Cursor object at 0x00000245AE9CB840>) completed
executing functools.partial(<built-in method cursor of sqlite3.Connection object at 0x00000245AE9386D0>)
operation functools.partial(<built-in method cursor of sqlite3.Connection object at 0x00000245AE9386D0>) completed
executing functools.partial(<built-in method execute of sqlite3.Cursor object at 0x00000245AE9BF4C0>, '\nCREATE TABLE lead_score_history (\n\tid UUID NOT NULL, \n\tlead_id UUID NOT NULL, \n\tscore_numerico INTEGER NOT NULL, \n\tscore_label VARCHAR(10) NOT NULL, \n\tmotivo VARCHAR(255), \n\tcriterios_json TEXT, \n\tcriado_em DATETIME DEFAULT CURRENT_TIMESTAMP NOT NULL, \n\tPRIMARY KEY (id), \n\tFOREIGN KEY(lead_id) REFERENCES leads (id) ON DELETE CASCADE\n)\n\n', ())
operation functools.partial(<built-in method execute of sqlite3.Cursor object at 0x00000245AE9BF4C0>, '\nCREATE TABLE lead_score_history (\n\tid UUID NOT NULL, \n\tlead_id UUID NOT NULL, \n\tscore_numerico INTEGER NOT NULL, \n\tscore_label VARCHAR(10) NOT NULL, \n\tmotivo VARCHAR(255), \n\tcriterios_json TEXT, \n\tcriado_em DATETIME DEFAULT CURRENT_TIMESTAMP NOT NULL, \n\tPRIMARY KEY (id), \n\tFOREIGN KEY(lead_id) REFERENCES leads (id) ON DELETE CASCADE\n)\n\n', ()) completed
executing functools.partial(<built-in method close of sqlite3.Cursor object at 0x00000245AE9BF4C0>)
operation functools.partial(<built-in method close of sqlite3.Cursor object at 0x00000245AE9BF4C0>) completed
executing functools.partial(<built-in method cursor of sqlite3.Connection object at 0x00000245AE9386D0>)
operation functools.partial(<built-in method cursor of sqlite3.Connection object at 0x00000245AE9386D0>) completed
executing functools.partial(<built-in method execute of sqlite3.Cursor object at 0x00000245AE9CBA40>, 'CREATE INDEX ix_lead_score_history_lead_id ON lead_score_history (lead_id)', ())
operation functools.partial(<built-in method execute of sqlite3.Cursor object at 0x00000245AE9CBA40>, 'CREATE INDEX ix_lead_score_history_lead_id ON lead_score_history (lead_id)', ()) completed
executing functools.partial(<built-in method close of sqlite3.Cursor object at 0x00000245AE9CBA40>)
operation functools.partial(<built-in method close of sqlite3.Cursor object at 0x00000245AE9CBA40>) completed
executing functools.partial(<built-in method cursor of sqlite3.Connection object at 0x00000245AE9386D0>)
operation functools.partial(<built-in method cursor of sqlite3.Connection object at 0x00000245AE9386D0>) completed
executing functools.partial(<built-in method execute of sqlite3.Cursor object at 0x00000245AE9CAFC0>, '\nCREATE TABLE briefings (\n\tid VARCHAR(36) NOT NULL, \n\tlead_id VARCHAR(36) NOT NULL, \n\tdestino VARCHAR(255), \n\torigem VARCHAR(255), \n\tdata_ida DATE, \n\tdata_volta DATE, \n\tduracao_dias INTEGER, \n\tqtd_pessoas INTEGER, \n\tperfil VARCHAR(7), \n\ttipo_viagem JSON, \n\tpreferencias JSON, \n\torcamento VARCHAR(7), \n\ttem_passaporte BOOLEAN, \n\tobservacoes TEXT, \n\tcompletude_pct INTEGER NOT NULL, \n\tPRIMARY KEY (id), \n\tCONSTRAINT ck_briefings_completude_range CHECK (completude_pct BETWEEN 0 AND 100), \n\tCONSTRAINT ck_briefings_qtd_pessoas_min CHECK (qtd_pessoas IS NULL OR qtd_pessoas >= 1), \n\tCONSTRAINT ck_briefings_duracao_min CHECK (duracao_dias IS NULL OR duracao_dias >= 1), \n\tUNIQUE (lead_id), \n\tFOREIGN KEY(lead_id) REFERENCES leads (id)\n)\n\n', ())
operation functools.partial(<built-in method execute of sqlite3.Cursor object at 0x00000245AE9CAFC0>, '\nCREATE TABLE briefings (\n\tid VARCHAR(36) NOT NULL, \n\tlead_id VARCHAR(36) NOT NULL, \n\tdestino VARCHAR(255), \n\torigem VARCHAR(255), \n\tdata_ida DATE, \n\tdata_volta DATE, \n\tduracao_dias INTEGER, \n\tqtd_pessoas INTEGER, \n\tperfil VARCHAR(7), \n\ttipo_viagem JSON, \n\tpreferencias JSON, \n\torcamento VARCHAR(7), \n\ttem_passaporte BOOLEAN, \n\tobservacoes TEXT, \n\tcompletude_pct INTEGER NOT NULL, \n\tPRIMARY KEY (id), \n\tCONSTRAINT ck_briefings_completude_range CHECK (completude_pct BETWEEN 0 AND 100), \n\tCONSTRAINT ck_briefings_qtd_pessoas_min CHECK (qtd_pessoas IS NULL OR qtd_pessoas >= 1), \n\tCONSTRAINT ck_briefings_duracao_min CHECK (duracao_dias IS NULL OR duracao_dias >= 1), \n\tUNIQUE (lead_id), \n\tFOREIGN KEY(lead_id) REFERENCES leads (id)\n)\n\n', ()) completed
executing functools.partial(<built-in method close of sqlite3.Cursor object at 0x00000245AE9CAFC0>)
operation functools.partial(<built-in method close of sqlite3.Cursor object at 0x00000245AE9CAFC0>) completed
executing functools.partial(<built-in method cursor of sqlite3.Connection object at 0x00000245AE9386D0>)
operation functools.partial(<built-in method cursor of sqlite3.Connection object at 0x00000245AE9386D0>) completed
executing functools.partial(<built-in method execute of sqlite3.Cursor object at 0x00000245AE9CAF40>, 'CREATE UNIQUE INDEX ix_briefings_lead_id ON briefings (lead_id)', ())
operation functools.partial(<built-in method execute of sqlite3.Cursor object at 0x00000245AE9CAF40>, 'CREATE UNIQUE INDEX ix_briefings_lead_id ON briefings (lead_id)', ()) completed
executing functools.partial(<built-in method close of sqlite3.Cursor object at 0x00000245AE9CAF40>)
operation functools.partial(<built-in method close of sqlite3.Cursor object at 0x00000245AE9CAF40>) completed
executing functools.partial(<built-in method cursor of sqlite3.Connection object at 0x00000245AE9386D0>)
operation functools.partial(<built-in method cursor of sqlite3.Connection object at 0x00000245AE9386D0>) completed
executing functools.partial(<built-in method execute of sqlite3.Cursor object at 0x00000245AE9CB140>, '\nCREATE TABLE interacoes (\n\tid UUID NOT NULL, \n\tlead_id UUID NOT NULL, \n\tmensagem_cliente TEXT, \n\tmensagem_ia TEXT, \n\ttipo_mensagem VARCHAR(9) NOT NULL, \n\ttimestamp DATETIME DEFAULT CURRENT_TIMESTAMP NOT NULL, \n\tenviado_em DATETIME, \n\tstatus_envio VARCHAR(10), \n\terro_envio TEXT, \n\twhatsapp_message_id VARCHAR(255), \n\tPRIMARY KEY (id), \n\tFOREIGN KEY(lead_id) REFERENCES leads (id)\n)\n\n', ())
operation functools.partial(<built-in method execute of sqlite3.Cursor object at 0x00000245AE9CB140>, '\nCREATE TABLE interacoes (\n\tid UUID NOT NULL, \n\tlead_id UUID NOT NULL, \n\tmensagem_cliente TEXT, \n\tmensagem_ia TEXT, \n\ttipo_mensagem VARCHAR(9) NOT NULL, \n\ttimestamp DATETIME DEFAULT CURRENT_TIMESTAMP NOT NULL, \n\tenviado_em DATETIME, \n\tstatus_envio VARCHAR(10), \n\terro_envio TEXT, \n\twhatsapp_message_id VARCHAR(255), \n\tPRIMARY KEY (id), \n\tFOREIGN KEY(lead_id) REFERENCES leads (id)\n)\n\n', ()) completed
executing functools.partial(<built-in method close of sqlite3.Cursor object at 0x00000245AE9CB140>)
operation functools.partial(<built-in method close of sqlite3.Cursor object at 0x00000245AE9CB140>) completed
executing functools.partial(<built-in method cursor of sqlite3.Connection object at 0x00000245AE9386D0>)
operation functools.partial(<built-in method cursor of sqlite3.Connection object at 0x00000245AE9386D0>) completed
executing functools.partial(<built-in method execute of sqlite3.Cursor object at 0x00000245AE9E9EC0>, 'CREATE INDEX ix_interacoes_lead_id ON interacoes (lead_id)', ())
operation functools.partial(<built-in method execute of sqlite3.Cursor object at 0x00000245AE9E9EC0>, 'CREATE INDEX ix_interacoes_lead_id ON interacoes (lead_id)', ()) completed
executing functools.partial(<built-in method close of sqlite3.Cursor object at 0x00000245AE9E9EC0>)
operation functools.partial(<built-in method close of sqlite3.Cursor object at 0x00000245AE9E9EC0>) completed
executing functools.partial(<built-in method cursor of sqlite3.Connection object at 0x00000245AE9386D0>)
operation functools.partial(<built-in method cursor of sqlite3.Connection object at 0x00000245AE9386D0>) completed
executing functools.partial(<built-in method execute of sqlite3.Cursor object at 0x00000245AE9EA140>, 'CREATE UNIQUE INDEX ix_interacoes_whatsapp_message_id ON interacoes (whatsapp_message_id)', ())
operation functools.partial(<built-in method execute of sqlite3.Cursor object at 0x00000245AE9EA140>, 'CREATE UNIQUE INDEX ix_interacoes_whatsapp_message_id ON interacoes (whatsapp_message_id)', ()) completed
executing functools.partial(<built-in method close of sqlite3.Cursor object at 0x00000245AE9EA140>)
operation functools.partial(<built-in method close of sqlite3.Cursor object at 0x00000245AE9EA140>) completed
executing functools.partial(<built-in method cursor of sqlite3.Connection object at 0x00000245AE9386D0>)
operation functools.partial(<built-in method cursor of sqlite3.Connection object at 0x00000245AE9386D0>) completed
executing functools.partial(<built-in method execute of sqlite3.Cursor object at 0x00000245AE9EA340>, 'CREATE INDEX ix_interacoes_lead_timestamp ON interacoes (lead_id, timestamp)', ())
operation functools.partial(<built-in method execute of sqlite3.Cursor object at 0x00000245AE9EA340>, 'CREATE INDEX ix_interacoes_lead_timestamp ON interacoes (lead_id, timestamp)', ()) completed
executing functools.partial(<built-in method close of sqlite3.Cursor object at 0x00000245AE9EA340>)
operation functools.partial(<built-in method close of sqlite3.Cursor object at 0x00000245AE9EA340>) completed
executing functools.partial(<built-in method cursor of sqlite3.Connection object at 0x00000245AE9386D0>)
operation functools.partial(<built-in method cursor of sqlite3.Connection object at 0x00000245AE9386D0>) completed
executing functools.partial(<built-in method execute of sqlite3.Cursor object at 0x00000245AE9238C0>, '\nCREATE TABLE agendamentos (\n\tid UUID NOT NULL, \n\tlead_id UUID NOT NULL, \n\tdata DATE NOT NULL, \n\thora TIME NOT NULL, \n\tstatus VARCHAR(10) NOT NULL, \n\ttipo VARCHAR(10) NOT NULL, \n\tconsultor_id UUID, \n\tcriado_em DATETIME DEFAULT CURRENT_TIMESTAMP NOT NULL, \n\tPRIMARY KEY (id), \n\tCONSTRAINT uq_agendamento_lead_slot UNIQUE (lead_id, data, hora), \n\tFOREIGN KEY(lead_id) REFERENCES leads (id), \n\tFOREIGN KEY(consultor_id) REFERENCES users (id)\n)\n\n', ())
operation functools.partial(<built-in method execute of sqlite3.Cursor object at 0x00000245AE9238C0>, '\nCREATE TABLE agendamentos (\n\tid UUID NOT NULL, \n\tlead_id UUID NOT NULL, \n\tdata DATE NOT NULL, \n\thora TIME NOT NULL, \n\tstatus VARCHAR(10) NOT NULL, \n\ttipo VARCHAR(10) NOT NULL, \n\tconsultor_id UUID, \n\tcriado_em DATETIME DEFAULT CURRENT_TIMESTAMP NOT NULL, \n\tPRIMARY KEY (id), \n\tCONSTRAINT uq_agendamento_lead_slot UNIQUE (lead_id, data, hora), \n\tFOREIGN KEY(lead_id) REFERENCES leads (id), \n\tFOREIGN KEY(consultor_id) REFERENCES users (id)\n)\n\n', ()) completed
executing functools.partial(<built-in method close of sqlite3.Cursor object at 0x00000245AE9238C0>)
operation functools.partial(<built-in method close of sqlite3.Cursor object at 0x00000245AE9238C0>) completed
executing functools.partial(<built-in method cursor of sqlite3.Connection object at 0x00000245AE9386D0>)
operation functools.partial(<built-in method cursor of sqlite3.Connection object at 0x00000245AE9386D0>) completed
executing functools.partial(<built-in method execute of sqlite3.Cursor object at 0x00000245AE9EAF40>, 'CREATE INDEX ix_agendamentos_lead_id ON agendamentos (lead_id)', ())
operation functools.partial(<built-in method execute of sqlite3.Cursor object at 0x00000245AE9EAF40>, 'CREATE INDEX ix_agendamentos_lead_id ON agendamentos (lead_id)', ()) completed
executing functools.partial(<built-in method close of sqlite3.Cursor object at 0x00000245AE9EAF40>)
operation functools.partial(<built-in method close of sqlite3.Cursor object at 0x00000245AE9EAF40>) completed
executing functools.partial(<built-in method cursor of sqlite3.Connection object at 0x00000245AE9386D0>)
operation functools.partial(<built-in method cursor of sqlite3.Connection object at 0x00000245AE9386D0>) completed
executing functools.partial(<built-in method execute of sqlite3.Cursor object at 0x00000245AE9EB1C0>, 'CREATE INDEX ix_agendamentos_consultor_data ON agendamentos (consultor_id, data)', ())
operation functools.partial(<built-in method execute of sqlite3.Cursor object at 0x00000245AE9EB1C0>, 'CREATE INDEX ix_agendamentos_consultor_data ON agendamentos (consultor_id, data)', ()) completed
executing functools.partial(<built-in method close of sqlite3.Cursor object at 0x00000245AE9EB1C0>)
operation functools.partial(<built-in method close of sqlite3.Cursor object at 0x00000245AE9EB1C0>) completed
executing functools.partial(<built-in method cursor of sqlite3.Connection object at 0x00000245AE9386D0>)
operation functools.partial(<built-in method cursor of sqlite3.Connection object at 0x00000245AE9386D0>) completed
executing functools.partial(<built-in method execute of sqlite3.Cursor object at 0x00000245AE9EB3C0>, 'CREATE INDEX ix_agendamentos_lead_status ON agendamentos (lead_id, status)', ())
operation functools.partial(<built-in method execute of sqlite3.Cursor object at 0x00000245AE9EB3C0>, 'CREATE INDEX ix_agendamentos_lead_status ON agendamentos (lead_id, status)', ()) completed
executing functools.partial(<built-in method close of sqlite3.Cursor object at 0x00000245AE9EB3C0>)
operation functools.partial(<built-in method close of sqlite3.Cursor object at 0x00000245AE9EB3C0>) completed
executing functools.partial(<built-in method cursor of sqlite3.Connection object at 0x00000245AE9386D0>)
operation functools.partial(<built-in method cursor of sqlite3.Connection object at 0x00000245AE9386D0>) completed
executing functools.partial(<built-in method execute of sqlite3.Cursor object at 0x00000245AE9E81C0>, "\nCREATE TABLE propostas (\n\tid UUID NOT NULL, \n\tlead_id UUID NOT NULL, \n\tdescricao TEXT NOT NULL, \n\tvalor_estimado NUMERIC(12, 2), \n\tstatus VARCHAR(10) NOT NULL, \n\tconsultor_id UUID, \n\texpiration_hours INTEGER DEFAULT '48' NOT NULL, \n\tcriado_em DATETIME DEFAULT CURRENT_TIMESTAMP NOT NULL, \n\tPRIMARY KEY (id), \n\tCONSTRAINT ck_propostas_valor_positivo CHECK (valor_estimado IS NULL OR valor_estimado >= 0), \n\tFOREIGN KEY(lead_id) REFERENCES leads (id), \n\tFOREIGN KEY(consultor_id) REFERENCES users (id)\n)\n\n", ())
operation functools.partial(<built-in method execute of sqlite3.Cursor object at 0x00000245AE9E81C0>, "\nCREATE TABLE propostas (\n\tid UUID NOT NULL, \n\tlead_id UUID NOT NULL, \n\tdescricao TEXT NOT NULL, \n\tvalor_estimado NUMERIC(12, 2), \n\tstatus VARCHAR(10) NOT NULL, \n\tconsultor_id UUID, \n\texpiration_hours INTEGER DEFAULT '48' NOT NULL, \n\tcriado_em DATETIME DEFAULT CURRENT_TIMESTAMP NOT NULL, \n\tPRIMARY KEY (id), \n\tCONSTRAINT ck_propostas_valor_positivo CHECK (valor_estimado IS NULL OR valor_estimado >= 0), \n\tFOREIGN KEY(lead_id) REFERENCES leads (id), \n\tFOREIGN KEY(consultor_id) REFERENCES users (id)\n)\n\n", ()) completed
executing functools.partial(<built-in method close of sqlite3.Cursor object at 0x00000245AE9E81C0>)
operation functools.partial(<built-in method close of sqlite3.Cursor object at 0x00000245AE9E81C0>) completed
executing functools.partial(<built-in method cursor of sqlite3.Connection object at 0x00000245AE9386D0>)
operation functools.partial(<built-in method cursor of sqlite3.Connection object at 0x00000245AE9386D0>) completed
executing functools.partial(<built-in method execute of sqlite3.Cursor object at 0x00000245AE9EBEC0>, 'CREATE INDEX ix_propostas_consultor_status ON propostas (consultor_id, status)', ())
operation functools.partial(<built-in method execute of sqlite3.Cursor object at 0x00000245AE9EBEC0>, 'CREATE INDEX ix_propostas_consultor_status ON propostas (consultor_id, status)', ()) completed
executing functools.partial(<built-in method close of sqlite3.Cursor object at 0x00000245AE9EBEC0>)
operation functools.partial(<built-in method close of sqlite3.Cursor object at 0x00000245AE9EBEC0>) completed
executing functools.partial(<built-in method cursor of sqlite3.Connection object at 0x00000245AE9386D0>)
operation functools.partial(<built-in method cursor of sqlite3.Connection object at 0x00000245AE9386D0>) completed
executing functools.partial(<built-in method execute of sqlite3.Cursor object at 0x00000245AE9EBE40>, 'CREATE INDEX ix_propostas_lead_id ON propostas (lead_id)', ())
operation functools.partial(<built-in method execute of sqlite3.Cursor object at 0x00000245AE9EBE40>, 'CREATE INDEX ix_propostas_lead_id ON propostas (lead_id)', ()) completed
executing functools.partial(<built-in method close of sqlite3.Cursor object at 0x00000245AE9EBE40>)
operation functools.partial(<built-in method close of sqlite3.Cursor object at 0x00000245AE9EBE40>) completed
executing functools.partial(<built-in method cursor of sqlite3.Connection object at 0x00000245AE9386D0>)
operation functools.partial(<built-in method cursor of sqlite3.Connection object at 0x00000245AE9386D0>) completed
executing functools.partial(<built-in method execute of sqlite3.Cursor object at 0x00000245AE9E9B40>, 'CREATE INDEX ix_propostas_lead_status ON propostas (lead_id, status)', ())
operation functools.partial(<built-in method execute of sqlite3.Cursor object at 0x00000245AE9E9B40>, 'CREATE INDEX ix_propostas_lead_status ON propostas (lead_id, status)', ()) completed
executing functools.partial(<built-in method close of sqlite3.Cursor object at 0x00000245AE9E9B40>)
operation functools.partial(<built-in method close of sqlite3.Cursor object at 0x00000245AE9E9B40>) completed
executing functools.partial(<built-in method cursor of sqlite3.Connection object at 0x00000245AE9386D0>)
operation functools.partial(<built-in method cursor of sqlite3.Connection object at 0x00000245AE9386D0>) completed
executing functools.partial(<built-in method execute of sqlite3.Cursor object at 0x00000245AE9E98C0>, '\nCREATE TABLE suitcase_items (\n\tid UUID NOT NULL, \n\tlead_id UUID NOT NULL, \n\tuser_id UUID NOT NULL, \n\tcategoria VARCHAR(11) NOT NULL, \n\tnome VARCHAR(255) NOT NULL, \n\tquantidade INTEGER NOT NULL, \n\tempacotado BOOLEAN NOT NULL, \n\tcriado_em DATETIME DEFAULT CURRENT_TIMESTAMP NOT NULL, \n\tatualizado_em DATETIME DEFAULT CURRENT_TIMESTAMP NOT NULL, \n\tPRIMARY KEY (id), \n\tFOREIGN KEY(lead_id) REFERENCES leads (id) ON DELETE CASCADE, \n\tFOREIGN KEY(user_id) REFERENCES users (id) ON DELETE CASCADE\n)\n\n', ())
operation functools.partial(<built-in method execute of sqlite3.Cursor object at 0x00000245AE9E98C0>, '\nCREATE TABLE suitcase_items (\n\tid UUID NOT NULL, \n\tlead_id UUID NOT NULL, \n\tuser_id UUID NOT NULL, \n\tcategoria VARCHAR(11) NOT NULL, \n\tnome VARCHAR(255) NOT NULL, \n\tquantidade INTEGER NOT NULL, \n\tempacotado BOOLEAN NOT NULL, \n\tcriado_em DATETIME DEFAULT CURRENT_TIMESTAMP NOT NULL, \n\tatualizado_em DATETIME DEFAULT CURRENT_TIMESTAMP NOT NULL, \n\tPRIMARY KEY (id), \n\tFOREIGN KEY(lead_id) REFERENCES leads (id) ON DELETE CASCADE, \n\tFOREIGN KEY(user_id) REFERENCES users (id) ON DELETE CASCADE\n)\n\n', ()) completed
executing functools.partial(<built-in method close of sqlite3.Cursor object at 0x00000245AE9E98C0>)
operation functools.partial(<built-in method close of sqlite3.Cursor object at 0x00000245AE9E98C0>) completed
executing functools.partial(<built-in method cursor of sqlite3.Connection object at 0x00000245AE9386D0>)
operation functools.partial(<built-in method cursor of sqlite3.Connection object at 0x00000245AE9386D0>) completed
executing functools.partial(<built-in method execute of sqlite3.Cursor object at 0x00000245AE9EBF40>, 'CREATE INDEX ix_suitcase_items_lead_id ON suitcase_items (lead_id)', ())
operation functools.partial(<built-in method execute of sqlite3.Cursor object at 0x00000245AE9EBF40>, 'CREATE INDEX ix_suitcase_items_lead_id ON suitcase_items (lead_id)', ()) completed
executing functools.partial(<built-in method close of sqlite3.Cursor object at 0x00000245AE9EBF40>)
operation functools.partial(<built-in method close of sqlite3.Cursor object at 0x00000245AE9EBF40>) completed
executing functools.partial(<built-in method cursor of sqlite3.Connection object at 0x00000245AE9386D0>)
operation functools.partial(<built-in method cursor of sqlite3.Connection object at 0x00000245AE9386D0>) completed
executing functools.partial(<built-in method execute of sqlite3.Cursor object at 0x00000245AE9EA1C0>, 'CREATE INDEX ix_suitcase_items_user_id ON suitcase_items (user_id)', ())
operation functools.partial(<built-in method execute of sqlite3.Cursor object at 0x00000245AE9EA1C0>, 'CREATE INDEX ix_suitcase_items_user_id ON suitcase_items (user_id)', ()) completed
executing functools.partial(<built-in method close of sqlite3.Cursor object at 0x00000245AE9EA1C0>)
operation functools.partial(<built-in method close of sqlite3.Cursor object at 0x00000245AE9EA1C0>) completed
executing functools.partial(<built-in method cursor of sqlite3.Connection object at 0x00000245AE9386D0>)
operation functools.partial(<built-in method cursor of sqlite3.Connection object at 0x00000245AE9386D0>) completed
executing functools.partial(<built-in method execute of sqlite3.Cursor object at 0x00000245AE9EBCC0>, '\nCREATE TABLE travel_diary_entries (\n\tid UUID NOT NULL, \n\tlead_id UUID NOT NULL, \n\tuser_id UUID NOT NULL, \n\tfoto_url VARCHAR(1024) NOT NULL, \n\tthumb_url VARCHAR(1024) NOT NULL, \n\tnota VARCHAR(280), \n\tdata_entrada DATETIME DEFAULT CURRENT_TIMESTAMP NOT NULL, \n\tcriado_em DATETIME DEFAULT CURRENT_TIMESTAMP NOT NULL, \n\tPRIMARY KEY (id), \n\tFOREIGN KEY(lead_id) REFERENCES leads (id) ON DELETE CASCADE, \n\tFOREIGN KEY(user_id) REFERENCES users (id) ON DELETE CASCADE\n)\n\n', ())
operation functools.partial(<built-in method execute of sqlite3.Cursor object at 0x00000245AE9EBCC0>, '\nCREATE TABLE travel_diary_entries (\n\tid UUID NOT NULL, \n\tlead_id UUID NOT NULL, \n\tuser_id UUID NOT NULL, \n\tfoto_url VARCHAR(1024) NOT NULL, \n\tthumb_url VARCHAR(1024) NOT NULL, \n\tnota VARCHAR(280), \n\tdata_entrada DATETIME DEFAULT CURRENT_TIMESTAMP NOT NULL, \n\tcriado_em DATETIME DEFAULT CURRENT_TIMESTAMP NOT NULL, \n\tPRIMARY KEY (id), \n\tFOREIGN KEY(lead_id) REFERENCES leads (id) ON DELETE CASCADE, \n\tFOREIGN KEY(user_id) REFERENCES users (id) ON DELETE CASCADE\n)\n\n', ()) completed
executing functools.partial(<built-in method close of sqlite3.Cursor object at 0x00000245AE9EBCC0>)
operation functools.partial(<built-in method close of sqlite3.Cursor object at 0x00000245AE9EBCC0>) completed
executing functools.partial(<built-in method cursor of sqlite3.Connection object at 0x00000245AE9386D0>)
operation functools.partial(<built-in method cursor of sqlite3.Connection object at 0x00000245AE9386D0>) completed
executing functools.partial(<built-in method execute of sqlite3.Cursor object at 0x00000245AEA11B40>, 'CREATE INDEX ix_travel_diary_entries_user_id ON travel_diary_entries (user_id)', ())
operation functools.partial(<built-in method execute of sqlite3.Cursor object at 0x00000245AEA11B40>, 'CREATE INDEX ix_travel_diary_entries_user_id ON travel_diary_entries (user_id)', ()) completed
executing functools.partial(<built-in method close of sqlite3.Cursor object at 0x00000245AEA11B40>)
operation functools.partial(<built-in method close of sqlite3.Cursor object at 0x00000245AEA11B40>) completed
executing functools.partial(<built-in method cursor of sqlite3.Connection object at 0x00000245AE9386D0>)
operation functools.partial(<built-in method cursor of sqlite3.Connection object at 0x00000245AE9386D0>) completed
executing functools.partial(<built-in method execute of sqlite3.Cursor object at 0x00000245AE9EBBC0>, 'CREATE INDEX ix_travel_diary_entries_lead_id ON travel_diary_entries (lead_id)', ())
operation functools.partial(<built-in method execute of sqlite3.Cursor object at 0x00000245AE9EBBC0>, 'CREATE INDEX ix_travel_diary_entries_lead_id ON travel_diary_entries (lead_id)', ()) completed
executing functools.partial(<built-in method close of sqlite3.Cursor object at 0x00000245AE9EBBC0>)
operation functools.partial(<built-in method close of sqlite3.Cursor object at 0x00000245AE9EBBC0>) completed
executing functools.partial(<built-in method cursor of sqlite3.Connection object at 0x00000245AE9386D0>)
operation functools.partial(<built-in method cursor of sqlite3.Connection object at 0x00000245AE9386D0>) completed
executing functools.partial(<built-in method execute of sqlite3.Cursor object at 0x00000245AE9EB240>, '\nCREATE TABLE documentos (\n\tid UUID NOT NULL, \n\tlead_id UUID NOT NULL, \n\ttravel_id UUID, \n\tnome VARCHAR(255) NOT NULL, \n\ts3_key VARCHAR(512) NOT NULL, \n\tcategoria VARCHAR(50) NOT NULL, \n\ttamanho_bytes BIGINT NOT NULL, \n\tmimetype VARCHAR(100) NOT NULL, \n\tenviado_por UUID, \n\tcriado_em DATETIME NOT NULL, \n\tdeleted_at DATETIME, \n\tPRIMARY KEY (id), \n\tFOREIGN KEY(lead_id) REFERENCES leads (id) ON DELETE CASCADE, \n\tFOREIGN KEY(travel_id) REFERENCES travels (id) ON DELETE SET NULL, \n\tFOREIGN KEY(enviado_por) REFERENCES users (id) ON DELETE SET NULL\n)\n\n', ())
operation functools.partial(<built-in method execute of sqlite3.Cursor object at 0x00000245AE9EB240>, '\nCREATE TABLE documentos (\n\tid UUID NOT NULL, \n\tlead_id UUID NOT NULL, \n\ttravel_id UUID, \n\tnome VARCHAR(255) NOT NULL, \n\ts3_key VARCHAR(512) NOT NULL, \n\tcategoria VARCHAR(50) NOT NULL, \n\ttamanho_bytes BIGINT NOT NULL, \n\tmimetype VARCHAR(100) NOT NULL, \n\tenviado_por UUID, \n\tcriado_em DATETIME NOT NULL, \n\tdeleted_at DATETIME, \n\tPRIMARY KEY (id), \n\tFOREIGN KEY(lead_id) REFERENCES leads (id) ON DELETE CASCADE, \n\tFOREIGN KEY(travel_id) REFERENCES travels (id) ON DELETE SET NULL, \n\tFOREIGN KEY(enviado_por) REFERENCES users (id) ON DELETE SET NULL\n)\n\n', ()) completed
executing functools.partial(<built-in method close of sqlite3.Cursor object at 0x00000245AE9EB240>)
operation functools.partial(<built-in method close of sqlite3.Cursor object at 0x00000245AE9EB240>) completed
executing functools.partial(<built-in method cursor of sqlite3.Connection object at 0x00000245AE9386D0>)
operation functools.partial(<built-in method cursor of sqlite3.Connection object at 0x00000245AE9386D0>) completed
executing functools.partial(<built-in method execute of sqlite3.Cursor object at 0x00000245AEA12A40>, 'CREATE INDEX ix_documentos_travel_id ON documentos (travel_id)', ())
operation functools.partial(<built-in method execute of sqlite3.Cursor object at 0x00000245AEA12A40>, 'CREATE INDEX ix_documentos_travel_id ON documentos (travel_id)', ()) completed
executing functools.partial(<built-in method close of sqlite3.Cursor object at 0x00000245AEA12A40>)
operation functools.partial(<built-in method close of sqlite3.Cursor object at 0x00000245AEA12A40>) completed
executing functools.partial(<built-in method cursor of sqlite3.Connection object at 0x00000245AE9386D0>)
operation functools.partial(<built-in method cursor of sqlite3.Connection object at 0x00000245AE9386D0>) completed
executing functools.partial(<built-in method execute of sqlite3.Cursor object at 0x00000245AEA12BC0>, 'CREATE INDEX ix_documentos_lead_id ON documentos (lead_id)', ())
operation functools.partial(<built-in method execute of sqlite3.Cursor object at 0x00000245AEA12BC0>, 'CREATE INDEX ix_documentos_lead_id ON documentos (lead_id)', ()) completed
executing functools.partial(<built-in method close of sqlite3.Cursor object at 0x00000245AEA12BC0>)
operation functools.partial(<built-in method close of sqlite3.Cursor object at 0x00000245AEA12BC0>) completed
executing functools.partial(<built-in method cursor of sqlite3.Connection object at 0x00000245AE9386D0>)
operation functools.partial(<built-in method cursor of sqlite3.Connection object at 0x00000245AE9386D0>) completed
executing functools.partial(<built-in method execute of sqlite3.Cursor object at 0x00000245AEA12D40>, 'CREATE INDEX ix_documentos_deleted_at ON documentos (deleted_at)', ())
operation functools.partial(<built-in method execute of sqlite3.Cursor object at 0x00000245AEA12D40>, 'CREATE INDEX ix_documentos_deleted_at ON documentos (deleted_at)', ()) completed
executing functools.partial(<built-in method close of sqlite3.Cursor object at 0x00000245AEA12D40>)
operation functools.partial(<built-in method close of sqlite3.Cursor object at 0x00000245AEA12D40>) completed
executing functools.partial(<built-in method cursor of sqlite3.Connection object at 0x00000245AE9386D0>)
operation functools.partial(<built-in method cursor of sqlite3.Connection object at 0x00000245AE9386D0>) completed
executing functools.partial(<built-in method execute of sqlite3.Cursor object at 0x00000245AE9EB340>, '\nCREATE TABLE notification_queue (\n\tid UUID NOT NULL, \n\tlead_id UUID NOT NULL, \n\tstatus VARCHAR(20) NOT NULL, \n\tretry_count INTEGER NOT NULL, \n\tmax_retries INTEGER NOT NULL, \n\tretry_delay_seconds INTEGER NOT NULL, \n\tnext_retry_at DATETIME, \n\tpayload JSON NOT NULL, \n\terror_log TEXT, \n\tprocessing_started_at DATETIME, \n\tcreated_at DATETIME DEFAULT CURRENT_TIMESTAMP NOT NULL, \n\tupdated_at DATETIME DEFAULT CURRENT_TIMESTAMP NOT NULL, \n\tPRIMARY KEY (id), \n\tFOREIGN KEY(lead_id) REFERENCES leads (id)\n)\n\n', ())
operation functools.partial(<built-in method execute of sqlite3.Cursor object at 0x00000245AE9EB340>, '\nCREATE TABLE notification_queue (\n\tid UUID NOT NULL, \n\tlead_id UUID NOT NULL, \n\tstatus VARCHAR(20) NOT NULL, \n\tretry_count INTEGER NOT NULL, \n\tmax_retries INTEGER NOT NULL, \n\tretry_delay_seconds INTEGER NOT NULL, \n\tnext_retry_at DATETIME, \n\tpayload JSON NOT NULL, \n\terror_log TEXT, \n\tprocessing_started_at DATETIME, \n\tcreated_at DATETIME DEFAULT CURRENT_TIMESTAMP NOT NULL, \n\tupdated_at DATETIME DEFAULT CURRENT_TIMESTAMP NOT NULL, \n\tPRIMARY KEY (id), \n\tFOREIGN KEY(lead_id) REFERENCES leads (id)\n)\n\n', ()) completed
executing functools.partial(<built-in method close of sqlite3.Cursor object at 0x00000245AE9EB340>)
operation functools.partial(<built-in method close of sqlite3.Cursor object at 0x00000245AE9EB340>) completed
executing functools.partial(<built-in method cursor of sqlite3.Connection object at 0x00000245AE9386D0>)
operation functools.partial(<built-in method cursor of sqlite3.Connection object at 0x00000245AE9386D0>) completed
executing functools.partial(<built-in method execute of sqlite3.Cursor object at 0x00000245AEA13AC0>, 'CREATE INDEX ix_notification_queue_status ON notification_queue (status)', ())
operation functools.partial(<built-in method execute of sqlite3.Cursor object at 0x00000245AEA13AC0>, 'CREATE INDEX ix_notification_queue_status ON notification_queue (status)', ()) completed
executing functools.partial(<built-in method close of sqlite3.Cursor object at 0x00000245AEA13AC0>)
operation functools.partial(<built-in method close of sqlite3.Cursor object at 0x00000245AEA13AC0>) completed
executing functools.partial(<built-in method cursor of sqlite3.Connection object at 0x00000245AE9386D0>)
operation functools.partial(<built-in method cursor of sqlite3.Connection object at 0x00000245AE9386D0>) completed
executing functools.partial(<built-in method execute of sqlite3.Cursor object at 0x00000245AEA13C40>, 'CREATE INDEX ix_notification_queue_processing_started_at ON notification_queue (processing_started_at)', ())
operation functools.partial(<built-in method execute of sqlite3.Cursor object at 0x00000245AEA13C40>, 'CREATE INDEX ix_notification_queue_processing_started_at ON notification_queue (processing_started_at)', ()) completed
executing functools.partial(<built-in method close of sqlite3.Cursor object at 0x00000245AEA13C40>)
operation functools.partial(<built-in method close of sqlite3.Cursor object at 0x00000245AEA13C40>) completed
executing functools.partial(<built-in method cursor of sqlite3.Connection object at 0x00000245AE9386D0>)
operation functools.partial(<built-in method cursor of sqlite3.Connection object at 0x00000245AE9386D0>) completed
executing functools.partial(<built-in method execute of sqlite3.Cursor object at 0x00000245AEA13E40>, 'CREATE INDEX ix_notification_queue_lead_id ON notification_queue (lead_id)', ())
operation functools.partial(<built-in method execute of sqlite3.Cursor object at 0x00000245AEA13E40>, 'CREATE INDEX ix_notification_queue_lead_id ON notification_queue (lead_id)', ()) completed
executing functools.partial(<built-in method close of sqlite3.Cursor object at 0x00000245AEA13E40>)
operation functools.partial(<built-in method close of sqlite3.Cursor object at 0x00000245AEA13E40>) completed
executing functools.partial(<built-in method cursor of sqlite3.Connection object at 0x00000245AE9386D0>)
operation functools.partial(<built-in method cursor of sqlite3.Connection object at 0x00000245AE9386D0>) completed
executing functools.partial(<built-in method execute of sqlite3.Cursor object at 0x00000245AEA10F40>, 'CREATE INDEX ix_notification_queue_next_retry_at ON notification_queue (next_retry_at)', ())
operation functools.partial(<built-in method execute of sqlite3.Cursor object at 0x00000245AEA10F40>, 'CREATE INDEX ix_notification_queue_next_retry_at ON notification_queue (next_retry_at)', ()) completed
executing functools.partial(<built-in method close of sqlite3.Cursor object at 0x00000245AEA10F40>)
operation functools.partial(<built-in method close of sqlite3.Cursor object at 0x00000245AEA10F40>) completed
executing functools.partial(<built-in method cursor of sqlite3.Connection object at 0x00000245AE9386D0>)
operation functools.partial(<built-in method cursor of sqlite3.Connection object at 0x00000245AE9386D0>) completed
executing functools.partial(<built-in method execute of sqlite3.Cursor object at 0x00000245AEA13B40>, '\nCREATE TABLE dead_letter_queue (\n\tid UUID NOT NULL, \n\tlead_id UUID NOT NULL, \n\toriginal_payload JSON NOT NULL, \n\terror_trace TEXT NOT NULL, \n\tretry_count_exhausted INTEGER NOT NULL, \n\tfailed_at DATETIME DEFAULT CURRENT_TIMESTAMP NOT NULL, \n\tPRIMARY KEY (id), \n\tFOREIGN KEY(lead_id) REFERENCES leads (id)\n)\n\n', ())
operation functools.partial(<built-in method execute of sqlite3.Cursor object at 0x00000245AEA13B40>, '\nCREATE TABLE dead_letter_queue (\n\tid UUID NOT NULL, \n\tlead_id UUID NOT NULL, \n\toriginal_payload JSON NOT NULL, \n\terror_trace TEXT NOT NULL, \n\tretry_count_exhausted INTEGER NOT NULL, \n\tfailed_at DATETIME DEFAULT CURRENT_TIMESTAMP NOT NULL, \n\tPRIMARY KEY (id), \n\tFOREIGN KEY(lead_id) REFERENCES leads (id)\n)\n\n', ()) completed
executing functools.partial(<built-in method close of sqlite3.Cursor object at 0x00000245AEA13B40>)
operation functools.partial(<built-in method close of sqlite3.Cursor object at 0x00000245AEA13B40>) completed
executing functools.partial(<built-in method cursor of sqlite3.Connection object at 0x00000245AE9386D0>)
operation functools.partial(<built-in method cursor of sqlite3.Connection object at 0x00000245AE9386D0>) completed
executing functools.partial(<built-in method execute of sqlite3.Cursor object at 0x00000245AEA12AC0>, 'CREATE INDEX ix_dead_letter_queue_lead_id ON dead_letter_queue (lead_id)', ())
operation functools.partial(<built-in method execute of sqlite3.Cursor object at 0x00000245AEA12AC0>, 'CREATE INDEX ix_dead_letter_queue_lead_id ON dead_letter_queue (lead_id)', ()) completed
executing functools.partial(<built-in method close of sqlite3.Cursor object at 0x00000245AEA12AC0>)
operation functools.partial(<built-in method close of sqlite3.Cursor object at 0x00000245AEA12AC0>) completed
executing functools.partial(<built-in method cursor of sqlite3.Connection object at 0x00000245AE9386D0>)
operation functools.partial(<built-in method cursor of sqlite3.Connection object at 0x00000245AE9386D0>) completed
executing functools.partial(<built-in method execute of sqlite3.Cursor object at 0x00000245AEA11CC0>, '\nCREATE TABLE aya_toggle_history (\n\tid UUID NOT NULL, \n\tlead_id UUID NOT NULL, \n\tativo BOOLEAN NOT NULL, \n\tmotivo TEXT, \n\talterado_por UUID, \n\talterado_em DATETIME DEFAULT CURRENT_TIMESTAMP NOT NULL, \n\tPRIMARY KEY (id), \n\tFOREIGN KEY(lead_id) REFERENCES leads (id) ON DELETE CASCADE, \n\tFOREIGN KEY(alterado_por) REFERENCES users (id) ON DELETE SET NULL\n)\n\n', ())
operation functools.partial(<built-in method execute of sqlite3.Cursor object at 0x00000245AEA11CC0>, '\nCREATE TABLE aya_toggle_history (\n\tid UUID NOT NULL, \n\tlead_id UUID NOT NULL, \n\tativo BOOLEAN NOT NULL, \n\tmotivo TEXT, \n\talterado_por UUID, \n\talterado_em DATETIME DEFAULT CURRENT_TIMESTAMP NOT NULL, \n\tPRIMARY KEY (id), \n\tFOREIGN KEY(lead_id) REFERENCES leads (id) ON DELETE CASCADE, \n\tFOREIGN KEY(alterado_por) REFERENCES users (id) ON DELETE SET NULL\n)\n\n', ()) completed
executing functools.partial(<built-in method close of sqlite3.Cursor object at 0x00000245AEA11CC0>)
operation functools.partial(<built-in method close of sqlite3.Cursor object at 0x00000245AEA11CC0>) completed
executing functools.partial(<built-in method cursor of sqlite3.Connection object at 0x00000245AE9386D0>)
operation functools.partial(<built-in method cursor of sqlite3.Connection object at 0x00000245AE9386D0>) completed
executing functools.partial(<built-in method execute of sqlite3.Cursor object at 0x00000245AEA137C0>, 'CREATE INDEX ix_aya_toggle_history_lead_id ON aya_toggle_history (lead_id)', ())
operation functools.partial(<built-in method execute of sqlite3.Cursor object at 0x00000245AEA137C0>, 'CREATE INDEX ix_aya_toggle_history_lead_id ON aya_toggle_history (lead_id)', ()) completed
executing functools.partial(<built-in method close of sqlite3.Cursor object at 0x00000245AEA137C0>)
operation functools.partial(<built-in method close of sqlite3.Cursor object at 0x00000245AEA137C0>) completed
executing functools.partial(<built-in method cursor of sqlite3.Connection object at 0x00000245AE9386D0>)
operation functools.partial(<built-in method cursor of sqlite3.Connection object at 0x00000245AE9386D0>) completed
executing functools.partial(<built-in method execute of sqlite3.Cursor object at 0x00000245AEA13CC0>, '\nCREATE TABLE conversation_summaries (\n\tid UUID NOT NULL, \n\tlead_id UUID NOT NULL, \n\tsessao_id VARCHAR(64) NOT NULL, \n\tresumo_json JSON, \n\tresumo_pendente BOOLEAN NOT NULL, \n\tgerado_em DATETIME DEFAULT CURRENT_TIMESTAMP NOT NULL, \n\ttokens_utilizados INTEGER, \n\tPRIMARY KEY (id), \n\tFOREIGN KEY(lead_id) REFERENCES leads (id) ON DELETE CASCADE\n)\n\n', ())
operation functools.partial(<built-in method execute of sqlite3.Cursor object at 0x00000245AEA13CC0>, '\nCREATE TABLE conversation_summaries (\n\tid UUID NOT NULL, \n\tlead_id UUID NOT NULL, \n\tsessao_id VARCHAR(64) NOT NULL, \n\tresumo_json JSON, \n\tresumo_pendente BOOLEAN NOT NULL, \n\tgerado_em DATETIME DEFAULT CURRENT_TIMESTAMP NOT NULL, \n\ttokens_utilizados INTEGER, \n\tPRIMARY KEY (id), \n\tFOREIGN KEY(lead_id) REFERENCES leads (id) ON DELETE CASCADE\n)\n\n', ()) completed
executing functools.partial(<built-in method close of sqlite3.Cursor object at 0x00000245AEA13CC0>)
operation functools.partial(<built-in method close of sqlite3.Cursor object at 0x00000245AEA13CC0>) completed
executing functools.partial(<built-in method cursor of sqlite3.Connection object at 0x00000245AE9386D0>)
operation functools.partial(<built-in method cursor of sqlite3.Connection object at 0x00000245AE9386D0>) completed
executing functools.partial(<built-in method execute of sqlite3.Cursor object at 0x00000245AEA35B40>, 'CREATE INDEX ix_conv_summaries_lead_gerado_em ON conversation_summaries (lead_id, gerado_em)', ())
operation functools.partial(<built-in method execute of sqlite3.Cursor object at 0x00000245AEA35B40>, 'CREATE INDEX ix_conv_summaries_lead_gerado_em ON conversation_summaries (lead_id, gerado_em)', ()) completed
executing functools.partial(<built-in method close of sqlite3.Cursor object at 0x00000245AEA35B40>)
operation functools.partial(<built-in method close of sqlite3.Cursor object at 0x00000245AEA35B40>) completed
executing functools.partial(<built-in method cursor of sqlite3.Connection object at 0x00000245AE9386D0>)
operation functools.partial(<built-in method cursor of sqlite3.Connection object at 0x00000245AE9386D0>) completed
executing functools.partial(<built-in method execute of sqlite3.Cursor object at 0x00000245AEA122C0>, 'CREATE INDEX ix_conversation_summaries_lead_id ON conversation_summaries (lead_id)', ())
operation functools.partial(<built-in method execute of sqlite3.Cursor object at 0x00000245AEA122C0>, 'CREATE INDEX ix_conversation_summaries_lead_id ON conversation_summaries (lead_id)', ()) completed
executing functools.partial(<built-in method close of sqlite3.Cursor object at 0x00000245AEA122C0>)
operation functools.partial(<built-in method close of sqlite3.Cursor object at 0x00000245AEA122C0>) completed
executing functools.partial(<built-in method cursor of sqlite3.Connection object at 0x00000245AE9386D0>)
operation functools.partial(<built-in method cursor of sqlite3.Connection object at 0x00000245AE9386D0>) completed
executing functools.partial(<built-in method execute of sqlite3.Cursor object at 0x00000245AEA360C0>, 'CREATE INDEX ix_conv_summaries_pendente ON conversation_summaries (resumo_pendente)', ())
operation functools.partial(<built-in method execute of sqlite3.Cursor object at 0x00000245AEA360C0>, 'CREATE INDEX ix_conv_summaries_pendente ON conversation_summaries (resumo_pendente)', ()) completed
executing functools.partial(<built-in method close of sqlite3.Cursor object at 0x00000245AEA360C0>)
operation functools.partial(<built-in method close of sqlite3.Cursor object at 0x00000245AEA360C0>) completed
executing functools.partial(<built-in method cursor of sqlite3.Connection object at 0x00000245AE9386D0>)
operation functools.partial(<built-in method cursor of sqlite3.Connection object at 0x00000245AE9386D0>) completed
executing functools.partial(<built-in method execute of sqlite3.Cursor object at 0x00000245AEA13EC0>, '\nCREATE TABLE itinerary_items (\n\tid UUID NOT NULL, \n\tlead_id UUID NOT NULL, \n\tcriado_por UUID NOT NULL, \n\ttipo VARCHAR(18) NOT NULL, \n\ttitulo VARCHAR(255) NOT NULL, \n\tdescricao TEXT, \n\tlocal VARCHAR(255), \n\tendereco VARCHAR(512), \n\thorario_inicio DATETIME NOT NULL, \n\thorario_fim DATETIME, \n\tnotas TEXT, \n\tcriado_em DATETIME DEFAULT CURRENT_TIMESTAMP NOT NULL, \n\tatualizado_em DATETIME DEFAULT CURRENT_TIMESTAMP NOT NULL, \n\tPRIMARY KEY (id), \n\tFOREIGN KEY(lead_id) REFERENCES leads (id) ON DELETE CASCADE, \n\tFOREIGN KEY(criado_por) REFERENCES users (id) ON DELETE SET NULL\n)\n\n', ())
operation functools.partial(<built-in method execute of sqlite3.Cursor object at 0x00000245AEA13EC0>, '\nCREATE TABLE itinerary_items (\n\tid UUID NOT NULL, \n\tlead_id UUID NOT NULL, \n\tcriado_por UUID NOT NULL, \n\ttipo VARCHAR(18) NOT NULL, \n\ttitulo VARCHAR(255) NOT NULL, \n\tdescricao TEXT, \n\tlocal VARCHAR(255), \n\tendereco VARCHAR(512), \n\thorario_inicio DATETIME NOT NULL, \n\thorario_fim DATETIME, \n\tnotas TEXT, \n\tcriado_em DATETIME DEFAULT CURRENT_TIMESTAMP NOT NULL, \n\tatualizado_em DATETIME DEFAULT CURRENT_TIMESTAMP NOT NULL, \n\tPRIMARY KEY (id), \n\tFOREIGN KEY(lead_id) REFERENCES leads (id) ON DELETE CASCADE, \n\tFOREIGN KEY(criado_por) REFERENCES users (id) ON DELETE SET NULL\n)\n\n', ()) completed
executing functools.partial(<built-in method close of sqlite3.Cursor object at 0x00000245AEA13EC0>)
operation functools.partial(<built-in method close of sqlite3.Cursor object at 0x00000245AEA13EC0>) completed
executing functools.partial(<built-in method cursor of sqlite3.Connection object at 0x00000245AE9386D0>)
operation functools.partial(<built-in method cursor of sqlite3.Connection object at 0x00000245AE9386D0>) completed
executing functools.partial(<built-in method execute of sqlite3.Cursor object at 0x00000245AEA36D40>, 'CREATE INDEX ix_itinerary_items_criado_por ON itinerary_items (criado_por)', ())
operation functools.partial(<built-in method execute of sqlite3.Cursor object at 0x00000245AEA36D40>, 'CREATE INDEX ix_itinerary_items_criado_por ON itinerary_items (criado_por)', ()) completed
executing functools.partial(<built-in method close of sqlite3.Cursor object at 0x00000245AEA36D40>)
operation functools.partial(<built-in method close of sqlite3.Cursor object at 0x00000245AEA36D40>) completed
executing functools.partial(<built-in method cursor of sqlite3.Connection object at 0x00000245AE9386D0>)
operation functools.partial(<built-in method cursor of sqlite3.Connection object at 0x00000245AE9386D0>) completed
executing functools.partial(<built-in method execute of sqlite3.Cursor object at 0x00000245AEA36EC0>, 'CREATE INDEX ix_itinerary_items_lead_id ON itinerary_items (lead_id)', ())
operation functools.partial(<built-in method execute of sqlite3.Cursor object at 0x00000245AEA36EC0>, 'CREATE INDEX ix_itinerary_items_lead_id ON itinerary_items (lead_id)', ()) completed
executing functools.partial(<built-in method close of sqlite3.Cursor object at 0x00000245AEA36EC0>)
operation functools.partial(<built-in method close of sqlite3.Cursor object at 0x00000245AEA36EC0>) completed
executing functools.partial(<built-in method cursor of sqlite3.Connection object at 0x00000245AE9386D0>)
operation functools.partial(<built-in method cursor of sqlite3.Connection object at 0x00000245AE9386D0>) completed
executing functools.partial(<built-in method execute of sqlite3.Cursor object at 0x00000245AEA371C0>, '\nCREATE TABLE travel_checkpoints (\n\tid UUID NOT NULL, \n\tlead_id UUID NOT NULL, \n\tcheckpoint VARCHAR(19) NOT NULL, \n\tativado_em DATETIME DEFAULT CURRENT_TIMESTAMP NOT NULL, \n\tativado_por VARCHAR(64) NOT NULL, \n\tPRIMARY KEY (id), \n\tFOREIGN KEY(lead_id) REFERENCES leads (id) ON DELETE CASCADE\n)\n\n', ())
operation functools.partial(<built-in method execute of sqlite3.Cursor object at 0x00000245AEA371C0>, '\nCREATE TABLE travel_checkpoints (\n\tid UUID NOT NULL, \n\tlead_id UUID NOT NULL, \n\tcheckpoint VARCHAR(19) NOT NULL, \n\tativado_em DATETIME DEFAULT CURRENT_TIMESTAMP NOT NULL, \n\tativado_por VARCHAR(64) NOT NULL, \n\tPRIMARY KEY (id), \n\tFOREIGN KEY(lead_id) REFERENCES leads (id) ON DELETE CASCADE\n)\n\n', ()) completed
executing functools.partial(<built-in method close of sqlite3.Cursor object at 0x00000245AEA371C0>)
operation functools.partial(<built-in method close of sqlite3.Cursor object at 0x00000245AEA371C0>) completed
executing functools.partial(<built-in method cursor of sqlite3.Connection object at 0x00000245AE9386D0>)
operation functools.partial(<built-in method cursor of sqlite3.Connection object at 0x00000245AE9386D0>) completed
executing functools.partial(<built-in method execute of sqlite3.Cursor object at 0x00000245AEA37840>, 'CREATE INDEX ix_travel_checkpoints_lead_id ON travel_checkpoints (lead_id)', ())
operation functools.partial(<built-in method execute of sqlite3.Cursor object at 0x00000245AEA37840>, 'CREATE INDEX ix_travel_checkpoints_lead_id ON travel_checkpoints (lead_id)', ()) completed
executing functools.partial(<built-in method close of sqlite3.Cursor object at 0x00000245AEA37840>)
operation functools.partial(<built-in method close of sqlite3.Cursor object at 0x00000245AEA37840>) completed
executing functools.partial(<built-in method cursor of sqlite3.Connection object at 0x00000245AE9386D0>)
operation functools.partial(<built-in method cursor of sqlite3.Connection object at 0x00000245AE9386D0>) completed
executing functools.partial(<built-in method execute of sqlite3.Cursor object at 0x00000245AEA37A40>, '\nCREATE TABLE lead_offers (\n\tid UUID NOT NULL, \n\toffer_id UUID NOT NULL, \n\tclient_id UUID NOT NULL, \n\tlead_id UUID NOT NULL, \n\tagency_id UUID NOT NULL, \n\tcreated_at DATETIME DEFAULT CURRENT_TIMESTAMP NOT NULL, \n\tPRIMARY KEY (id), \n\tCONSTRAINT uq_offer_client_interest UNIQUE (offer_id, client_id), \n\tFOREIGN KEY(offer_id) REFERENCES offers (id) ON DELETE CASCADE, \n\tFOREIGN KEY(client_id) REFERENCES users (id) ON DELETE CASCADE, \n\tFOREIGN KEY(lead_id) REFERENCES leads (id) ON DELETE CASCADE, \n\tFOREIGN KEY(agency_id) REFERENCES users (id) ON DELETE CASCADE\n)\n\n', ())
operation functools.partial(<built-in method execute of sqlite3.Cursor object at 0x00000245AEA37A40>, '\nCREATE TABLE lead_offers (\n\tid UUID NOT NULL, \n\toffer_id UUID NOT NULL, \n\tclient_id UUID NOT NULL, \n\tlead_id UUID NOT NULL, \n\tagency_id UUID NOT NULL, \n\tcreated_at DATETIME DEFAULT CURRENT_TIMESTAMP NOT NULL, \n\tPRIMARY KEY (id), \n\tCONSTRAINT uq_offer_client_interest UNIQUE (offer_id, client_id), \n\tFOREIGN KEY(offer_id) REFERENCES offers (id) ON DELETE CASCADE, \n\tFOREIGN KEY(client_id) REFERENCES users (id) ON DELETE CASCADE, \n\tFOREIGN KEY(lead_id) REFERENCES leads (id) ON DELETE CASCADE, \n\tFOREIGN KEY(agency_id) REFERENCES users (id) ON DELETE CASCADE\n)\n\n', ()) completed
executing functools.partial(<built-in method close of sqlite3.Cursor object at 0x00000245AEA37A40>)
operation functools.partial(<built-in method close of sqlite3.Cursor object at 0x00000245AEA37A40>) completed
executing functools.partial(<built-in method commit of sqlite3.Connection object at 0x00000245AE9386D0>)
operation functools.partial(<built-in method commit of sqlite3.Connection object at 0x00000245AE9386D0>) completed
executing functools.partial(<built-in method rollback of sqlite3.Connection object at 0x00000245AE9386D0>)
operation functools.partial(<built-in method rollback of sqlite3.Connection object at 0x00000245AE9386D0>) completed
Using proactor: IocpProactor
----------------------------- Captured log setup ------------------------------
DEBUG    asyncio:proactor_events.py:633 Using proactor: IocpProactor
DEBUG    aiosqlite:core.py:62 executing <function connect.<locals>.connector at 0x00000245AE931010>
DEBUG    aiosqlite:core.py:67 operation <function connect.<locals>.connector at 0x00000245AE931010> completed
DEBUG    aiosqlite:core.py:62 executing functools.partial(<built-in method create_function of sqlite3.Connection object at 0x00000245AE9386D0>, 'regexp', 2, <function SQLiteDialect_pysqlite.on_connect.<locals>.regexp at 0x00000245AE7D7C10>, deterministic=True)
DEBUG    aiosqlite:core.py:67 operation functools.partial(<built-in method create_function of sqlite3.Connection object at 0x00000245AE9386D0>, 'regexp', 2, <function SQLiteDialect_pysqlite.on_connect.<locals>.regexp at 0x00000245AE7D7C10>, deterministic=True) completed
DEBUG    aiosqlite:core.py:62 executing functools.partial(<built-in method create_function of sqlite3.Connection object at 0x00000245AE9386D0>, 'floor', 1, <built-in function floor>, deterministic=True)
DEBUG    aiosqlite:core.py:67 operation functools.partial(<built-in method create_function of sqlite3.Connection object at 0x00000245AE9386D0>, 'floor', 1, <built-in function floor>, deterministic=True) completed
DEBUG    aiosqlite:core.py:62 executing functools.partial(<built-in method cursor of sqlite3.Connection object at 0x00000245AE9386D0>)
DEBUG    aiosqlite:core.py:67 operation functools.partial(<built-in method cursor of sqlite3.Connection object at 0x00000245AE9386D0>) completed
DEBUG    aiosqlite:core.py:62 executing functools.partial(<built-in method execute of sqlite3.Cursor object at 0x00000245AE921CC0>, 'PRAGMA read_uncommitted', [])
DEBUG    aiosqlite:core.py:67 operation functools.partial(<built-in method execute of sqlite3.Cursor object at 0x00000245AE921CC0>, 'PRAGMA read_uncommitted', []) completed
DEBUG    aiosqlite:core.py:62 executing functools.partial(<built-in method fetchall of sqlite3.Cursor object at 0x00000245AE921CC0>)
DEBUG    aiosqlite:core.py:67 operation functools.partial(<built-in method fetchall of sqlite3.Cursor object at 0x00000245AE921CC0>) completed
DEBUG    aiosqlite:core.py:62 executing functools.partial(<built-in method close of sqlite3.Cursor object at 0x00000245AE921CC0>)
DEBUG    aiosqlite:core.py:67 operation functools.partial(<built-in method close of sqlite3.Cursor object at 0x00000245AE921CC0>) completed
DEBUG    aiosqlite:core.py:62 executing functools.partial(<built-in method rollback of sqlite3.Connection object at 0x00000245AE9386D0>)
DEBUG    aiosqlite:core.py:67 operation functools.partial(<built-in method rollback of sqlite3.Connection object at 0x00000245AE9386D0>) completed
DEBUG    aiosqlite:core.py:62 executing functools.partial(<built-in method cursor of sqlite3.Connection object at 0x00000245AE9386D0>)
DEBUG    aiosqlite:core.py:67 operation functools.partial(<built-in method cursor of sqlite3.Connection object at 0x00000245AE9386D0>) completed
DEBUG    aiosqlite:core.py:62 executing functools.partial(<built-in method execute of sqlite3.Cursor object at 0x00000245AE921F40>, 'PRAGMA main.table_info("users")', ())
DEBUG    aiosqlite:core.py:67 operation functools.partial(<built-in method execute of sqlite3.Cursor object at 0x00000245AE921F40>, 'PRAGMA main.table_info("users")', ()) completed
DEBUG    aiosqlite:core.py:62 executing functools.partial(<built-in method fetchall of sqlite3.Cursor object at 0x00000245AE921F40>)
DEBUG    aiosqlite:core.py:67 operation functools.partial(<built-in method fetchall of sqlite3.Cursor object at 0x00000245AE921F40>) completed
DEBUG    aiosqlite:core.py:62 executing functools.partial(<built-in method close of sqlite3.Cursor object at 0x00000245AE921F40>)
DEBUG    aiosqlite:core.py:67 operation functools.partial(<built-in method close of sqlite3.Cursor object at 0x00000245AE921F40>) completed
DEBUG    aiosqlite:core.py:62 executing functools.partial(<built-in method cursor of sqlite3.Connection object at 0x00000245AE9386D0>)
DEBUG    aiosqlite:core.py:67 operation functools.partial(<built-in method cursor of sqlite3.Connection object at 0x00000245AE9386D0>) completed
DEBUG    aiosqlite:core.py:62 executing functools.partial(<built-in method execute of sqlite3.Cursor object at 0x00000245AE922040>, 'PRAGMA temp.table_info("users")', ())
DEBUG    aiosqlite:core.py:67 operation functools.partial(<built-in method execute of sqlite3.Cursor object at 0x00000245AE922040>, 'PRAGMA temp.table_info("users")', ()) completed
DEBUG    aiosqlite:core.py:62 executing functools.partial(<built-in method fetchall of sqlite3.Cursor object at 0x00000245AE922040>)
DEBUG    aiosqlite:core.py:67 operation functools.partial(<built-in method fetchall of sqlite3.Cursor object at 0x00000245AE922040>) completed
DEBUG    aiosqlite:core.py:62 executing functools.partial(<built-in method close of sqlite3.Cursor object at 0x00000245AE922040>)
DEBUG    aiosqlite:core.py:67 operation functools.partial(<built-in method close of sqlite3.Cursor object at 0x00000245AE922040>) completed
DEBUG    aiosqlite:core.py:62 executing functools.partial(<built-in method cursor of sqlite3.Connection object at 0x00000245AE9386D0>)
DEBUG    aiosqlite:core.py:67 operation functools.partial(<built-in method cursor of sqlite3.Connection object at 0x00000245AE9386D0>) completed
DEBUG    aiosqlite:core.py:62 executing functools.partial(<built-in method execute of sqlite3.Cursor object at 0x00000245AE922140>, 'PRAGMA main.table_info("leads")', ())
DEBUG    aiosqlite:core.py:67 operation functools.partial(<built-in method execute of sqlite3.Cursor object at 0x00000245AE922140>, 'PRAGMA main.table_info("leads")', ()) completed
DEBUG    aiosqlite:core.py:62 executing functools.partial(<built-in method fetchall of sqlite3.Cursor object at 0x00000245AE922140>)
DEBUG    aiosqlite:core.py:67 operation functools.partial(<built-in method fetchall of sqlite3.Cursor object at 0x00000245AE922140>) completed
DEBUG    aiosqlite:core.py:62 executing functools.partial(<built-in method close of sqlite3.Cursor object at 0x00000245AE922140>)
DEBUG    aiosqlite:core.py:67 operation functools.partial(<built-in method close of sqlite3.Cursor object at 0x00000245AE922140>) completed
DEBUG    aiosqlite:core.py:62 executing functools.partial(<built-in method cursor of sqlite3.Connection object at 0x00000245AE9386D0>)
DEBUG    aiosqlite:core.py:67 operation functools.partial(<built-in method cursor of sqlite3.Connection object at 0x00000245AE9386D0>) completed
DEBUG    aiosqlite:core.py:62 executing functools.partial(<built-in method execute of sqlite3.Cursor object at 0x00000245AE921EC0>, 'PRAGMA temp.table_info("leads")', ())
DEBUG    aiosqlite:core.py:67 operation functools.partial(<built-in method execute of sqlite3.Cursor object at 0x00000245AE921EC0>, 'PRAGMA temp.table_info("leads")', ()) completed
DEBUG    aiosqlite:core.py:62 executing functools.partial(<built-in method fetchall of sqlite3.Cursor object at 0x00000245AE921EC0>)
DEBUG    aiosqlite:core.py:67 operation functools.partial(<built-in method fetchall of sqlite3.Cursor object at 0x00000245AE921EC0>) completed
DEBUG    aiosqlite:core.py:62 executing functools.partial(<built-in method close of sqlite3.Cursor object at 0x00000245AE921EC0>)
DEBUG    aiosqlite:core.py:67 operation functools.partial(<built-in method close of sqlite3.Cursor object at 0x00000245AE921EC0>) completed
DEBUG    aiosqlite:core.py:62 executing functools.partial(<built-in method cursor of sqlite3.Connection object at 0x00000245AE9386D0>)
DEBUG    aiosqlite:core.py:67 operation functools.partial(<built-in method cursor of sqlite3.Connection object at 0x00000245AE9386D0>) completed
DEBUG    aiosqlite:core.py:62 executing functools.partial(<built-in method execute of sqlite3.Cursor object at 0x00000245AE9222C0>, 'PRAGMA main.table_info("lead_score_history")', ())
DEBUG    aiosqlite:core.py:67 operation functools.partial(<built-in method execute of sqlite3.Cursor object at 0x00000245AE9222C0>, 'PRAGMA main.table_info("lead_score_history")', ()) completed
DEBUG    aiosqlite:core.py:62 executing functools.partial(<built-in method fetchall of sqlite3.Cursor object at 0x00000245AE9222C0>)
DEBUG    aiosqlite:core.py:67 operation functools.partial(<built-in method fetchall of sqlite3.Cursor object at 0x00000245AE9222C0>) completed
DEBUG    aiosqlite:core.py:62 executing functools.partial(<built-in method close of sqlite3.Cursor object at 0x00000245AE9222C0>)
DEBUG    aiosqlite:core.py:67 operation functools.partial(<built-in method close of sqlite3.Cursor object at 0x00000245AE9222C0>) completed
DEBUG    aiosqlite:core.py:62 executing functools.partial(<built-in method cursor of sqlite3.Connection object at 0x00000245AE9386D0>)
DEBUG    aiosqlite:core.py:67 operation functools.partial(<built-in method cursor of sqlite3.Connection object at 0x00000245AE9386D0>) completed
DEBUG    aiosqlite:core.py:62 executing functools.partial(<built-in method execute of sqlite3.Cursor object at 0x00000245AE9221C0>, 'PRAGMA temp.table_info("lead_score_history")', ())
DEBUG    aiosqlite:core.py:67 operation functools.partial(<built-in method execute of sqlite3.Cursor object at 0x00000245AE9221C0>, 'PRAGMA temp.table_info("lead_score_history")', ()) completed
DEBUG    aiosqlite:core.py:62 executing functools.partial(<built-in method fetchall of sqlite3.Cursor object at 0x00000245AE9221C0>)
DEBUG    aiosqlite:core.py:67 operation functools.partial(<built-in method fetchall of sqlite3.Cursor object at 0x00000245AE9221C0>) completed
DEBUG    aiosqlite:core.py:62 executing functools.partial(<built-in method close of sqlite3.Cursor object at 0x00000245AE9221C0>)
DEBUG    aiosqlite:core.py:67 operation functools.partial(<built-in method close of sqlite3.Cursor object at 0x00000245AE9221C0>) completed
DEBUG    aiosqlite:core.py:62 executing functools.partial(<built-in method cursor of sqlite3.Connection object at 0x00000245AE9386D0>)
DEBUG    aiosqlite:core.py:67 operation functools.partial(<built-in method cursor of sqlite3.Connection object at 0x00000245AE9386D0>) completed
DEBUG    aiosqlite:core.py:62 executing functools.partial(<built-in method execute of sqlite3.Cursor object at 0x00000245AE922440>, 'PRAGMA main.table_info("briefings")', ())
DEBUG    aiosqlite:core.py:67 operation functools.partial(<built-in method execute of sqlite3.Cursor object at 0x00000245AE922440>, 'PRAGMA main.table_info("briefings")', ()) completed
DEBUG    aiosqlite:core.py:62 executing functools.partial(<built-in method fetchall of sqlite3.Cursor object at 0x00000245AE922440>)
DEBUG    aiosqlite:core.py:67 operation functools.partial(<built-in method fetchall of sqlite3.Cursor object at 0x00000245AE922440>) completed
DEBUG    aiosqlite:core.py:62 executing functools.partial(<built-in method close of sqlite3.Cursor object at 0x00000245AE922440>)
DEBUG    aiosqlite:core.py:67 operation functools.partial(<built-in method close of sqlite3.Cursor object at 0x00000245AE922440>) completed
DEBUG    aiosqlite:core.py:62 executing functools.partial(<built-in method cursor of sqlite3.Connection object at 0x00000245AE9386D0>)
DEBUG    aiosqlite:core.py:67 operation functools.partial(<built-in method cursor of sqlite3.Connection object at 0x00000245AE9386D0>) completed
DEBUG    aiosqlite:core.py:62 executing functools.partial(<built-in method execute of sqlite3.Cursor object at 0x00000245AE922340>, 'PRAGMA temp.table_info("briefings")', ())
DEBUG    aiosqlite:core.py:67 operation functools.partial(<built-in method execute of sqlite3.Cursor object at 0x00000245AE922340>, 'PRAGMA temp.table_info("briefings")', ()) completed
DEBUG    aiosqlite:core.py:62 executing functools.partial(<built-in method fetchall of sqlite3.Cursor object at 0x00000245AE922340>)
DEBUG    aiosqlite:core.py:67 operation functools.partial(<built-in method fetchall of sqlite3.Cursor object at 0x00000245AE922340>) completed
DEBUG    aiosqlite:core.py:62 executing functools.partial(<built-in method close of sqlite3.Cursor object at 0x00000245AE922340>)
DEBUG    aiosqlite:core.py:67 operation functools.partial(<built-in method close of sqlite3.Cursor object at 0x00000245AE922340>) completed
DEBUG    aiosqlite:core.py:62 executing functools.partial(<built-in method cursor of sqlite3.Connection object at 0x00000245AE9386D0>)
DEBUG    aiosqlite:core.py:67 operation functools.partial(<built-in method cursor of sqlite3.Connection object at 0x00000245AE9386D0>) completed
DEBUG    aiosqlite:core.py:62 executing functools.partial(<built-in method execute of sqlite3.Cursor object at 0x00000245AE922640>, 'PRAGMA main.table_info("interacoes")', ())
DEBUG    aiosqlite:core.py:67 operation functools.partial(<built-in method execute of sqlite3.Cursor object at 0x00000245AE922640>, 'PRAGMA main.table_info("interacoes")', ()) completed
DEBUG    aiosqlite:core.py:62 executing functools.partial(<built-in method fetchall of sqlite3.Cursor object at 0x00000245AE922640>)
DEBUG    aiosqlite:core.py:67 operation functools.partial(<built-in method fetchall of sqlite3.Cursor object at 0x00000245AE922640>) completed
DEBUG    aiosqlite:core.py:62 executing functools.partial(<built-in method close of sqlite3.Cursor object at 0x00000245AE922640>)
DEBUG    aiosqlite:core.py:67 operation functools.partial(<built-in method close of sqlite3.Cursor object at 0x00000245AE922640>) completed
DEBUG    aiosqlite:core.py:62 executing functools.partial(<built-in method cursor of sqlite3.Connection object at 0x00000245AE9386D0>)
DEBUG    aiosqlite:core.py:67 operation functools.partial(<built-in method cursor of sqlite3.Connection object at 0x00000245AE9386D0>) completed
DEBUG    aiosqlite:core.py:62 executing functools.partial(<built-in method execute of sqlite3.Cursor object at 0x00000245AE922540>, 'PRAGMA temp.table_info("interacoes")', ())
DEBUG    aiosqlite:core.py:67 operation functools.partial(<built-in method execute of sqlite3.Cursor object at 0x00000245AE922540>, 'PRAGMA temp.table_info("interacoes")', ()) completed
DEBUG    aiosqlite:core.py:62 executing functools.partial(<built-in method fetchall of sqlite3.Cursor object at 0x00000245AE922540>)
DEBUG    aiosqlite:core.py:67 operation functools.partial(<built-in method fetchall of sqlite3.Cursor object at 0x00000245AE922540>) completed
DEBUG    aiosqlite:core.py:62 executing functools.partial(<built-in method close of sqlite3.Cursor object at 0x00000245AE922540>)
DEBUG    aiosqlite:core.py:67 operation functools.partial(<built-in method close of sqlite3.Cursor object at 0x00000245AE922540>) completed
DEBUG    aiosqlite:core.py:62 executing functools.partial(<built-in method cursor of sqlite3.Connection object at 0x00000245AE9386D0>)
DEBUG    aiosqlite:core.py:67 operation functools.partial(<built-in method cursor of sqlite3.Connection object at 0x00000245AE9386D0>) completed
DEBUG    aiosqlite:core.py:62 executing functools.partial(<built-in method execute of sqlite3.Cursor object at 0x00000245AE9227C0>, 'PRAGMA main.table_info("agendamentos")', ())
DEBUG    aiosqlite:core.py:67 operation functools.partial(<built-in method execute of sqlite3.Cursor object at 0x00000245AE9227C0>, 'PRAGMA main.table_info("agendamentos")', ()) completed
DEBUG    aiosqlite:core.py:62 executing functools.partial(<built-in method fetchall of sqlite3.Cursor object at 0x00000245AE9227C0>)
DEBUG    aiosqlite:core.py:67 operation functools.partial(<built-in method fetchall of sqlite3.Cursor object at 0x00000245AE9227C0>) completed
DEBUG    aiosqlite:core.py:62 executing functools.partial(<built-in method close of sqlite3.Cursor object at 0x00000245AE9227C0>)
DEBUG    aiosqlite:core.py:67 operation functools.partial(<built-in method close of sqlite3.Cursor object at 0x00000245AE9227C0>) completed
DEBUG    aiosqlite:core.py:62 executing functools.partial(<built-in method cursor of sqlite3.Connection object at 0x00000245AE9386D0>)
DEBUG    aiosqlite:core.py:67 operation functools.partial(<built-in method cursor of sqlite3.Connection object at 0x00000245AE9386D0>) completed
DEBUG    aiosqlite:core.py:62 executing functools.partial(<built-in method execute of sqlite3.Cursor object at 0x00000245AE9226C0>, 'PRAGMA temp.table_info("agendamentos")', ())
DEBUG    aiosqlite:core.py:67 operation functools.partial(<built-in method execute of sqlite3.Cursor object at 0x00000245AE9226C0>, 'PRAGMA temp.table_info("agendamentos")', ()) completed
DEBUG    aiosqlite:core.py:62 executing functools.partial(<built-in method fetchall of sqlite3.Cursor object at 0x00000245AE9226C0>)
DEBUG    aiosqlite:core.py:67 operation functools.partial(<built-in method fetchall of sqlite3.Cursor object at 0x00000245AE9226C0>) completed
DEBUG    aiosqlite:core.py:62 executing functools.partial(<built-in method close of sqlite3.Cursor object at 0x00000245AE9226C0>)
DEBUG    aiosqlite:core.py:67 operation functools.partial(<built-in method close of sqlite3.Cursor object at 0x00000245AE9226C0>) completed
DEBUG    aiosqlite:core.py:62 executing functools.partial(<built-in method cursor of sqlite3.Connection object at 0x00000245AE9386D0>)
DEBUG    aiosqlite:core.py:67 operation functools.partial(<built-in method cursor of sqlite3.Connection object at 0x00000245AE9386D0>) completed
DEBUG    aiosqlite:core.py:62 executing functools.partial(<built-in method execute of sqlite3.Cursor object at 0x00000245AE922940>, 'PRAGMA main.table_info("propostas")', ())
DEBUG    aiosqlite:core.py:67 operation functools.partial(<built-in method execute of sqlite3.Cursor object at 0x00000245AE922940>, 'PRAGMA main.table_info("propostas")', ()) completed
DEBUG    aiosqlite:core.py:62 executing functools.partial(<built-in method fetchall of sqlite3.Cursor object at 0x00000245AE922940>)
DEBUG    aiosqlite:core.py:67 operation functools.partial(<built-in method fetchall of sqlite3.Cursor object at 0x00000245AE922940>) completed
DEBUG    aiosqlite:core.py:62 executing functools.partial(<built-in method close of sqlite3.Cursor object at 0x00000245AE922940>)
DEBUG    aiosqlite:core.py:67 operation functools.partial(<built-in method close of sqlite3.Cursor object at 0x00000245AE922940>) completed
DEBUG    aiosqlite:core.py:62 executing functools.partial(<built-in method cursor of sqlite3.Connection object at 0x00000245AE9386D0>)
DEBUG    aiosqlite:core.py:67 operation functools.partial(<built-in method cursor of sqlite3.Connection object at 0x00000245AE9386D0>) completed
DEBUG    aiosqlite:core.py:62 executing functools.partial(<built-in method execute of sqlite3.Cursor object at 0x00000245AE922840>, 'PRAGMA temp.table_info("propostas")', ())
DEBUG    aiosqlite:core.py:67 operation functools.partial(<built-in method execute of sqlite3.Cursor object at 0x00000245AE922840>, 'PRAGMA temp.table_info("propostas")', ()) completed
DEBUG    aiosqlite:core.py:62 executing functools.partial(<built-in method fetchall of sqlite3.Cursor object at 0x00000245AE922840>)
DEBUG    aiosqlite:core.py:67 operation functools.partial(<built-in method fetchall of sqlite3.Cursor object at 0x00000245AE922840>) completed
DEBUG    aiosqlite:core.py:62 executing functools.partial(<built-in method close of sqlite3.Cursor object at 0x00000245AE922840>)
DEBUG    aiosqlite:core.py:67 operation functools.partial(<built-in method close of sqlite3.Cursor object at 0x00000245AE922840>) completed
DEBUG    aiosqlite:core.py:62 executing functools.partial(<built-in method cursor of sqlite3.Connection object at 0x00000245AE9386D0>)
DEBUG    aiosqlite:core.py:67 operation functools.partial(<built-in method cursor of sqlite3.Connection object at 0x00000245AE9386D0>) completed
DEBUG    aiosqlite:core.py:62 executing functools.partial(<built-in method execute of sqlite3.Cursor object at 0x00000245AE922740>, 'PRAGMA main.table_info("suitcase_items")', ())
DEBUG    aiosqlite:core.py:67 operation functools.partial(<built-in method execute of sqlite3.Cursor object at 0x00000245AE922740>, 'PRAGMA main.table_info("suitcase_items")', ()) completed
DEBUG    aiosqlite:core.py:62 executing functools.partial(<built-in method fetchall of sqlite3.Cursor object at 0x00000245AE922740>)
DEBUG    aiosqlite:core.py:67 operation functools.partial(<built-in method fetchall of sqlite3.Cursor object at 0x00000245AE922740>) completed
DEBUG    aiosqlite:core.py:62 executing functools.partial(<built-in method close of sqlite3.Cursor object at 0x00000245AE922740>)
DEBUG    aiosqlite:core.py:67 operation functools.partial(<built-in method close of sqlite3.Cursor object at 0x00000245AE922740>) completed
DEBUG    aiosqlite:core.py:62 executing functools.partial(<built-in method cursor of sqlite3.Connection object at 0x00000245AE9386D0>)
DEBUG    aiosqlite:core.py:67 operation functools.partial(<built-in method cursor of sqlite3.Connection object at 0x00000245AE9386D0>) completed
DEBUG    aiosqlite:core.py:62 executing functools.partial(<built-in method execute of sqlite3.Cursor object at 0x00000245AE922AC0>, 'PRAGMA temp.table_info("suitcase_items")', ())
DEBUG    aiosqlite:core.py:67 operation functools.partial(<built-in method execute of sqlite3.Cursor object at 0x00000245AE922AC0>, 'PRAGMA temp.table_info("suitcase_items")', ()) completed
DEBUG    aiosqlite:core.py:62 executing functools.partial(<built-in method fetchall of sqlite3.Cursor object at 0x00000245AE922AC0>)
DEBUG    aiosqlite:core.py:67 operation functools.partial(<built-in method fetchall of sqlite3.Cursor object at 0x00000245AE922AC0>) completed
DEBUG    aiosqlite:core.py:62 executing functools.partial(<built-in method close of sqlite3.Cursor object at 0x00000245AE922AC0>)
DEBUG    aiosqlite:core.py:67 operation functools.partial(<built-in method close of sqlite3.Cursor object at 0x00000245AE922AC0>) completed
DEBUG    aiosqlite:core.py:62 executing functools.partial(<built-in method cursor of sqlite3.Connection object at 0x00000245AE9386D0>)
DEBUG    aiosqlite:core.py:67 operation functools.partial(<built-in method cursor of sqlite3.Connection object at 0x00000245AE9386D0>) completed
DEBUG    aiosqlite:core.py:62 executing functools.partial(<built-in method execute of sqlite3.Cursor object at 0x00000245AE922BC0>, 'PRAGMA main.table_info("suitcase_suggestions")', ())
DEBUG    aiosqlite:core.py:67 operation functools.partial(<built-in method execute of sqlite3.Cursor object at 0x00000245AE922BC0>, 'PRAGMA main.table_info("suitcase_suggestions")', ()) completed
DEBUG    aiosqlite:core.py:62 executing functools.partial(<built-in method fetchall of sqlite3.Cursor object at 0x00000245AE922BC0>)
DEBUG    aiosqlite:core.py:67 operation functools.partial(<built-in method fetchall of sqlite3.Cursor object at 0x00000245AE922BC0>) completed
DEBUG    aiosqlite:core.py:62 executing functools.partial(<built-in method close of sqlite3.Cursor object at 0x00000245AE922BC0>)
DEBUG    aiosqlite:core.py:67 operation functools.partial(<built-in method close of sqlite3.Cursor object at 0x00000245AE922BC0>) completed
DEBUG    aiosqlite:core.py:62 executing functools.partial(<built-in method cursor of sqlite3.Connection object at 0x00000245AE9386D0>)
DEBUG    aiosqlite:core.py:67 operation functools.partial(<built-in method cursor of sqlite3.Connection object at 0x00000245AE9386D0>) completed
DEBUG    aiosqlite:core.py:62 executing functools.partial(<built-in method execute of sqlite3.Cursor object at 0x00000245AE9228C0>, 'PRAGMA temp.table_info("suitcase_suggestions")', ())
DEBUG    aiosqlite:core.py:67 operation functools.partial(<built-in method execute of sqlite3.Cursor object at 0x00000245AE9228C0>, 'PRAGMA temp.table_info("suitcase_suggestions")', ()) completed
DEBUG    aiosqlite:core.py:62 executing functools.partial(<built-in method fetchall of sqlite3.Cursor object at 0x00000245AE9228C0>)
DEBUG    aiosqlite:core.py:67 operation functools.partial(<built-in method fetchall of sqlite3.Cursor object at 0x00000245AE9228C0>) completed
DEBUG    aiosqlite:core.py:62 executing functools.partial(<built-in method close of sqlite3.Cursor object at 0x00000245AE9228C0>)
DEBUG    aiosqlite:core.py:67 operation functools.partial(<built-in method close of sqlite3.Cursor object at 0x00000245AE9228C0>) completed
DEBUG    aiosqlite:core.py:62 executing functools.partial(<built-in method cursor of sqlite3.Connection object at 0x00000245AE9386D0>)
DEBUG    aiosqlite:core.py:67 operation functools.partial(<built-in method cursor of sqlite3.Connection object at 0x00000245AE9386D0>) completed
DEBUG    aiosqlite:core.py:62 executing functools.partial(<built-in method execute of sqlite3.Cursor object at 0x00000245AE922DC0>, 'PRAGMA main.table_info("travel_diary_entries")', ())
DEBUG    aiosqlite:core.py:67 operation functools.partial(<built-in method execute of sqlite3.Cursor object at 0x00000245AE922DC0>, 'PRAGMA main.table_info("travel_diary_entries")', ()) completed
DEBUG    aiosqlite:core.py:62 executing functools.partial(<built-in method fetchall of sqlite3.Cursor object at 0x00000245AE922DC0>)
DEBUG    aiosqlite:core.py:67 operation functools.partial(<built-in method fetchall of sqlite3.Cursor object at 0x00000245AE922DC0>) completed
DEBUG    aiosqlite:core.py:62 executing functools.partial(<built-in method close of sqlite3.Cursor object at 0x00000245AE922DC0>)
DEBUG    aiosqlite:core.py:67 operation functools.partial(<built-in method close of sqlite3.Cursor object at 0x00000245AE922DC0>) completed
DEBUG    aiosqlite:core.py:62 executing functools.partial(<built-in method cursor of sqlite3.Connection object at 0x00000245AE9386D0>)
DEBUG    aiosqlite:core.py:67 operation functools.partial(<built-in method cursor of sqlite3.Connection object at 0x00000245AE9386D0>) completed
DEBUG    aiosqlite:core.py:62 executing functools.partial(<built-in method execute of sqlite3.Cursor object at 0x00000245AE922CC0>, 'PRAGMA temp.table_info("travel_diary_entries")', ())
DEBUG    aiosqlite:core.py:67 operation functools.partial(<built-in method execute of sqlite3.Cursor object at 0x00000245AE922CC0>, 'PRAGMA temp.table_info("travel_diary_entries")', ()) completed
DEBUG    aiosqlite:core.py:62 executing functools.partial(<built-in method fetchall of sqlite3.Cursor object at 0x00000245AE922CC0>)
DEBUG    aiosqlite:core.py:67 operation functools.partial(<built-in method fetchall of sqlite3.Cursor object at 0x00000245AE922CC0>) completed
DEBUG    aiosqlite:core.py:62 executing functools.partial(<built-in method close of sqlite3.Cursor object at 0x00000245AE922CC0>)
DEBUG    aiosqlite:core.py:67 operation functools.partial(<built-in method close of sqlite3.Cursor object at 0x00000245AE922CC0>) completed
DEBUG    aiosqlite:core.py:62 executing functools.partial(<built-in method cursor of sqlite3.Connection object at 0x00000245AE9386D0>)
DEBUG    aiosqlite:core.py:67 operation functools.partial(<built-in method cursor of sqlite3.Connection object at 0x00000245AE9386D0>) completed
DEBUG    aiosqlite:core.py:62 executing functools.partial(<built-in method execute of sqlite3.Cursor object at 0x00000245AE922F40>, 'PRAGMA main.table_info("documentos")', ())
DEBUG    aiosqlite:core.py:67 operation functools.partial(<built-in method execute of sqlite3.Cursor object at 0x00000245AE922F40>, 'PRAGMA main.table_info("documentos")', ()) completed
DEBUG    aiosqlite:core.py:62 executing functools.partial(<built-in method fetchall of sqlite3.Cursor object at 0x00000245AE922F40>)
DEBUG    aiosqlite:core.py:67 operation functools.partial(<built-in method fetchall of sqlite3.Cursor object at 0x00000245AE922F40>) completed
DEBUG    aiosqlite:core.py:62 executing functools.partial(<built-in method close of sqlite3.Cursor object at 0x00000245AE922F40>)
DEBUG    aiosqlite:core.py:67 operation functools.partial(<built-in method close of sqlite3.Cursor object at 0x00000245AE922F40>) completed
DEBUG    aiosqlite:core.py:62 executing functools.partial(<built-in method cursor of sqlite3.Connection object at 0x00000245AE9386D0>)
DEBUG    aiosqlite:core.py:67 operation functools.partial(<built-in method cursor of sqlite3.Connection object at 0x00000245AE9386D0>) completed
DEBUG    aiosqlite:core.py:62 executing functools.partial(<built-in method execute of sqlite3.Cursor object at 0x00000245AE922E40>, 'PRAGMA temp.table_info("documentos")', ())
DEBUG    aiosqlite:core.py:67 operation functools.partial(<built-in method execute of sqlite3.Cursor object at 0x00000245AE922E40>, 'PRAGMA temp.table_info("documentos")', ()) completed
DEBUG    aiosqlite:core.py:62 executing functools.partial(<built-in method fetchall of sqlite3.Cursor object at 0x00000245AE922E40>)
DEBUG    aiosqlite:core.py:67 operation functools.partial(<built-in method fetchall of sqlite3.Cursor object at 0x00000245AE922E40>) completed
DEBUG    aiosqlite:core.py:62 executing functools.partial(<built-in method close of sqlite3.Cursor object at 0x00000245AE922E40>)
DEBUG    aiosqlite:core.py:67 operation functools.partial(<built-in method close of sqlite3.Cursor object at 0x00000245AE922E40>) completed
DEBUG    aiosqlite:core.py:62 executing functools.partial(<built-in method cursor of sqlite3.Connection object at 0x00000245AE9386D0>)
DEBUG    aiosqlite:core.py:67 operation functools.partial(<built-in method cursor of sqlite3.Connection object at 0x00000245AE9386D0>) completed
DEBUG    aiosqlite:core.py:62 executing functools.partial(<built-in method execute of sqlite3.Cursor object at 0x00000245AE922B40>, 'PRAGMA main.table_info("notification_queue")', ())
DEBUG    aiosqlite:core.py:67 operation functools.partial(<built-in method execute of sqlite3.Cursor object at 0x00000245AE922B40>, 'PRAGMA main.table_info("notification_queue")', ()) completed
DEBUG    aiosqlite:core.py:62 executing functools.partial(<built-in method fetchall of sqlite3.Cursor object at 0x00000245AE922B40>)
DEBUG    aiosqlite:core.py:67 operation functools.partial(<built-in method fetchall of sqlite3.Cursor object at 0x00000245AE922B40>) completed
DEBUG    aiosqlite:core.py:62 executing functools.partial(<built-in method close of sqlite3.Cursor object at 0x00000245AE922B40>)
DEBUG    aiosqlite:core.py:67 operation functools.partial(<built-in method close of sqlite3.Cursor object at 0x00000245AE922B40>) completed
DEBUG    aiosqlite:core.py:62 executing functools.partial(<built-in method cursor of sqlite3.Connection object at 0x00000245AE9386D0>)
DEBUG    aiosqlite:core.py:67 operation functools.partial(<built-in method cursor of sqlite3.Connection object at 0x00000245AE9386D0>) completed
DEBUG    aiosqlite:core.py:62 executing functools.partial(<built-in method execute of sqlite3.Cursor object at 0x00000245AE922FC0>, 'PRAGMA temp.table_info("notification_queue")', ())
DEBUG    aiosqlite:core.py:67 operation functools.partial(<built-in method execute of sqlite3.Cursor object at 0x00000245AE922FC0>, 'PRAGMA temp.table_info("notification_queue")', ()) completed
DEBUG    aiosqlite:core.py:62 executing functools.partial(<built-in method fetchall of sqlite3.Cursor object at 0x00000245AE922FC0>)
DEBUG    aiosqlite:core.py:67 operation functools.partial(<built-in method fetchall of sqlite3.Cursor object at 0x00000245AE922FC0>) completed
DEBUG    aiosqlite:core.py:62 executing functools.partial(<built-in method close of sqlite3.Cursor object at 0x00000245AE922FC0>)
DEBUG    aiosqlite:core.py:67 operation functools.partial(<built-in method close of sqlite3.Cursor object at 0x00000245AE922FC0>) completed
DEBUG    aiosqlite:core.py:62 executing functools.partial(<built-in method cursor of sqlite3.Connection object at 0x00000245AE9386D0>)
DEBUG    aiosqlite:core.py:67 operation functools.partial(<built-in method cursor of sqlite3.Connection object at 0x00000245AE9386D0>) completed
DEBUG    aiosqlite:core.py:62 executing functools.partial(<built-in method execute of sqlite3.Cursor object at 0x00000245AE923240>, 'PRAGMA main.table_info("dead_letter_queue")', ())
DEBUG    aiosqlite:core.py:67 operation functools.partial(<built-in method execute of sqlite3.Cursor object at 0x00000245AE923240>, 'PRAGMA main.table_info("dead_letter_queue")', ()) completed
DEBUG    aiosqlite:core.py:62 executing functools.partial(<built-in method fetchall of sqlite3.Cursor object at 0x00000245AE923240>)
DEBUG    aiosqlite:core.py:67 operation functools.partial(<built-in method fetchall of sqlite3.Cursor object at 0x00000245AE923240>) completed
DEBUG    aiosqlite:core.py:62 executing functools.partial(<built-in method close of sqlite3.Cursor object at 0x00000245AE923240>)
DEBUG    aiosqlite:core.py:67 operation functools.partial(<built-in method close of sqlite3.Cursor object at 0x00000245AE923240>) completed
DEBUG    aiosqlite:core.py:62 executing functools.partial(<built-in method cursor of sqlite3.Connection object at 0x00000245AE9386D0>)
DEBUG    aiosqlite:core.py:67 operation functools.partial(<built-in method cursor of sqlite3.Connection object at 0x00000245AE9386D0>) completed
DEBUG    aiosqlite:core.py:62 executing functools.partial(<built-in method execute of sqlite3.Cursor object at 0x00000245AE9231C0>, 'PRAGMA temp.table_info("dead_letter_queue")', ())
DEBUG    aiosqlite:core.py:67 operation functools.partial(<built-in method execute of sqlite3.Cursor object at 0x00000245AE9231C0>, 'PRAGMA temp.table_info("dead_letter_queue")', ()) completed
DEBUG    aiosqlite:core.py:62 executing functools.partial(<built-in method fetchall of sqlite3.Cursor object at 0x00000245AE9231C0>)
DEBUG    aiosqlite:core.py:67 operation functools.partial(<built-in method fetchall of sqlite3.Cursor object at 0x00000245AE9231C0>) completed
DEBUG    aiosqlite:core.py:62 executing functools.partial(<built-in method close of sqlite3.Cursor object at 0x00000245AE9231C0>)
DEBUG    aiosqlite:core.py:67 operation functools.partial(<built-in method close of sqlite3.Cursor object at 0x00000245AE9231C0>) completed
DEBUG    aiosqlite:core.py:62 executing functools.partial(<built-in method cursor of sqlite3.Connection object at 0x00000245AE9386D0>)
DEBUG    aiosqlite:core.py:67 operation functools.partial(<built-in method cursor of sqlite3.Connection object at 0x00000245AE9386D0>) completed
DEBUG    aiosqlite:core.py:62 executing functools.partial(<built-in method execute of sqlite3.Cursor object at 0x00000245AE9233C0>, 'PRAGMA main.table_info("offers")', ())
DEBUG    aiosqlite:core.py:67 operation functools.partial(<built-in method execute of sqlite3.Cursor object at 0x00000245AE9233C0>, 'PRAGMA main.table_info("offers")', ()) completed
DEBUG    aiosqlite:core.py:62 executing functools.partial(<built-in method fetchall of sqlite3.Cursor object at 0x00000245AE9233C0>)
DEBUG    aiosqlite:core.py:67 operation functools.partial(<built-in method fetchall of sqlite3.Cursor object at 0x00000245AE9233C0>) completed
DEBUG    aiosqlite:core.py:62 executing functools.partial(<built-in method close of sqlite3.Cursor object at 0x00000245AE9233C0>)
DEBUG    aiosqlite:core.py:67 operation functools.partial(<built-in method close of sqlite3.Cursor object at 0x00000245AE9233C0>) completed
DEBUG    aiosqlite:core.py:62 executing functools.partial(<built-in method cursor of sqlite3.Connection object at 0x00000245AE9386D0>)
DEBUG    aiosqlite:core.py:67 operation functools.partial(<built-in method cursor of sqlite3.Connection object at 0x00000245AE9386D0>) completed
DEBUG    aiosqlite:core.py:62 executing functools.partial(<built-in method execute of sqlite3.Cursor object at 0x00000245AE9232C0>, 'PRAGMA temp.table_info("offers")', ())
DEBUG    aiosqlite:core.py:67 operation functools.partial(<built-in method execute of sqlite3.Cursor object at 0x00000245AE9232C0>, 'PRAGMA temp.table_info("offers")', ()) completed
DEBUG    aiosqlite:core.py:62 executing functools.partial(<built-in method fetchall of sqlite3.Cursor object at 0x00000245AE9232C0>)
DEBUG    aiosqlite:core.py:67 operation functools.partial(<built-in method fetchall of sqlite3.Cursor object at 0x00000245AE9232C0>) completed
DEBUG    aiosqlite:core.py:62 executing functools.partial(<built-in method close of sqlite3.Cursor object at 0x00000245AE9232C0>)
DEBUG    aiosqlite:core.py:67 operation functools.partial(<built-in method close of sqlite3.Cursor object at 0x00000245AE9232C0>) completed
DEBUG    aiosqlite:core.py:62 executing functools.partial(<built-in method cursor of sqlite3.Connection object at 0x00000245AE9386D0>)
DEBUG    aiosqlite:core.py:67 operation functools.partial(<built-in method cursor of sqlite3.Connection object at 0x00000245AE9386D0>) completed
DEBUG    aiosqlite:core.py:62 executing functools.partial(<built-in method execute of sqlite3.Cursor object at 0x00000245AE923540>, 'PRAGMA main.table_info("aya_toggle_history")', ())
DEBUG    aiosqlite:core.py:67 operation functools.partial(<built-in method execute of sqlite3.Cursor object at 0x00000245AE923540>, 'PRAGMA main.table_info("aya_toggle_history")', ()) completed
DEBUG    aiosqlite:core.py:62 executing functools.partial(<built-in method fetchall of sqlite3.Cursor object at 0x00000245AE923540>)
DEBUG    aiosqlite:core.py:67 operation functools.partial(<built-in method fetchall of sqlite3.Cursor object at 0x00000245AE923540>) completed
DEBUG    aiosqlite:core.py:62 executing functools.partial(<built-in method close of sqlite3.Cursor object at 0x00000245AE923540>)
DEBUG    aiosqlite:core.py:67 operation functools.partial(<built-in method close of sqlite3.Cursor object at 0x00000245AE923540>) completed
DEBUG    aiosqlite:core.py:62 executing functools.partial(<built-in method cursor of sqlite3.Connection object at 0x00000245AE9386D0>)
DEBUG    aiosqlite:core.py:67 operation functools.partial(<built-in method cursor of sqlite3.Connection object at 0x00000245AE9386D0>) completed
DEBUG    aiosqlite:core.py:62 executing functools.partial(<built-in method execute of sqlite3.Cursor object at 0x00000245AE923440>, 'PRAGMA temp.table_info("aya_toggle_history")', ())
DEBUG    aiosqlite:core.py:67 operation functools.partial(<built-in method execute of sqlite3.Cursor object at 0x00000245AE923440>, 'PRAGMA temp.table_info("aya_toggle_history")', ()) completed
DEBUG    aiosqlite:core.py:62 executing functools.partial(<built-in method fetchall of sqlite3.Cursor object at 0x00000245AE923440>)
DEBUG    aiosqlite:core.py:67 operation functools.partial(<built-in method fetchall of sqlite3.Cursor object at 0x00000245AE923440>) completed
DEBUG    aiosqlite:core.py:62 executing functools.partial(<built-in method close of sqlite3.Cursor object at 0x00000245AE923440>)
DEBUG    aiosqlite:core.py:67 operation functools.partial(<built-in method close of sqlite3.Cursor object at 0x00000245AE923440>) completed
DEBUG    aiosqlite:core.py:62 executing functools.partial(<built-in method cursor of sqlite3.Connection object at 0x00000245AE9386D0>)
DEBUG    aiosqlite:core.py:67 operation functools.partial(<built-in method cursor of sqlite3.Connection object at 0x00000245AE9386D0>) completed
DEBUG    aiosqlite:core.py:62 executing functools.partial(<built-in method execute of sqlite3.Cursor object at 0x00000245AE9236C0>, 'PRAGMA main.table_info("conversation_summaries")', ())
DEBUG    aiosqlite:core.py:67 operation functools.partial(<built-in method execute of sqlite3.Cursor object at 0x00000245AE9236C0>, 'PRAGMA main.table_info("conversation_summaries")', ()) completed
DEBUG    aiosqlite:core.py:62 executing functools.partial(<built-in method fetchall of sqlite3.Cursor object at 0x00000245AE9236C0>)
DEBUG    aiosqlite:core.py:67 operation functools.partial(<built-in method fetchall of sqlite3.Cursor object at 0x00000245AE9236C0>) completed
DEBUG    aiosqlite:core.py:62 executing functools.partial(<built-in method close of sqlite3.Cursor object at 0x00000245AE9236C0>)
DEBUG    aiosqlite:core.py:67 operation functools.partial(<built-in method close of sqlite3.Cursor object at 0x00000245AE9236C0>) completed
DEBUG    aiosqlite:core.py:62 executing functools.partial(<built-in method cursor of sqlite3.Connection object at 0x00000245AE9386D0>)
DEBUG    aiosqlite:core.py:67 operation functools.partial(<built-in method cursor of sqlite3.Connection object at 0x00000245AE9386D0>) completed
DEBUG    aiosqlite:core.py:62 executing functools.partial(<built-in method execute of sqlite3.Cursor object at 0x00000245AE9235C0>, 'PRAGMA temp.table_info("conversation_summaries")', ())
DEBUG    aiosqlite:core.py:67 operation functools.partial(<built-in method execute of sqlite3.Cursor object at 0x00000245AE9235C0>, 'PRAGMA temp.table_info("conversation_summaries")', ()) completed
DEBUG    aiosqlite:core.py:62 executing functools.partial(<built-in method fetchall of sqlite3.Cursor object at 0x00000245AE9235C0>)
DEBUG    aiosqlite:core.py:67 operation functools.partial(<built-in method fetchall of sqlite3.Cursor object at 0x00000245AE9235C0>) completed
DEBUG    aiosqlite:core.py:62 executing functools.partial(<built-in method close of sqlite3.Cursor object at 0x00000245AE9235C0>)
DEBUG    aiosqlite:core.py:67 operation functools.partial(<built-in method close of sqlite3.Cursor object at 0x00000245AE9235C0>) completed
DEBUG    aiosqlite:core.py:62 executing functools.partial(<built-in method cursor of sqlite3.Connection object at 0x00000245AE9386D0>)
DEBUG    aiosqlite:core.py:67 operation functools.partial(<built-in method cursor of sqlite3.Connection object at 0x00000245AE9386D0>) completed
DEBUG    aiosqlite:core.py:62 executing functools.partial(<built-in method execute of sqlite3.Cursor object at 0x00000245AE923840>, 'PRAGMA main.table_info("travels")', ())
DEBUG    aiosqlite:core.py:67 operation functools.partial(<built-in method execute of sqlite3.Cursor object at 0x00000245AE923840>, 'PRAGMA main.table_info("travels")', ()) completed
DEBUG    aiosqlite:core.py:62 executing functools.partial(<built-in method fetchall of sqlite3.Cursor object at 0x00000245AE923840>)
DEBUG    aiosqlite:core.py:67 operation functools.partial(<built-in method fetchall of sqlite3.Cursor object at 0x00000245AE923840>) completed
DEBUG    aiosqlite:core.py:62 executing functools.partial(<built-in method close of sqlite3.Cursor object at 0x00000245AE923840>)
DEBUG    aiosqlite:core.py:67 operation functools.partial(<built-in method close of sqlite3.Cursor object at 0x00000245AE923840>) completed
DEBUG    aiosqlite:core.py:62 executing functools.partial(<built-in method cursor of sqlite3.Connection object at 0x00000245AE9386D0>)
DEBUG    aiosqlite:core.py:67 operation functools.partial(<built-in method cursor of sqlite3.Connection object at 0x00000245AE9386D0>) completed
DEBUG    aiosqlite:core.py:62 executing functools.partial(<built-in method execute of sqlite3.Cursor object at 0x00000245AE923740>, 'PRAGMA temp.table_info("travels")', ())
DEBUG    aiosqlite:core.py:67 operation functools.partial(<built-in method execute of sqlite3.Cursor object at 0x00000245AE923740>, 'PRAGMA temp.table_info("travels")', ()) completed
DEBUG    aiosqlite:core.py:62 executing functools.partial(<built-in method fetchall of sqlite3.Cursor object at 0x00000245AE923740>)
DEBUG    aiosqlite:core.py:67 operation functools.partial(<built-in method fetchall of sqlite3.Cursor object at 0x00000245AE923740>) completed
DEBUG    aiosqlite:core.py:62 executing functools.partial(<built-in method close of sqlite3.Cursor object at 0x00000245AE923740>)
DEBUG    aiosqlite:core.py:67 operation functools.partial(<built-in method close of sqlite3.Cursor object at 0x00000245AE923740>) completed
DEBUG    aiosqlite:core.py:62 executing functools.partial(<built-in method cursor of sqlite3.Connection object at 0x00000245AE9386D0>)
DEBUG    aiosqlite:core.py:67 operation functools.partial(<built-in method cursor of sqlite3.Connection object at 0x00000245AE9386D0>) completed
DEBUG    aiosqlite:core.py:62 executing functools.partial(<built-in method execute of sqlite3.Cursor object at 0x00000245AE9237C0>, 'PRAGMA main.table_info("itinerary_items")', ())
DEBUG    aiosqlite:core.py:67 operation functools.partial(<built-in method execute of sqlite3.Cursor object at 0x00000245AE9237C0>, 'PRAGMA main.table_info("itinerary_items")', ()) completed
DEBUG    aiosqlite:core.py:62 executing functools.partial(<built-in method fetchall of sqlite3.Cursor object at 0x00000245AE9237C0>)
DEBUG    aiosqlite:core.py:67 operation functools.partial(<built-in method fetchall of sqlite3.Cursor object at 0x00000245AE9237C0>) completed
DEBUG    aiosqlite:core.py:62 executing functools.partial(<built-in method close of sqlite3.Cursor object at 0x00000245AE9237C0>)
DEBUG    aiosqlite:core.py:67 operation functools.partial(<built-in method close of sqlite3.Cursor object at 0x00000245AE9237C0>) completed
DEBUG    aiosqlite:core.py:62 executing functools.partial(<built-in method cursor of sqlite3.Connection object at 0x00000245AE9386D0>)
DEBUG    aiosqlite:core.py:67 operation functools.partial(<built-in method cursor of sqlite3.Connection object at 0x00000245AE9386D0>) completed
DEBUG    aiosqlite:core.py:62 executing functools.partial(<built-in method execute of sqlite3.Cursor object at 0x00000245AE923640>, 'PRAGMA temp.table_info("itinerary_items")', ())
DEBUG    aiosqlite:core.py:67 operation functools.partial(<built-in method execute of sqlite3.Cursor object at 0x00000245AE923640>, 'PRAGMA temp.table_info("itinerary_items")', ()) completed
DEBUG    aiosqlite:core.py:62 executing functools.partial(<built-in method fetchall of sqlite3.Cursor object at 0x00000245AE923640>)
DEBUG    aiosqlite:core.py:67 operation functools.partial(<built-in method fetchall of sqlite3.Cursor object at 0x00000245AE923640>) completed
DEBUG    aiosqlite:core.py:62 executing functools.partial(<built-in method close of sqlite3.Cursor object at 0x00000245AE923640>)
DEBUG    aiosqlite:core.py:67 operation functools.partial(<built-in method close of sqlite3.Cursor object at 0x00000245AE923640>) completed
DEBUG    aiosqlite:core.py:62 executing functools.partial(<built-in method cursor of sqlite3.Connection object at 0x00000245AE9386D0>)
DEBUG    aiosqlite:core.py:67 operation functools.partial(<built-in method cursor of sqlite3.Connection object at 0x00000245AE9386D0>) completed
DEBUG    aiosqlite:core.py:62 executing functools.partial(<built-in method execute of sqlite3.Cursor object at 0x00000245AE923AC0>, 'PRAGMA main.table_info("revoked_tokens")', ())
DEBUG    aiosqlite:core.py:67 operation functools.partial(<built-in method execute of sqlite3.Cursor object at 0x00000245AE923AC0>, 'PRAGMA main.table_info("revoked_tokens")', ()) completed
DEBUG    aiosqlite:core.py:62 executing functools.partial(<built-in method fetchall of sqlite3.Cursor object at 0x00000245AE923AC0>)
DEBUG    aiosqlite:core.py:67 operation functools.partial(<built-in method fetchall of sqlite3.Cursor object at 0x00000245AE923AC0>) completed
DEBUG    aiosqlite:core.py:62 executing functools.partial(<built-in method close of sqlite3.Cursor object at 0x00000245AE923AC0>)
DEBUG    aiosqlite:core.py:67 operation functools.partial(<built-in method close of sqlite3.Cursor object at 0x00000245AE923AC0>) completed
DEBUG    aiosqlite:core.py:62 executing functools.partial(<built-in method cursor of sqlite3.Connection object at 0x00000245AE9386D0>)
DEBUG    aiosqlite:core.py:67 operation functools.partial(<built-in method cursor of sqlite3.Connection object at 0x00000245AE9386D0>) completed
DEBUG    aiosqlite:core.py:62 executing functools.partial(<built-in method execute of sqlite3.Cursor object at 0x00000245AE9239C0>, 'PRAGMA temp.table_info("revoked_tokens")', ())
DEBUG    aiosqlite:core.py:67 operation functools.partial(<built-in method execute of sqlite3.Cursor object at 0x00000245AE9239C0>, 'PRAGMA temp.table_info("revoked_tokens")', ()) completed
DEBUG    aiosqlite:core.py:62 executing functools.partial(<built-in method fetchall of sqlite3.Cursor object at 0x00000245AE9239C0>)
DEBUG    aiosqlite:core.py:67 operation functools.partial(<built-in method fetchall of sqlite3.Cursor object at 0x00000245AE9239C0>) completed
DEBUG    aiosqlite:core.py:62 executing functools.partial(<built-in method close of sqlite3.Cursor object at 0x00000245AE9239C0>)
DEBUG    aiosqlite:core.py:67 operation functools.partial(<built-in method close of sqlite3.Cursor object at 0x00000245AE9239C0>) completed
DEBUG    aiosqlite:core.py:62 executing functools.partial(<built-in method cursor of sqlite3.Connection object at 0x00000245AE9386D0>)
DEBUG    aiosqlite:core.py:67 operation functools.partial(<built-in method cursor of sqlite3.Connection object at 0x00000245AE9386D0>) completed
DEBUG    aiosqlite:core.py:62 executing functools.partial(<built-in method execute of sqlite3.Cursor object at 0x00000245AE923C40>, 'PRAGMA main.table_info("travel_checkpoints")', ())
DEBUG    aiosqlite:core.py:67 operation functools.partial(<built-in method execute of sqlite3.Cursor object at 0x00000245AE923C40>, 'PRAGMA main.table_info("travel_checkpoints")', ()) completed
DEBUG    aiosqlite:core.py:62 executing functools.partial(<built-in method fetchall of sqlite3.Cursor object at 0x00000245AE923C40>)
DEBUG    aiosqlite:core.py:67 operation functools.partial(<built-in method fetchall of sqlite3.Cursor object at 0x00000245AE923C40>) completed
DEBUG    aiosqlite:core.py:62 executing functools.partial(<built-in method close of sqlite3.Cursor object at 0x00000245AE923C40>)
DEBUG    aiosqlite:core.py:67 operation functools.partial(<built-in method close of sqlite3.Cursor object at 0x00000245AE923C40>) completed
DEBUG    aiosqlite:core.py:62 executing functools.partial(<built-in method cursor of sqlite3.Connection object at 0x00000245AE9386D0>)
DEBUG    aiosqlite:core.py:67 operation functools.partial(<built-in method cursor of sqlite3.Connection object at 0x00000245AE9386D0>) completed
DEBUG    aiosqlite:core.py:62 executing functools.partial(<built-in method execute of sqlite3.Cursor object at 0x00000245AE923B40>, 'PRAGMA temp.table_info("travel_checkpoints")', ())
DEBUG    aiosqlite:core.py:67 operation functools.partial(<built-in method execute of sqlite3.Cursor object at 0x00000245AE923B40>, 'PRAGMA temp.table_info("travel_checkpoints")', ()) completed
DEBUG    aiosqlite:core.py:62 executing functools.partial(<built-in method fetchall of sqlite3.Cursor object at 0x00000245AE923B40>)
DEBUG    aiosqlite:core.py:67 operation functools.partial(<built-in method fetchall of sqlite3.Cursor object at 0x00000245AE923B40>) completed
DEBUG    aiosqlite:core.py:62 executing functools.partial(<built-in method close of sqlite3.Cursor object at 0x00000245AE923B40>)
DEBUG    aiosqlite:core.py:67 operation functools.partial(<built-in method close of sqlite3.Cursor object at 0x00000245AE923B40>) completed
DEBUG    aiosqlite:core.py:62 executing functools.partial(<built-in method cursor of sqlite3.Connection object at 0x00000245AE9386D0>)
DEBUG    aiosqlite:core.py:67 operation functools.partial(<built-in method cursor of sqlite3.Connection object at 0x00000245AE9386D0>) completed
DEBUG    aiosqlite:core.py:62 executing functools.partial(<built-in method execute of sqlite3.Cursor object at 0x00000245AE923DC0>, 'PRAGMA main.table_info("lead_offers")', ())
DEBUG    aiosqlite:core.py:67 operation functools.partial(<built-in method execute of sqlite3.Cursor object at 0x00000245AE923DC0>, 'PRAGMA main.table_info("lead_offers")', ()) completed
DEBUG    aiosqlite:core.py:62 executing functools.partial(<built-in method fetchall of sqlite3.Cursor object at 0x00000245AE923DC0>)
DEBUG    aiosqlite:core.py:67 operation functools.partial(<built-in method fetchall of sqlite3.Cursor object at 0x00000245AE923DC0>) completed
DEBUG    aiosqlite:core.py:62 executing functools.partial(<built-in method close of sqlite3.Cursor object at 0x00000245AE923DC0>)
DEBUG    aiosqlite:core.py:67 operation functools.partial(<built-in method close of sqlite3.Cursor object at 0x00000245AE923DC0>) completed
DEBUG    aiosqlite:core.py:62 executing functools.partial(<built-in method cursor of sqlite3.Connection object at 0x00000245AE9386D0>)
DEBUG    aiosqlite:core.py:67 operation functools.partial(<built-in method cursor of sqlite3.Connection object at 0x00000245AE9386D0>) completed
DEBUG    aiosqlite:core.py:62 executing functools.partial(<built-in method execute of sqlite3.Cursor object at 0x00000245AE923CC0>, 'PRAGMA temp.table_info("lead_offers")', ())
DEBUG    aiosqlite:core.py:67 operation functools.partial(<built-in method execute of sqlite3.Cursor object at 0x00000245AE923CC0>, 'PRAGMA temp.table_info("lead_offers")', ()) completed
DEBUG    aiosqlite:core.py:62 executing functools.partial(<built-in method fetchall of sqlite3.Cursor object at 0x00000245AE923CC0>)
DEBUG    aiosqlite:core.py:67 operation functools.partial(<built-in method fetchall of sqlite3.Cursor object at 0x00000245AE923CC0>) completed
DEBUG    aiosqlite:core.py:62 executing functools.partial(<built-in method close of sqlite3.Cursor object at 0x00000245AE923CC0>)
DEBUG    aiosqlite:core.py:67 operation functools.partial(<built-in method close of sqlite3.Cursor object at 0x00000245AE923CC0>) completed
DEBUG    aiosqlite:core.py:62 executing functools.partial(<built-in method cursor of sqlite3.Connection object at 0x00000245AE9386D0>)
DEBUG    aiosqlite:core.py:67 operation functools.partial(<built-in method cursor of sqlite3.Connection object at 0x00000245AE9386D0>) completed
DEBUG    aiosqlite:core.py:62 executing functools.partial(<built-in method execute of sqlite3.Cursor object at 0x00000245AE923BC0>, '\nCREATE TABLE users (\n\tid VARCHAR(36) NOT NULL, \n\temail VARCHAR(255) NOT NULL, \n\tnome VARCHAR(255) NOT NULL, \n\thashed_password VARCHAR(255) NOT NULL, \n\tperfil VARCHAR(20) NOT NULL, \n\ttelefone VARCHAR(20), \n\tfcm_token VARCHAR(500), \n\tavatar_url VARCHAR(500), \n\tbio VARCHAR(1000), \n\tis_active BOOLEAN NOT NULL, \n\tcriado_em DATETIME DEFAULT CURRENT_TIMESTAMP NOT NULL, \n\ttipo_viagem JSON, \n\tpreferencias JSON, \n\ttem_passaporte BOOLEAN, \n\tglobal_logout_at DATETIME, \n\tPRIMARY KEY (id)\n)\n\n', ())
DEBUG    aiosqlite:core.py:67 operation functools.partial(<built-in method execute of sqlite3.Cursor object at 0x00000245AE923BC0>, '\nCREATE TABLE users (\n\tid VARCHAR(36) NOT NULL, \n\temail VARCHAR(255) NOT NULL, \n\tnome VARCHAR(255) NOT NULL, \n\thashed_password VARCHAR(255) NOT NULL, \n\tperfil VARCHAR(20) NOT NULL, \n\ttelefone VARCHAR(20), \n\tfcm_token VARCHAR(500), \n\tavatar_url VARCHAR(500), \n\tbio VARCHAR(1000), \n\tis_active BOOLEAN NOT NULL, \n\tcriado_em DATETIME DEFAULT CURRENT_TIMESTAMP NOT NULL, \n\ttipo_viagem JSON, \n\tpreferencias JSON, \n\ttem_passaporte BOOLEAN, \n\tglobal_logout_at DATETIME, \n\tPRIMARY KEY (id)\n)\n\n', ()) completed
DEBUG    aiosqlite:core.py:62 executing functools.partial(<built-in method close of sqlite3.Cursor object at 0x00000245AE923BC0>)
DEBUG    aiosqlite:core.py:67 operation functools.partial(<built-in method close of sqlite3.Cursor object at 0x00000245AE923BC0>) completed
DEBUG    aiosqlite:core.py:62 executing functools.partial(<built-in method cursor of sqlite3.Connection object at 0x00000245AE9386D0>)
DEBUG    aiosqlite:core.py:67 operation functools.partial(<built-in method cursor of sqlite3.Connection object at 0x00000245AE9386D0>) completed
DEBUG    aiosqlite:core.py:62 executing functools.partial(<built-in method execute of sqlite3.Cursor object at 0x00000245AE9BD8C0>, 'CREATE UNIQUE INDEX ix_users_email ON users (email)', ())
DEBUG    aiosqlite:core.py:67 operation functools.partial(<built-in method execute of sqlite3.Cursor object at 0x00000245AE9BD8C0>, 'CREATE UNIQUE INDEX ix_users_email ON users (email)', ()) completed
DEBUG    aiosqlite:core.py:62 executing functools.partial(<built-in method close of sqlite3.Cursor object at 0x00000245AE9BD8C0>)
DEBUG    aiosqlite:core.py:67 operation functools.partial(<built-in method close of sqlite3.Cursor object at 0x00000245AE9BD8C0>) completed
DEBUG    aiosqlite:core.py:62 executing functools.partial(<built-in method cursor of sqlite3.Connection object at 0x00000245AE9386D0>)
DEBUG    aiosqlite:core.py:67 operation functools.partial(<built-in method cursor of sqlite3.Connection object at 0x00000245AE9386D0>) completed
DEBUG    aiosqlite:core.py:62 executing functools.partial(<built-in method execute of sqlite3.Cursor object at 0x00000245AE9BEAC0>, '\nCREATE TABLE suitcase_suggestions (\n\tid INTEGER NOT NULL, \n\ttipo_destino VARCHAR(8) NOT NULL, \n\tcategoria VARCHAR(11) NOT NULL, \n\tnome VARCHAR(255) NOT NULL, \n\tquantidade_sugerida INTEGER NOT NULL, \n\tdescricao VARCHAR(512), \n\tPRIMARY KEY (id)\n)\n\n', ())
DEBUG    aiosqlite:core.py:67 operation functools.partial(<built-in method execute of sqlite3.Cursor object at 0x00000245AE9BEAC0>, '\nCREATE TABLE suitcase_suggestions (\n\tid INTEGER NOT NULL, \n\ttipo_destino VARCHAR(8) NOT NULL, \n\tcategoria VARCHAR(11) NOT NULL, \n\tnome VARCHAR(255) NOT NULL, \n\tquantidade_sugerida INTEGER NOT NULL, \n\tdescricao VARCHAR(512), \n\tPRIMARY KEY (id)\n)\n\n', ()) completed
DEBUG    aiosqlite:core.py:62 executing functools.partial(<built-in method close of sqlite3.Cursor object at 0x00000245AE9BEAC0>)
DEBUG    aiosqlite:core.py:67 operation functools.partial(<built-in method close of sqlite3.Cursor object at 0x00000245AE9BEAC0>) completed
DEBUG    aiosqlite:core.py:62 executing functools.partial(<built-in method cursor of sqlite3.Connection object at 0x00000245AE9386D0>)
DEBUG    aiosqlite:core.py:67 operation functools.partial(<built-in method cursor of sqlite3.Connection object at 0x00000245AE9386D0>) completed
DEBUG    aiosqlite:core.py:62 executing functools.partial(<built-in method execute of sqlite3.Cursor object at 0x00000245AE9BF3C0>, 'CREATE INDEX ix_suitcase_suggestions_tipo_destino ON suitcase_suggestions (tipo_destino)', ())
DEBUG    aiosqlite:core.py:67 operation functools.partial(<built-in method execute of sqlite3.Cursor object at 0x00000245AE9BF3C0>, 'CREATE INDEX ix_suitcase_suggestions_tipo_destino ON suitcase_suggestions (tipo_destino)', ()) completed
DEBUG    aiosqlite:core.py:62 executing functools.partial(<built-in method close of sqlite3.Cursor object at 0x00000245AE9BF3C0>)
DEBUG    aiosqlite:core.py:67 operation functools.partial(<built-in method close of sqlite3.Cursor object at 0x00000245AE9BF3C0>) completed
DEBUG    aiosqlite:core.py:62 executing functools.partial(<built-in method cursor of sqlite3.Connection object at 0x00000245AE9386D0>)
DEBUG    aiosqlite:core.py:67 operation functools.partial(<built-in method cursor of sqlite3.Connection object at 0x00000245AE9386D0>) completed
DEBUG    aiosqlite:core.py:62 executing functools.partial(<built-in method execute of sqlite3.Cursor object at 0x00000245AE9BF7C0>, '\nCREATE TABLE revoked_tokens (\n\tid CHAR(32) NOT NULL, \n\ttoken VARCHAR(1024) NOT NULL, \n\trevoked_at DATETIME DEFAULT CURRENT_TIMESTAMP NOT NULL, \n\texpires_at DATETIME NOT NULL, \n\tPRIMARY KEY (id)\n)\n\n', ())
DEBUG    aiosqlite:core.py:67 operation functools.partial(<built-in method execute of sqlite3.Cursor object at 0x00000245AE9BF7C0>, '\nCREATE TABLE revoked_tokens (\n\tid CHAR(32) NOT NULL, \n\ttoken VARCHAR(1024) NOT NULL, \n\trevoked_at DATETIME DEFAULT CURRENT_TIMESTAMP NOT NULL, \n\texpires_at DATETIME NOT NULL, \n\tPRIMARY KEY (id)\n)\n\n', ()) completed
DEBUG    aiosqlite:core.py:62 executing functools.partial(<built-in method close of sqlite3.Cursor object at 0x00000245AE9BF7C0>)
DEBUG    aiosqlite:core.py:67 operation functools.partial(<built-in method close of sqlite3.Cursor object at 0x00000245AE9BF7C0>) completed
DEBUG    aiosqlite:core.py:62 executing functools.partial(<built-in method cursor of sqlite3.Connection object at 0x00000245AE9386D0>)
DEBUG    aiosqlite:core.py:67 operation functools.partial(<built-in method cursor of sqlite3.Connection object at 0x00000245AE9386D0>) completed
DEBUG    aiosqlite:core.py:62 executing functools.partial(<built-in method execute of sqlite3.Cursor object at 0x00000245AE9BFCC0>, 'CREATE UNIQUE INDEX ix_revoked_tokens_token ON revoked_tokens (token)', ())
DEBUG    aiosqlite:core.py:67 operation functools.partial(<built-in method execute of sqlite3.Cursor object at 0x00000245AE9BFCC0>, 'CREATE UNIQUE INDEX ix_revoked_tokens_token ON revoked_tokens (token)', ()) completed
DEBUG    aiosqlite:core.py:62 executing functools.partial(<built-in method close of sqlite3.Cursor object at 0x00000245AE9BFCC0>)
DEBUG    aiosqlite:core.py:67 operation functools.partial(<built-in method close of sqlite3.Cursor object at 0x00000245AE9BFCC0>) completed
DEBUG    aiosqlite:core.py:62 executing functools.partial(<built-in method cursor of sqlite3.Connection object at 0x00000245AE9386D0>)
DEBUG    aiosqlite:core.py:67 operation functools.partial(<built-in method cursor of sqlite3.Connection object at 0x00000245AE9386D0>) completed
DEBUG    aiosqlite:core.py:62 executing functools.partial(<built-in method execute of sqlite3.Cursor object at 0x00000245AE9BDC40>, "\nCREATE TABLE offers (\n\tid UUID NOT NULL, \n\tagency_id UUID NOT NULL, \n\ttitle VARCHAR(255) NOT NULL, \n\tdescription TEXT NOT NULL, \n\tdestination VARCHAR(255) NOT NULL, \n\tdestination_image_url VARCHAR(500), \n\tdeparture_date DATETIME NOT NULL, \n\treturn_date DATETIME NOT NULL, \n\tbooking_deadline DATETIME NOT NULL, \n\tduration_days INTEGER NOT NULL, \n\taccommodations JSON NOT NULL, \n\tincluded_services JSON NOT NULL, \n\ttravelers INTEGER NOT NULL, \n\tavailable_spots INTEGER NOT NULL, \n\tspots_reserved INTEGER NOT NULL, \n\tbase_price NUMERIC(12, 2) NOT NULL, \n\tcurrency VARCHAR(3) NOT NULL, \n\tdiscounts JSON, \n\tfinal_price NUMERIC(12, 2) NOT NULL, \n\thighlights JSON NOT NULL, \n\tamenities JSON NOT NULL, \n\tstatus VARCHAR(9) NOT NULL, \n\tviews INTEGER NOT NULL, \n\tinterests INTEGER NOT NULL, \n\tconversions INTEGER NOT NULL, \n\tcreated_at DATETIME DEFAULT CURRENT_TIMESTAMP NOT NULL, \n\tupdated_at DATETIME DEFAULT CURRENT_TIMESTAMP NOT NULL, \n\tpublished_at DATETIME, \n\tis_deleted BOOLEAN DEFAULT 'false' NOT NULL, \n\tPRIMARY KEY (id), \n\tFOREIGN KEY(agency_id) REFERENCES users (id)\n)\n\n", ())
DEBUG    aiosqlite:core.py:67 operation functools.partial(<built-in method execute of sqlite3.Cursor object at 0x00000245AE9BDC40>, "\nCREATE TABLE offers (\n\tid UUID NOT NULL, \n\tagency_id UUID NOT NULL, \n\ttitle VARCHAR(255) NOT NULL, \n\tdescription TEXT NOT NULL, \n\tdestination VARCHAR(255) NOT NULL, \n\tdestination_image_url VARCHAR(500), \n\tdeparture_date DATETIME NOT NULL, \n\treturn_date DATETIME NOT NULL, \n\tbooking_deadline DATETIME NOT NULL, \n\tduration_days INTEGER NOT NULL, \n\taccommodations JSON NOT NULL, \n\tincluded_services JSON NOT NULL, \n\ttravelers INTEGER NOT NULL, \n\tavailable_spots INTEGER NOT NULL, \n\tspots_reserved INTEGER NOT NULL, \n\tbase_price NUMERIC(12, 2) NOT NULL, \n\tcurrency VARCHAR(3) NOT NULL, \n\tdiscounts JSON, \n\tfinal_price NUMERIC(12, 2) NOT NULL, \n\thighlights JSON NOT NULL, \n\tamenities JSON NOT NULL, \n\tstatus VARCHAR(9) NOT NULL, \n\tviews INTEGER NOT NULL, \n\tinterests INTEGER NOT NULL, \n\tconversions INTEGER NOT NULL, \n\tcreated_at DATETIME DEFAULT CURRENT_TIMESTAMP NOT NULL, \n\tupdated_at DATETIME DEFAULT CURRENT_TIMESTAMP NOT NULL, \n\tpublished_at DATETIME, \n\tis_deleted BOOLEAN DEFAULT 'false' NOT NULL, \n\tPRIMARY KEY (id), \n\tFOREIGN KEY(agency_id) REFERENCES users (id)\n)\n\n", ()) completed
DEBUG    aiosqlite:core.py:62 executing functools.partial(<built-in method close of sqlite3.Cursor object at 0x00000245AE9BDC40>)
DEBUG    aiosqlite:core.py:67 operation functools.partial(<built-in method close of sqlite3.Cursor object at 0x00000245AE9BDC40>) completed
DEBUG    aiosqlite:core.py:62 executing functools.partial(<built-in method cursor of sqlite3.Connection object at 0x00000245AE9386D0>)
DEBUG    aiosqlite:core.py:67 operation functools.partial(<built-in method cursor of sqlite3.Connection object at 0x00000245AE9386D0>) completed
DEBUG    aiosqlite:core.py:62 executing functools.partial(<built-in method execute of sqlite3.Cursor object at 0x00000245AE9BF1C0>, 'CREATE INDEX ix_offers_booking_deadline ON offers (booking_deadline)', ())
DEBUG    aiosqlite:core.py:67 operation functools.partial(<built-in method execute of sqlite3.Cursor object at 0x00000245AE9BF1C0>, 'CREATE INDEX ix_offers_booking_deadline ON offers (booking_deadline)', ()) completed
DEBUG    aiosqlite:core.py:62 executing functools.partial(<built-in method close of sqlite3.Cursor object at 0x00000245AE9BF1C0>)
DEBUG    aiosqlite:core.py:67 operation functools.partial(<built-in method close of sqlite3.Cursor object at 0x00000245AE9BF1C0>) completed
DEBUG    aiosqlite:core.py:62 executing functools.partial(<built-in method cursor of sqlite3.Connection object at 0x00000245AE9386D0>)
DEBUG    aiosqlite:core.py:67 operation functools.partial(<built-in method cursor of sqlite3.Connection object at 0x00000245AE9386D0>) completed
DEBUG    aiosqlite:core.py:62 executing functools.partial(<built-in method execute of sqlite3.Cursor object at 0x00000245AE9BDDC0>, 'CREATE INDEX ix_offers_status ON offers (status)', ())
DEBUG    aiosqlite:core.py:67 operation functools.partial(<built-in method execute of sqlite3.Cursor object at 0x00000245AE9BDDC0>, 'CREATE INDEX ix_offers_status ON offers (status)', ()) completed
DEBUG    aiosqlite:core.py:62 executing functools.partial(<built-in method close of sqlite3.Cursor object at 0x00000245AE9BDDC0>)
DEBUG    aiosqlite:core.py:67 operation functools.partial(<built-in method close of sqlite3.Cursor object at 0x00000245AE9BDDC0>) completed
DEBUG    aiosqlite:core.py:62 executing functools.partial(<built-in method cursor of sqlite3.Connection object at 0x00000245AE9386D0>)
DEBUG    aiosqlite:core.py:67 operation functools.partial(<built-in method cursor of sqlite3.Connection object at 0x00000245AE9386D0>) completed
DEBUG    aiosqlite:core.py:62 executing functools.partial(<built-in method execute of sqlite3.Cursor object at 0x00000245AE9C9FC0>, 'CREATE INDEX ix_offers_departure_date ON offers (departure_date)', ())
DEBUG    aiosqlite:core.py:67 operation functools.partial(<built-in method execute of sqlite3.Cursor object at 0x00000245AE9C9FC0>, 'CREATE INDEX ix_offers_departure_date ON offers (departure_date)', ()) completed
DEBUG    aiosqlite:core.py:62 executing functools.partial(<built-in method close of sqlite3.Cursor object at 0x00000245AE9C9FC0>)
DEBUG    aiosqlite:core.py:67 operation functools.partial(<built-in method close of sqlite3.Cursor object at 0x00000245AE9C9FC0>) completed
DEBUG    aiosqlite:core.py:62 executing functools.partial(<built-in method cursor of sqlite3.Connection object at 0x00000245AE9386D0>)
DEBUG    aiosqlite:core.py:67 operation functools.partial(<built-in method cursor of sqlite3.Connection object at 0x00000245AE9386D0>) completed
DEBUG    aiosqlite:core.py:62 executing functools.partial(<built-in method execute of sqlite3.Cursor object at 0x00000245AE9CA140>, 'CREATE INDEX ix_offers_destination ON offers (destination)', ())
DEBUG    aiosqlite:core.py:67 operation functools.partial(<built-in method execute of sqlite3.Cursor object at 0x00000245AE9CA140>, 'CREATE INDEX ix_offers_destination ON offers (destination)', ()) completed
DEBUG    aiosqlite:core.py:62 executing functools.partial(<built-in method close of sqlite3.Cursor object at 0x00000245AE9CA140>)
DEBUG    aiosqlite:core.py:67 operation functools.partial(<built-in method close of sqlite3.Cursor object at 0x00000245AE9CA140>) completed
DEBUG    aiosqlite:core.py:62 executing functools.partial(<built-in method cursor of sqlite3.Connection object at 0x00000245AE9386D0>)
DEBUG    aiosqlite:core.py:67 operation functools.partial(<built-in method cursor of sqlite3.Connection object at 0x00000245AE9386D0>) completed
DEBUG    aiosqlite:core.py:62 executing functools.partial(<built-in method execute of sqlite3.Cursor object at 0x00000245AE9C9E40>, 'CREATE INDEX ix_offers_title ON offers (title)', ())
DEBUG    aiosqlite:core.py:67 operation functools.partial(<built-in method execute of sqlite3.Cursor object at 0x00000245AE9C9E40>, 'CREATE INDEX ix_offers_title ON offers (title)', ()) completed
DEBUG    aiosqlite:core.py:62 executing functools.partial(<built-in method close of sqlite3.Cursor object at 0x00000245AE9C9E40>)
DEBUG    aiosqlite:core.py:67 operation functools.partial(<built-in method close of sqlite3.Cursor object at 0x00000245AE9C9E40>) completed
DEBUG    aiosqlite:core.py:62 executing functools.partial(<built-in method cursor of sqlite3.Connection object at 0x00000245AE9386D0>)
DEBUG    aiosqlite:core.py:67 operation functools.partial(<built-in method cursor of sqlite3.Connection object at 0x00000245AE9386D0>) completed
DEBUG    aiosqlite:core.py:62 executing functools.partial(<built-in method execute of sqlite3.Cursor object at 0x00000245AE9CA440>, 'CREATE INDEX ix_offers_agency_id ON offers (agency_id)', ())
DEBUG    aiosqlite:core.py:67 operation functools.partial(<built-in method execute of sqlite3.Cursor object at 0x00000245AE9CA440>, 'CREATE INDEX ix_offers_agency_id ON offers (agency_id)', ()) completed
DEBUG    aiosqlite:core.py:62 executing functools.partial(<built-in method close of sqlite3.Cursor object at 0x00000245AE9CA440>)
DEBUG    aiosqlite:core.py:67 operation functools.partial(<built-in method close of sqlite3.Cursor object at 0x00000245AE9CA440>) completed
DEBUG    aiosqlite:core.py:62 executing functools.partial(<built-in method cursor of sqlite3.Connection object at 0x00000245AE9386D0>)
DEBUG    aiosqlite:core.py:67 operation functools.partial(<built-in method cursor of sqlite3.Connection object at 0x00000245AE9386D0>) completed
DEBUG    aiosqlite:core.py:62 executing functools.partial(<built-in method execute of sqlite3.Cursor object at 0x00000245AE9CA5C0>, 'CREATE INDEX ix_offers_published_at ON offers (published_at)', ())
DEBUG    aiosqlite:core.py:67 operation functools.partial(<built-in method execute of sqlite3.Cursor object at 0x00000245AE9CA5C0>, 'CREATE INDEX ix_offers_published_at ON offers (published_at)', ()) completed
DEBUG    aiosqlite:core.py:62 executing functools.partial(<built-in method close of sqlite3.Cursor object at 0x00000245AE9CA5C0>)
DEBUG    aiosqlite:core.py:67 operation functools.partial(<built-in method close of sqlite3.Cursor object at 0x00000245AE9CA5C0>) completed
DEBUG    aiosqlite:core.py:62 executing functools.partial(<built-in method cursor of sqlite3.Connection object at 0x00000245AE9386D0>)
DEBUG    aiosqlite:core.py:67 operation functools.partial(<built-in method cursor of sqlite3.Connection object at 0x00000245AE9386D0>) completed
DEBUG    aiosqlite:core.py:62 executing functools.partial(<built-in method execute of sqlite3.Cursor object at 0x00000245AE9BFA40>, '\nCREATE TABLE travels (\n\tid UUID NOT NULL, \n\tuser_id UUID NOT NULL, \n\tdestination VARCHAR(255) NOT NULL, \n\tstart_date DATETIME NOT NULL, \n\tend_date DATETIME NOT NULL, \n\tstatus VARCHAR(20) NOT NULL, \n\timage_url VARCHAR(1024), \n\tdescription TEXT, \n\tcriado_em DATETIME DEFAULT CURRENT_TIMESTAMP NOT NULL, \n\tPRIMARY KEY (id), \n\tFOREIGN KEY(user_id) REFERENCES users (id) ON DELETE CASCADE\n)\n\n', ())
DEBUG    aiosqlite:core.py:67 operation functools.partial(<built-in method execute of sqlite3.Cursor object at 0x00000245AE9BFA40>, '\nCREATE TABLE travels (\n\tid UUID NOT NULL, \n\tuser_id UUID NOT NULL, \n\tdestination VARCHAR(255) NOT NULL, \n\tstart_date DATETIME NOT NULL, \n\tend_date DATETIME NOT NULL, \n\tstatus VARCHAR(20) NOT NULL, \n\timage_url VARCHAR(1024), \n\tdescription TEXT, \n\tcriado_em DATETIME DEFAULT CURRENT_TIMESTAMP NOT NULL, \n\tPRIMARY KEY (id), \n\tFOREIGN KEY(user_id) REFERENCES users (id) ON DELETE CASCADE\n)\n\n', ()) completed
DEBUG    aiosqlite:core.py:62 executing functools.partial(<built-in method close of sqlite3.Cursor object at 0x00000245AE9BFA40>)
DEBUG    aiosqlite:core.py:67 operation functools.partial(<built-in method close of sqlite3.Cursor object at 0x00000245AE9BFA40>) completed
DEBUG    aiosqlite:core.py:62 executing functools.partial(<built-in method cursor of sqlite3.Connection object at 0x00000245AE9386D0>)
DEBUG    aiosqlite:core.py:67 operation functools.partial(<built-in method cursor of sqlite3.Connection object at 0x00000245AE9386D0>) completed
DEBUG    aiosqlite:core.py:62 executing functools.partial(<built-in method execute of sqlite3.Cursor object at 0x00000245AE9BF6C0>, 'CREATE INDEX ix_travels_user_id ON travels (user_id)', ())
DEBUG    aiosqlite:core.py:67 operation functools.partial(<built-in method execute of sqlite3.Cursor object at 0x00000245AE9BF6C0>, 'CREATE INDEX ix_travels_user_id ON travels (user_id)', ()) completed
DEBUG    aiosqlite:core.py:62 executing functools.partial(<built-in method close of sqlite3.Cursor object at 0x00000245AE9BF6C0>)
DEBUG    aiosqlite:core.py:67 operation functools.partial(<built-in method close of sqlite3.Cursor object at 0x00000245AE9BF6C0>) completed
DEBUG    aiosqlite:core.py:62 executing functools.partial(<built-in method cursor of sqlite3.Connection object at 0x00000245AE9386D0>)
DEBUG    aiosqlite:core.py:67 operation functools.partial(<built-in method cursor of sqlite3.Connection object at 0x00000245AE9386D0>) completed
DEBUG    aiosqlite:core.py:62 executing functools.partial(<built-in method execute of sqlite3.Cursor object at 0x00000245AE9CB240>, 'CREATE INDEX ix_travels_status ON travels (status)', ())
DEBUG    aiosqlite:core.py:67 operation functools.partial(<built-in method execute of sqlite3.Cursor object at 0x00000245AE9CB240>, 'CREATE INDEX ix_travels_status ON travels (status)', ()) completed
DEBUG    aiosqlite:core.py:62 executing functools.partial(<built-in method close of sqlite3.Cursor object at 0x00000245AE9CB240>)
DEBUG    aiosqlite:core.py:67 operation functools.partial(<built-in method close of sqlite3.Cursor object at 0x00000245AE9CB240>) completed
DEBUG    aiosqlite:core.py:62 executing functools.partial(<built-in method cursor of sqlite3.Connection object at 0x00000245AE9386D0>)
DEBUG    aiosqlite:core.py:67 operation functools.partial(<built-in method cursor of sqlite3.Connection object at 0x00000245AE9386D0>) completed
DEBUG    aiosqlite:core.py:62 executing functools.partial(<built-in method execute of sqlite3.Cursor object at 0x00000245AE9BE9C0>, '\nCREATE TABLE leads (\n\tid UUID NOT NULL, \n\tnome VARCHAR(512), \n\ttelefone VARCHAR(512) NOT NULL, \n\ttelefone_hash VARCHAR(64), \n\torigem VARCHAR(14) NOT NULL, \n\tstatus VARCHAR(14) NOT NULL, \n\tscore VARCHAR(6), \n\tscore_numerico INTEGER, \n\tscore_calculado_em DATETIME, \n\tconsultor_id UUID, \n\tclient_id UUID, \n\toffer_id UUID, \n\tbudget NUMERIC(12, 2), \n\taya_ativo BOOLEAN NOT NULL, \n\tis_archived BOOLEAN NOT NULL, \n\tdeletado_em DATETIME, \n\tcriado_em DATETIME DEFAULT CURRENT_TIMESTAMP NOT NULL, \n\tatualizado_em DATETIME DEFAULT CURRENT_TIMESTAMP NOT NULL, \n\tPRIMARY KEY (id), \n\tFOREIGN KEY(consultor_id) REFERENCES users (id), \n\tFOREIGN KEY(client_id) REFERENCES users (id), \n\tFOREIGN KEY(offer_id) REFERENCES offers (id)\n)\n\n', ())
DEBUG    aiosqlite:core.py:67 operation functools.partial(<built-in method execute of sqlite3.Cursor object at 0x00000245AE9BE9C0>, '\nCREATE TABLE leads (\n\tid UUID NOT NULL, \n\tnome VARCHAR(512), \n\ttelefone VARCHAR(512) NOT NULL, \n\ttelefone_hash VARCHAR(64), \n\torigem VARCHAR(14) NOT NULL, \n\tstatus VARCHAR(14) NOT NULL, \n\tscore VARCHAR(6), \n\tscore_numerico INTEGER, \n\tscore_calculado_em DATETIME, \n\tconsultor_id UUID, \n\tclient_id UUID, \n\toffer_id UUID, \n\tbudget NUMERIC(12, 2), \n\taya_ativo BOOLEAN NOT NULL, \n\tis_archived BOOLEAN NOT NULL, \n\tdeletado_em DATETIME, \n\tcriado_em DATETIME DEFAULT CURRENT_TIMESTAMP NOT NULL, \n\tatualizado_em DATETIME DEFAULT CURRENT_TIMESTAMP NOT NULL, \n\tPRIMARY KEY (id), \n\tFOREIGN KEY(consultor_id) REFERENCES users (id), \n\tFOREIGN KEY(client_id) REFERENCES users (id), \n\tFOREIGN KEY(offer_id) REFERENCES offers (id)\n)\n\n', ()) completed
DEBUG    aiosqlite:core.py:62 executing functools.partial(<built-in method close of sqlite3.Cursor object at 0x00000245AE9BE9C0>)
DEBUG    aiosqlite:core.py:67 operation functools.partial(<built-in method close of sqlite3.Cursor object at 0x00000245AE9BE9C0>) completed
DEBUG    aiosqlite:core.py:62 executing functools.partial(<built-in method cursor of sqlite3.Connection object at 0x00000245AE9386D0>)
DEBUG    aiosqlite:core.py:67 operation functools.partial(<built-in method cursor of sqlite3.Connection object at 0x00000245AE9386D0>) completed
DEBUG    aiosqlite:core.py:62 executing functools.partial(<built-in method execute of sqlite3.Cursor object at 0x00000245AE9CBDC0>, 'CREATE INDEX ix_leads_telefone_hash ON leads (telefone_hash)', ())
DEBUG    aiosqlite:core.py:67 operation functools.partial(<built-in method execute of sqlite3.Cursor object at 0x00000245AE9CBDC0>, 'CREATE INDEX ix_leads_telefone_hash ON leads (telefone_hash)', ()) completed
DEBUG    aiosqlite:core.py:62 executing functools.partial(<built-in method close of sqlite3.Cursor object at 0x00000245AE9CBDC0>)
DEBUG    aiosqlite:core.py:67 operation functools.partial(<built-in method close of sqlite3.Cursor object at 0x00000245AE9CBDC0>) completed
DEBUG    aiosqlite:core.py:62 executing functools.partial(<built-in method cursor of sqlite3.Connection object at 0x00000245AE9386D0>)
DEBUG    aiosqlite:core.py:67 operation functools.partial(<built-in method cursor of sqlite3.Connection object at 0x00000245AE9386D0>) completed
DEBUG    aiosqlite:core.py:62 executing functools.partial(<built-in method execute of sqlite3.Cursor object at 0x00000245AE9CBF40>, 'CREATE INDEX ix_leads_consultor_status ON leads (consultor_id, status)', ())
DEBUG    aiosqlite:core.py:67 operation functools.partial(<built-in method execute of sqlite3.Cursor object at 0x00000245AE9CBF40>, 'CREATE INDEX ix_leads_consultor_status ON leads (consultor_id, status)', ()) completed
DEBUG    aiosqlite:core.py:62 executing functools.partial(<built-in method close of sqlite3.Cursor object at 0x00000245AE9CBF40>)
DEBUG    aiosqlite:core.py:67 operation functools.partial(<built-in method close of sqlite3.Cursor object at 0x00000245AE9CBF40>) completed
DEBUG    aiosqlite:core.py:62 executing functools.partial(<built-in method cursor of sqlite3.Connection object at 0x00000245AE9386D0>)
DEBUG    aiosqlite:core.py:67 operation functools.partial(<built-in method cursor of sqlite3.Connection object at 0x00000245AE9386D0>) completed
DEBUG    aiosqlite:core.py:62 executing functools.partial(<built-in method execute of sqlite3.Cursor object at 0x00000245AE9CB2C0>, 'CREATE UNIQUE INDEX ix_leads_telefone ON leads (telefone)', ())
DEBUG    aiosqlite:core.py:67 operation functools.partial(<built-in method execute of sqlite3.Cursor object at 0x00000245AE9CB2C0>, 'CREATE UNIQUE INDEX ix_leads_telefone ON leads (telefone)', ()) completed
DEBUG    aiosqlite:core.py:62 executing functools.partial(<built-in method close of sqlite3.Cursor object at 0x00000245AE9CB2C0>)
DEBUG    aiosqlite:core.py:67 operation functools.partial(<built-in method close of sqlite3.Cursor object at 0x00000245AE9CB2C0>) completed
DEBUG    aiosqlite:core.py:62 executing functools.partial(<built-in method cursor of sqlite3.Connection object at 0x00000245AE9386D0>)
DEBUG    aiosqlite:core.py:67 operation functools.partial(<built-in method cursor of sqlite3.Connection object at 0x00000245AE9386D0>) completed
DEBUG    aiosqlite:core.py:62 executing functools.partial(<built-in method execute of sqlite3.Cursor object at 0x00000245AE9CB840>, 'CREATE INDEX ix_leads_status_criado_em ON leads (status, criado_em)', ())
DEBUG    aiosqlite:core.py:67 operation functools.partial(<built-in method execute of sqlite3.Cursor object at 0x00000245AE9CB840>, 'CREATE INDEX ix_leads_status_criado_em ON leads (status, criado_em)', ()) completed
DEBUG    aiosqlite:core.py:62 executing functools.partial(<built-in method close of sqlite3.Cursor object at 0x00000245AE9CB840>)
DEBUG    aiosqlite:core.py:67 operation functools.partial(<built-in method close of sqlite3.Cursor object at 0x00000245AE9CB840>) completed
DEBUG    aiosqlite:core.py:62 executing functools.partial(<built-in method cursor of sqlite3.Connection object at 0x00000245AE9386D0>)
DEBUG    aiosqlite:core.py:67 operation functools.partial(<built-in method cursor of sqlite3.Connection object at 0x00000245AE9386D0>) completed
DEBUG    aiosqlite:core.py:62 executing functools.partial(<built-in method execute of sqlite3.Cursor object at 0x00000245AE9BF4C0>, '\nCREATE TABLE lead_score_history (\n\tid UUID NOT NULL, \n\tlead_id UUID NOT NULL, \n\tscore_numerico INTEGER NOT NULL, \n\tscore_label VARCHAR(10) NOT NULL, \n\tmotivo VARCHAR(255), \n\tcriterios_json TEXT, \n\tcriado_em DATETIME DEFAULT CURRENT_TIMESTAMP NOT NULL, \n\tPRIMARY KEY (id), \n\tFOREIGN KEY(lead_id) REFERENCES leads (id) ON DELETE CASCADE\n)\n\n', ())
DEBUG    aiosqlite:core.py:67 operation functools.partial(<built-in method execute of sqlite3.Cursor object at 0x00000245AE9BF4C0>, '\nCREATE TABLE lead_score_history (\n\tid UUID NOT NULL, \n\tlead_id UUID NOT NULL, \n\tscore_numerico INTEGER NOT NULL, \n\tscore_label VARCHAR(10) NOT NULL, \n\tmotivo VARCHAR(255), \n\tcriterios_json TEXT, \n\tcriado_em DATETIME DEFAULT CURRENT_TIMESTAMP NOT NULL, \n\tPRIMARY KEY (id), \n\tFOREIGN KEY(lead_id) REFERENCES leads (id) ON DELETE CASCADE\n)\n\n', ()) completed
DEBUG    aiosqlite:core.py:62 executing functools.partial(<built-in method close of sqlite3.Cursor object at 0x00000245AE9BF4C0>)
DEBUG    aiosqlite:core.py:67 operation functools.partial(<built-in method close of sqlite3.Cursor object at 0x00000245AE9BF4C0>) completed
DEBUG    aiosqlite:core.py:62 executing functools.partial(<built-in method cursor of sqlite3.Connection object at 0x00000245AE9386D0>)
DEBUG    aiosqlite:core.py:67 operation functools.partial(<built-in method cursor of sqlite3.Connection object at 0x00000245AE9386D0>) completed
DEBUG    aiosqlite:core.py:62 executing functools.partial(<built-in method execute of sqlite3.Cursor object at 0x00000245AE9CBA40>, 'CREATE INDEX ix_lead_score_history_lead_id ON lead_score_history (lead_id)', ())
DEBUG    aiosqlite:core.py:67 operation functools.partial(<built-in method execute of sqlite3.Cursor object at 0x00000245AE9CBA40>, 'CREATE INDEX ix_lead_score_history_lead_id ON lead_score_history (lead_id)', ()) completed
DEBUG    aiosqlite:core.py:62 executing functools.partial(<built-in method close of sqlite3.Cursor object at 0x00000245AE9CBA40>)
DEBUG    aiosqlite:core.py:67 operation functools.partial(<built-in method close of sqlite3.Cursor object at 0x00000245AE9CBA40>) completed
DEBUG    aiosqlite:core.py:62 executing functools.partial(<built-in method cursor of sqlite3.Connection object at 0x00000245AE9386D0>)
DEBUG    aiosqlite:core.py:67 operation functools.partial(<built-in method cursor of sqlite3.Connection object at 0x00000245AE9386D0>) completed
DEBUG    aiosqlite:core.py:62 executing functools.partial(<built-in method execute of sqlite3.Cursor object at 0x00000245AE9CAFC0>, '\nCREATE TABLE briefings (\n\tid VARCHAR(36) NOT NULL, \n\tlead_id VARCHAR(36) NOT NULL, \n\tdestino VARCHAR(255), \n\torigem VARCHAR(255), \n\tdata_ida DATE, \n\tdata_volta DATE, \n\tduracao_dias INTEGER, \n\tqtd_pessoas INTEGER, \n\tperfil VARCHAR(7), \n\ttipo_viagem JSON, \n\tpreferencias JSON, \n\torcamento VARCHAR(7), \n\ttem_passaporte BOOLEAN, \n\tobservacoes TEXT, \n\tcompletude_pct INTEGER NOT NULL, \n\tPRIMARY KEY (id), \n\tCONSTRAINT ck_briefings_completude_range CHECK (completude_pct BETWEEN 0 AND 100), \n\tCONSTRAINT ck_briefings_qtd_pessoas_min CHECK (qtd_pessoas IS NULL OR qtd_pessoas >= 1), \n\tCONSTRAINT ck_briefings_duracao_min CHECK (duracao_dias IS NULL OR duracao_dias >= 1), \n\tUNIQUE (lead_id), \n\tFOREIGN KEY(lead_id) REFERENCES leads (id)\n)\n\n', ())
DEBUG    aiosqlite:core.py:67 operation functools.partial(<built-in method execute of sqlite3.Cursor object at 0x00000245AE9CAFC0>, '\nCREATE TABLE briefings (\n\tid VARCHAR(36) NOT NULL, \n\tlead_id VARCHAR(36) NOT NULL, \n\tdestino VARCHAR(255), \n\torigem VARCHAR(255), \n\tdata_ida DATE, \n\tdata_volta DATE, \n\tduracao_dias INTEGER, \n\tqtd_pessoas INTEGER, \n\tperfil VARCHAR(7), \n\ttipo_viagem JSON, \n\tpreferencias JSON, \n\torcamento VARCHAR(7), \n\ttem_passaporte BOOLEAN, \n\tobservacoes TEXT, \n\tcompletude_pct INTEGER NOT NULL, \n\tPRIMARY KEY (id), \n\tCONSTRAINT ck_briefings_completude_range CHECK (completude_pct BETWEEN 0 AND 100), \n\tCONSTRAINT ck_briefings_qtd_pessoas_min CHECK (qtd_pessoas IS NULL OR qtd_pessoas >= 1), \n\tCONSTRAINT ck_briefings_duracao_min CHECK (duracao_dias IS NULL OR duracao_dias >= 1), \n\tUNIQUE (lead_id), \n\tFOREIGN KEY(lead_id) REFERENCES leads (id)\n)\n\n', ()) completed
DEBUG    aiosqlite:core.py:62 executing functools.partial(<built-in method close of sqlite3.Cursor object at 0x00000245AE9CAFC0>)
DEBUG    aiosqlite:core.py:67 operation functools.partial(<built-in method close of sqlite3.Cursor object at 0x00000245AE9CAFC0>) completed
DEBUG    aiosqlite:core.py:62 executing functools.partial(<built-in method cursor of sqlite3.Connection object at 0x00000245AE9386D0>)
DEBUG    aiosqlite:core.py:67 operation functools.partial(<built-in method cursor of sqlite3.Connection object at 0x00000245AE9386D0>) completed
DEBUG    aiosqlite:core.py:62 executing functools.partial(<built-in method execute of sqlite3.Cursor object at 0x00000245AE9CAF40>, 'CREATE UNIQUE INDEX ix_briefings_lead_id ON briefings (lead_id)', ())
DEBUG    aiosqlite:core.py:67 operation functools.partial(<built-in method execute of sqlite3.Cursor object at 0x00000245AE9CAF40>, 'CREATE UNIQUE INDEX ix_briefings_lead_id ON briefings (lead_id)', ()) completed
DEBUG    aiosqlite:core.py:62 executing functools.partial(<built-in method close of sqlite3.Cursor object at 0x00000245AE9CAF40>)
DEBUG    aiosqlite:core.py:67 operation functools.partial(<built-in method close of sqlite3.Cursor object at 0x00000245AE9CAF40>) completed
DEBUG    aiosqlite:core.py:62 executing functools.partial(<built-in method cursor of sqlite3.Connection object at 0x00000245AE9386D0>)
DEBUG    aiosqlite:core.py:67 operation functools.partial(<built-in method cursor of sqlite3.Connection object at 0x00000245AE9386D0>) completed
DEBUG    aiosqlite:core.py:62 executing functools.partial(<built-in method execute of sqlite3.Cursor object at 0x00000245AE9CB140>, '\nCREATE TABLE interacoes (\n\tid UUID NOT NULL, \n\tlead_id UUID NOT NULL, \n\tmensagem_cliente TEXT, \n\tmensagem_ia TEXT, \n\ttipo_mensagem VARCHAR(9) NOT NULL, \n\ttimestamp DATETIME DEFAULT CURRENT_TIMESTAMP NOT NULL, \n\tenviado_em DATETIME, \n\tstatus_envio VARCHAR(10), \n\terro_envio TEXT, \n\twhatsapp_message_id VARCHAR(255), \n\tPRIMARY KEY (id), \n\tFOREIGN KEY(lead_id) REFERENCES leads (id)\n)\n\n', ())
DEBUG    aiosqlite:core.py:67 operation functools.partial(<built-in method execute of sqlite3.Cursor object at 0x00000245AE9CB140>, '\nCREATE TABLE interacoes (\n\tid UUID NOT NULL, \n\tlead_id UUID NOT NULL, \n\tmensagem_cliente TEXT, \n\tmensagem_ia TEXT, \n\ttipo_mensagem VARCHAR(9) NOT NULL, \n\ttimestamp DATETIME DEFAULT CURRENT_TIMESTAMP NOT NULL, \n\tenviado_em DATETIME, \n\tstatus_envio VARCHAR(10), \n\terro_envio TEXT, \n\twhatsapp_message_id VARCHAR(255), \n\tPRIMARY KEY (id), \n\tFOREIGN KEY(lead_id) REFERENCES leads (id)\n)\n\n', ()) completed
DEBUG    aiosqlite:core.py:62 executing functools.partial(<built-in method close of sqlite3.Cursor object at 0x00000245AE9CB140>)
DEBUG    aiosqlite:core.py:67 operation functools.partial(<built-in method close of sqlite3.Cursor object at 0x00000245AE9CB140>) completed
DEBUG    aiosqlite:core.py:62 executing functools.partial(<built-in method cursor of sqlite3.Connection object at 0x00000245AE9386D0>)
DEBUG    aiosqlite:core.py:67 operation functools.partial(<built-in method cursor of sqlite3.Connection object at 0x00000245AE9386D0>) completed
DEBUG    aiosqlite:core.py:62 executing functools.partial(<built-in method execute of sqlite3.Cursor object at 0x00000245AE9E9EC0>, 'CREATE INDEX ix_interacoes_lead_id ON interacoes (lead_id)', ())
DEBUG    aiosqlite:core.py:67 operation functools.partial(<built-in method execute of sqlite3.Cursor object at 0x00000245AE9E9EC0>, 'CREATE INDEX ix_interacoes_lead_id ON interacoes (lead_id)', ()) completed
DEBUG    aiosqlite:core.py:62 executing functools.partial(<built-in method close of sqlite3.Cursor object at 0x00000245AE9E9EC0>)
DEBUG    aiosqlite:core.py:67 operation functools.partial(<built-in method close of sqlite3.Cursor object at 0x00000245AE9E9EC0>) completed
DEBUG    aiosqlite:core.py:62 executing functools.partial(<built-in method cursor of sqlite3.Connection object at 0x00000245AE9386D0>)
DEBUG    aiosqlite:core.py:67 operation functools.partial(<built-in method cursor of sqlite3.Connection object at 0x00000245AE9386D0>) completed
DEBUG    aiosqlite:core.py:62 executing functools.partial(<built-in method execute of sqlite3.Cursor object at 0x00000245AE9EA140>, 'CREATE UNIQUE INDEX ix_interacoes_whatsapp_message_id ON interacoes (whatsapp_message_id)', ())
DEBUG    aiosqlite:core.py:67 operation functools.partial(<built-in method execute of sqlite3.Cursor object at 0x00000245AE9EA140>, 'CREATE UNIQUE INDEX ix_interacoes_whatsapp_message_id ON interacoes (whatsapp_message_id)', ()) completed
DEBUG    aiosqlite:core.py:62 executing functools.partial(<built-in method close of sqlite3.Cursor object at 0x00000245AE9EA140>)
DEBUG    aiosqlite:core.py:67 operation functools.partial(<built-in method close of sqlite3.Cursor object at 0x00000245AE9EA140>) completed
DEBUG    aiosqlite:core.py:62 executing functools.partial(<built-in method cursor of sqlite3.Connection object at 0x00000245AE9386D0>)
DEBUG    aiosqlite:core.py:67 operation functools.partial(<built-in method cursor of sqlite3.Connection object at 0x00000245AE9386D0>) completed
DEBUG    aiosqlite:core.py:62 executing functools.partial(<built-in method execute of sqlite3.Cursor object at 0x00000245AE9EA340>, 'CREATE INDEX ix_interacoes_lead_timestamp ON interacoes (lead_id, timestamp)', ())
DEBUG    aiosqlite:core.py:67 operation functools.partial(<built-in method execute of sqlite3.Cursor object at 0x00000245AE9EA340>, 'CREATE INDEX ix_interacoes_lead_timestamp ON interacoes (lead_id, timestamp)', ()) completed
DEBUG    aiosqlite:core.py:62 executing functools.partial(<built-in method close of sqlite3.Cursor object at 0x00000245AE9EA340>)
DEBUG    aiosqlite:core.py:67 operation functools.partial(<built-in method close of sqlite3.Cursor object at 0x00000245AE9EA340>) completed
DEBUG    aiosqlite:core.py:62 executing functools.partial(<built-in method cursor of sqlite3.Connection object at 0x00000245AE9386D0>)
DEBUG    aiosqlite:core.py:67 operation functools.partial(<built-in method cursor of sqlite3.Connection object at 0x00000245AE9386D0>) completed
DEBUG    aiosqlite:core.py:62 executing functools.partial(<built-in method execute of sqlite3.Cursor object at 0x00000245AE9238C0>, '\nCREATE TABLE agendamentos (\n\tid UUID NOT NULL, \n\tlead_id UUID NOT NULL, \n\tdata DATE NOT NULL, \n\thora TIME NOT NULL, \n\tstatus VARCHAR(10) NOT NULL, \n\ttipo VARCHAR(10) NOT NULL, \n\tconsultor_id UUID, \n\tcriado_em DATETIME DEFAULT CURRENT_TIMESTAMP NOT NULL, \n\tPRIMARY KEY (id), \n\tCONSTRAINT uq_agendamento_lead_slot UNIQUE (lead_id, data, hora), \n\tFOREIGN KEY(lead_id) REFERENCES leads (id), \n\tFOREIGN KEY(consultor_id) REFERENCES users (id)\n)\n\n', ())
DEBUG    aiosqlite:core.py:67 operation functools.partial(<built-in method execute of sqlite3.Cursor object at 0x00000245AE9238C0>, '\nCREATE TABLE agendamentos (\n\tid UUID NOT NULL, \n\tlead_id UUID NOT NULL, \n\tdata DATE NOT NULL, \n\thora TIME NOT NULL, \n\tstatus VARCHAR(10) NOT NULL, \n\ttipo VARCHAR(10) NOT NULL, \n\tconsultor_id UUID, \n\tcriado_em DATETIME DEFAULT CURRENT_TIMESTAMP NOT NULL, \n\tPRIMARY KEY (id), \n\tCONSTRAINT uq_agendamento_lead_slot UNIQUE (lead_id, data, hora), \n\tFOREIGN KEY(lead_id) REFERENCES leads (id), \n\tFOREIGN KEY(consultor_id) REFERENCES users (id)\n)\n\n', ()) completed
DEBUG    aiosqlite:core.py:62 executing functools.partial(<built-in method close of sqlite3.Cursor object at 0x00000245AE9238C0>)
DEBUG    aiosqlite:core.py:67 operation functools.partial(<built-in method close of sqlite3.Cursor object at 0x00000245AE9238C0>) completed
DEBUG    aiosqlite:core.py:62 executing functools.partial(<built-in method cursor of sqlite3.Connection object at 0x00000245AE9386D0>)
DEBUG    aiosqlite:core.py:67 operation functools.partial(<built-in method cursor of sqlite3.Connection object at 0x00000245AE9386D0>) completed
DEBUG    aiosqlite:core.py:62 executing functools.partial(<built-in method execute of sqlite3.Cursor object at 0x00000245AE9EAF40>, 'CREATE INDEX ix_agendamentos_lead_id ON agendamentos (lead_id)', ())
DEBUG    aiosqlite:core.py:67 operation functools.partial(<built-in method execute of sqlite3.Cursor object at 0x00000245AE9EAF40>, 'CREATE INDEX ix_agendamentos_lead_id ON agendamentos (lead_id)', ()) completed
DEBUG    aiosqlite:core.py:62 executing functools.partial(<built-in method close of sqlite3.Cursor object at 0x00000245AE9EAF40>)
DEBUG    aiosqlite:core.py:67 operation functools.partial(<built-in method close of sqlite3.Cursor object at 0x00000245AE9EAF40>) completed
DEBUG    aiosqlite:core.py:62 executing functools.partial(<built-in method cursor of sqlite3.Connection object at 0x00000245AE9386D0>)
DEBUG    aiosqlite:core.py:67 operation functools.partial(<built-in method cursor of sqlite3.Connection object at 0x00000245AE9386D0>) completed
DEBUG    aiosqlite:core.py:62 executing functools.partial(<built-in method execute of sqlite3.Cursor object at 0x00000245AE9EB1C0>, 'CREATE INDEX ix_agendamentos_consultor_data ON agendamentos (consultor_id, data)', ())
DEBUG    aiosqlite:core.py:67 operation functools.partial(<built-in method execute of sqlite3.Cursor object at 0x00000245AE9EB1C0>, 'CREATE INDEX ix_agendamentos_consultor_data ON agendamentos (consultor_id, data)', ()) completed
DEBUG    aiosqlite:core.py:62 executing functools.partial(<built-in method close of sqlite3.Cursor object at 0x00000245AE9EB1C0>)
DEBUG    aiosqlite:core.py:67 operation functools.partial(<built-in method close of sqlite3.Cursor object at 0x00000245AE9EB1C0>) completed
DEBUG    aiosqlite:core.py:62 executing functools.partial(<built-in method cursor of sqlite3.Connection object at 0x00000245AE9386D0>)
DEBUG    aiosqlite:core.py:67 operation functools.partial(<built-in method cursor of sqlite3.Connection object at 0x00000245AE9386D0>) completed
DEBUG    aiosqlite:core.py:62 executing functools.partial(<built-in method execute of sqlite3.Cursor object at 0x00000245AE9EB3C0>, 'CREATE INDEX ix_agendamentos_lead_status ON agendamentos (lead_id, status)', ())
DEBUG    aiosqlite:core.py:67 operation functools.partial(<built-in method execute of sqlite3.Cursor object at 0x00000245AE9EB3C0>, 'CREATE INDEX ix_agendamentos_lead_status ON agendamentos (lead_id, status)', ()) completed
DEBUG    aiosqlite:core.py:62 executing functools.partial(<built-in method close of sqlite3.Cursor object at 0x00000245AE9EB3C0>)
DEBUG    aiosqlite:core.py:67 operation functools.partial(<built-in method close of sqlite3.Cursor object at 0x00000245AE9EB3C0>) completed
DEBUG    aiosqlite:core.py:62 executing functools.partial(<built-in method cursor of sqlite3.Connection object at 0x00000245AE9386D0>)
DEBUG    aiosqlite:core.py:67 operation functools.partial(<built-in method cursor of sqlite3.Connection object at 0x00000245AE9386D0>) completed
DEBUG    aiosqlite:core.py:62 executing functools.partial(<built-in method execute of sqlite3.Cursor object at 0x00000245AE9E81C0>, "\nCREATE TABLE propostas (\n\tid UUID NOT NULL, \n\tlead_id UUID NOT NULL, \n\tdescricao TEXT NOT NULL, \n\tvalor_estimado NUMERIC(12, 2), \n\tstatus VARCHAR(10) NOT NULL, \n\tconsultor_id UUID, \n\texpiration_hours INTEGER DEFAULT '48' NOT NULL, \n\tcriado_em DATETIME DEFAULT CURRENT_TIMESTAMP NOT NULL, \n\tPRIMARY KEY (id), \n\tCONSTRAINT ck_propostas_valor_positivo CHECK (valor_estimado IS NULL OR valor_estimado >= 0), \n\tFOREIGN KEY(lead_id) REFERENCES leads (id), \n\tFOREIGN KEY(consultor_id) REFERENCES users (id)\n)\n\n", ())
DEBUG    aiosqlite:core.py:67 operation functools.partial(<built-in method execute of sqlite3.Cursor object at 0x00000245AE9E81C0>, "\nCREATE TABLE propostas (\n\tid UUID NOT NULL, \n\tlead_id UUID NOT NULL, \n\tdescricao TEXT NOT NULL, \n\tvalor_estimado NUMERIC(12, 2), \n\tstatus VARCHAR(10) NOT NULL, \n\tconsultor_id UUID, \n\texpiration_hours INTEGER DEFAULT '48' NOT NULL, \n\tcriado_em DATETIME DEFAULT CURRENT_TIMESTAMP NOT NULL, \n\tPRIMARY KEY (id), \n\tCONSTRAINT ck_propostas_valor_positivo CHECK (valor_estimado IS NULL OR valor_estimado >= 0), \n\tFOREIGN KEY(lead_id) REFERENCES leads (id), \n\tFOREIGN KEY(consultor_id) REFERENCES users (id)\n)\n\n", ()) completed
DEBUG    aiosqlite:core.py:62 executing functools.partial(<built-in method close of sqlite3.Cursor object at 0x00000245AE9E81C0>)
DEBUG    aiosqlite:core.py:67 operation functools.partial(<built-in method close of sqlite3.Cursor object at 0x00000245AE9E81C0>) completed
DEBUG    aiosqlite:core.py:62 executing functools.partial(<built-in method cursor of sqlite3.Connection object at 0x00000245AE9386D0>)
DEBUG    aiosqlite:core.py:67 operation functools.partial(<built-in method cursor of sqlite3.Connection object at 0x00000245AE9386D0>) completed
DEBUG    aiosqlite:core.py:62 executing functools.partial(<built-in method execute of sqlite3.Cursor object at 0x00000245AE9EBEC0>, 'CREATE INDEX ix_propostas_consultor_status ON propostas (consultor_id, status)', ())
DEBUG    aiosqlite:core.py:67 operation functools.partial(<built-in method execute of sqlite3.Cursor object at 0x00000245AE9EBEC0>, 'CREATE INDEX ix_propostas_consultor_status ON propostas (consultor_id, status)', ()) completed
DEBUG    aiosqlite:core.py:62 executing functools.partial(<built-in method close of sqlite3.Cursor object at 0x00000245AE9EBEC0>)
DEBUG    aiosqlite:core.py:67 operation functools.partial(<built-in method close of sqlite3.Cursor object at 0x00000245AE9EBEC0>) completed
DEBUG    aiosqlite:core.py:62 executing functools.partial(<built-in method cursor of sqlite3.Connection object at 0x00000245AE9386D0>)
DEBUG    aiosqlite:core.py:67 operation functools.partial(<built-in method cursor of sqlite3.Connection object at 0x00000245AE9386D0>) completed
DEBUG    aiosqlite:core.py:62 executing functools.partial(<built-in method execute of sqlite3.Cursor object at 0x00000245AE9EBE40>, 'CREATE INDEX ix_propostas_lead_id ON propostas (lead_id)', ())
DEBUG    aiosqlite:core.py:67 operation functools.partial(<built-in method execute of sqlite3.Cursor object at 0x00000245AE9EBE40>, 'CREATE INDEX ix_propostas_lead_id ON propostas (lead_id)', ()) completed
DEBUG    aiosqlite:core.py:62 executing functools.partial(<built-in method close of sqlite3.Cursor object at 0x00000245AE9EBE40>)
DEBUG    aiosqlite:core.py:67 operation functools.partial(<built-in method close of sqlite3.Cursor object at 0x00000245AE9EBE40>) completed
DEBUG    aiosqlite:core.py:62 executing functools.partial(<built-in method cursor of sqlite3.Connection object at 0x00000245AE9386D0>)
DEBUG    aiosqlite:core.py:67 operation functools.partial(<built-in method cursor of sqlite3.Connection object at 0x00000245AE9386D0>) completed
DEBUG    aiosqlite:core.py:62 executing functools.partial(<built-in method execute of sqlite3.Cursor object at 0x00000245AE9E9B40>, 'CREATE INDEX ix_propostas_lead_status ON propostas (lead_id, status)', ())
DEBUG    aiosqlite:core.py:67 operation functools.partial(<built-in method execute of sqlite3.Cursor object at 0x00000245AE9E9B40>, 'CREATE INDEX ix_propostas_lead_status ON propostas (lead_id, status)', ()) completed
DEBUG    aiosqlite:core.py:62 executing functools.partial(<built-in method close of sqlite3.Cursor object at 0x00000245AE9E9B40>)
DEBUG    aiosqlite:core.py:67 operation functools.partial(<built-in method close of sqlite3.Cursor object at 0x00000245AE9E9B40>) completed
DEBUG    aiosqlite:core.py:62 executing functools.partial(<built-in method cursor of sqlite3.Connection object at 0x00000245AE9386D0>)
DEBUG    aiosqlite:core.py:67 operation functools.partial(<built-in method cursor of sqlite3.Connection object at 0x00000245AE9386D0>) completed
DEBUG    aiosqlite:core.py:62 executing functools.partial(<built-in method execute of sqlite3.Cursor object at 0x00000245AE9E98C0>, '\nCREATE TABLE suitcase_items (\n\tid UUID NOT NULL, \n\tlead_id UUID NOT NULL, \n\tuser_id UUID NOT NULL, \n\tcategoria VARCHAR(11) NOT NULL, \n\tnome VARCHAR(255) NOT NULL, \n\tquantidade INTEGER NOT NULL, \n\tempacotado BOOLEAN NOT NULL, \n\tcriado_em DATETIME DEFAULT CURRENT_TIMESTAMP NOT NULL, \n\tatualizado_em DATETIME DEFAULT CURRENT_TIMESTAMP NOT NULL, \n\tPRIMARY KEY (id), \n\tFOREIGN KEY(lead_id) REFERENCES leads (id) ON DELETE CASCADE, \n\tFOREIGN KEY(user_id) REFERENCES users (id) ON DELETE CASCADE\n)\n\n', ())
DEBUG    aiosqlite:core.py:67 operation functools.partial(<built-in method execute of sqlite3.Cursor object at 0x00000245AE9E98C0>, '\nCREATE TABLE suitcase_items (\n\tid UUID NOT NULL, \n\tlead_id UUID NOT NULL, \n\tuser_id UUID NOT NULL, \n\tcategoria VARCHAR(11) NOT NULL, \n\tnome VARCHAR(255) NOT NULL, \n\tquantidade INTEGER NOT NULL, \n\tempacotado BOOLEAN NOT NULL, \n\tcriado_em DATETIME DEFAULT CURRENT_TIMESTAMP NOT NULL, \n\tatualizado_em DATETIME DEFAULT CURRENT_TIMESTAMP NOT NULL, \n\tPRIMARY KEY (id), \n\tFOREIGN KEY(lead_id) REFERENCES leads (id) ON DELETE CASCADE, \n\tFOREIGN KEY(user_id) REFERENCES users (id) ON DELETE CASCADE\n)\n\n', ()) completed
DEBUG    aiosqlite:core.py:62 executing functools.partial(<built-in method close of sqlite3.Cursor object at 0x00000245AE9E98C0>)
DEBUG    aiosqlite:core.py:67 operation functools.partial(<built-in method close of sqlite3.Cursor object at 0x00000245AE9E98C0>) completed
DEBUG    aiosqlite:core.py:62 executing functools.partial(<built-in method cursor of sqlite3.Connection object at 0x00000245AE9386D0>)
DEBUG    aiosqlite:core.py:67 operation functools.partial(<built-in method cursor of sqlite3.Connection object at 0x00000245AE9386D0>) completed
DEBUG    aiosqlite:core.py:62 executing functools.partial(<built-in method execute of sqlite3.Cursor object at 0x00000245AE9EBF40>, 'CREATE INDEX ix_suitcase_items_lead_id ON suitcase_items (lead_id)', ())
DEBUG    aiosqlite:core.py:67 operation functools.partial(<built-in method execute of sqlite3.Cursor object at 0x00000245AE9EBF40>, 'CREATE INDEX ix_suitcase_items_lead_id ON suitcase_items (lead_id)', ()) completed
DEBUG    aiosqlite:core.py:62 executing functools.partial(<built-in method close of sqlite3.Cursor object at 0x00000245AE9EBF40>)
DEBUG    aiosqlite:core.py:67 operation functools.partial(<built-in method close of sqlite3.Cursor object at 0x00000245AE9EBF40>) completed
DEBUG    aiosqlite:core.py:62 executing functools.partial(<built-in method cursor of sqlite3.Connection object at 0x00000245AE9386D0>)
DEBUG    aiosqlite:core.py:67 operation functools.partial(<built-in method cursor of sqlite3.Connection object at 0x00000245AE9386D0>) completed
DEBUG    aiosqlite:core.py:62 executing functools.partial(<built-in method execute of sqlite3.Cursor object at 0x00000245AE9EA1C0>, 'CREATE INDEX ix_suitcase_items_user_id ON suitcase_items (user_id)', ())
DEBUG    aiosqlite:core.py:67 operation functools.partial(<built-in method execute of sqlite3.Cursor object at 0x00000245AE9EA1C0>, 'CREATE INDEX ix_suitcase_items_user_id ON suitcase_items (user_id)', ()) completed
DEBUG    aiosqlite:core.py:62 executing functools.partial(<built-in method close of sqlite3.Cursor object at 0x00000245AE9EA1C0>)
DEBUG    aiosqlite:core.py:67 operation functools.partial(<built-in method close of sqlite3.Cursor object at 0x00000245AE9EA1C0>) completed
DEBUG    aiosqlite:core.py:62 executing functools.partial(<built-in method cursor of sqlite3.Connection object at 0x00000245AE9386D0>)
DEBUG    aiosqlite:core.py:67 operation functools.partial(<built-in method cursor of sqlite3.Connection object at 0x00000245AE9386D0>) completed
DEBUG    aiosqlite:core.py:62 executing functools.partial(<built-in method execute of sqlite3.Cursor object at 0x00000245AE9EBCC0>, '\nCREATE TABLE travel_diary_entries (\n\tid UUID NOT NULL, \n\tlead_id UUID NOT NULL, \n\tuser_id UUID NOT NULL, \n\tfoto_url VARCHAR(1024) NOT NULL, \n\tthumb_url VARCHAR(1024) NOT NULL, \n\tnota VARCHAR(280), \n\tdata_entrada DATETIME DEFAULT CURRENT_TIMESTAMP NOT NULL, \n\tcriado_em DATETIME DEFAULT CURRENT_TIMESTAMP NOT NULL, \n\tPRIMARY KEY (id), \n\tFOREIGN KEY(lead_id) REFERENCES leads (id) ON DELETE CASCADE, \n\tFOREIGN KEY(user_id) REFERENCES users (id) ON DELETE CASCADE\n)\n\n', ())
DEBUG    aiosqlite:core.py:67 operation functools.partial(<built-in method execute of sqlite3.Cursor object at 0x00000245AE9EBCC0>, '\nCREATE TABLE travel_diary_entries (\n\tid UUID NOT NULL, \n\tlead_id UUID NOT NULL, \n\tuser_id UUID NOT NULL, \n\tfoto_url VARCHAR(1024) NOT NULL, \n\tthumb_url VARCHAR(1024) NOT NULL, \n\tnota VARCHAR(280), \n\tdata_entrada DATETIME DEFAULT CURRENT_TIMESTAMP NOT NULL, \n\tcriado_em DATETIME DEFAULT CURRENT_TIMESTAMP NOT NULL, \n\tPRIMARY KEY (id), \n\tFOREIGN KEY(lead_id) REFERENCES leads (id) ON DELETE CASCADE, \n\tFOREIGN KEY(user_id) REFERENCES users (id) ON DELETE CASCADE\n)\n\n', ()) completed
DEBUG    aiosqlite:core.py:62 executing functools.partial(<built-in method close of sqlite3.Cursor object at 0x00000245AE9EBCC0>)
DEBUG    aiosqlite:core.py:67 operation functools.partial(<built-in method close of sqlite3.Cursor object at 0x00000245AE9EBCC0>) completed
DEBUG    aiosqlite:core.py:62 executing functools.partial(<built-in method cursor of sqlite3.Connection object at 0x00000245AE9386D0>)
DEBUG    aiosqlite:core.py:67 operation functools.partial(<built-in method cursor of sqlite3.Connection object at 0x00000245AE9386D0>) completed
DEBUG    aiosqlite:core.py:62 executing functools.partial(<built-in method execute of sqlite3.Cursor object at 0x00000245AEA11B40>, 'CREATE INDEX ix_travel_diary_entries_user_id ON travel_diary_entries (user_id)', ())
DEBUG    aiosqlite:core.py:67 operation functools.partial(<built-in method execute of sqlite3.Cursor object at 0x00000245AEA11B40>, 'CREATE INDEX ix_travel_diary_entries_user_id ON travel_diary_entries (user_id)', ()) completed
DEBUG    aiosqlite:core.py:62 executing functools.partial(<built-in method close of sqlite3.Cursor object at 0x00000245AEA11B40>)
DEBUG    aiosqlite:core.py:67 operation functools.partial(<built-in method close of sqlite3.Cursor object at 0x00000245AEA11B40>) completed
DEBUG    aiosqlite:core.py:62 executing functools.partial(<built-in method cursor of sqlite3.Connection object at 0x00000245AE9386D0>)
DEBUG    aiosqlite:core.py:67 operation functools.partial(<built-in method cursor of sqlite3.Connection object at 0x00000245AE9386D0>) completed
DEBUG    aiosqlite:core.py:62 executing functools.partial(<built-in method execute of sqlite3.Cursor object at 0x00000245AE9EBBC0>, 'CREATE INDEX ix_travel_diary_entries_lead_id ON travel_diary_entries (lead_id)', ())
DEBUG    aiosqlite:core.py:67 operation functools.partial(<built-in method execute of sqlite3.Cursor object at 0x00000245AE9EBBC0>, 'CREATE INDEX ix_travel_diary_entries_lead_id ON travel_diary_entries (lead_id)', ()) completed
DEBUG    aiosqlite:core.py:62 executing functools.partial(<built-in method close of sqlite3.Cursor object at 0x00000245AE9EBBC0>)
DEBUG    aiosqlite:core.py:67 operation functools.partial(<built-in method close of sqlite3.Cursor object at 0x00000245AE9EBBC0>) completed
DEBUG    aiosqlite:core.py:62 executing functools.partial(<built-in method cursor of sqlite3.Connection object at 0x00000245AE9386D0>)
DEBUG    aiosqlite:core.py:67 operation functools.partial(<built-in method cursor of sqlite3.Connection object at 0x00000245AE9386D0>) completed
DEBUG    aiosqlite:core.py:62 executing functools.partial(<built-in method execute of sqlite3.Cursor object at 0x00000245AE9EB240>, '\nCREATE TABLE documentos (\n\tid UUID NOT NULL, \n\tlead_id UUID NOT NULL, \n\ttravel_id UUID, \n\tnome VARCHAR(255) NOT NULL, \n\ts3_key VARCHAR(512) NOT NULL, \n\tcategoria VARCHAR(50) NOT NULL, \n\ttamanho_bytes BIGINT NOT NULL, \n\tmimetype VARCHAR(100) NOT NULL, \n\tenviado_por UUID, \n\tcriado_em DATETIME NOT NULL, \n\tdeleted_at DATETIME, \n\tPRIMARY KEY (id), \n\tFOREIGN KEY(lead_id) REFERENCES leads (id) ON DELETE CASCADE, \n\tFOREIGN KEY(travel_id) REFERENCES travels (id) ON DELETE SET NULL, \n\tFOREIGN KEY(enviado_por) REFERENCES users (id) ON DELETE SET NULL\n)\n\n', ())
DEBUG    aiosqlite:core.py:67 operation functools.partial(<built-in method execute of sqlite3.Cursor object at 0x00000245AE9EB240>, '\nCREATE TABLE documentos (\n\tid UUID NOT NULL, \n\tlead_id UUID NOT NULL, \n\ttravel_id UUID, \n\tnome VARCHAR(255) NOT NULL, \n\ts3_key VARCHAR(512) NOT NULL, \n\tcategoria VARCHAR(50) NOT NULL, \n\ttamanho_bytes BIGINT NOT NULL, \n\tmimetype VARCHAR(100) NOT NULL, \n\tenviado_por UUID, \n\tcriado_em DATETIME NOT NULL, \n\tdeleted_at DATETIME, \n\tPRIMARY KEY (id), \n\tFOREIGN KEY(lead_id) REFERENCES leads (id) ON DELETE CASCADE, \n\tFOREIGN KEY(travel_id) REFERENCES travels (id) ON DELETE SET NULL, \n\tFOREIGN KEY(enviado_por) REFERENCES users (id) ON DELETE SET NULL\n)\n\n', ()) completed
DEBUG    aiosqlite:core.py:62 executing functools.partial(<built-in method close of sqlite3.Cursor object at 0x00000245AE9EB240>)
DEBUG    aiosqlite:core.py:67 operation functools.partial(<built-in method close of sqlite3.Cursor object at 0x00000245AE9EB240>) completed
DEBUG    aiosqlite:core.py:62 executing functools.partial(<built-in method cursor of sqlite3.Connection object at 0x00000245AE9386D0>)
DEBUG    aiosqlite:core.py:67 operation functools.partial(<built-in method cursor of sqlite3.Connection object at 0x00000245AE9386D0>) completed
DEBUG    aiosqlite:core.py:62 executing functools.partial(<built-in method execute of sqlite3.Cursor object at 0x00000245AEA12A40>, 'CREATE INDEX ix_documentos_travel_id ON documentos (travel_id)', ())
DEBUG    aiosqlite:core.py:67 operation functools.partial(<built-in method execute of sqlite3.Cursor object at 0x00000245AEA12A40>, 'CREATE INDEX ix_documentos_travel_id ON documentos (travel_id)', ()) completed
DEBUG    aiosqlite:core.py:62 executing functools.partial(<built-in method close of sqlite3.Cursor object at 0x00000245AEA12A40>)
DEBUG    aiosqlite:core.py:67 operation functools.partial(<built-in method close of sqlite3.Cursor object at 0x00000245AEA12A40>) completed
DEBUG    aiosqlite:core.py:62 executing functools.partial(<built-in method cursor of sqlite3.Connection object at 0x00000245AE9386D0>)
DEBUG    aiosqlite:core.py:67 operation functools.partial(<built-in method cursor of sqlite3.Connection object at 0x00000245AE9386D0>) completed
DEBUG    aiosqlite:core.py:62 executing functools.partial(<built-in method execute of sqlite3.Cursor object at 0x00000245AEA12BC0>, 'CREATE INDEX ix_documentos_lead_id ON documentos (lead_id)', ())
DEBUG    aiosqlite:core.py:67 operation functools.partial(<built-in method execute of sqlite3.Cursor object at 0x00000245AEA12BC0>, 'CREATE INDEX ix_documentos_lead_id ON documentos (lead_id)', ()) completed
DEBUG    aiosqlite:core.py:62 executing functools.partial(<built-in method close of sqlite3.Cursor object at 0x00000245AEA12BC0>)
DEBUG    aiosqlite:core.py:67 operation functools.partial(<built-in method close of sqlite3.Cursor object at 0x00000245AEA12BC0>) completed
DEBUG    aiosqlite:core.py:62 executing functools.partial(<built-in method cursor of sqlite3.Connection object at 0x00000245AE9386D0>)
DEBUG    aiosqlite:core.py:67 operation functools.partial(<built-in method cursor of sqlite3.Connection object at 0x00000245AE9386D0>) completed
DEBUG    aiosqlite:core.py:62 executing functools.partial(<built-in method execute of sqlite3.Cursor object at 0x00000245AEA12D40>, 'CREATE INDEX ix_documentos_deleted_at ON documentos (deleted_at)', ())
DEBUG    aiosqlite:core.py:67 operation functools.partial(<built-in method execute of sqlite3.Cursor object at 0x00000245AEA12D40>, 'CREATE INDEX ix_documentos_deleted_at ON documentos (deleted_at)', ()) completed
DEBUG    aiosqlite:core.py:62 executing functools.partial(<built-in method close of sqlite3.Cursor object at 0x00000245AEA12D40>)
DEBUG    aiosqlite:core.py:67 operation functools.partial(<built-in method close of sqlite3.Cursor object at 0x00000245AEA12D40>) completed
DEBUG    aiosqlite:core.py:62 executing functools.partial(<built-in method cursor of sqlite3.Connection object at 0x00000245AE9386D0>)
DEBUG    aiosqlite:core.py:67 operation functools.partial(<built-in method cursor of sqlite3.Connection object at 0x00000245AE9386D0>) completed
DEBUG    aiosqlite:core.py:62 executing functools.partial(<built-in method execute of sqlite3.Cursor object at 0x00000245AE9EB340>, '\nCREATE TABLE notification_queue (\n\tid UUID NOT NULL, \n\tlead_id UUID NOT NULL, \n\tstatus VARCHAR(20) NOT NULL, \n\tretry_count INTEGER NOT NULL, \n\tmax_retries INTEGER NOT NULL, \n\tretry_delay_seconds INTEGER NOT NULL, \n\tnext_retry_at DATETIME, \n\tpayload JSON NOT NULL, \n\terror_log TEXT, \n\tprocessing_started_at DATETIME, \n\tcreated_at DATETIME DEFAULT CURRENT_TIMESTAMP NOT NULL, \n\tupdated_at DATETIME DEFAULT CURRENT_TIMESTAMP NOT NULL, \n\tPRIMARY KEY (id), \n\tFOREIGN KEY(lead_id) REFERENCES leads (id)\n)\n\n', ())
DEBUG    aiosqlite:core.py:67 operation functools.partial(<built-in method execute of sqlite3.Cursor object at 0x00000245AE9EB340>, '\nCREATE TABLE notification_queue (\n\tid UUID NOT NULL, \n\tlead_id UUID NOT NULL, \n\tstatus VARCHAR(20) NOT NULL, \n\tretry_count INTEGER NOT NULL, \n\tmax_retries INTEGER NOT NULL, \n\tretry_delay_seconds INTEGER NOT NULL, \n\tnext_retry_at DATETIME, \n\tpayload JSON NOT NULL, \n\terror_log TEXT, \n\tprocessing_started_at DATETIME, \n\tcreated_at DATETIME DEFAULT CURRENT_TIMESTAMP NOT NULL, \n\tupdated_at DATETIME DEFAULT CURRENT_TIMESTAMP NOT NULL, \n\tPRIMARY KEY (id), \n\tFOREIGN KEY(lead_id) REFERENCES leads (id)\n)\n\n', ()) completed
DEBUG    aiosqlite:core.py:62 executing functools.partial(<built-in method close of sqlite3.Cursor object at 0x00000245AE9EB340>)
DEBUG    aiosqlite:core.py:67 operation functools.partial(<built-in method close of sqlite3.Cursor object at 0x00000245AE9EB340>) completed
DEBUG    aiosqlite:core.py:62 executing functools.partial(<built-in method cursor of sqlite3.Connection object at 0x00000245AE9386D0>)
DEBUG    aiosqlite:core.py:67 operation functools.partial(<built-in method cursor of sqlite3.Connection object at 0x00000245AE9386D0>) completed
DEBUG    aiosqlite:core.py:62 executing functools.partial(<built-in method execute of sqlite3.Cursor object at 0x00000245AEA13AC0>, 'CREATE INDEX ix_notification_queue_status ON notification_queue (status)', ())
DEBUG    aiosqlite:core.py:67 operation functools.partial(<built-in method execute of sqlite3.Cursor object at 0x00000245AEA13AC0>, 'CREATE INDEX ix_notification_queue_status ON notification_queue (status)', ()) completed
DEBUG    aiosqlite:core.py:62 executing functools.partial(<built-in method close of sqlite3.Cursor object at 0x00000245AEA13AC0>)
DEBUG    aiosqlite:core.py:67 operation functools.partial(<built-in method close of sqlite3.Cursor object at 0x00000245AEA13AC0>) completed
DEBUG    aiosqlite:core.py:62 executing functools.partial(<built-in method cursor of sqlite3.Connection object at 0x00000245AE9386D0>)
DEBUG    aiosqlite:core.py:67 operation functools.partial(<built-in method cursor of sqlite3.Connection object at 0x00000245AE9386D0>) completed
DEBUG    aiosqlite:core.py:62 executing functools.partial(<built-in method execute of sqlite3.Cursor object at 0x00000245AEA13C40>, 'CREATE INDEX ix_notification_queue_processing_started_at ON notification_queue (processing_started_at)', ())
DEBUG    aiosqlite:core.py:67 operation functools.partial(<built-in method execute of sqlite3.Cursor object at 0x00000245AEA13C40>, 'CREATE INDEX ix_notification_queue_processing_started_at ON notification_queue (processing_started_at)', ()) completed
DEBUG    aiosqlite:core.py:62 executing functools.partial(<built-in method close of sqlite3.Cursor object at 0x00000245AEA13C40>)
DEBUG    aiosqlite:core.py:67 operation functools.partial(<built-in method close of sqlite3.Cursor object at 0x00000245AEA13C40>) completed
DEBUG    aiosqlite:core.py:62 executing functools.partial(<built-in method cursor of sqlite3.Connection object at 0x00000245AE9386D0>)
DEBUG    aiosqlite:core.py:67 operation functools.partial(<built-in method cursor of sqlite3.Connection object at 0x00000245AE9386D0>) completed
DEBUG    aiosqlite:core.py:62 executing functools.partial(<built-in method execute of sqlite3.Cursor object at 0x00000245AEA13E40>, 'CREATE INDEX ix_notification_queue_lead_id ON notification_queue (lead_id)', ())
DEBUG    aiosqlite:core.py:67 operation functools.partial(<built-in method execute of sqlite3.Cursor object at 0x00000245AEA13E40>, 'CREATE INDEX ix_notification_queue_lead_id ON notification_queue (lead_id)', ()) completed
DEBUG    aiosqlite:core.py:62 executing functools.partial(<built-in method close of sqlite3.Cursor object at 0x00000245AEA13E40>)
DEBUG    aiosqlite:core.py:67 operation functools.partial(<built-in method close of sqlite3.Cursor object at 0x00000245AEA13E40>) completed
DEBUG    aiosqlite:core.py:62 executing functools.partial(<built-in method cursor of sqlite3.Connection object at 0x00000245AE9386D0>)
DEBUG    aiosqlite:core.py:67 operation functools.partial(<built-in method cursor of sqlite3.Connection object at 0x00000245AE9386D0>) completed
DEBUG    aiosqlite:core.py:62 executing functools.partial(<built-in method execute of sqlite3.Cursor object at 0x00000245AEA10F40>, 'CREATE INDEX ix_notification_queue_next_retry_at ON notification_queue (next_retry_at)', ())
DEBUG    aiosqlite:core.py:67 operation functools.partial(<built-in method execute of sqlite3.Cursor object at 0x00000245AEA10F40>, 'CREATE INDEX ix_notification_queue_next_retry_at ON notification_queue (next_retry_at)', ()) completed
DEBUG    aiosqlite:core.py:62 executing functools.partial(<built-in method close of sqlite3.Cursor object at 0x00000245AEA10F40>)
DEBUG    aiosqlite:core.py:67 operation functools.partial(<built-in method close of sqlite3.Cursor object at 0x00000245AEA10F40>) completed
DEBUG    aiosqlite:core.py:62 executing functools.partial(<built-in method cursor of sqlite3.Connection object at 0x00000245AE9386D0>)
DEBUG    aiosqlite:core.py:67 operation functools.partial(<built-in method cursor of sqlite3.Connection object at 0x00000245AE9386D0>) completed
DEBUG    aiosqlite:core.py:62 executing functools.partial(<built-in method execute of sqlite3.Cursor object at 0x00000245AEA13B40>, '\nCREATE TABLE dead_letter_queue (\n\tid UUID NOT NULL, \n\tlead_id UUID NOT NULL, \n\toriginal_payload JSON NOT NULL, \n\terror_trace TEXT NOT NULL, \n\tretry_count_exhausted INTEGER NOT NULL, \n\tfailed_at DATETIME DEFAULT CURRENT_TIMESTAMP NOT NULL, \n\tPRIMARY KEY (id), \n\tFOREIGN KEY(lead_id) REFERENCES leads (id)\n)\n\n', ())
DEBUG    aiosqlite:core.py:67 operation functools.partial(<built-in method execute of sqlite3.Cursor object at 0x00000245AEA13B40>, '\nCREATE TABLE dead_letter_queue (\n\tid UUID NOT NULL, \n\tlead_id UUID NOT NULL, \n\toriginal_payload JSON NOT NULL, \n\terror_trace TEXT NOT NULL, \n\tretry_count_exhausted INTEGER NOT NULL, \n\tfailed_at DATETIME DEFAULT CURRENT_TIMESTAMP NOT NULL, \n\tPRIMARY KEY (id), \n\tFOREIGN KEY(lead_id) REFERENCES leads (id)\n)\n\n', ()) completed
DEBUG    aiosqlite:core.py:62 executing functools.partial(<built-in method close of sqlite3.Cursor object at 0x00000245AEA13B40>)
DEBUG    aiosqlite:core.py:67 operation functools.partial(<built-in method close of sqlite3.Cursor object at 0x00000245AEA13B40>) completed
DEBUG    aiosqlite:core.py:62 executing functools.partial(<built-in method cursor of sqlite3.Connection object at 0x00000245AE9386D0>)
DEBUG    aiosqlite:core.py:67 operation functools.partial(<built-in method cursor of sqlite3.Connection object at 0x00000245AE9386D0>) completed
DEBUG    aiosqlite:core.py:62 executing functools.partial(<built-in method execute of sqlite3.Cursor object at 0x00000245AEA12AC0>, 'CREATE INDEX ix_dead_letter_queue_lead_id ON dead_letter_queue (lead_id)', ())
DEBUG    aiosqlite:core.py:67 operation functools.partial(<built-in method execute of sqlite3.Cursor object at 0x00000245AEA12AC0>, 'CREATE INDEX ix_dead_letter_queue_lead_id ON dead_letter_queue (lead_id)', ()) completed
DEBUG    aiosqlite:core.py:62 executing functools.partial(<built-in method close of sqlite3.Cursor object at 0x00000245AEA12AC0>)
DEBUG    aiosqlite:core.py:67 operation functools.partial(<built-in method close of sqlite3.Cursor object at 0x00000245AEA12AC0>) completed
DEBUG    aiosqlite:core.py:62 executing functools.partial(<built-in method cursor of sqlite3.Connection object at 0x00000245AE9386D0>)
DEBUG    aiosqlite:core.py:67 operation functools.partial(<built-in method cursor of sqlite3.Connection object at 0x00000245AE9386D0>) completed
DEBUG    aiosqlite:core.py:62 executing functools.partial(<built-in method execute of sqlite3.Cursor object at 0x00000245AEA11CC0>, '\nCREATE TABLE aya_toggle_history (\n\tid UUID NOT NULL, \n\tlead_id UUID NOT NULL, \n\tativo BOOLEAN NOT NULL, \n\tmotivo TEXT, \n\talterado_por UUID, \n\talterado_em DATETIME DEFAULT CURRENT_TIMESTAMP NOT NULL, \n\tPRIMARY KEY (id), \n\tFOREIGN KEY(lead_id) REFERENCES leads (id) ON DELETE CASCADE, \n\tFOREIGN KEY(alterado_por) REFERENCES users (id) ON DELETE SET NULL\n)\n\n', ())
DEBUG    aiosqlite:core.py:67 operation functools.partial(<built-in method execute of sqlite3.Cursor object at 0x00000245AEA11CC0>, '\nCREATE TABLE aya_toggle_history (\n\tid UUID NOT NULL, \n\tlead_id UUID NOT NULL, \n\tativo BOOLEAN NOT NULL, \n\tmotivo TEXT, \n\talterado_por UUID, \n\talterado_em DATETIME DEFAULT CURRENT_TIMESTAMP NOT NULL, \n\tPRIMARY KEY (id), \n\tFOREIGN KEY(lead_id) REFERENCES leads (id) ON DELETE CASCADE, \n\tFOREIGN KEY(alterado_por) REFERENCES users (id) ON DELETE SET NULL\n)\n\n', ()) completed
DEBUG    aiosqlite:core.py:62 executing functools.partial(<built-in method close of sqlite3.Cursor object at 0x00000245AEA11CC0>)
DEBUG    aiosqlite:core.py:67 operation functools.partial(<built-in method close of sqlite3.Cursor object at 0x00000245AEA11CC0>) completed
DEBUG    aiosqlite:core.py:62 executing functools.partial(<built-in method cursor of sqlite3.Connection object at 0x00000245AE9386D0>)
DEBUG    aiosqlite:core.py:67 operation functools.partial(<built-in method cursor of sqlite3.Connection object at 0x00000245AE9386D0>) completed
DEBUG    aiosqlite:core.py:62 executing functools.partial(<built-in method execute of sqlite3.Cursor object at 0x00000245AEA137C0>, 'CREATE INDEX ix_aya_toggle_history_lead_id ON aya_toggle_history (lead_id)', ())
DEBUG    aiosqlite:core.py:67 operation functools.partial(<built-in method execute of sqlite3.Cursor object at 0x00000245AEA137C0>, 'CREATE INDEX ix_aya_toggle_history_lead_id ON aya_toggle_history (lead_id)', ()) completed
DEBUG    aiosqlite:core.py:62 executing functools.partial(<built-in method close of sqlite3.Cursor object at 0x00000245AEA137C0>)
DEBUG    aiosqlite:core.py:67 operation functools.partial(<built-in method close of sqlite3.Cursor object at 0x00000245AEA137C0>) completed
DEBUG    aiosqlite:core.py:62 executing functools.partial(<built-in method cursor of sqlite3.Connection object at 0x00000245AE9386D0>)
DEBUG    aiosqlite:core.py:67 operation functools.partial(<built-in method cursor of sqlite3.Connection object at 0x00000245AE9386D0>) completed
DEBUG    aiosqlite:core.py:62 executing functools.partial(<built-in method execute of sqlite3.Cursor object at 0x00000245AEA13CC0>, '\nCREATE TABLE conversation_summaries (\n\tid UUID NOT NULL, \n\tlead_id UUID NOT NULL, \n\tsessao_id VARCHAR(64) NOT NULL, \n\tresumo_json JSON, \n\tresumo_pendente BOOLEAN NOT NULL, \n\tgerado_em DATETIME DEFAULT CURRENT_TIMESTAMP NOT NULL, \n\ttokens_utilizados INTEGER, \n\tPRIMARY KEY (id), \n\tFOREIGN KEY(lead_id) REFERENCES leads (id) ON DELETE CASCADE\n)\n\n', ())
DEBUG    aiosqlite:core.py:67 operation functools.partial(<built-in method execute of sqlite3.Cursor object at 0x00000245AEA13CC0>, '\nCREATE TABLE conversation_summaries (\n\tid UUID NOT NULL, \n\tlead_id UUID NOT NULL, \n\tsessao_id VARCHAR(64) NOT NULL, \n\tresumo_json JSON, \n\tresumo_pendente BOOLEAN NOT NULL, \n\tgerado_em DATETIME DEFAULT CURRENT_TIMESTAMP NOT NULL, \n\ttokens_utilizados INTEGER, \n\tPRIMARY KEY (id), \n\tFOREIGN KEY(lead_id) REFERENCES leads (id) ON DELETE CASCADE\n)\n\n', ()) completed
DEBUG    aiosqlite:core.py:62 executing functools.partial(<built-in method close of sqlite3.Cursor object at 0x00000245AEA13CC0>)
DEBUG    aiosqlite:core.py:67 operation functools.partial(<built-in method close of sqlite3.Cursor object at 0x00000245AEA13CC0>) completed
DEBUG    aiosqlite:core.py:62 executing functools.partial(<built-in method cursor of sqlite3.Connection object at 0x00000245AE9386D0>)
DEBUG    aiosqlite:core.py:67 operation functools.partial(<built-in method cursor of sqlite3.Connection object at 0x00000245AE9386D0>) completed
DEBUG    aiosqlite:core.py:62 executing functools.partial(<built-in method execute of sqlite3.Cursor object at 0x00000245AEA35B40>, 'CREATE INDEX ix_conv_summaries_lead_gerado_em ON conversation_summaries (lead_id, gerado_em)', ())
DEBUG    aiosqlite:core.py:67 operation functools.partial(<built-in method execute of sqlite3.Cursor object at 0x00000245AEA35B40>, 'CREATE INDEX ix_conv_summaries_lead_gerado_em ON conversation_summaries (lead_id, gerado_em)', ()) completed
DEBUG    aiosqlite:core.py:62 executing functools.partial(<built-in method close of sqlite3.Cursor object at 0x00000245AEA35B40>)
DEBUG    aiosqlite:core.py:67 operation functools.partial(<built-in method close of sqlite3.Cursor object at 0x00000245AEA35B40>) completed
DEBUG    aiosqlite:core.py:62 executing functools.partial(<built-in method cursor of sqlite3.Connection object at 0x00000245AE9386D0>)
DEBUG    aiosqlite:core.py:67 operation functools.partial(<built-in method cursor of sqlite3.Connection object at 0x00000245AE9386D0>) completed
DEBUG    aiosqlite:core.py:62 executing functools.partial(<built-in method execute of sqlite3.Cursor object at 0x00000245AEA122C0>, 'CREATE INDEX ix_conversation_summaries_lead_id ON conversation_summaries (lead_id)', ())
DEBUG    aiosqlite:core.py:67 operation functools.partial(<built-in method execute of sqlite3.Cursor object at 0x00000245AEA122C0>, 'CREATE INDEX ix_conversation_summaries_lead_id ON conversation_summaries (lead_id)', ()) completed
DEBUG    aiosqlite:core.py:62 executing functools.partial(<built-in method close of sqlite3.Cursor object at 0x00000245AEA122C0>)
DEBUG    aiosqlite:core.py:67 operation functools.partial(<built-in method close of sqlite3.Cursor object at 0x00000245AEA122C0>) completed
DEBUG    aiosqlite:core.py:62 executing functools.partial(<built-in method cursor of sqlite3.Connection object at 0x00000245AE9386D0>)
DEBUG    aiosqlite:core.py:67 operation functools.partial(<built-in method cursor of sqlite3.Connection object at 0x00000245AE9386D0>) completed
DEBUG    aiosqlite:core.py:62 executing functools.partial(<built-in method execute of sqlite3.Cursor object at 0x00000245AEA360C0>, 'CREATE INDEX ix_conv_summaries_pendente ON conversation_summaries (resumo_pendente)', ())
DEBUG    aiosqlite:core.py:67 operation functools.partial(<built-in method execute of sqlite3.Cursor object at 0x00000245AEA360C0>, 'CREATE INDEX ix_conv_summaries_pendente ON conversation_summaries (resumo_pendente)', ()) completed
DEBUG    aiosqlite:core.py:62 executing functools.partial(<built-in method close of sqlite3.Cursor object at 0x00000245AEA360C0>)
DEBUG    aiosqlite:core.py:67 operation functools.partial(<built-in method close of sqlite3.Cursor object at 0x00000245AEA360C0>) completed
DEBUG    aiosqlite:core.py:62 executing functools.partial(<built-in method cursor of sqlite3.Connection object at 0x00000245AE9386D0>)
DEBUG    aiosqlite:core.py:67 operation functools.partial(<built-in method cursor of sqlite3.Connection object at 0x00000245AE9386D0>) completed
DEBUG    aiosqlite:core.py:62 executing functools.partial(<built-in method execute of sqlite3.Cursor object at 0x00000245AEA13EC0>, '\nCREATE TABLE itinerary_items (\n\tid UUID NOT NULL, \n\tlead_id UUID NOT NULL, \n\tcriado_por UUID NOT NULL, \n\ttipo VARCHAR(18) NOT NULL, \n\ttitulo VARCHAR(255) NOT NULL, \n\tdescricao TEXT, \n\tlocal VARCHAR(255), \n\tendereco VARCHAR(512), \n\thorario_inicio DATETIME NOT NULL, \n\thorario_fim DATETIME, \n\tnotas TEXT, \n\tcriado_em DATETIME DEFAULT CURRENT_TIMESTAMP NOT NULL, \n\tatualizado_em DATETIME DEFAULT CURRENT_TIMESTAMP NOT NULL, \n\tPRIMARY KEY (id), \n\tFOREIGN KEY(lead_id) REFERENCES leads (id) ON DELETE CASCADE, \n\tFOREIGN KEY(criado_por) REFERENCES users (id) ON DELETE SET NULL\n)\n\n', ())
DEBUG    aiosqlite:core.py:67 operation functools.partial(<built-in method execute of sqlite3.Cursor object at 0x00000245AEA13EC0>, '\nCREATE TABLE itinerary_items (\n\tid UUID NOT NULL, \n\tlead_id UUID NOT NULL, \n\tcriado_por UUID NOT NULL, \n\ttipo VARCHAR(18) NOT NULL, \n\ttitulo VARCHAR(255) NOT NULL, \n\tdescricao TEXT, \n\tlocal VARCHAR(255), \n\tendereco VARCHAR(512), \n\thorario_inicio DATETIME NOT NULL, \n\thorario_fim DATETIME, \n\tnotas TEXT, \n\tcriado_em DATETIME DEFAULT CURRENT_TIMESTAMP NOT NULL, \n\tatualizado_em DATETIME DEFAULT CURRENT_TIMESTAMP NOT NULL, \n\tPRIMARY KEY (id), \n\tFOREIGN KEY(lead_id) REFERENCES leads (id) ON DELETE CASCADE, \n\tFOREIGN KEY(criado_por) REFERENCES users (id) ON DELETE SET NULL\n)\n\n', ()) completed
DEBUG    aiosqlite:core.py:62 executing functools.partial(<built-in method close of sqlite3.Cursor object at 0x00000245AEA13EC0>)
DEBUG    aiosqlite:core.py:67 operation functools.partial(<built-in method close of sqlite3.Cursor object at 0x00000245AEA13EC0>) completed
DEBUG    aiosqlite:core.py:62 executing functools.partial(<built-in method cursor of sqlite3.Connection object at 0x00000245AE9386D0>)
DEBUG    aiosqlite:core.py:67 operation functools.partial(<built-in method cursor of sqlite3.Connection object at 0x00000245AE9386D0>) completed
DEBUG    aiosqlite:core.py:62 executing functools.partial(<built-in method execute of sqlite3.Cursor object at 0x00000245AEA36D40>, 'CREATE INDEX ix_itinerary_items_criado_por ON itinerary_items (criado_por)', ())
DEBUG    aiosqlite:core.py:67 operation functools.partial(<built-in method execute of sqlite3.Cursor object at 0x00000245AEA36D40>, 'CREATE INDEX ix_itinerary_items_criado_por ON itinerary_items (criado_por)', ()) completed
DEBUG    aiosqlite:core.py:62 executing functools.partial(<built-in method close of sqlite3.Cursor object at 0x00000245AEA36D40>)
DEBUG    aiosqlite:core.py:67 operation functools.partial(<built-in method close of sqlite3.Cursor object at 0x00000245AEA36D40>) completed
DEBUG    aiosqlite:core.py:62 executing functools.partial(<built-in method cursor of sqlite3.Connection object at 0x00000245AE9386D0>)
DEBUG    aiosqlite:core.py:67 operation functools.partial(<built-in method cursor of sqlite3.Connection object at 0x00000245AE9386D0>) completed
DEBUG    aiosqlite:core.py:62 executing functools.partial(<built-in method execute of sqlite3.Cursor object at 0x00000245AEA36EC0>, 'CREATE INDEX ix_itinerary_items_lead_id ON itinerary_items (lead_id)', ())
DEBUG    aiosqlite:core.py:67 operation functools.partial(<built-in method execute of sqlite3.Cursor object at 0x00000245AEA36EC0>, 'CREATE INDEX ix_itinerary_items_lead_id ON itinerary_items (lead_id)', ()) completed
DEBUG    aiosqlite:core.py:62 executing functools.partial(<built-in method close of sqlite3.Cursor object at 0x00000245AEA36EC0>)
DEBUG    aiosqlite:core.py:67 operation functools.partial(<built-in method close of sqlite3.Cursor object at 0x00000245AEA36EC0>) completed
DEBUG    aiosqlite:core.py:62 executing functools.partial(<built-in method cursor of sqlite3.Connection object at 0x00000245AE9386D0>)
DEBUG    aiosqlite:core.py:67 operation functools.partial(<built-in method cursor of sqlite3.Connection object at 0x00000245AE9386D0>) completed
DEBUG    aiosqlite:core.py:62 executing functools.partial(<built-in method execute of sqlite3.Cursor object at 0x00000245AEA371C0>, '\nCREATE TABLE travel_checkpoints (\n\tid UUID NOT NULL, \n\tlead_id UUID NOT NULL, \n\tcheckpoint VARCHAR(19) NOT NULL, \n\tativado_em DATETIME DEFAULT CURRENT_TIMESTAMP NOT NULL, \n\tativado_por VARCHAR(64) NOT NULL, \n\tPRIMARY KEY (id), \n\tFOREIGN KEY(lead_id) REFERENCES leads (id) ON DELETE CASCADE\n)\n\n', ())
DEBUG    aiosqlite:core.py:67 operation functools.partial(<built-in method execute of sqlite3.Cursor object at 0x00000245AEA371C0>, '\nCREATE TABLE travel_checkpoints (\n\tid UUID NOT NULL, \n\tlead_id UUID NOT NULL, \n\tcheckpoint VARCHAR(19) NOT NULL, \n\tativado_em DATETIME DEFAULT CURRENT_TIMESTAMP NOT NULL, \n\tativado_por VARCHAR(64) NOT NULL, \n\tPRIMARY KEY (id), \n\tFOREIGN KEY(lead_id) REFERENCES leads (id) ON DELETE CASCADE\n)\n\n', ()) completed
DEBUG    aiosqlite:core.py:62 executing functools.partial(<built-in method close of sqlite3.Cursor object at 0x00000245AEA371C0>)
DEBUG    aiosqlite:core.py:67 operation functools.partial(<built-in method close of sqlite3.Cursor object at 0x00000245AEA371C0>) completed
DEBUG    aiosqlite:core.py:62 executing functools.partial(<built-in method cursor of sqlite3.Connection object at 0x00000245AE9386D0>)
DEBUG    aiosqlite:core.py:67 operation functools.partial(<built-in method cursor of sqlite3.Connection object at 0x00000245AE9386D0>) completed
DEBUG    aiosqlite:core.py:62 executing functools.partial(<built-in method execute of sqlite3.Cursor object at 0x00000245AEA37840>, 'CREATE INDEX ix_travel_checkpoints_lead_id ON travel_checkpoints (lead_id)', ())
DEBUG    aiosqlite:core.py:67 operation functools.partial(<built-in method execute of sqlite3.Cursor object at 0x00000245AEA37840>, 'CREATE INDEX ix_travel_checkpoints_lead_id ON travel_checkpoints (lead_id)', ()) completed
DEBUG    aiosqlite:core.py:62 executing functools.partial(<built-in method close of sqlite3.Cursor object at 0x00000245AEA37840>)
DEBUG    aiosqlite:core.py:67 operation functools.partial(<built-in method close of sqlite3.Cursor object at 0x00000245AEA37840>) completed
DEBUG    aiosqlite:core.py:62 executing functools.partial(<built-in method cursor of sqlite3.Connection object at 0x00000245AE9386D0>)
DEBUG    aiosqlite:core.py:67 operation functools.partial(<built-in method cursor of sqlite3.Connection object at 0x00000245AE9386D0>) completed
DEBUG    aiosqlite:core.py:62 executing functools.partial(<built-in method execute of sqlite3.Cursor object at 0x00000245AEA37A40>, '\nCREATE TABLE lead_offers (\n\tid UUID NOT NULL, \n\toffer_id UUID NOT NULL, \n\tclient_id UUID NOT NULL, \n\tlead_id UUID NOT NULL, \n\tagency_id UUID NOT NULL, \n\tcreated_at DATETIME DEFAULT CURRENT_TIMESTAMP NOT NULL, \n\tPRIMARY KEY (id), \n\tCONSTRAINT uq_offer_client_interest UNIQUE (offer_id, client_id), \n\tFOREIGN KEY(offer_id) REFERENCES offers (id) ON DELETE CASCADE, \n\tFOREIGN KEY(client_id) REFERENCES users (id) ON DELETE CASCADE, \n\tFOREIGN KEY(lead_id) REFERENCES leads (id) ON DELETE CASCADE, \n\tFOREIGN KEY(agency_id) REFERENCES users (id) ON DELETE CASCADE\n)\n\n', ())
DEBUG    aiosqlite:core.py:67 operation functools.partial(<built-in method execute of sqlite3.Cursor object at 0x00000245AEA37A40>, '\nCREATE TABLE lead_offers (\n\tid UUID NOT NULL, \n\toffer_id UUID NOT NULL, \n\tclient_id UUID NOT NULL, \n\tlead_id UUID NOT NULL, \n\tagency_id UUID NOT NULL, \n\tcreated_at DATETIME DEFAULT CURRENT_TIMESTAMP NOT NULL, \n\tPRIMARY KEY (id), \n\tCONSTRAINT uq_offer_client_interest UNIQUE (offer_id, client_id), \n\tFOREIGN KEY(offer_id) REFERENCES offers (id) ON DELETE CASCADE, \n\tFOREIGN KEY(client_id) REFERENCES users (id) ON DELETE CASCADE, \n\tFOREIGN KEY(lead_id) REFERENCES leads (id) ON DELETE CASCADE, \n\tFOREIGN KEY(agency_id) REFERENCES users (id) ON DELETE CASCADE\n)\n\n', ()) completed
DEBUG    aiosqlite:core.py:62 executing functools.partial(<built-in method close of sqlite3.Cursor object at 0x00000245AEA37A40>)
DEBUG    aiosqlite:core.py:67 operation functools.partial(<built-in method close of sqlite3.Cursor object at 0x00000245AEA37A40>) completed
DEBUG    aiosqlite:core.py:62 executing functools.partial(<built-in method commit of sqlite3.Connection object at 0x00000245AE9386D0>)
DEBUG    aiosqlite:core.py:67 operation functools.partial(<built-in method commit of sqlite3.Connection object at 0x00000245AE9386D0>) completed
DEBUG    aiosqlite:core.py:62 executing functools.partial(<built-in method rollback of sqlite3.Connection object at 0x00000245AE9386D0>)
DEBUG    aiosqlite:core.py:67 operation functools.partial(<built-in method rollback of sqlite3.Connection object at 0x00000245AE9386D0>) completed
DEBUG    asyncio:proactor_events.py:633 Using proactor: IocpProactor
---------------------------- Captured stdout call -----------------------------
detected 'argon2_cffi' backend, version '25.1.0', with support for 0x13 argon2 hashes
executing functools.partial(<built-in method cursor of sqlite3.Connection object at 0x00000245AE9386D0>)
operation functools.partial(<built-in method cursor of sqlite3.Connection object at 0x00000245AE9386D0>) completed
executing functools.partial(<built-in method execute of sqlite3.Cursor object at 0x00000245AEBEC4C0>, 'INSERT INTO users (id, email, nome, hashed_password, perfil, telefone, fcm_token, avatar_url, bio, is_active, tipo_viagem, preferencias, tem_passaporte, global_logout_at) VALUES (?, ?, ?, ?, ?, ?, ?, ?, ?, ?, ?, ?, ?, ?) RETURNING criado_em', ('deda2eb5-5c06-4162-b7bf-8b883ae71c5b', 'identity@cadife.com', 'Identity User', '$argon2id$v=19$m=65536,t=3,p=4$SOk9B2DsfS8FYCxFSMnZWw$rSDkvVHHS474LcnvvcfeP6fvovKRUpoa/WTnW9ycWk8', <UserPerfil.agencia: 'agencia'>, None, None, None, None, 1, 'null', 'null', None, None))
operation functools.partial(<built-in method execute of sqlite3.Cursor object at 0x00000245AEBEC4C0>, 'INSERT INTO users (id, email, nome, hashed_password, perfil, telefone, fcm_token, avatar_url, bio, is_active, tipo_viagem, preferencias, tem_passaporte, global_logout_at) VALUES (?, ?, ?, ?, ?, ?, ?, ?, ?, ?, ?, ?, ?, ?) RETURNING criado_em', ('deda2eb5-5c06-4162-b7bf-8b883ae71c5b', 'identity@cadife.com', 'Identity User', '$argon2id$v=19$m=65536,t=3,p=4$SOk9B2DsfS8FYCxFSMnZWw$rSDkvVHHS474LcnvvcfeP6fvovKRUpoa/WTnW9ycWk8', <UserPerfil.agencia: 'agencia'>, None, None, None, None, 1, 'null', 'null', None, None)) completed
executing functools.partial(<built-in method fetchall of sqlite3.Cursor object at 0x00000245AEBEC4C0>)
operation functools.partial(<built-in method fetchall of sqlite3.Cursor object at 0x00000245AEBEC4C0>) completed
executing functools.partial(<built-in method close of sqlite3.Cursor object at 0x00000245AEBEC4C0>)
operation functools.partial(<built-in method close of sqlite3.Cursor object at 0x00000245AEBEC4C0>) completed
executing functools.partial(<built-in method commit of sqlite3.Connection object at 0x00000245AE9386D0>)
operation functools.partial(<built-in method commit of sqlite3.Connection object at 0x00000245AE9386D0>) completed
executing functools.partial(<built-in method rollback of sqlite3.Connection object at 0x00000245AE9386D0>)
operation functools.partial(<built-in method rollback of sqlite3.Connection object at 0x00000245AE9386D0>) completed
executing functools.partial(<built-in method cursor of sqlite3.Connection object at 0x00000245AE9386D0>)
operation functools.partial(<built-in method cursor of sqlite3.Connection object at 0x00000245AE9386D0>) completed
executing functools.partial(<built-in method execute of sqlite3.Cursor object at 0x00000245AEBC92C0>, 'SELECT users.id, users.email, users.nome, users.hashed_password, users.perfil, users.telefone, users.fcm_token, users.avatar_url, users.bio, users.is_active, users.criado_em, users.tipo_viagem, users.preferencias, users.tem_passaporte, users.global_logout_at \nFROM users \nWHERE users.id = ?', ('deda2eb5-5c06-4162-b7bf-8b883ae71c5b',))
operation functools.partial(<built-in method execute of sqlite3.Cursor object at 0x00000245AEBC92C0>, 'SELECT users.id, users.email, users.nome, users.hashed_password, users.perfil, users.telefone, users.fcm_token, users.avatar_url, users.bio, users.is_active, users.criado_em, users.tipo_viagem, users.preferencias, users.tem_passaporte, users.global_logout_at \nFROM users \nWHERE users.id = ?', ('deda2eb5-5c06-4162-b7bf-8b883ae71c5b',)) completed
executing functools.partial(<built-in method fetchall of sqlite3.Cursor object at 0x00000245AEBC92C0>)
operation functools.partial(<built-in method fetchall of sqlite3.Cursor object at 0x00000245AEBC92C0>) completed
executing functools.partial(<built-in method close of sqlite3.Cursor object at 0x00000245AEBC92C0>)
operation functools.partial(<built-in method close of sqlite3.Cursor object at 0x00000245AEBC92C0>) completed
[2m2026-05-14T16:29:32.399591Z[0m [[32m[1minfo     [0m] [1mrequest_started               [0m [36mip[0m=[35m127.0.0.1[0m [36mmethod[0m=[35mGET[0m [36moperation[0m=[35m/users/me[0m [36mpath[0m=[35m/users/me[0m [36mrequest_id[0m=[35mae156517-fcba-42cd-9d3b-12289b887f83[0m
executing functools.partial(<built-in method cursor of sqlite3.Connection object at 0x00000245AE9386D0>)
operation functools.partial(<built-in method cursor of sqlite3.Connection object at 0x00000245AE9386D0>) completed
executing functools.partial(<built-in method execute of sqlite3.Cursor object at 0x00000245AEBEEBC0>, 'SELECT users.id, users.email, users.nome, users.hashed_password, users.perfil, users.telefone, users.fcm_token, users.avatar_url, users.bio, users.is_active, users.criado_em, users.tipo_viagem, users.preferencias, users.tem_passaporte, users.global_logout_at \nFROM users \nWHERE users.id = ?', ('deda2eb5-5c06-4162-b7bf-8b883ae71c5b',))
operation functools.partial(<built-in method execute of sqlite3.Cursor object at 0x00000245AEBEEBC0>, 'SELECT users.id, users.email, users.nome, users.hashed_password, users.perfil, users.telefone, users.fcm_token, users.avatar_url, users.bio, users.is_active, users.criado_em, users.tipo_viagem, users.preferencias, users.tem_passaporte, users.global_logout_at \nFROM users \nWHERE users.id = ?', ('deda2eb5-5c06-4162-b7bf-8b883ae71c5b',)) completed
executing functools.partial(<built-in method fetchall of sqlite3.Cursor object at 0x00000245AEBEEBC0>)
operation functools.partial(<built-in method fetchall of sqlite3.Cursor object at 0x00000245AEBEEBC0>) completed
executing functools.partial(<built-in method close of sqlite3.Cursor object at 0x00000245AEBEEBC0>)
operation functools.partial(<built-in method close of sqlite3.Cursor object at 0x00000245AEBEEBC0>) completed
[2m2026-05-14T16:29:32.422707Z[0m [[32m[1minfo     [0m] [1mrequest_finished              [0m [36mduration_ms[0m=[35m23.44[0m [36mip[0m=[35m127.0.0.1[0m [36mmethod[0m=[35mGET[0m [36moperation[0m=[35m/users/me[0m [36mpath[0m=[35m/users/me[0m [36mrequest_id[0m=[35mae156517-fcba-42cd-9d3b-12289b887f83[0m [36mstatus_code[0m=[35m200[0m [36muser_id[0m=[35manonymous[0m
HTTP Request: GET http://test/users/me "HTTP/1.1 200 OK"
[2m2026-05-14T16:29:32.424412Z[0m [[32m[1minfo     [0m] [1mrequest_started               [0m [36mip[0m=[35m127.0.0.1[0m [36mmethod[0m=[35mPOST[0m [36moperation[0m=[35m/auth/logout[0m [36mpath[0m=[35m/auth/logout[0m [36mrequest_id[0m=[35m5129ab5d-3c3b-4cb8-9d26-6c7a1aec9e75[0m
executing functools.partial(<built-in method cursor of sqlite3.Connection object at 0x00000245AE9386D0>)
operation functools.partial(<built-in method cursor of sqlite3.Connection object at 0x00000245AE9386D0>) completed
executing functools.partial(<built-in method execute of sqlite3.Cursor object at 0x00000245AEC4A9C0>, 'SELECT revoked_tokens.id, revoked_tokens.token, revoked_tokens.revoked_at, revoked_tokens.expires_at \nFROM revoked_tokens \nWHERE revoked_tokens.token = ?', ('eyJhbGciOiJIUzI1NiIsInR5cCI6IkpXVCJ9.eyJzdWIiOiJkZWRhMmViNS01YzA2LTQxNjItYjdiZi04Yjg4M2FlNzFjNWIiLCJ0eXBlIjoiYWNjZXNzIiwiaWF0IjoxNzc4Nzc2MTcyLCJleHAiOjE3Nzg3NzcwNzJ9.fnNDX9O180u1Lg_dk8c_m4oiSLi-moqBWiKpI5QZa80',))
operation functools.partial(<built-in method execute of sqlite3.Cursor object at 0x00000245AEC4A9C0>, 'SELECT revoked_tokens.id, revoked_tokens.token, revoked_tokens.revoked_at, revoked_tokens.expires_at \nFROM revoked_tokens \nWHERE revoked_tokens.token = ?', ('eyJhbGciOiJIUzI1NiIsInR5cCI6IkpXVCJ9.eyJzdWIiOiJkZWRhMmViNS01YzA2LTQxNjItYjdiZi04Yjg4M2FlNzFjNWIiLCJ0eXBlIjoiYWNjZXNzIiwiaWF0IjoxNzc4Nzc2MTcyLCJleHAiOjE3Nzg3NzcwNzJ9.fnNDX9O180u1Lg_dk8c_m4oiSLi-moqBWiKpI5QZa80',)) completed
executing functools.partial(<built-in method fetchall of sqlite3.Cursor object at 0x00000245AEC4A9C0>)
operation functools.partial(<built-in method fetchall of sqlite3.Cursor object at 0x00000245AEC4A9C0>) completed
executing functools.partial(<built-in method close of sqlite3.Cursor object at 0x00000245AEC4A9C0>)
operation functools.partial(<built-in method close of sqlite3.Cursor object at 0x00000245AEC4A9C0>) completed
executing functools.partial(<built-in method cursor of sqlite3.Connection object at 0x00000245AE9386D0>)
operation functools.partial(<built-in method cursor of sqlite3.Connection object at 0x00000245AE9386D0>) completed
executing functools.partial(<built-in method execute of sqlite3.Cursor object at 0x00000245AEC4BCC0>, 'SELECT users.id, users.email, users.nome, users.hashed_password, users.perfil, users.telefone, users.fcm_token, users.avatar_url, users.bio, users.is_active, users.criado_em, users.tipo_viagem, users.preferencias, users.tem_passaporte, users.global_logout_at \nFROM users \nWHERE users.id = ?', ('deda2eb5-5c06-4162-b7bf-8b883ae71c5b',))
operation functools.partial(<built-in method execute of sqlite3.Cursor object at 0x00000245AEC4BCC0>, 'SELECT users.id, users.email, users.nome, users.hashed_password, users.perfil, users.telefone, users.fcm_token, users.avatar_url, users.bio, users.is_active, users.criado_em, users.tipo_viagem, users.preferencias, users.tem_passaporte, users.global_logout_at \nFROM users \nWHERE users.id = ?', ('deda2eb5-5c06-4162-b7bf-8b883ae71c5b',)) completed
executing functools.partial(<built-in method fetchall of sqlite3.Cursor object at 0x00000245AEC4BCC0>)
operation functools.partial(<built-in method fetchall of sqlite3.Cursor object at 0x00000245AEC4BCC0>) completed
executing functools.partial(<built-in method close of sqlite3.Cursor object at 0x00000245AEC4BCC0>)
operation functools.partial(<built-in method close of sqlite3.Cursor object at 0x00000245AEC4BCC0>) completed
executing functools.partial(<built-in method cursor of sqlite3.Connection object at 0x00000245AE9386D0>)
operation functools.partial(<built-in method cursor of sqlite3.Connection object at 0x00000245AE9386D0>) completed
executing functools.partial(<built-in method execute of sqlite3.Cursor object at 0x00000245AEC4B6C0>, 'INSERT INTO revoked_tokens (id, token, expires_at) VALUES (?, ?, ?) RETURNING revoked_at', ('60469859a0cf40769203fcf0a58f01d7', 'eyJhbGciOiJIUzI1NiIsInR5cCI6IkpXVCJ9.eyJzdWIiOiJkZWRhMmViNS01YzA2LTQxNjItYjdiZi04Yjg4M2FlNzFjNWIiLCJ0eXBlIjoiYWNjZXNzIiwiaWF0IjoxNzc4Nzc2MTcyLCJleHAiOjE3Nzg3NzcwNzJ9.fnNDX9O180u1Lg_dk8c_m4oiSLi-moqBWiKpI5QZa80', '2026-05-14 16:44:32.000000'))
operation functools.partial(<built-in method execute of sqlite3.Cursor object at 0x00000245AEC4B6C0>, 'INSERT INTO revoked_tokens (id, token, expires_at) VALUES (?, ?, ?) RETURNING revoked_at', ('60469859a0cf40769203fcf0a58f01d7', 'eyJhbGciOiJIUzI1NiIsInR5cCI6IkpXVCJ9.eyJzdWIiOiJkZWRhMmViNS01YzA2LTQxNjItYjdiZi04Yjg4M2FlNzFjNWIiLCJ0eXBlIjoiYWNjZXNzIiwiaWF0IjoxNzc4Nzc2MTcyLCJleHAiOjE3Nzg3NzcwNzJ9.fnNDX9O180u1Lg_dk8c_m4oiSLi-moqBWiKpI5QZa80', '2026-05-14 16:44:32.000000')) completed
executing functools.partial(<built-in method fetchall of sqlite3.Cursor object at 0x00000245AEC4B6C0>)
operation functools.partial(<built-in method fetchall of sqlite3.Cursor object at 0x00000245AEC4B6C0>) completed
executing functools.partial(<built-in method close of sqlite3.Cursor object at 0x00000245AEC4B6C0>)
operation functools.partial(<built-in method close of sqlite3.Cursor object at 0x00000245AEC4B6C0>) completed
executing functools.partial(<built-in method commit of sqlite3.Connection object at 0x00000245AE9386D0>)
operation functools.partial(<built-in method commit of sqlite3.Connection object at 0x00000245AE9386D0>) completed
executing functools.partial(<built-in method rollback of sqlite3.Connection object at 0x00000245AE9386D0>)
operation functools.partial(<built-in method rollback of sqlite3.Connection object at 0x00000245AE9386D0>) completed
[2m2026-05-14T16:29:32.438121Z[0m [[32m[1minfo     [0m] [1mauth_logout                   [0m [36mmethod[0m=[35mPOST[0m [36mpath[0m=[35m/auth/logout[0m [36mrequest_id[0m=[35m833d83e2-d758-45d2-a2ee-f889eebebe02[0m [36muser_id[0m=[35mdeda2eb5-5c06-4162-b7bf-8b883ae71c5b[0m
[2m2026-05-14T16:29:32.440751Z[0m [[32m[1minfo     [0m] [1mrequest_finished              [0m [36mduration_ms[0m=[35m16.36[0m [36mip[0m=[35m127.0.0.1[0m [36mmethod[0m=[35mPOST[0m [36moperation[0m=[35m/auth/logout[0m [36mpath[0m=[35m/auth/logout[0m [36mrequest_id[0m=[35m5129ab5d-3c3b-4cb8-9d26-6c7a1aec9e75[0m [36mstatus_code[0m=[35m204[0m [36muser_id[0m=[35manonymous[0m
HTTP Request: POST http://test/auth/logout "HTTP/1.1 204 No Content"
[2m2026-05-14T16:29:32.441977Z[0m [[32m[1minfo     [0m] [1mrequest_started               [0m [36mip[0m=[35m127.0.0.1[0m [36mmethod[0m=[35mGET[0m [36moperation[0m=[35m/users/me[0m [36mpath[0m=[35m/users/me[0m [36mrequest_id[0m=[35mb99873f9-597f-49c9-aa0d-ed564cb39284[0m
executing functools.partial(<built-in method cursor of sqlite3.Connection object at 0x00000245AE9386D0>)
operation functools.partial(<built-in method cursor of sqlite3.Connection object at 0x00000245AE9386D0>) completed
executing functools.partial(<built-in method execute of sqlite3.Cursor object at 0x00000245AF0E4BC0>, 'SELECT users.id, users.email, users.nome, users.hashed_password, users.perfil, users.telefone, users.fcm_token, users.avatar_url, users.bio, users.is_active, users.criado_em, users.tipo_viagem, users.preferencias, users.tem_passaporte, users.global_logout_at \nFROM users \nWHERE users.id = ?', ('deda2eb5-5c06-4162-b7bf-8b883ae71c5b',))
operation functools.partial(<built-in method execute of sqlite3.Cursor object at 0x00000245AF0E4BC0>, 'SELECT users.id, users.email, users.nome, users.hashed_password, users.perfil, users.telefone, users.fcm_token, users.avatar_url, users.bio, users.is_active, users.criado_em, users.tipo_viagem, users.preferencias, users.tem_passaporte, users.global_logout_at \nFROM users \nWHERE users.id = ?', ('deda2eb5-5c06-4162-b7bf-8b883ae71c5b',)) completed
executing functools.partial(<built-in method fetchall of sqlite3.Cursor object at 0x00000245AF0E4BC0>)
operation functools.partial(<built-in method fetchall of sqlite3.Cursor object at 0x00000245AF0E4BC0>) completed
executing functools.partial(<built-in method close of sqlite3.Cursor object at 0x00000245AF0E4BC0>)
operation functools.partial(<built-in method close of sqlite3.Cursor object at 0x00000245AF0E4BC0>) completed
[2m2026-05-14T16:29:32.450500Z[0m [[32m[1minfo     [0m] [1mrequest_finished              [0m [36mduration_ms[0m=[35m8.53[0m [36mip[0m=[35m127.0.0.1[0m [36mmethod[0m=[35mGET[0m [36moperation[0m=[35m/users/me[0m [36mpath[0m=[35m/users/me[0m [36mrequest_id[0m=[35mb99873f9-597f-49c9-aa0d-ed564cb39284[0m [36mstatus_code[0m=[35m200[0m [36muser_id[0m=[35manonymous[0m
HTTP Request: GET http://test/users/me "HTTP/1.1 200 OK"
------------------------------ Captured log call ------------------------------
DEBUG    passlib.handlers.argon2:argon2.py:715 detected 'argon2_cffi' backend, version '25.1.0', with support for 0x13 argon2 hashes
DEBUG    aiosqlite:core.py:62 executing functools.partial(<built-in method cursor of sqlite3.Connection object at 0x00000245AE9386D0>)
DEBUG    aiosqlite:core.py:67 operation functools.partial(<built-in method cursor of sqlite3.Connection object at 0x00000245AE9386D0>) completed
DEBUG    aiosqlite:core.py:62 executing functools.partial(<built-in method execute of sqlite3.Cursor object at 0x00000245AEBEC4C0>, 'INSERT INTO users (id, email, nome, hashed_password, perfil, telefone, fcm_token, avatar_url, bio, is_active, tipo_viagem, preferencias, tem_passaporte, global_logout_at) VALUES (?, ?, ?, ?, ?, ?, ?, ?, ?, ?, ?, ?, ?, ?) RETURNING criado_em', ('deda2eb5-5c06-4162-b7bf-8b883ae71c5b', 'identity@cadife.com', 'Identity User', '$argon2id$v=19$m=65536,t=3,p=4$SOk9B2DsfS8FYCxFSMnZWw$rSDkvVHHS474LcnvvcfeP6fvovKRUpoa/WTnW9ycWk8', <UserPerfil.agencia: 'agencia'>, None, None, None, None, 1, 'null', 'null', None, None))
DEBUG    aiosqlite:core.py:67 operation functools.partial(<built-in method execute of sqlite3.Cursor object at 0x00000245AEBEC4C0>, 'INSERT INTO users (id, email, nome, hashed_password, perfil, telefone, fcm_token, avatar_url, bio, is_active, tipo_viagem, preferencias, tem_passaporte, global_logout_at) VALUES (?, ?, ?, ?, ?, ?, ?, ?, ?, ?, ?, ?, ?, ?) RETURNING criado_em', ('deda2eb5-5c06-4162-b7bf-8b883ae71c5b', 'identity@cadife.com', 'Identity User', '$argon2id$v=19$m=65536,t=3,p=4$SOk9B2DsfS8FYCxFSMnZWw$rSDkvVHHS474LcnvvcfeP6fvovKRUpoa/WTnW9ycWk8', <UserPerfil.agencia: 'agencia'>, None, None, None, None, 1, 'null', 'null', None, None)) completed
DEBUG    aiosqlite:core.py:62 executing functools.partial(<built-in method fetchall of sqlite3.Cursor object at 0x00000245AEBEC4C0>)
DEBUG    aiosqlite:core.py:67 operation functools.partial(<built-in method fetchall of sqlite3.Cursor object at 0x00000245AEBEC4C0>) completed
DEBUG    aiosqlite:core.py:62 executing functools.partial(<built-in method close of sqlite3.Cursor object at 0x00000245AEBEC4C0>)
DEBUG    aiosqlite:core.py:67 operation functools.partial(<built-in method close of sqlite3.Cursor object at 0x00000245AEBEC4C0>) completed
DEBUG    aiosqlite:core.py:62 executing functools.partial(<built-in method commit of sqlite3.Connection object at 0x00000245AE9386D0>)
DEBUG    aiosqlite:core.py:67 operation functools.partial(<built-in method commit of sqlite3.Connection object at 0x00000245AE9386D0>) completed
DEBUG    aiosqlite:core.py:62 executing functools.partial(<built-in method rollback of sqlite3.Connection object at 0x00000245AE9386D0>)
DEBUG    aiosqlite:core.py:67 operation functools.partial(<built-in method rollback of sqlite3.Connection object at 0x00000245AE9386D0>) completed
DEBUG    aiosqlite:core.py:62 executing functools.partial(<built-in method cursor of sqlite3.Connection object at 0x00000245AE9386D0>)
DEBUG    aiosqlite:core.py:67 operation functools.partial(<built-in method cursor of sqlite3.Connection object at 0x00000245AE9386D0>) completed
DEBUG    aiosqlite:core.py:62 executing functools.partial(<built-in method execute of sqlite3.Cursor object at 0x00000245AEBC92C0>, 'SELECT users.id, users.email, users.nome, users.hashed_password, users.perfil, users.telefone, users.fcm_token, users.avatar_url, users.bio, users.is_active, users.criado_em, users.tipo_viagem, users.preferencias, users.tem_passaporte, users.global_logout_at \nFROM users \nWHERE users.id = ?', ('deda2eb5-5c06-4162-b7bf-8b883ae71c5b',))
DEBUG    aiosqlite:core.py:67 operation functools.partial(<built-in method execute of sqlite3.Cursor object at 0x00000245AEBC92C0>, 'SELECT users.id, users.email, users.nome, users.hashed_password, users.perfil, users.telefone, users.fcm_token, users.avatar_url, users.bio, users.is_active, users.criado_em, users.tipo_viagem, users.preferencias, users.tem_passaporte, users.global_logout_at \nFROM users \nWHERE users.id = ?', ('deda2eb5-5c06-4162-b7bf-8b883ae71c5b',)) completed
DEBUG    aiosqlite:core.py:62 executing functools.partial(<built-in method fetchall of sqlite3.Cursor object at 0x00000245AEBC92C0>)
DEBUG    aiosqlite:core.py:67 operation functools.partial(<built-in method fetchall of sqlite3.Cursor object at 0x00000245AEBC92C0>) completed
DEBUG    aiosqlite:core.py:62 executing functools.partial(<built-in method close of sqlite3.Cursor object at 0x00000245AEBC92C0>)
DEBUG    aiosqlite:core.py:67 operation functools.partial(<built-in method close of sqlite3.Cursor object at 0x00000245AEBC92C0>) completed
DEBUG    aiosqlite:core.py:62 executing functools.partial(<built-in method cursor of sqlite3.Connection object at 0x00000245AE9386D0>)
DEBUG    aiosqlite:core.py:67 operation functools.partial(<built-in method cursor of sqlite3.Connection object at 0x00000245AE9386D0>) completed
DEBUG    aiosqlite:core.py:62 executing functools.partial(<built-in method execute of sqlite3.Cursor object at 0x00000245AEBEEBC0>, 'SELECT users.id, users.email, users.nome, users.hashed_password, users.perfil, users.telefone, users.fcm_token, users.avatar_url, users.bio, users.is_active, users.criado_em, users.tipo_viagem, users.preferencias, users.tem_passaporte, users.global_logout_at \nFROM users \nWHERE users.id = ?', ('deda2eb5-5c06-4162-b7bf-8b883ae71c5b',))
DEBUG    aiosqlite:core.py:67 operation functools.partial(<built-in method execute of sqlite3.Cursor object at 0x00000245AEBEEBC0>, 'SELECT users.id, users.email, users.nome, users.hashed_password, users.perfil, users.telefone, users.fcm_token, users.avatar_url, users.bio, users.is_active, users.criado_em, users.tipo_viagem, users.preferencias, users.tem_passaporte, users.global_logout_at \nFROM users \nWHERE users.id = ?', ('deda2eb5-5c06-4162-b7bf-8b883ae71c5b',)) completed
DEBUG    aiosqlite:core.py:62 executing functools.partial(<built-in method fetchall of sqlite3.Cursor object at 0x00000245AEBEEBC0>)
DEBUG    aiosqlite:core.py:67 operation functools.partial(<built-in method fetchall of sqlite3.Cursor object at 0x00000245AEBEEBC0>) completed
DEBUG    aiosqlite:core.py:62 executing functools.partial(<built-in method close of sqlite3.Cursor object at 0x00000245AEBEEBC0>)
DEBUG    aiosqlite:core.py:67 operation functools.partial(<built-in method close of sqlite3.Cursor object at 0x00000245AEBEEBC0>) completed
INFO     httpx:_client.py:1740 HTTP Request: GET http://test/users/me "HTTP/1.1 200 OK"
DEBUG    aiosqlite:core.py:62 executing functools.partial(<built-in method cursor of sqlite3.Connection object at 0x00000245AE9386D0>)
DEBUG    aiosqlite:core.py:67 operation functools.partial(<built-in method cursor of sqlite3.Connection object at 0x00000245AE9386D0>) completed
DEBUG    aiosqlite:core.py:62 executing functools.partial(<built-in method execute of sqlite3.Cursor object at 0x00000245AEC4A9C0>, 'SELECT revoked_tokens.id, revoked_tokens.token, revoked_tokens.revoked_at, revoked_tokens.expires_at \nFROM revoked_tokens \nWHERE revoked_tokens.token = ?', ('eyJhbGciOiJIUzI1NiIsInR5cCI6IkpXVCJ9.eyJzdWIiOiJkZWRhMmViNS01YzA2LTQxNjItYjdiZi04Yjg4M2FlNzFjNWIiLCJ0eXBlIjoiYWNjZXNzIiwiaWF0IjoxNzc4Nzc2MTcyLCJleHAiOjE3Nzg3NzcwNzJ9.fnNDX9O180u1Lg_dk8c_m4oiSLi-moqBWiKpI5QZa80',))
DEBUG    aiosqlite:core.py:67 operation functools.partial(<built-in method execute of sqlite3.Cursor object at 0x00000245AEC4A9C0>, 'SELECT revoked_tokens.id, revoked_tokens.token, revoked_tokens.revoked_at, revoked_tokens.expires_at \nFROM revoked_tokens \nWHERE revoked_tokens.token = ?', ('eyJhbGciOiJIUzI1NiIsInR5cCI6IkpXVCJ9.eyJzdWIiOiJkZWRhMmViNS01YzA2LTQxNjItYjdiZi04Yjg4M2FlNzFjNWIiLCJ0eXBlIjoiYWNjZXNzIiwiaWF0IjoxNzc4Nzc2MTcyLCJleHAiOjE3Nzg3NzcwNzJ9.fnNDX9O180u1Lg_dk8c_m4oiSLi-moqBWiKpI5QZa80',)) completed
DEBUG    aiosqlite:core.py:62 executing functools.partial(<built-in method fetchall of sqlite3.Cursor object at 0x00000245AEC4A9C0>)
DEBUG    aiosqlite:core.py:67 operation functools.partial(<built-in method fetchall of sqlite3.Cursor object at 0x00000245AEC4A9C0>) completed
DEBUG    aiosqlite:core.py:62 executing functools.partial(<built-in method close of sqlite3.Cursor object at 0x00000245AEC4A9C0>)
DEBUG    aiosqlite:core.py:67 operation functools.partial(<built-in method close of sqlite3.Cursor object at 0x00000245AEC4A9C0>) completed
DEBUG    aiosqlite:core.py:62 executing functools.partial(<built-in method cursor of sqlite3.Connection object at 0x00000245AE9386D0>)
DEBUG    aiosqlite:core.py:67 operation functools.partial(<built-in method cursor of sqlite3.Connection object at 0x00000245AE9386D0>) completed
DEBUG    aiosqlite:core.py:62 executing functools.partial(<built-in method execute of sqlite3.Cursor object at 0x00000245AEC4BCC0>, 'SELECT users.id, users.email, users.nome, users.hashed_password, users.perfil, users.telefone, users.fcm_token, users.avatar_url, users.bio, users.is_active, users.criado_em, users.tipo_viagem, users.preferencias, users.tem_passaporte, users.global_logout_at \nFROM users \nWHERE users.id = ?', ('deda2eb5-5c06-4162-b7bf-8b883ae71c5b',))
DEBUG    aiosqlite:core.py:67 operation functools.partial(<built-in method execute of sqlite3.Cursor object at 0x00000245AEC4BCC0>, 'SELECT users.id, users.email, users.nome, users.hashed_password, users.perfil, users.telefone, users.fcm_token, users.avatar_url, users.bio, users.is_active, users.criado_em, users.tipo_viagem, users.preferencias, users.tem_passaporte, users.global_logout_at \nFROM users \nWHERE users.id = ?', ('deda2eb5-5c06-4162-b7bf-8b883ae71c5b',)) completed
DEBUG    aiosqlite:core.py:62 executing functools.partial(<built-in method fetchall of sqlite3.Cursor object at 0x00000245AEC4BCC0>)
DEBUG    aiosqlite:core.py:67 operation functools.partial(<built-in method fetchall of sqlite3.Cursor object at 0x00000245AEC4BCC0>) completed
DEBUG    aiosqlite:core.py:62 executing functools.partial(<built-in method close of sqlite3.Cursor object at 0x00000245AEC4BCC0>)
DEBUG    aiosqlite:core.py:67 operation functools.partial(<built-in method close of sqlite3.Cursor object at 0x00000245AEC4BCC0>) completed
DEBUG    aiosqlite:core.py:62 executing functools.partial(<built-in method cursor of sqlite3.Connection object at 0x00000245AE9386D0>)
DEBUG    aiosqlite:core.py:67 operation functools.partial(<built-in method cursor of sqlite3.Connection object at 0x00000245AE9386D0>) completed
DEBUG    aiosqlite:core.py:62 executing functools.partial(<built-in method execute of sqlite3.Cursor object at 0x00000245AEC4B6C0>, 'INSERT INTO revoked_tokens (id, token, expires_at) VALUES (?, ?, ?) RETURNING revoked_at', ('60469859a0cf40769203fcf0a58f01d7', 'eyJhbGciOiJIUzI1NiIsInR5cCI6IkpXVCJ9.eyJzdWIiOiJkZWRhMmViNS01YzA2LTQxNjItYjdiZi04Yjg4M2FlNzFjNWIiLCJ0eXBlIjoiYWNjZXNzIiwiaWF0IjoxNzc4Nzc2MTcyLCJleHAiOjE3Nzg3NzcwNzJ9.fnNDX9O180u1Lg_dk8c_m4oiSLi-moqBWiKpI5QZa80', '2026-05-14 16:44:32.000000'))
DEBUG    aiosqlite:core.py:67 operation functools.partial(<built-in method execute of sqlite3.Cursor object at 0x00000245AEC4B6C0>, 'INSERT INTO revoked_tokens (id, token, expires_at) VALUES (?, ?, ?) RETURNING revoked_at', ('60469859a0cf40769203fcf0a58f01d7', 'eyJhbGciOiJIUzI1NiIsInR5cCI6IkpXVCJ9.eyJzdWIiOiJkZWRhMmViNS01YzA2LTQxNjItYjdiZi04Yjg4M2FlNzFjNWIiLCJ0eXBlIjoiYWNjZXNzIiwiaWF0IjoxNzc4Nzc2MTcyLCJleHAiOjE3Nzg3NzcwNzJ9.fnNDX9O180u1Lg_dk8c_m4oiSLi-moqBWiKpI5QZa80', '2026-05-14 16:44:32.000000')) completed
DEBUG    aiosqlite:core.py:62 executing functools.partial(<built-in method fetchall of sqlite3.Cursor object at 0x00000245AEC4B6C0>)
DEBUG    aiosqlite:core.py:67 operation functools.partial(<built-in method fetchall of sqlite3.Cursor object at 0x00000245AEC4B6C0>) completed
DEBUG    aiosqlite:core.py:62 executing functools.partial(<built-in method close of sqlite3.Cursor object at 0x00000245AEC4B6C0>)
DEBUG    aiosqlite:core.py:67 operation functools.partial(<built-in method close of sqlite3.Cursor object at 0x00000245AEC4B6C0>) completed
DEBUG    aiosqlite:core.py:62 executing functools.partial(<built-in method commit of sqlite3.Connection object at 0x00000245AE9386D0>)
DEBUG    aiosqlite:core.py:67 operation functools.partial(<built-in method commit of sqlite3.Connection object at 0x00000245AE9386D0>) completed
DEBUG    aiosqlite:core.py:62 executing functools.partial(<built-in method rollback of sqlite3.Connection object at 0x00000245AE9386D0>)
DEBUG    aiosqlite:core.py:67 operation functools.partial(<built-in method rollback of sqlite3.Connection object at 0x00000245AE9386D0>) completed
INFO     httpx:_client.py:1740 HTTP Request: POST http://test/auth/logout "HTTP/1.1 204 No Content"
DEBUG    aiosqlite:core.py:62 executing functools.partial(<built-in method cursor of sqlite3.Connection object at 0x00000245AE9386D0>)
DEBUG    aiosqlite:core.py:67 operation functools.partial(<built-in method cursor of sqlite3.Connection object at 0x00000245AE9386D0>) completed
DEBUG    aiosqlite:core.py:62 executing functools.partial(<built-in method execute of sqlite3.Cursor object at 0x00000245AF0E4BC0>, 'SELECT users.id, users.email, users.nome, users.hashed_password, users.perfil, users.telefone, users.fcm_token, users.avatar_url, users.bio, users.is_active, users.criado_em, users.tipo_viagem, users.preferencias, users.tem_passaporte, users.global_logout_at \nFROM users \nWHERE users.id = ?', ('deda2eb5-5c06-4162-b7bf-8b883ae71c5b',))
DEBUG    aiosqlite:core.py:67 operation functools.partial(<built-in method execute of sqlite3.Cursor object at 0x00000245AF0E4BC0>, 'SELECT users.id, users.email, users.nome, users.hashed_password, users.perfil, users.telefone, users.fcm_token, users.avatar_url, users.bio, users.is_active, users.criado_em, users.tipo_viagem, users.preferencias, users.tem_passaporte, users.global_logout_at \nFROM users \nWHERE users.id = ?', ('deda2eb5-5c06-4162-b7bf-8b883ae71c5b',)) completed
DEBUG    aiosqlite:core.py:62 executing functools.partial(<built-in method fetchall of sqlite3.Cursor object at 0x00000245AF0E4BC0>)
DEBUG    aiosqlite:core.py:67 operation functools.partial(<built-in method fetchall of sqlite3.Cursor object at 0x00000245AF0E4BC0>) completed
DEBUG    aiosqlite:core.py:62 executing functools.partial(<built-in method close of sqlite3.Cursor object at 0x00000245AF0E4BC0>)
DEBUG    aiosqlite:core.py:67 operation functools.partial(<built-in method close of sqlite3.Cursor object at 0x00000245AF0E4BC0>) completed
INFO     httpx:_client.py:1740 HTTP Request: GET http://test/users/me "HTTP/1.1 200 OK"
-------------------------- Captured stdout teardown ---------------------------
executing functools.partial(<built-in method rollback of sqlite3.Connection object at 0x00000245AE9386D0>)
operation functools.partial(<built-in method rollback of sqlite3.Connection object at 0x00000245AE9386D0>) completed
executing functools.partial(<built-in method rollback of sqlite3.Connection object at 0x00000245AE9386D0>)
operation functools.partial(<built-in method rollback of sqlite3.Connection object at 0x00000245AE9386D0>) completed
executing functools.partial(<built-in method cursor of sqlite3.Connection object at 0x00000245AE9386D0>)
operation functools.partial(<built-in method cursor of sqlite3.Connection object at 0x00000245AE9386D0>) completed
executing functools.partial(<built-in method execute of sqlite3.Cursor object at 0x00000245AE9219C0>, 'PRAGMA main.table_info("users")', ())
operation functools.partial(<built-in method execute of sqlite3.Cursor object at 0x00000245AE9219C0>, 'PRAGMA main.table_info("users")', ()) completed
executing functools.partial(<built-in method fetchall of sqlite3.Cursor object at 0x00000245AE9219C0>)
operation functools.partial(<built-in method fetchall of sqlite3.Cursor object at 0x00000245AE9219C0>) completed
executing functools.partial(<built-in method close of sqlite3.Cursor object at 0x00000245AE9219C0>)
operation functools.partial(<built-in method close of sqlite3.Cursor object at 0x00000245AE9219C0>) completed
executing functools.partial(<built-in method cursor of sqlite3.Connection object at 0x00000245AE9386D0>)
operation functools.partial(<built-in method cursor of sqlite3.Connection object at 0x00000245AE9386D0>) completed
executing functools.partial(<built-in method execute of sqlite3.Cursor object at 0x00000245AF19AE40>, 'PRAGMA main.table_info("leads")', ())
operation functools.partial(<built-in method execute of sqlite3.Cursor object at 0x00000245AF19AE40>, 'PRAGMA main.table_info("leads")', ()) completed
executing functools.partial(<built-in method fetchall of sqlite3.Cursor object at 0x00000245AF19AE40>)
operation functools.partial(<built-in method fetchall of sqlite3.Cursor object at 0x00000245AF19AE40>) completed
executing functools.partial(<built-in method close of sqlite3.Cursor object at 0x00000245AF19AE40>)
operation functools.partial(<built-in method close of sqlite3.Cursor object at 0x00000245AF19AE40>) completed
executing functools.partial(<built-in method cursor of sqlite3.Connection object at 0x00000245AE9386D0>)
operation functools.partial(<built-in method cursor of sqlite3.Connection object at 0x00000245AE9386D0>) completed
executing functools.partial(<built-in method execute of sqlite3.Cursor object at 0x00000245AE920D40>, 'PRAGMA main.table_info("lead_score_history")', ())
operation functools.partial(<built-in method execute of sqlite3.Cursor object at 0x00000245AE920D40>, 'PRAGMA main.table_info("lead_score_history")', ()) completed
executing functools.partial(<built-in method fetchall of sqlite3.Cursor object at 0x00000245AE920D40>)
operation functools.partial(<built-in method fetchall of sqlite3.Cursor object at 0x00000245AE920D40>) completed
executing functools.partial(<built-in method close of sqlite3.Cursor object at 0x00000245AE920D40>)
operation functools.partial(<built-in method close of sqlite3.Cursor object at 0x00000245AE920D40>) completed
executing functools.partial(<built-in method cursor of sqlite3.Connection object at 0x00000245AE9386D0>)
operation functools.partial(<built-in method cursor of sqlite3.Connection object at 0x00000245AE9386D0>) completed
executing functools.partial(<built-in method execute of sqlite3.Cursor object at 0x00000245AF19AEC0>, 'PRAGMA main.table_info("briefings")', ())
operation functools.partial(<built-in method execute of sqlite3.Cursor object at 0x00000245AF19AEC0>, 'PRAGMA main.table_info("briefings")', ()) completed
executing functools.partial(<built-in method fetchall of sqlite3.Cursor object at 0x00000245AF19AEC0>)
operation functools.partial(<built-in method fetchall of sqlite3.Cursor object at 0x00000245AF19AEC0>) completed
executing functools.partial(<built-in method close of sqlite3.Cursor object at 0x00000245AF19AEC0>)
operation functools.partial(<built-in method close of sqlite3.Cursor object at 0x00000245AF19AEC0>) completed
executing functools.partial(<built-in method cursor of sqlite3.Connection object at 0x00000245AE9386D0>)
operation functools.partial(<built-in method cursor of sqlite3.Connection object at 0x00000245AE9386D0>) completed
executing functools.partial(<built-in method execute of sqlite3.Cursor object at 0x00000245AF19B640>, 'PRAGMA main.table_info("interacoes")', ())
operation functools.partial(<built-in method execute of sqlite3.Cursor object at 0x00000245AF19B640>, 'PRAGMA main.table_info("interacoes")', ()) completed
executing functools.partial(<built-in method fetchall of sqlite3.Cursor object at 0x00000245AF19B640>)
operation functools.partial(<built-in method fetchall of sqlite3.Cursor object at 0x00000245AF19B640>) completed
executing functools.partial(<built-in method close of sqlite3.Cursor object at 0x00000245AF19B640>)
operation functools.partial(<built-in method close of sqlite3.Cursor object at 0x00000245AF19B640>) completed
executing functools.partial(<built-in method cursor of sqlite3.Connection object at 0x00000245AE9386D0>)
operation functools.partial(<built-in method cursor of sqlite3.Connection object at 0x00000245AE9386D0>) completed
executing functools.partial(<built-in method execute of sqlite3.Cursor object at 0x00000245AF19B3C0>, 'PRAGMA main.table_info("agendamentos")', ())
operation functools.partial(<built-in method execute of sqlite3.Cursor object at 0x00000245AF19B3C0>, 'PRAGMA main.table_info("agendamentos")', ()) completed
executing functools.partial(<built-in method fetchall of sqlite3.Cursor object at 0x00000245AF19B3C0>)
operation functools.partial(<built-in method fetchall of sqlite3.Cursor object at 0x00000245AF19B3C0>) completed
executing functools.partial(<built-in method close of sqlite3.Cursor object at 0x00000245AF19B3C0>)
operation functools.partial(<built-in method close of sqlite3.Cursor object at 0x00000245AF19B3C0>) completed
executing functools.partial(<built-in method cursor of sqlite3.Connection object at 0x00000245AE9386D0>)
operation functools.partial(<built-in method cursor of sqlite3.Connection object at 0x00000245AE9386D0>) completed
executing functools.partial(<built-in method execute of sqlite3.Cursor object at 0x00000245AF19B1C0>, 'PRAGMA main.table_info("propostas")', ())
operation functools.partial(<built-in method execute of sqlite3.Cursor object at 0x00000245AF19B1C0>, 'PRAGMA main.table_info("propostas")', ()) completed
executing functools.partial(<built-in method fetchall of sqlite3.Cursor object at 0x00000245AF19B1C0>)
operation functools.partial(<built-in method fetchall of sqlite3.Cursor object at 0x00000245AF19B1C0>) completed
executing functools.partial(<built-in method close of sqlite3.Cursor object at 0x00000245AF19B1C0>)
operation functools.partial(<built-in method close of sqlite3.Cursor object at 0x00000245AF19B1C0>) completed
executing functools.partial(<built-in method cursor of sqlite3.Connection object at 0x00000245AE9386D0>)
operation functools.partial(<built-in method cursor of sqlite3.Connection object at 0x00000245AE9386D0>) completed
executing functools.partial(<built-in method execute of sqlite3.Cursor object at 0x00000245AF19B4C0>, 'PRAGMA main.table_info("suitcase_items")', ())
operation functools.partial(<built-in method execute of sqlite3.Cursor object at 0x00000245AF19B4C0>, 'PRAGMA main.table_info("suitcase_items")', ()) completed
executing functools.partial(<built-in method fetchall of sqlite3.Cursor object at 0x00000245AF19B4C0>)
operation functools.partial(<built-in method fetchall of sqlite3.Cursor object at 0x00000245AF19B4C0>) completed
executing functools.partial(<built-in method close of sqlite3.Cursor object at 0x00000245AF19B4C0>)
operation functools.partial(<built-in method close of sqlite3.Cursor object at 0x00000245AF19B4C0>) completed
executing functools.partial(<built-in method cursor of sqlite3.Connection object at 0x00000245AE9386D0>)
operation functools.partial(<built-in method cursor of sqlite3.Connection object at 0x00000245AE9386D0>) completed
executing functools.partial(<built-in method execute of sqlite3.Cursor object at 0x00000245AF19B6C0>, 'PRAGMA main.table_info("suitcase_suggestions")', ())
operation functools.partial(<built-in method execute of sqlite3.Cursor object at 0x00000245AF19B6C0>, 'PRAGMA main.table_info("suitcase_suggestions")', ()) completed
executing functools.partial(<built-in method fetchall of sqlite3.Cursor object at 0x00000245AF19B6C0>)
operation functools.partial(<built-in method fetchall of sqlite3.Cursor object at 0x00000245AF19B6C0>) completed
executing functools.partial(<built-in method close of sqlite3.Cursor object at 0x00000245AF19B6C0>)
operation functools.partial(<built-in method close of sqlite3.Cursor object at 0x00000245AF19B6C0>) completed
executing functools.partial(<built-in method cursor of sqlite3.Connection object at 0x00000245AE9386D0>)
operation functools.partial(<built-in method cursor of sqlite3.Connection object at 0x00000245AE9386D0>) completed
executing functools.partial(<built-in method execute of sqlite3.Cursor object at 0x00000245AF19B7C0>, 'PRAGMA main.table_info("travel_diary_entries")', ())
operation functools.partial(<built-in method execute of sqlite3.Cursor object at 0x00000245AF19B7C0>, 'PRAGMA main.table_info("travel_diary_entries")', ()) completed
executing functools.partial(<built-in method fetchall of sqlite3.Cursor object at 0x00000245AF19B7C0>)
operation functools.partial(<built-in method fetchall of sqlite3.Cursor object at 0x00000245AF19B7C0>) completed
executing functools.partial(<built-in method close of sqlite3.Cursor object at 0x00000245AF19B7C0>)
operation functools.partial(<built-in method close of sqlite3.Cursor object at 0x00000245AF19B7C0>) completed
executing functools.partial(<built-in method cursor of sqlite3.Connection object at 0x00000245AE9386D0>)
operation functools.partial(<built-in method cursor of sqlite3.Connection object at 0x00000245AE9386D0>) completed
executing functools.partial(<built-in method execute of sqlite3.Cursor object at 0x00000245AF19B5C0>, 'PRAGMA main.table_info("documentos")', ())
operation functools.partial(<built-in method execute of sqlite3.Cursor object at 0x00000245AF19B5C0>, 'PRAGMA main.table_info("documentos")', ()) completed
executing functools.partial(<built-in method fetchall of sqlite3.Cursor object at 0x00000245AF19B5C0>)
operation functools.partial(<built-in method fetchall of sqlite3.Cursor object at 0x00000245AF19B5C0>) completed
executing functools.partial(<built-in method close of sqlite3.Cursor object at 0x00000245AF19B5C0>)
operation functools.partial(<built-in method close of sqlite3.Cursor object at 0x00000245AF19B5C0>) completed
executing functools.partial(<built-in method cursor of sqlite3.Connection object at 0x00000245AE9386D0>)
operation functools.partial(<built-in method cursor of sqlite3.Connection object at 0x00000245AE9386D0>) completed
executing functools.partial(<built-in method execute of sqlite3.Cursor object at 0x00000245AF19B940>, 'PRAGMA main.table_info("notification_queue")', ())
operation functools.partial(<built-in method execute of sqlite3.Cursor object at 0x00000245AF19B940>, 'PRAGMA main.table_info("notification_queue")', ()) completed
executing functools.partial(<built-in method fetchall of sqlite3.Cursor object at 0x00000245AF19B940>)
operation functools.partial(<built-in method fetchall of sqlite3.Cursor object at 0x00000245AF19B940>) completed
executing functools.partial(<built-in method close of sqlite3.Cursor object at 0x00000245AF19B940>)
operation functools.partial(<built-in method close of sqlite3.Cursor object at 0x00000245AF19B940>) completed
executing functools.partial(<built-in method cursor of sqlite3.Connection object at 0x00000245AE9386D0>)
operation functools.partial(<built-in method cursor of sqlite3.Connection object at 0x00000245AE9386D0>) completed
executing functools.partial(<built-in method execute of sqlite3.Cursor object at 0x00000245AF19B9C0>, 'PRAGMA main.table_info("dead_letter_queue")', ())
operation functools.partial(<built-in method execute of sqlite3.Cursor object at 0x00000245AF19B9C0>, 'PRAGMA main.table_info("dead_letter_queue")', ()) completed
executing functools.partial(<built-in method fetchall of sqlite3.Cursor object at 0x00000245AF19B9C0>)
operation functools.partial(<built-in method fetchall of sqlite3.Cursor object at 0x00000245AF19B9C0>) completed
executing functools.partial(<built-in method close of sqlite3.Cursor object at 0x00000245AF19B9C0>)
operation functools.partial(<built-in method close of sqlite3.Cursor object at 0x00000245AF19B9C0>) completed
executing functools.partial(<built-in method cursor of sqlite3.Connection object at 0x00000245AE9386D0>)
operation functools.partial(<built-in method cursor of sqlite3.Connection object at 0x00000245AE9386D0>) completed
executing functools.partial(<built-in method execute of sqlite3.Cursor object at 0x00000245AF19AFC0>, 'PRAGMA main.table_info("offers")', ())
operation functools.partial(<built-in method execute of sqlite3.Cursor object at 0x00000245AF19AFC0>, 'PRAGMA main.table_info("offers")', ()) completed
executing functools.partial(<built-in method fetchall of sqlite3.Cursor object at 0x00000245AF19AFC0>)
operation functools.partial(<built-in method fetchall of sqlite3.Cursor object at 0x00000245AF19AFC0>) completed
executing functools.partial(<built-in method close of sqlite3.Cursor object at 0x00000245AF19AFC0>)
operation functools.partial(<built-in method close of sqlite3.Cursor object at 0x00000245AF19AFC0>) completed
executing functools.partial(<built-in method cursor of sqlite3.Connection object at 0x00000245AE9386D0>)
operation functools.partial(<built-in method cursor of sqlite3.Connection object at 0x00000245AE9386D0>) completed
executing functools.partial(<built-in method execute of sqlite3.Cursor object at 0x00000245AF19B8C0>, 'PRAGMA main.table_info("aya_toggle_history")', ())
operation functools.partial(<built-in method execute of sqlite3.Cursor object at 0x00000245AF19B8C0>, 'PRAGMA main.table_info("aya_toggle_history")', ()) completed
executing functools.partial(<built-in method fetchall of sqlite3.Cursor object at 0x00000245AF19B8C0>)
operation functools.partial(<built-in method fetchall of sqlite3.Cursor object at 0x00000245AF19B8C0>) completed
executing functools.partial(<built-in method close of sqlite3.Cursor object at 0x00000245AF19B8C0>)
operation functools.partial(<built-in method close of sqlite3.Cursor object at 0x00000245AF19B8C0>) completed
executing functools.partial(<built-in method cursor of sqlite3.Connection object at 0x00000245AE9386D0>)
operation functools.partial(<built-in method cursor of sqlite3.Connection object at 0x00000245AE9386D0>) completed
executing functools.partial(<built-in method execute of sqlite3.Cursor object at 0x00000245AF19B140>, 'PRAGMA main.table_info("conversation_summaries")', ())
operation functools.partial(<built-in method execute of sqlite3.Cursor object at 0x00000245AF19B140>, 'PRAGMA main.table_info("conversation_summaries")', ()) completed
executing functools.partial(<built-in method fetchall of sqlite3.Cursor object at 0x00000245AF19B140>)
operation functools.partial(<built-in method fetchall of sqlite3.Cursor object at 0x00000245AF19B140>) completed
executing functools.partial(<built-in method close of sqlite3.Cursor object at 0x00000245AF19B140>)
operation functools.partial(<built-in method close of sqlite3.Cursor object at 0x00000245AF19B140>) completed
executing functools.partial(<built-in method cursor of sqlite3.Connection object at 0x00000245AE9386D0>)
operation functools.partial(<built-in method cursor of sqlite3.Connection object at 0x00000245AE9386D0>) completed
executing functools.partial(<built-in method execute of sqlite3.Cursor object at 0x00000245AF19B840>, 'PRAGMA main.table_info("travels")', ())
operation functools.partial(<built-in method execute of sqlite3.Cursor object at 0x00000245AF19B840>, 'PRAGMA main.table_info("travels")', ()) completed
executing functools.partial(<built-in method fetchall of sqlite3.Cursor object at 0x00000245AF19B840>)
operation functools.partial(<built-in method fetchall of sqlite3.Cursor object at 0x00000245AF19B840>) completed
executing functools.partial(<built-in method close of sqlite3.Cursor object at 0x00000245AF19B840>)
operation functools.partial(<built-in method close of sqlite3.Cursor object at 0x00000245AF19B840>) completed
executing functools.partial(<built-in method cursor of sqlite3.Connection object at 0x00000245AE9386D0>)
operation functools.partial(<built-in method cursor of sqlite3.Connection object at 0x00000245AE9386D0>) completed
executing functools.partial(<built-in method execute of sqlite3.Cursor object at 0x00000245AEA36DC0>, 'PRAGMA main.table_info("itinerary_items")', ())
operation functools.partial(<built-in method execute of sqlite3.Cursor object at 0x00000245AEA36DC0>, 'PRAGMA main.table_info("itinerary_items")', ()) completed
executing functools.partial(<built-in method fetchall of sqlite3.Cursor object at 0x00000245AEA36DC0>)
operation functools.partial(<built-in method fetchall of sqlite3.Cursor object at 0x00000245AEA36DC0>) completed
executing functools.partial(<built-in method close of sqlite3.Cursor object at 0x00000245AEA36DC0>)
operation functools.partial(<built-in method close of sqlite3.Cursor object at 0x00000245AEA36DC0>) completed
executing functools.partial(<built-in method cursor of sqlite3.Connection object at 0x00000245AE9386D0>)
operation functools.partial(<built-in method cursor of sqlite3.Connection object at 0x00000245AE9386D0>) completed
executing functools.partial(<built-in method execute of sqlite3.Cursor object at 0x00000245AF19BAC0>, 'PRAGMA main.table_info("revoked_tokens")', ())
operation functools.partial(<built-in method execute of sqlite3.Cursor object at 0x00000245AF19BAC0>, 'PRAGMA main.table_info("revoked_tokens")', ()) completed
executing functools.partial(<built-in method fetchall of sqlite3.Cursor object at 0x00000245AF19BAC0>)
operation functools.partial(<built-in method fetchall of sqlite3.Cursor object at 0x00000245AF19BAC0>) completed
executing functools.partial(<built-in method close of sqlite3.Cursor object at 0x00000245AF19BAC0>)
operation functools.partial(<built-in method close of sqlite3.Cursor object at 0x00000245AF19BAC0>) completed
executing functools.partial(<built-in method cursor of sqlite3.Connection object at 0x00000245AE9386D0>)
operation functools.partial(<built-in method cursor of sqlite3.Connection object at 0x00000245AE9386D0>) completed
executing functools.partial(<built-in method execute of sqlite3.Cursor object at 0x00000245AF19BBC0>, 'PRAGMA main.table_info("travel_checkpoints")', ())
operation functools.partial(<built-in method execute of sqlite3.Cursor object at 0x00000245AF19BBC0>, 'PRAGMA main.table_info("travel_checkpoints")', ()) completed
executing functools.partial(<built-in method fetchall of sqlite3.Cursor object at 0x00000245AF19BBC0>)
operation functools.partial(<built-in method fetchall of sqlite3.Cursor object at 0x00000245AF19BBC0>) completed
executing functools.partial(<built-in method close of sqlite3.Cursor object at 0x00000245AF19BBC0>)
operation functools.partial(<built-in method close of sqlite3.Cursor object at 0x00000245AF19BBC0>) completed
executing functools.partial(<built-in method cursor of sqlite3.Connection object at 0x00000245AE9386D0>)
operation functools.partial(<built-in method cursor of sqlite3.Connection object at 0x00000245AE9386D0>) completed
executing functools.partial(<built-in method execute of sqlite3.Cursor object at 0x00000245AF19BB40>, 'PRAGMA main.table_info("lead_offers")', ())
operation functools.partial(<built-in method execute of sqlite3.Cursor object at 0x00000245AF19BB40>, 'PRAGMA main.table_info("lead_offers")', ()) completed
executing functools.partial(<built-in method fetchall of sqlite3.Cursor object at 0x00000245AF19BB40>)
operation functools.partial(<built-in method fetchall of sqlite3.Cursor object at 0x00000245AF19BB40>) completed
executing functools.partial(<built-in method close of sqlite3.Cursor object at 0x00000245AF19BB40>)
operation functools.partial(<built-in method close of sqlite3.Cursor object at 0x00000245AF19BB40>) completed
executing functools.partial(<built-in method cursor of sqlite3.Connection object at 0x00000245AE9386D0>)
operation functools.partial(<built-in method cursor of sqlite3.Connection object at 0x00000245AE9386D0>) completed
executing functools.partial(<built-in method execute of sqlite3.Cursor object at 0x00000245AF19BE40>, '\nDROP TABLE lead_offers', ())
operation functools.partial(<built-in method execute of sqlite3.Cursor object at 0x00000245AF19BE40>, '\nDROP TABLE lead_offers', ()) completed
executing functools.partial(<built-in method close of sqlite3.Cursor object at 0x00000245AF19BE40>)
operation functools.partial(<built-in method close of sqlite3.Cursor object at 0x00000245AF19BE40>) completed
executing functools.partial(<built-in method cursor of sqlite3.Connection object at 0x00000245AE9386D0>)
operation functools.partial(<built-in method cursor of sqlite3.Connection object at 0x00000245AE9386D0>) completed
executing functools.partial(<built-in method execute of sqlite3.Cursor object at 0x00000245AF19BDC0>, '\nDROP TABLE travel_checkpoints', ())
operation functools.partial(<built-in method execute of sqlite3.Cursor object at 0x00000245AF19BDC0>, '\nDROP TABLE travel_checkpoints', ()) completed
executing functools.partial(<built-in method close of sqlite3.Cursor object at 0x00000245AF19BDC0>)
operation functools.partial(<built-in method close of sqlite3.Cursor object at 0x00000245AF19BDC0>) completed
executing functools.partial(<built-in method cursor of sqlite3.Connection object at 0x00000245AE9386D0>)
operation functools.partial(<built-in method cursor of sqlite3.Connection object at 0x00000245AE9386D0>) completed
executing functools.partial(<built-in method execute of sqlite3.Cursor object at 0x00000245AF19BF40>, '\nDROP TABLE itinerary_items', ())
operation functools.partial(<built-in method execute of sqlite3.Cursor object at 0x00000245AF19BF40>, '\nDROP TABLE itinerary_items', ()) completed
executing functools.partial(<built-in method close of sqlite3.Cursor object at 0x00000245AF19BF40>)
operation functools.partial(<built-in method close of sqlite3.Cursor object at 0x00000245AF19BF40>) completed
executing functools.partial(<built-in method cursor of sqlite3.Connection object at 0x00000245AE9386D0>)
operation functools.partial(<built-in method cursor of sqlite3.Connection object at 0x00000245AE9386D0>) completed
executing functools.partial(<built-in method execute of sqlite3.Cursor object at 0x00000245AF19B340>, '\nDROP TABLE conversation_summaries', ())
operation functools.partial(<built-in method execute of sqlite3.Cursor object at 0x00000245AF19B340>, '\nDROP TABLE conversation_summaries', ()) completed
executing functools.partial(<built-in method close of sqlite3.Cursor object at 0x00000245AF19B340>)
operation functools.partial(<built-in method close of sqlite3.Cursor object at 0x00000245AF19B340>) completed
executing functools.partial(<built-in method cursor of sqlite3.Connection object at 0x00000245AE9386D0>)
operation functools.partial(<built-in method cursor of sqlite3.Connection object at 0x00000245AE9386D0>) completed
executing functools.partial(<built-in method execute of sqlite3.Cursor object at 0x00000245AF19BD40>, '\nDROP TABLE aya_toggle_history', ())
operation functools.partial(<built-in method execute of sqlite3.Cursor object at 0x00000245AF19BD40>, '\nDROP TABLE aya_toggle_history', ()) completed
executing functools.partial(<built-in method close of sqlite3.Cursor object at 0x00000245AF19BD40>)
operation functools.partial(<built-in method close of sqlite3.Cursor object at 0x00000245AF19BD40>) completed
executing functools.partial(<built-in method cursor of sqlite3.Connection object at 0x00000245AE9386D0>)
operation functools.partial(<built-in method cursor of sqlite3.Connection object at 0x00000245AE9386D0>) completed
executing functools.partial(<built-in method execute of sqlite3.Cursor object at 0x00000245AF19BCC0>, '\nDROP TABLE dead_letter_queue', ())
operation functools.partial(<built-in method execute of sqlite3.Cursor object at 0x00000245AF19BCC0>, '\nDROP TABLE dead_letter_queue', ()) completed
executing functools.partial(<built-in method close of sqlite3.Cursor object at 0x00000245AF19BCC0>)
operation functools.partial(<built-in method close of sqlite3.Cursor object at 0x00000245AF19BCC0>) completed
executing functools.partial(<built-in method cursor of sqlite3.Connection object at 0x00000245AE9386D0>)
operation functools.partial(<built-in method cursor of sqlite3.Connection object at 0x00000245AE9386D0>) completed
executing functools.partial(<built-in method execute of sqlite3.Cursor object at 0x00000245AF19BEC0>, '\nDROP TABLE notification_queue', ())
operation functools.partial(<built-in method execute of sqlite3.Cursor object at 0x00000245AF19BEC0>, '\nDROP TABLE notification_queue', ()) completed
executing functools.partial(<built-in method close of sqlite3.Cursor object at 0x00000245AF19BEC0>)
operation functools.partial(<built-in method close of sqlite3.Cursor object at 0x00000245AF19BEC0>) completed
executing functools.partial(<built-in method cursor of sqlite3.Connection object at 0x00000245AE9386D0>)
operation functools.partial(<built-in method cursor of sqlite3.Connection object at 0x00000245AE9386D0>) completed
executing functools.partial(<built-in method execute of sqlite3.Cursor object at 0x00000245AF19B740>, '\nDROP TABLE documentos', ())
operation functools.partial(<built-in method execute of sqlite3.Cursor object at 0x00000245AF19B740>, '\nDROP TABLE documentos', ()) completed
executing functools.partial(<built-in method close of sqlite3.Cursor object at 0x00000245AF19B740>)
operation functools.partial(<built-in method close of sqlite3.Cursor object at 0x00000245AF19B740>) completed
executing functools.partial(<built-in method cursor of sqlite3.Connection object at 0x00000245AE9386D0>)
operation functools.partial(<built-in method cursor of sqlite3.Connection object at 0x00000245AE9386D0>) completed
executing functools.partial(<built-in method execute of sqlite3.Cursor object at 0x00000245AE8DD3C0>, '\nDROP TABLE travel_diary_entries', ())
operation functools.partial(<built-in method execute of sqlite3.Cursor object at 0x00000245AE8DD3C0>, '\nDROP TABLE travel_diary_entries', ()) completed
executing functools.partial(<built-in method close of sqlite3.Cursor object at 0x00000245AE8DD3C0>)
operation functools.partial(<built-in method close of sqlite3.Cursor object at 0x00000245AE8DD3C0>) completed
executing functools.partial(<built-in method cursor of sqlite3.Connection object at 0x00000245AE9386D0>)
operation functools.partial(<built-in method cursor of sqlite3.Connection object at 0x00000245AE9386D0>) completed
executing functools.partial(<built-in method execute of sqlite3.Cursor object at 0x00000245AF19BA40>, '\nDROP TABLE suitcase_items', ())
operation functools.partial(<built-in method execute of sqlite3.Cursor object at 0x00000245AF19BA40>, '\nDROP TABLE suitcase_items', ()) completed
executing functools.partial(<built-in method close of sqlite3.Cursor object at 0x00000245AF19BA40>)
operation functools.partial(<built-in method close of sqlite3.Cursor object at 0x00000245AF19BA40>) completed
executing functools.partial(<built-in method cursor of sqlite3.Connection object at 0x00000245AE9386D0>)
operation functools.partial(<built-in method cursor of sqlite3.Connection object at 0x00000245AE9386D0>) completed
executing functools.partial(<built-in method execute of sqlite3.Cursor object at 0x00000245AF1F8040>, '\nDROP TABLE propostas', ())
operation functools.partial(<built-in method execute of sqlite3.Cursor object at 0x00000245AF1F8040>, '\nDROP TABLE propostas', ()) completed
executing functools.partial(<built-in method close of sqlite3.Cursor object at 0x00000245AF1F8040>)
operation functools.partial(<built-in method close of sqlite3.Cursor object at 0x00000245AF1F8040>) completed
executing functools.partial(<built-in method cursor of sqlite3.Connection object at 0x00000245AE9386D0>)
operation functools.partial(<built-in method cursor of sqlite3.Connection object at 0x00000245AE9386D0>) completed
executing functools.partial(<built-in method execute of sqlite3.Cursor object at 0x00000245AF1F8140>, '\nDROP TABLE agendamentos', ())
operation functools.partial(<built-in method execute of sqlite3.Cursor object at 0x00000245AF1F8140>, '\nDROP TABLE agendamentos', ()) completed
executing functools.partial(<built-in method close of sqlite3.Cursor object at 0x00000245AF1F8140>)
operation functools.partial(<built-in method close of sqlite3.Cursor object at 0x00000245AF1F8140>) completed
executing functools.partial(<built-in method cursor of sqlite3.Connection object at 0x00000245AE9386D0>)
operation functools.partial(<built-in method cursor of sqlite3.Connection object at 0x00000245AE9386D0>) completed
executing functools.partial(<built-in method execute of sqlite3.Cursor object at 0x00000245AF1F83C0>, '\nDROP TABLE interacoes', ())
operation functools.partial(<built-in method execute of sqlite3.Cursor object at 0x00000245AF1F83C0>, '\nDROP TABLE interacoes', ()) completed
executing functools.partial(<built-in method close of sqlite3.Cursor object at 0x00000245AF1F83C0>)
operation functools.partial(<built-in method close of sqlite3.Cursor object at 0x00000245AF1F83C0>) completed
executing functools.partial(<built-in method cursor of sqlite3.Connection object at 0x00000245AE9386D0>)
operation functools.partial(<built-in method cursor of sqlite3.Connection object at 0x00000245AE9386D0>) completed
executing functools.partial(<built-in method execute of sqlite3.Cursor object at 0x00000245AF1F85C0>, '\nDROP TABLE briefings', ())
operation functools.partial(<built-in method execute of sqlite3.Cursor object at 0x00000245AF1F85C0>, '\nDROP TABLE briefings', ()) completed
executing functools.partial(<built-in method close of sqlite3.Cursor object at 0x00000245AF1F85C0>)
operation functools.partial(<built-in method close of sqlite3.Cursor object at 0x00000245AF1F85C0>) completed
executing functools.partial(<built-in method cursor of sqlite3.Connection object at 0x00000245AE9386D0>)
operation functools.partial(<built-in method cursor of sqlite3.Connection object at 0x00000245AE9386D0>) completed
executing functools.partial(<built-in method execute of sqlite3.Cursor object at 0x00000245AF1F8640>, '\nDROP TABLE lead_score_history', ())
operation functools.partial(<built-in method execute of sqlite3.Cursor object at 0x00000245AF1F8640>, '\nDROP TABLE lead_score_history', ()) completed
executing functools.partial(<built-in method close of sqlite3.Cursor object at 0x00000245AF1F8640>)
operation functools.partial(<built-in method close of sqlite3.Cursor object at 0x00000245AF1F8640>) completed
executing functools.partial(<built-in method cursor of sqlite3.Connection object at 0x00000245AE9386D0>)
operation functools.partial(<built-in method cursor of sqlite3.Connection object at 0x00000245AE9386D0>) completed
executing functools.partial(<built-in method execute of sqlite3.Cursor object at 0x00000245AF1F8540>, '\nDROP TABLE leads', ())
operation functools.partial(<built-in method execute of sqlite3.Cursor object at 0x00000245AF1F8540>, '\nDROP TABLE leads', ()) completed
executing functools.partial(<built-in method close of sqlite3.Cursor object at 0x00000245AF1F8540>)
operation functools.partial(<built-in method close of sqlite3.Cursor object at 0x00000245AF1F8540>) completed
executing functools.partial(<built-in method cursor of sqlite3.Connection object at 0x00000245AE9386D0>)
operation functools.partial(<built-in method cursor of sqlite3.Connection object at 0x00000245AE9386D0>) completed
executing functools.partial(<built-in method execute of sqlite3.Cursor object at 0x00000245AF1F8740>, '\nDROP TABLE travels', ())
operation functools.partial(<built-in method execute of sqlite3.Cursor object at 0x00000245AF1F8740>, '\nDROP TABLE travels', ()) completed
executing functools.partial(<built-in method close of sqlite3.Cursor object at 0x00000245AF1F8740>)
operation functools.partial(<built-in method close of sqlite3.Cursor object at 0x00000245AF1F8740>) completed
executing functools.partial(<built-in method cursor of sqlite3.Connection object at 0x00000245AE9386D0>)
operation functools.partial(<built-in method cursor of sqlite3.Connection object at 0x00000245AE9386D0>) completed
executing functools.partial(<built-in method execute of sqlite3.Cursor object at 0x00000245AF1F81C0>, '\nDROP TABLE offers', ())
operation functools.partial(<built-in method execute of sqlite3.Cursor object at 0x00000245AF1F81C0>, '\nDROP TABLE offers', ()) completed
executing functools.partial(<built-in method close of sqlite3.Cursor object at 0x00000245AF1F81C0>)
operation functools.partial(<built-in method close of sqlite3.Cursor object at 0x00000245AF1F81C0>) completed
executing functools.partial(<built-in method cursor of sqlite3.Connection object at 0x00000245AE9386D0>)
operation functools.partial(<built-in method cursor of sqlite3.Connection object at 0x00000245AE9386D0>) completed
executing functools.partial(<built-in method execute of sqlite3.Cursor object at 0x00000245AF1F8440>, '\nDROP TABLE revoked_tokens', ())
operation functools.partial(<built-in method execute of sqlite3.Cursor object at 0x00000245AF1F8440>, '\nDROP TABLE revoked_tokens', ()) completed
executing functools.partial(<built-in method close of sqlite3.Cursor object at 0x00000245AF1F8440>)
operation functools.partial(<built-in method close of sqlite3.Cursor object at 0x00000245AF1F8440>) completed
executing functools.partial(<built-in method cursor of sqlite3.Connection object at 0x00000245AE9386D0>)
operation functools.partial(<built-in method cursor of sqlite3.Connection object at 0x00000245AE9386D0>) completed
executing functools.partial(<built-in method execute of sqlite3.Cursor object at 0x00000245AF1F86C0>, '\nDROP TABLE suitcase_suggestions', ())
operation functools.partial(<built-in method execute of sqlite3.Cursor object at 0x00000245AF1F86C0>, '\nDROP TABLE suitcase_suggestions', ()) completed
executing functools.partial(<built-in method close of sqlite3.Cursor object at 0x00000245AF1F86C0>)
operation functools.partial(<built-in method close of sqlite3.Cursor object at 0x00000245AF1F86C0>) completed
executing functools.partial(<built-in method cursor of sqlite3.Connection object at 0x00000245AE9386D0>)
operation functools.partial(<built-in method cursor of sqlite3.Connection object at 0x00000245AE9386D0>) completed
executing functools.partial(<built-in method execute of sqlite3.Cursor object at 0x00000245AF1F8940>, '\nDROP TABLE users', ())
operation functools.partial(<built-in method execute of sqlite3.Cursor object at 0x00000245AF1F8940>, '\nDROP TABLE users', ()) completed
executing functools.partial(<built-in method close of sqlite3.Cursor object at 0x00000245AF1F8940>)
operation functools.partial(<built-in method close of sqlite3.Cursor object at 0x00000245AF1F8940>) completed
executing functools.partial(<built-in method commit of sqlite3.Connection object at 0x00000245AE9386D0>)
operation functools.partial(<built-in method commit of sqlite3.Connection object at 0x00000245AE9386D0>) completed
executing functools.partial(<built-in method rollback of sqlite3.Connection object at 0x00000245AE9386D0>)
operation functools.partial(<built-in method rollback of sqlite3.Connection object at 0x00000245AE9386D0>) completed
---------------------------- Captured log teardown ----------------------------
DEBUG    aiosqlite:core.py:62 executing functools.partial(<built-in method rollback of sqlite3.Connection object at 0x00000245AE9386D0>)
DEBUG    aiosqlite:core.py:67 operation functools.partial(<built-in method rollback of sqlite3.Connection object at 0x00000245AE9386D0>) completed
DEBUG    aiosqlite:core.py:62 executing functools.partial(<built-in method rollback of sqlite3.Connection object at 0x00000245AE9386D0>)
DEBUG    aiosqlite:core.py:67 operation functools.partial(<built-in method rollback of sqlite3.Connection object at 0x00000245AE9386D0>) completed
DEBUG    aiosqlite:core.py:62 executing functools.partial(<built-in method cursor of sqlite3.Connection object at 0x00000245AE9386D0>)
DEBUG    aiosqlite:core.py:67 operation functools.partial(<built-in method cursor of sqlite3.Connection object at 0x00000245AE9386D0>) completed
DEBUG    aiosqlite:core.py:62 executing functools.partial(<built-in method execute of sqlite3.Cursor object at 0x00000245AE9219C0>, 'PRAGMA main.table_info("users")', ())
DEBUG    aiosqlite:core.py:67 operation functools.partial(<built-in method execute of sqlite3.Cursor object at 0x00000245AE9219C0>, 'PRAGMA main.table_info("users")', ()) completed
DEBUG    aiosqlite:core.py:62 executing functools.partial(<built-in method fetchall of sqlite3.Cursor object at 0x00000245AE9219C0>)
DEBUG    aiosqlite:core.py:67 operation functools.partial(<built-in method fetchall of sqlite3.Cursor object at 0x00000245AE9219C0>) completed
DEBUG    aiosqlite:core.py:62 executing functools.partial(<built-in method close of sqlite3.Cursor object at 0x00000245AE9219C0>)
DEBUG    aiosqlite:core.py:67 operation functools.partial(<built-in method close of sqlite3.Cursor object at 0x00000245AE9219C0>) completed
DEBUG    aiosqlite:core.py:62 executing functools.partial(<built-in method cursor of sqlite3.Connection object at 0x00000245AE9386D0>)
DEBUG    aiosqlite:core.py:67 operation functools.partial(<built-in method cursor of sqlite3.Connection object at 0x00000245AE9386D0>) completed
DEBUG    aiosqlite:core.py:62 executing functools.partial(<built-in method execute of sqlite3.Cursor object at 0x00000245AF19AE40>, 'PRAGMA main.table_info("leads")', ())
DEBUG    aiosqlite:core.py:67 operation functools.partial(<built-in method execute of sqlite3.Cursor object at 0x00000245AF19AE40>, 'PRAGMA main.table_info("leads")', ()) completed
DEBUG    aiosqlite:core.py:62 executing functools.partial(<built-in method fetchall of sqlite3.Cursor object at 0x00000245AF19AE40>)
DEBUG    aiosqlite:core.py:67 operation functools.partial(<built-in method fetchall of sqlite3.Cursor object at 0x00000245AF19AE40>) completed
DEBUG    aiosqlite:core.py:62 executing functools.partial(<built-in method close of sqlite3.Cursor object at 0x00000245AF19AE40>)
DEBUG    aiosqlite:core.py:67 operation functools.partial(<built-in method close of sqlite3.Cursor object at 0x00000245AF19AE40>) completed
DEBUG    aiosqlite:core.py:62 executing functools.partial(<built-in method cursor of sqlite3.Connection object at 0x00000245AE9386D0>)
DEBUG    aiosqlite:core.py:67 operation functools.partial(<built-in method cursor of sqlite3.Connection object at 0x00000245AE9386D0>) completed
DEBUG    aiosqlite:core.py:62 executing functools.partial(<built-in method execute of sqlite3.Cursor object at 0x00000245AE920D40>, 'PRAGMA main.table_info("lead_score_history")', ())
DEBUG    aiosqlite:core.py:67 operation functools.partial(<built-in method execute of sqlite3.Cursor object at 0x00000245AE920D40>, 'PRAGMA main.table_info("lead_score_history")', ()) completed
DEBUG    aiosqlite:core.py:62 executing functools.partial(<built-in method fetchall of sqlite3.Cursor object at 0x00000245AE920D40>)
DEBUG    aiosqlite:core.py:67 operation functools.partial(<built-in method fetchall of sqlite3.Cursor object at 0x00000245AE920D40>) completed
DEBUG    aiosqlite:core.py:62 executing functools.partial(<built-in method close of sqlite3.Cursor object at 0x00000245AE920D40>)
DEBUG    aiosqlite:core.py:67 operation functools.partial(<built-in method close of sqlite3.Cursor object at 0x00000245AE920D40>) completed
DEBUG    aiosqlite:core.py:62 executing functools.partial(<built-in method cursor of sqlite3.Connection object at 0x00000245AE9386D0>)
DEBUG    aiosqlite:core.py:67 operation functools.partial(<built-in method cursor of sqlite3.Connection object at 0x00000245AE9386D0>) completed
DEBUG    aiosqlite:core.py:62 executing functools.partial(<built-in method execute of sqlite3.Cursor object at 0x00000245AF19AEC0>, 'PRAGMA main.table_info("briefings")', ())
DEBUG    aiosqlite:core.py:67 operation functools.partial(<built-in method execute of sqlite3.Cursor object at 0x00000245AF19AEC0>, 'PRAGMA main.table_info("briefings")', ()) completed
DEBUG    aiosqlite:core.py:62 executing functools.partial(<built-in method fetchall of sqlite3.Cursor object at 0x00000245AF19AEC0>)
DEBUG    aiosqlite:core.py:67 operation functools.partial(<built-in method fetchall of sqlite3.Cursor object at 0x00000245AF19AEC0>) completed
DEBUG    aiosqlite:core.py:62 executing functools.partial(<built-in method close of sqlite3.Cursor object at 0x00000245AF19AEC0>)
DEBUG    aiosqlite:core.py:67 operation functools.partial(<built-in method close of sqlite3.Cursor object at 0x00000245AF19AEC0>) completed
DEBUG    aiosqlite:core.py:62 executing functools.partial(<built-in method cursor of sqlite3.Connection object at 0x00000245AE9386D0>)
DEBUG    aiosqlite:core.py:67 operation functools.partial(<built-in method cursor of sqlite3.Connection object at 0x00000245AE9386D0>) completed
DEBUG    aiosqlite:core.py:62 executing functools.partial(<built-in method execute of sqlite3.Cursor object at 0x00000245AF19B640>, 'PRAGMA main.table_info("interacoes")', ())
DEBUG    aiosqlite:core.py:67 operation functools.partial(<built-in method execute of sqlite3.Cursor object at 0x00000245AF19B640>, 'PRAGMA main.table_info("interacoes")', ()) completed
DEBUG    aiosqlite:core.py:62 executing functools.partial(<built-in method fetchall of sqlite3.Cursor object at 0x00000245AF19B640>)
DEBUG    aiosqlite:core.py:67 operation functools.partial(<built-in method fetchall of sqlite3.Cursor object at 0x00000245AF19B640>) completed
DEBUG    aiosqlite:core.py:62 executing functools.partial(<built-in method close of sqlite3.Cursor object at 0x00000245AF19B640>)
DEBUG    aiosqlite:core.py:67 operation functools.partial(<built-in method close of sqlite3.Cursor object at 0x00000245AF19B640>) completed
DEBUG    aiosqlite:core.py:62 executing functools.partial(<built-in method cursor of sqlite3.Connection object at 0x00000245AE9386D0>)
DEBUG    aiosqlite:core.py:67 operation functools.partial(<built-in method cursor of sqlite3.Connection object at 0x00000245AE9386D0>) completed
DEBUG    aiosqlite:core.py:62 executing functools.partial(<built-in method execute of sqlite3.Cursor object at 0x00000245AF19B3C0>, 'PRAGMA main.table_info("agendamentos")', ())
DEBUG    aiosqlite:core.py:67 operation functools.partial(<built-in method execute of sqlite3.Cursor object at 0x00000245AF19B3C0>, 'PRAGMA main.table_info("agendamentos")', ()) completed
DEBUG    aiosqlite:core.py:62 executing functools.partial(<built-in method fetchall of sqlite3.Cursor object at 0x00000245AF19B3C0>)
DEBUG    aiosqlite:core.py:67 operation functools.partial(<built-in method fetchall of sqlite3.Cursor object at 0x00000245AF19B3C0>) completed
DEBUG    aiosqlite:core.py:62 executing functools.partial(<built-in method close of sqlite3.Cursor object at 0x00000245AF19B3C0>)
DEBUG    aiosqlite:core.py:67 operation functools.partial(<built-in method close of sqlite3.Cursor object at 0x00000245AF19B3C0>) completed
DEBUG    aiosqlite:core.py:62 executing functools.partial(<built-in method cursor of sqlite3.Connection object at 0x00000245AE9386D0>)
DEBUG    aiosqlite:core.py:67 operation functools.partial(<built-in method cursor of sqlite3.Connection object at 0x00000245AE9386D0>) completed
DEBUG    aiosqlite:core.py:62 executing functools.partial(<built-in method execute of sqlite3.Cursor object at 0x00000245AF19B1C0>, 'PRAGMA main.table_info("propostas")', ())
DEBUG    aiosqlite:core.py:67 operation functools.partial(<built-in method execute of sqlite3.Cursor object at 0x00000245AF19B1C0>, 'PRAGMA main.table_info("propostas")', ()) completed
DEBUG    aiosqlite:core.py:62 executing functools.partial(<built-in method fetchall of sqlite3.Cursor object at 0x00000245AF19B1C0>)
DEBUG    aiosqlite:core.py:67 operation functools.partial(<built-in method fetchall of sqlite3.Cursor object at 0x00000245AF19B1C0>) completed
DEBUG    aiosqlite:core.py:62 executing functools.partial(<built-in method close of sqlite3.Cursor object at 0x00000245AF19B1C0>)
DEBUG    aiosqlite:core.py:67 operation functools.partial(<built-in method close of sqlite3.Cursor object at 0x00000245AF19B1C0>) completed
DEBUG    aiosqlite:core.py:62 executing functools.partial(<built-in method cursor of sqlite3.Connection object at 0x00000245AE9386D0>)
DEBUG    aiosqlite:core.py:67 operation functools.partial(<built-in method cursor of sqlite3.Connection object at 0x00000245AE9386D0>) completed
DEBUG    aiosqlite:core.py:62 executing functools.partial(<built-in method execute of sqlite3.Cursor object at 0x00000245AF19B4C0>, 'PRAGMA main.table_info("suitcase_items")', ())
DEBUG    aiosqlite:core.py:67 operation functools.partial(<built-in method execute of sqlite3.Cursor object at 0x00000245AF19B4C0>, 'PRAGMA main.table_info("suitcase_items")', ()) completed
DEBUG    aiosqlite:core.py:62 executing functools.partial(<built-in method fetchall of sqlite3.Cursor object at 0x00000245AF19B4C0>)
DEBUG    aiosqlite:core.py:67 operation functools.partial(<built-in method fetchall of sqlite3.Cursor object at 0x00000245AF19B4C0>) completed
DEBUG    aiosqlite:core.py:62 executing functools.partial(<built-in method close of sqlite3.Cursor object at 0x00000245AF19B4C0>)
DEBUG    aiosqlite:core.py:67 operation functools.partial(<built-in method close of sqlite3.Cursor object at 0x00000245AF19B4C0>) completed
DEBUG    aiosqlite:core.py:62 executing functools.partial(<built-in method cursor of sqlite3.Connection object at 0x00000245AE9386D0>)
DEBUG    aiosqlite:core.py:67 operation functools.partial(<built-in method cursor of sqlite3.Connection object at 0x00000245AE9386D0>) completed
DEBUG    aiosqlite:core.py:62 executing functools.partial(<built-in method execute of sqlite3.Cursor object at 0x00000245AF19B6C0>, 'PRAGMA main.table_info("suitcase_suggestions")', ())
DEBUG    aiosqlite:core.py:67 operation functools.partial(<built-in method execute of sqlite3.Cursor object at 0x00000245AF19B6C0>, 'PRAGMA main.table_info("suitcase_suggestions")', ()) completed
DEBUG    aiosqlite:core.py:62 executing functools.partial(<built-in method fetchall of sqlite3.Cursor object at 0x00000245AF19B6C0>)
DEBUG    aiosqlite:core.py:67 operation functools.partial(<built-in method fetchall of sqlite3.Cursor object at 0x00000245AF19B6C0>) completed
DEBUG    aiosqlite:core.py:62 executing functools.partial(<built-in method close of sqlite3.Cursor object at 0x00000245AF19B6C0>)
DEBUG    aiosqlite:core.py:67 operation functools.partial(<built-in method close of sqlite3.Cursor object at 0x00000245AF19B6C0>) completed
DEBUG    aiosqlite:core.py:62 executing functools.partial(<built-in method cursor of sqlite3.Connection object at 0x00000245AE9386D0>)
DEBUG    aiosqlite:core.py:67 operation functools.partial(<built-in method cursor of sqlite3.Connection object at 0x00000245AE9386D0>) completed
DEBUG    aiosqlite:core.py:62 executing functools.partial(<built-in method execute of sqlite3.Cursor object at 0x00000245AF19B7C0>, 'PRAGMA main.table_info("travel_diary_entries")', ())
DEBUG    aiosqlite:core.py:67 operation functools.partial(<built-in method execute of sqlite3.Cursor object at 0x00000245AF19B7C0>, 'PRAGMA main.table_info("travel_diary_entries")', ()) completed
DEBUG    aiosqlite:core.py:62 executing functools.partial(<built-in method fetchall of sqlite3.Cursor object at 0x00000245AF19B7C0>)
DEBUG    aiosqlite:core.py:67 operation functools.partial(<built-in method fetchall of sqlite3.Cursor object at 0x00000245AF19B7C0>) completed
DEBUG    aiosqlite:core.py:62 executing functools.partial(<built-in method close of sqlite3.Cursor object at 0x00000245AF19B7C0>)
DEBUG    aiosqlite:core.py:67 operation functools.partial(<built-in method close of sqlite3.Cursor object at 0x00000245AF19B7C0>) completed
DEBUG    aiosqlite:core.py:62 executing functools.partial(<built-in method cursor of sqlite3.Connection object at 0x00000245AE9386D0>)
DEBUG    aiosqlite:core.py:67 operation functools.partial(<built-in method cursor of sqlite3.Connection object at 0x00000245AE9386D0>) completed
DEBUG    aiosqlite:core.py:62 executing functools.partial(<built-in method execute of sqlite3.Cursor object at 0x00000245AF19B5C0>, 'PRAGMA main.table_info("documentos")', ())
DEBUG    aiosqlite:core.py:67 operation functools.partial(<built-in method execute of sqlite3.Cursor object at 0x00000245AF19B5C0>, 'PRAGMA main.table_info("documentos")', ()) completed
DEBUG    aiosqlite:core.py:62 executing functools.partial(<built-in method fetchall of sqlite3.Cursor object at 0x00000245AF19B5C0>)
DEBUG    aiosqlite:core.py:67 operation functools.partial(<built-in method fetchall of sqlite3.Cursor object at 0x00000245AF19B5C0>) completed
DEBUG    aiosqlite:core.py:62 executing functools.partial(<built-in method close of sqlite3.Cursor object at 0x00000245AF19B5C0>)
DEBUG    aiosqlite:core.py:67 operation functools.partial(<built-in method close of sqlite3.Cursor object at 0x00000245AF19B5C0>) completed
DEBUG    aiosqlite:core.py:62 executing functools.partial(<built-in method cursor of sqlite3.Connection object at 0x00000245AE9386D0>)
DEBUG    aiosqlite:core.py:67 operation functools.partial(<built-in method cursor of sqlite3.Connection object at 0x00000245AE9386D0>) completed
DEBUG    aiosqlite:core.py:62 executing functools.partial(<built-in method execute of sqlite3.Cursor object at 0x00000245AF19B940>, 'PRAGMA main.table_info("notification_queue")', ())
DEBUG    aiosqlite:core.py:67 operation functools.partial(<built-in method execute of sqlite3.Cursor object at 0x00000245AF19B940>, 'PRAGMA main.table_info("notification_queue")', ()) completed
DEBUG    aiosqlite:core.py:62 executing functools.partial(<built-in method fetchall of sqlite3.Cursor object at 0x00000245AF19B940>)
DEBUG    aiosqlite:core.py:67 operation functools.partial(<built-in method fetchall of sqlite3.Cursor object at 0x00000245AF19B940>) completed
DEBUG    aiosqlite:core.py:62 executing functools.partial(<built-in method close of sqlite3.Cursor object at 0x00000245AF19B940>)
DEBUG    aiosqlite:core.py:67 operation functools.partial(<built-in method close of sqlite3.Cursor object at 0x00000245AF19B940>) completed
DEBUG    aiosqlite:core.py:62 executing functools.partial(<built-in method cursor of sqlite3.Connection object at 0x00000245AE9386D0>)
DEBUG    aiosqlite:core.py:67 operation functools.partial(<built-in method cursor of sqlite3.Connection object at 0x00000245AE9386D0>) completed
DEBUG    aiosqlite:core.py:62 executing functools.partial(<built-in method execute of sqlite3.Cursor object at 0x00000245AF19B9C0>, 'PRAGMA main.table_info("dead_letter_queue")', ())
DEBUG    aiosqlite:core.py:67 operation functools.partial(<built-in method execute of sqlite3.Cursor object at 0x00000245AF19B9C0>, 'PRAGMA main.table_info("dead_letter_queue")', ()) completed
DEBUG    aiosqlite:core.py:62 executing functools.partial(<built-in method fetchall of sqlite3.Cursor object at 0x00000245AF19B9C0>)
DEBUG    aiosqlite:core.py:67 operation functools.partial(<built-in method fetchall of sqlite3.Cursor object at 0x00000245AF19B9C0>) completed
DEBUG    aiosqlite:core.py:62 executing functools.partial(<built-in method close of sqlite3.Cursor object at 0x00000245AF19B9C0>)
DEBUG    aiosqlite:core.py:67 operation functools.partial(<built-in method close of sqlite3.Cursor object at 0x00000245AF19B9C0>) completed
DEBUG    aiosqlite:core.py:62 executing functools.partial(<built-in method cursor of sqlite3.Connection object at 0x00000245AE9386D0>)
DEBUG    aiosqlite:core.py:67 operation functools.partial(<built-in method cursor of sqlite3.Connection object at 0x00000245AE9386D0>) completed
DEBUG    aiosqlite:core.py:62 executing functools.partial(<built-in method execute of sqlite3.Cursor object at 0x00000245AF19AFC0>, 'PRAGMA main.table_info("offers")', ())
DEBUG    aiosqlite:core.py:67 operation functools.partial(<built-in method execute of sqlite3.Cursor object at 0x00000245AF19AFC0>, 'PRAGMA main.table_info("offers")', ()) completed
DEBUG    aiosqlite:core.py:62 executing functools.partial(<built-in method fetchall of sqlite3.Cursor object at 0x00000245AF19AFC0>)
DEBUG    aiosqlite:core.py:67 operation functools.partial(<built-in method fetchall of sqlite3.Cursor object at 0x00000245AF19AFC0>) completed
DEBUG    aiosqlite:core.py:62 executing functools.partial(<built-in method close of sqlite3.Cursor object at 0x00000245AF19AFC0>)
DEBUG    aiosqlite:core.py:67 operation functools.partial(<built-in method close of sqlite3.Cursor object at 0x00000245AF19AFC0>) completed
DEBUG    aiosqlite:core.py:62 executing functools.partial(<built-in method cursor of sqlite3.Connection object at 0x00000245AE9386D0>)
DEBUG    aiosqlite:core.py:67 operation functools.partial(<built-in method cursor of sqlite3.Connection object at 0x00000245AE9386D0>) completed
DEBUG    aiosqlite:core.py:62 executing functools.partial(<built-in method execute of sqlite3.Cursor object at 0x00000245AF19B8C0>, 'PRAGMA main.table_info("aya_toggle_history")', ())
DEBUG    aiosqlite:core.py:67 operation functools.partial(<built-in method execute of sqlite3.Cursor object at 0x00000245AF19B8C0>, 'PRAGMA main.table_info("aya_toggle_history")', ()) completed
DEBUG    aiosqlite:core.py:62 executing functools.partial(<built-in method fetchall of sqlite3.Cursor object at 0x00000245AF19B8C0>)
DEBUG    aiosqlite:core.py:67 operation functools.partial(<built-in method fetchall of sqlite3.Cursor object at 0x00000245AF19B8C0>) completed
DEBUG    aiosqlite:core.py:62 executing functools.partial(<built-in method close of sqlite3.Cursor object at 0x00000245AF19B8C0>)
DEBUG    aiosqlite:core.py:67 operation functools.partial(<built-in method close of sqlite3.Cursor object at 0x00000245AF19B8C0>) completed
DEBUG    aiosqlite:core.py:62 executing functools.partial(<built-in method cursor of sqlite3.Connection object at 0x00000245AE9386D0>)
DEBUG    aiosqlite:core.py:67 operation functools.partial(<built-in method cursor of sqlite3.Connection object at 0x00000245AE9386D0>) completed
DEBUG    aiosqlite:core.py:62 executing functools.partial(<built-in method execute of sqlite3.Cursor object at 0x00000245AF19B140>, 'PRAGMA main.table_info("conversation_summaries")', ())
DEBUG    aiosqlite:core.py:67 operation functools.partial(<built-in method execute of sqlite3.Cursor object at 0x00000245AF19B140>, 'PRAGMA main.table_info("conversation_summaries")', ()) completed
DEBUG    aiosqlite:core.py:62 executing functools.partial(<built-in method fetchall of sqlite3.Cursor object at 0x00000245AF19B140>)
DEBUG    aiosqlite:core.py:67 operation functools.partial(<built-in method fetchall of sqlite3.Cursor object at 0x00000245AF19B140>) completed
DEBUG    aiosqlite:core.py:62 executing functools.partial(<built-in method close of sqlite3.Cursor object at 0x00000245AF19B140>)
DEBUG    aiosqlite:core.py:67 operation functools.partial(<built-in method close of sqlite3.Cursor object at 0x00000245AF19B140>) completed
DEBUG    aiosqlite:core.py:62 executing functools.partial(<built-in method cursor of sqlite3.Connection object at 0x00000245AE9386D0>)
DEBUG    aiosqlite:core.py:67 operation functools.partial(<built-in method cursor of sqlite3.Connection object at 0x00000245AE9386D0>) completed
DEBUG    aiosqlite:core.py:62 executing functools.partial(<built-in method execute of sqlite3.Cursor object at 0x00000245AF19B840>, 'PRAGMA main.table_info("travels")', ())
DEBUG    aiosqlite:core.py:67 operation functools.partial(<built-in method execute of sqlite3.Cursor object at 0x00000245AF19B840>, 'PRAGMA main.table_info("travels")', ()) completed
DEBUG    aiosqlite:core.py:62 executing functools.partial(<built-in method fetchall of sqlite3.Cursor object at 0x00000245AF19B840>)
DEBUG    aiosqlite:core.py:67 operation functools.partial(<built-in method fetchall of sqlite3.Cursor object at 0x00000245AF19B840>) completed
DEBUG    aiosqlite:core.py:62 executing functools.partial(<built-in method close of sqlite3.Cursor object at 0x00000245AF19B840>)
DEBUG    aiosqlite:core.py:67 operation functools.partial(<built-in method close of sqlite3.Cursor object at 0x00000245AF19B840>) completed
DEBUG    aiosqlite:core.py:62 executing functools.partial(<built-in method cursor of sqlite3.Connection object at 0x00000245AE9386D0>)
DEBUG    aiosqlite:core.py:67 operation functools.partial(<built-in method cursor of sqlite3.Connection object at 0x00000245AE9386D0>) completed
DEBUG    aiosqlite:core.py:62 executing functools.partial(<built-in method execute of sqlite3.Cursor object at 0x00000245AEA36DC0>, 'PRAGMA main.table_info("itinerary_items")', ())
DEBUG    aiosqlite:core.py:67 operation functools.partial(<built-in method execute of sqlite3.Cursor object at 0x00000245AEA36DC0>, 'PRAGMA main.table_info("itinerary_items")', ()) completed
DEBUG    aiosqlite:core.py:62 executing functools.partial(<built-in method fetchall of sqlite3.Cursor object at 0x00000245AEA36DC0>)
DEBUG    aiosqlite:core.py:67 operation functools.partial(<built-in method fetchall of sqlite3.Cursor object at 0x00000245AEA36DC0>) completed
DEBUG    aiosqlite:core.py:62 executing functools.partial(<built-in method close of sqlite3.Cursor object at 0x00000245AEA36DC0>)
DEBUG    aiosqlite:core.py:67 operation functools.partial(<built-in method close of sqlite3.Cursor object at 0x00000245AEA36DC0>) completed
DEBUG    aiosqlite:core.py:62 executing functools.partial(<built-in method cursor of sqlite3.Connection object at 0x00000245AE9386D0>)
DEBUG    aiosqlite:core.py:67 operation functools.partial(<built-in method cursor of sqlite3.Connection object at 0x00000245AE9386D0>) completed
DEBUG    aiosqlite:core.py:62 executing functools.partial(<built-in method execute of sqlite3.Cursor object at 0x00000245AF19BAC0>, 'PRAGMA main.table_info("revoked_tokens")', ())
DEBUG    aiosqlite:core.py:67 operation functools.partial(<built-in method execute of sqlite3.Cursor object at 0x00000245AF19BAC0>, 'PRAGMA main.table_info("revoked_tokens")', ()) completed
DEBUG    aiosqlite:core.py:62 executing functools.partial(<built-in method fetchall of sqlite3.Cursor object at 0x00000245AF19BAC0>)
DEBUG    aiosqlite:core.py:67 operation functools.partial(<built-in method fetchall of sqlite3.Cursor object at 0x00000245AF19BAC0>) completed
DEBUG    aiosqlite:core.py:62 executing functools.partial(<built-in method close of sqlite3.Cursor object at 0x00000245AF19BAC0>)
DEBUG    aiosqlite:core.py:67 operation functools.partial(<built-in method close of sqlite3.Cursor object at 0x00000245AF19BAC0>) completed
DEBUG    aiosqlite:core.py:62 executing functools.partial(<built-in method cursor of sqlite3.Connection object at 0x00000245AE9386D0>)
DEBUG    aiosqlite:core.py:67 operation functools.partial(<built-in method cursor of sqlite3.Connection object at 0x00000245AE9386D0>) completed
DEBUG    aiosqlite:core.py:62 executing functools.partial(<built-in method execute of sqlite3.Cursor object at 0x00000245AF19BBC0>, 'PRAGMA main.table_info("travel_checkpoints")', ())
DEBUG    aiosqlite:core.py:67 operation functools.partial(<built-in method execute of sqlite3.Cursor object at 0x00000245AF19BBC0>, 'PRAGMA main.table_info("travel_checkpoints")', ()) completed
DEBUG    aiosqlite:core.py:62 executing functools.partial(<built-in method fetchall of sqlite3.Cursor object at 0x00000245AF19BBC0>)
DEBUG    aiosqlite:core.py:67 operation functools.partial(<built-in method fetchall of sqlite3.Cursor object at 0x00000245AF19BBC0>) completed
DEBUG    aiosqlite:core.py:62 executing functools.partial(<built-in method close of sqlite3.Cursor object at 0x00000245AF19BBC0>)
DEBUG    aiosqlite:core.py:67 operation functools.partial(<built-in method close of sqlite3.Cursor object at 0x00000245AF19BBC0>) completed
DEBUG    aiosqlite:core.py:62 executing functools.partial(<built-in method cursor of sqlite3.Connection object at 0x00000245AE9386D0>)
DEBUG    aiosqlite:core.py:67 operation functools.partial(<built-in method cursor of sqlite3.Connection object at 0x00000245AE9386D0>) completed
DEBUG    aiosqlite:core.py:62 executing functools.partial(<built-in method execute of sqlite3.Cursor object at 0x00000245AF19BB40>, 'PRAGMA main.table_info("lead_offers")', ())
DEBUG    aiosqlite:core.py:67 operation functools.partial(<built-in method execute of sqlite3.Cursor object at 0x00000245AF19BB40>, 'PRAGMA main.table_info("lead_offers")', ()) completed
DEBUG    aiosqlite:core.py:62 executing functools.partial(<built-in method fetchall of sqlite3.Cursor object at 0x00000245AF19BB40>)
DEBUG    aiosqlite:core.py:67 operation functools.partial(<built-in method fetchall of sqlite3.Cursor object at 0x00000245AF19BB40>) completed
DEBUG    aiosqlite:core.py:62 executing functools.partial(<built-in method close of sqlite3.Cursor object at 0x00000245AF19BB40>)
DEBUG    aiosqlite:core.py:67 operation functools.partial(<built-in method close of sqlite3.Cursor object at 0x00000245AF19BB40>) completed
DEBUG    aiosqlite:core.py:62 executing functools.partial(<built-in method cursor of sqlite3.Connection object at 0x00000245AE9386D0>)
DEBUG    aiosqlite:core.py:67 operation functools.partial(<built-in method cursor of sqlite3.Connection object at 0x00000245AE9386D0>) completed
DEBUG    aiosqlite:core.py:62 executing functools.partial(<built-in method execute of sqlite3.Cursor object at 0x00000245AF19BE40>, '\nDROP TABLE lead_offers', ())
DEBUG    aiosqlite:core.py:67 operation functools.partial(<built-in method execute of sqlite3.Cursor object at 0x00000245AF19BE40>, '\nDROP TABLE lead_offers', ()) completed
DEBUG    aiosqlite:core.py:62 executing functools.partial(<built-in method close of sqlite3.Cursor object at 0x00000245AF19BE40>)
DEBUG    aiosqlite:core.py:67 operation functools.partial(<built-in method close of sqlite3.Cursor object at 0x00000245AF19BE40>) completed
DEBUG    aiosqlite:core.py:62 executing functools.partial(<built-in method cursor of sqlite3.Connection object at 0x00000245AE9386D0>)
DEBUG    aiosqlite:core.py:67 operation functools.partial(<built-in method cursor of sqlite3.Connection object at 0x00000245AE9386D0>) completed
DEBUG    aiosqlite:core.py:62 executing functools.partial(<built-in method execute of sqlite3.Cursor object at 0x00000245AF19BDC0>, '\nDROP TABLE travel_checkpoints', ())
DEBUG    aiosqlite:core.py:67 operation functools.partial(<built-in method execute of sqlite3.Cursor object at 0x00000245AF19BDC0>, '\nDROP TABLE travel_checkpoints', ()) completed
DEBUG    aiosqlite:core.py:62 executing functools.partial(<built-in method close of sqlite3.Cursor object at 0x00000245AF19BDC0>)
DEBUG    aiosqlite:core.py:67 operation functools.partial(<built-in method close of sqlite3.Cursor object at 0x00000245AF19BDC0>) completed
DEBUG    aiosqlite:core.py:62 executing functools.partial(<built-in method cursor of sqlite3.Connection object at 0x00000245AE9386D0>)
DEBUG    aiosqlite:core.py:67 operation functools.partial(<built-in method cursor of sqlite3.Connection object at 0x00000245AE9386D0>) completed
DEBUG    aiosqlite:core.py:62 executing functools.partial(<built-in method execute of sqlite3.Cursor object at 0x00000245AF19BF40>, '\nDROP TABLE itinerary_items', ())
DEBUG    aiosqlite:core.py:67 operation functools.partial(<built-in method execute of sqlite3.Cursor object at 0x00000245AF19BF40>, '\nDROP TABLE itinerary_items', ()) completed
DEBUG    aiosqlite:core.py:62 executing functools.partial(<built-in method close of sqlite3.Cursor object at 0x00000245AF19BF40>)
DEBUG    aiosqlite:core.py:67 operation functools.partial(<built-in method close of sqlite3.Cursor object at 0x00000245AF19BF40>) completed
DEBUG    aiosqlite:core.py:62 executing functools.partial(<built-in method cursor of sqlite3.Connection object at 0x00000245AE9386D0>)
DEBUG    aiosqlite:core.py:67 operation functools.partial(<built-in method cursor of sqlite3.Connection object at 0x00000245AE9386D0>) completed
DEBUG    aiosqlite:core.py:62 executing functools.partial(<built-in method execute of sqlite3.Cursor object at 0x00000245AF19B340>, '\nDROP TABLE conversation_summaries', ())
DEBUG    aiosqlite:core.py:67 operation functools.partial(<built-in method execute of sqlite3.Cursor object at 0x00000245AF19B340>, '\nDROP TABLE conversation_summaries', ()) completed
DEBUG    aiosqlite:core.py:62 executing functools.partial(<built-in method close of sqlite3.Cursor object at 0x00000245AF19B340>)
DEBUG    aiosqlite:core.py:67 operation functools.partial(<built-in method close of sqlite3.Cursor object at 0x00000245AF19B340>) completed
DEBUG    aiosqlite:core.py:62 executing functools.partial(<built-in method cursor of sqlite3.Connection object at 0x00000245AE9386D0>)
DEBUG    aiosqlite:core.py:67 operation functools.partial(<built-in method cursor of sqlite3.Connection object at 0x00000245AE9386D0>) completed
DEBUG    aiosqlite:core.py:62 executing functools.partial(<built-in method execute of sqlite3.Cursor object at 0x00000245AF19BD40>, '\nDROP TABLE aya_toggle_history', ())
DEBUG    aiosqlite:core.py:67 operation functools.partial(<built-in method execute of sqlite3.Cursor object at 0x00000245AF19BD40>, '\nDROP TABLE aya_toggle_history', ()) completed
DEBUG    aiosqlite:core.py:62 executing functools.partial(<built-in method close of sqlite3.Cursor object at 0x00000245AF19BD40>)
DEBUG    aiosqlite:core.py:67 operation functools.partial(<built-in method close of sqlite3.Cursor object at 0x00000245AF19BD40>) completed
DEBUG    aiosqlite:core.py:62 executing functools.partial(<built-in method cursor of sqlite3.Connection object at 0x00000245AE9386D0>)
DEBUG    aiosqlite:core.py:67 operation functools.partial(<built-in method cursor of sqlite3.Connection object at 0x00000245AE9386D0>) completed
DEBUG    aiosqlite:core.py:62 executing functools.partial(<built-in method execute of sqlite3.Cursor object at 0x00000245AF19BCC0>, '\nDROP TABLE dead_letter_queue', ())
DEBUG    aiosqlite:core.py:67 operation functools.partial(<built-in method execute of sqlite3.Cursor object at 0x00000245AF19BCC0>, '\nDROP TABLE dead_letter_queue', ()) completed
DEBUG    aiosqlite:core.py:62 executing functools.partial(<built-in method close of sqlite3.Cursor object at 0x00000245AF19BCC0>)
DEBUG    aiosqlite:core.py:67 operation functools.partial(<built-in method close of sqlite3.Cursor object at 0x00000245AF19BCC0>) completed
DEBUG    aiosqlite:core.py:62 executing functools.partial(<built-in method cursor of sqlite3.Connection object at 0x00000245AE9386D0>)
DEBUG    aiosqlite:core.py:67 operation functools.partial(<built-in method cursor of sqlite3.Connection object at 0x00000245AE9386D0>) completed
DEBUG    aiosqlite:core.py:62 executing functools.partial(<built-in method execute of sqlite3.Cursor object at 0x00000245AF19BEC0>, '\nDROP TABLE notification_queue', ())
DEBUG    aiosqlite:core.py:67 operation functools.partial(<built-in method execute of sqlite3.Cursor object at 0x00000245AF19BEC0>, '\nDROP TABLE notification_queue', ()) completed
DEBUG    aiosqlite:core.py:62 executing functools.partial(<built-in method close of sqlite3.Cursor object at 0x00000245AF19BEC0>)
DEBUG    aiosqlite:core.py:67 operation functools.partial(<built-in method close of sqlite3.Cursor object at 0x00000245AF19BEC0>) completed
DEBUG    aiosqlite:core.py:62 executing functools.partial(<built-in method cursor of sqlite3.Connection object at 0x00000245AE9386D0>)
DEBUG    aiosqlite:core.py:67 operation functools.partial(<built-in method cursor of sqlite3.Connection object at 0x00000245AE9386D0>) completed
DEBUG    aiosqlite:core.py:62 executing functools.partial(<built-in method execute of sqlite3.Cursor object at 0x00000245AF19B740>, '\nDROP TABLE documentos', ())
DEBUG    aiosqlite:core.py:67 operation functools.partial(<built-in method execute of sqlite3.Cursor object at 0x00000245AF19B740>, '\nDROP TABLE documentos', ()) completed
DEBUG    aiosqlite:core.py:62 executing functools.partial(<built-in method close of sqlite3.Cursor object at 0x00000245AF19B740>)
DEBUG    aiosqlite:core.py:67 operation functools.partial(<built-in method close of sqlite3.Cursor object at 0x00000245AF19B740>) completed
DEBUG    aiosqlite:core.py:62 executing functools.partial(<built-in method cursor of sqlite3.Connection object at 0x00000245AE9386D0>)
DEBUG    aiosqlite:core.py:67 operation functools.partial(<built-in method cursor of sqlite3.Connection object at 0x00000245AE9386D0>) completed
DEBUG    aiosqlite:core.py:62 executing functools.partial(<built-in method execute of sqlite3.Cursor object at 0x00000245AE8DD3C0>, '\nDROP TABLE travel_diary_entries', ())
DEBUG    aiosqlite:core.py:67 operation functools.partial(<built-in method execute of sqlite3.Cursor object at 0x00000245AE8DD3C0>, '\nDROP TABLE travel_diary_entries', ()) completed
DEBUG    aiosqlite:core.py:62 executing functools.partial(<built-in method close of sqlite3.Cursor object at 0x00000245AE8DD3C0>)
DEBUG    aiosqlite:core.py:67 operation functools.partial(<built-in method close of sqlite3.Cursor object at 0x00000245AE8DD3C0>) completed
DEBUG    aiosqlite:core.py:62 executing functools.partial(<built-in method cursor of sqlite3.Connection object at 0x00000245AE9386D0>)
DEBUG    aiosqlite:core.py:67 operation functools.partial(<built-in method cursor of sqlite3.Connection object at 0x00000245AE9386D0>) completed
DEBUG    aiosqlite:core.py:62 executing functools.partial(<built-in method execute of sqlite3.Cursor object at 0x00000245AF19BA40>, '\nDROP TABLE suitcase_items', ())
DEBUG    aiosqlite:core.py:67 operation functools.partial(<built-in method execute of sqlite3.Cursor object at 0x00000245AF19BA40>, '\nDROP TABLE suitcase_items', ()) completed
DEBUG    aiosqlite:core.py:62 executing functools.partial(<built-in method close of sqlite3.Cursor object at 0x00000245AF19BA40>)
DEBUG    aiosqlite:core.py:67 operation functools.partial(<built-in method close of sqlite3.Cursor object at 0x00000245AF19BA40>) completed
DEBUG    aiosqlite:core.py:62 executing functools.partial(<built-in method cursor of sqlite3.Connection object at 0x00000245AE9386D0>)
DEBUG    aiosqlite:core.py:67 operation functools.partial(<built-in method cursor of sqlite3.Connection object at 0x00000245AE9386D0>) completed
DEBUG    aiosqlite:core.py:62 executing functools.partial(<built-in method execute of sqlite3.Cursor object at 0x00000245AF1F8040>, '\nDROP TABLE propostas', ())
DEBUG    aiosqlite:core.py:67 operation functools.partial(<built-in method execute of sqlite3.Cursor object at 0x00000245AF1F8040>, '\nDROP TABLE propostas', ()) completed
DEBUG    aiosqlite:core.py:62 executing functools.partial(<built-in method close of sqlite3.Cursor object at 0x00000245AF1F8040>)
DEBUG    aiosqlite:core.py:67 operation functools.partial(<built-in method close of sqlite3.Cursor object at 0x00000245AF1F8040>) completed
DEBUG    aiosqlite:core.py:62 executing functools.partial(<built-in method cursor of sqlite3.Connection object at 0x00000245AE9386D0>)
DEBUG    aiosqlite:core.py:67 operation functools.partial(<built-in method cursor of sqlite3.Connection object at 0x00000245AE9386D0>) completed
DEBUG    aiosqlite:core.py:62 executing functools.partial(<built-in method execute of sqlite3.Cursor object at 0x00000245AF1F8140>, '\nDROP TABLE agendamentos', ())
DEBUG    aiosqlite:core.py:67 operation functools.partial(<built-in method execute of sqlite3.Cursor object at 0x00000245AF1F8140>, '\nDROP TABLE agendamentos', ()) completed
DEBUG    aiosqlite:core.py:62 executing functools.partial(<built-in method close of sqlite3.Cursor object at 0x00000245AF1F8140>)
DEBUG    aiosqlite:core.py:67 operation functools.partial(<built-in method close of sqlite3.Cursor object at 0x00000245AF1F8140>) completed
DEBUG    aiosqlite:core.py:62 executing functools.partial(<built-in method cursor of sqlite3.Connection object at 0x00000245AE9386D0>)
DEBUG    aiosqlite:core.py:67 operation functools.partial(<built-in method cursor of sqlite3.Connection object at 0x00000245AE9386D0>) completed
DEBUG    aiosqlite:core.py:62 executing functools.partial(<built-in method execute of sqlite3.Cursor object at 0x00000245AF1F83C0>, '\nDROP TABLE interacoes', ())
DEBUG    aiosqlite:core.py:67 operation functools.partial(<built-in method execute of sqlite3.Cursor object at 0x00000245AF1F83C0>, '\nDROP TABLE interacoes', ()) completed
DEBUG    aiosqlite:core.py:62 executing functools.partial(<built-in method close of sqlite3.Cursor object at 0x00000245AF1F83C0>)
DEBUG    aiosqlite:core.py:67 operation functools.partial(<built-in method close of sqlite3.Cursor object at 0x00000245AF1F83C0>) completed
DEBUG    aiosqlite:core.py:62 executing functools.partial(<built-in method cursor of sqlite3.Connection object at 0x00000245AE9386D0>)
DEBUG    aiosqlite:core.py:67 operation functools.partial(<built-in method cursor of sqlite3.Connection object at 0x00000245AE9386D0>) completed
DEBUG    aiosqlite:core.py:62 executing functools.partial(<built-in method execute of sqlite3.Cursor object at 0x00000245AF1F85C0>, '\nDROP TABLE briefings', ())
DEBUG    aiosqlite:core.py:67 operation functools.partial(<built-in method execute of sqlite3.Cursor object at 0x00000245AF1F85C0>, '\nDROP TABLE briefings', ()) completed
DEBUG    aiosqlite:core.py:62 executing functools.partial(<built-in method close of sqlite3.Cursor object at 0x00000245AF1F85C0>)
DEBUG    aiosqlite:core.py:67 operation functools.partial(<built-in method close of sqlite3.Cursor object at 0x00000245AF1F85C0>) completed
DEBUG    aiosqlite:core.py:62 executing functools.partial(<built-in method cursor of sqlite3.Connection object at 0x00000245AE9386D0>)
DEBUG    aiosqlite:core.py:67 operation functools.partial(<built-in method cursor of sqlite3.Connection object at 0x00000245AE9386D0>) completed
DEBUG    aiosqlite:core.py:62 executing functools.partial(<built-in method execute of sqlite3.Cursor object at 0x00000245AF1F8640>, '\nDROP TABLE lead_score_history', ())
DEBUG    aiosqlite:core.py:67 operation functools.partial(<built-in method execute of sqlite3.Cursor object at 0x00000245AF1F8640>, '\nDROP TABLE lead_score_history', ()) completed
DEBUG    aiosqlite:core.py:62 executing functools.partial(<built-in method close of sqlite3.Cursor object at 0x00000245AF1F8640>)
DEBUG    aiosqlite:core.py:67 operation functools.partial(<built-in method close of sqlite3.Cursor object at 0x00000245AF1F8640>) completed
DEBUG    aiosqlite:core.py:62 executing functools.partial(<built-in method cursor of sqlite3.Connection object at 0x00000245AE9386D0>)
DEBUG    aiosqlite:core.py:67 operation functools.partial(<built-in method cursor of sqlite3.Connection object at 0x00000245AE9386D0>) completed
DEBUG    aiosqlite:core.py:62 executing functools.partial(<built-in method execute of sqlite3.Cursor object at 0x00000245AF1F8540>, '\nDROP TABLE leads', ())
DEBUG    aiosqlite:core.py:67 operation functools.partial(<built-in method execute of sqlite3.Cursor object at 0x00000245AF1F8540>, '\nDROP TABLE leads', ()) completed
DEBUG    aiosqlite:core.py:62 executing functools.partial(<built-in method close of sqlite3.Cursor object at 0x00000245AF1F8540>)
DEBUG    aiosqlite:core.py:67 operation functools.partial(<built-in method close of sqlite3.Cursor object at 0x00000245AF1F8540>) completed
DEBUG    aiosqlite:core.py:62 executing functools.partial(<built-in method cursor of sqlite3.Connection object at 0x00000245AE9386D0>)
DEBUG    aiosqlite:core.py:67 operation functools.partial(<built-in method cursor of sqlite3.Connection object at 0x00000245AE9386D0>) completed
DEBUG    aiosqlite:core.py:62 executing functools.partial(<built-in method execute of sqlite3.Cursor object at 0x00000245AF1F8740>, '\nDROP TABLE travels', ())
DEBUG    aiosqlite:core.py:67 operation functools.partial(<built-in method execute of sqlite3.Cursor object at 0x00000245AF1F8740>, '\nDROP TABLE travels', ()) completed
DEBUG    aiosqlite:core.py:62 executing functools.partial(<built-in method close of sqlite3.Cursor object at 0x00000245AF1F8740>)
DEBUG    aiosqlite:core.py:67 operation functools.partial(<built-in method close of sqlite3.Cursor object at 0x00000245AF1F8740>) completed
DEBUG    aiosqlite:core.py:62 executing functools.partial(<built-in method cursor of sqlite3.Connection object at 0x00000245AE9386D0>)
DEBUG    aiosqlite:core.py:67 operation functools.partial(<built-in method cursor of sqlite3.Connection object at 0x00000245AE9386D0>) completed
DEBUG    aiosqlite:core.py:62 executing functools.partial(<built-in method execute of sqlite3.Cursor object at 0x00000245AF1F81C0>, '\nDROP TABLE offers', ())
DEBUG    aiosqlite:core.py:67 operation functools.partial(<built-in method execute of sqlite3.Cursor object at 0x00000245AF1F81C0>, '\nDROP TABLE offers', ()) completed
DEBUG    aiosqlite:core.py:62 executing functools.partial(<built-in method close of sqlite3.Cursor object at 0x00000245AF1F81C0>)
DEBUG    aiosqlite:core.py:67 operation functools.partial(<built-in method close of sqlite3.Cursor object at 0x00000245AF1F81C0>) completed
DEBUG    aiosqlite:core.py:62 executing functools.partial(<built-in method cursor of sqlite3.Connection object at 0x00000245AE9386D0>)
DEBUG    aiosqlite:core.py:67 operation functools.partial(<built-in method cursor of sqlite3.Connection object at 0x00000245AE9386D0>) completed
DEBUG    aiosqlite:core.py:62 executing functools.partial(<built-in method execute of sqlite3.Cursor object at 0x00000245AF1F8440>, '\nDROP TABLE revoked_tokens', ())
DEBUG    aiosqlite:core.py:67 operation functools.partial(<built-in method execute of sqlite3.Cursor object at 0x00000245AF1F8440>, '\nDROP TABLE revoked_tokens', ()) completed
DEBUG    aiosqlite:core.py:62 executing functools.partial(<built-in method close of sqlite3.Cursor object at 0x00000245AF1F8440>)
DEBUG    aiosqlite:core.py:67 operation functools.partial(<built-in method close of sqlite3.Cursor object at 0x00000245AF1F8440>) completed
DEBUG    aiosqlite:core.py:62 executing functools.partial(<built-in method cursor of sqlite3.Connection object at 0x00000245AE9386D0>)
DEBUG    aiosqlite:core.py:67 operation functools.partial(<built-in method cursor of sqlite3.Connection object at 0x00000245AE9386D0>) completed
DEBUG    aiosqlite:core.py:62 executing functools.partial(<built-in method execute of sqlite3.Cursor object at 0x00000245AF1F86C0>, '\nDROP TABLE suitcase_suggestions', ())
DEBUG    aiosqlite:core.py:67 operation functools.partial(<built-in method execute of sqlite3.Cursor object at 0x00000245AF1F86C0>, '\nDROP TABLE suitcase_suggestions', ()) completed
DEBUG    aiosqlite:core.py:62 executing functools.partial(<built-in method close of sqlite3.Cursor object at 0x00000245AF1F86C0>)
DEBUG    aiosqlite:core.py:67 operation functools.partial(<built-in method close of sqlite3.Cursor object at 0x00000245AF1F86C0>) completed
DEBUG    aiosqlite:core.py:62 executing functools.partial(<built-in method cursor of sqlite3.Connection object at 0x00000245AE9386D0>)
DEBUG    aiosqlite:core.py:67 operation functools.partial(<built-in method cursor of sqlite3.Connection object at 0x00000245AE9386D0>) completed
DEBUG    aiosqlite:core.py:62 executing functools.partial(<built-in method execute of sqlite3.Cursor object at 0x00000245AF1F8940>, '\nDROP TABLE users', ())
DEBUG    aiosqlite:core.py:67 operation functools.partial(<built-in method execute of sqlite3.Cursor object at 0x00000245AF1F8940>, '\nDROP TABLE users', ()) completed
DEBUG    aiosqlite:core.py:62 executing functools.partial(<built-in method close of sqlite3.Cursor object at 0x00000245AF1F8940>)
DEBUG    aiosqlite:core.py:67 operation functools.partial(<built-in method close of sqlite3.Cursor object at 0x00000245AF1F8940>) completed
DEBUG    aiosqlite:core.py:62 executing functools.partial(<built-in method commit of sqlite3.Connection object at 0x00000245AE9386D0>)
DEBUG    aiosqlite:core.py:67 operation functools.partial(<built-in method commit of sqlite3.Connection object at 0x00000245AE9386D0>) completed
DEBUG    aiosqlite:core.py:62 executing functools.partial(<built-in method rollback of sqlite3.Connection object at 0x00000245AE9386D0>)
DEBUG    aiosqlite:core.py:67 operation functools.partial(<built-in method rollback of sqlite3.Connection object at 0x00000245AE9386D0>) completed
============================== warnings summary ===============================
..\..\..\..\..\..\..\Python314\Lib\site-packages\chromadb\telemetry\opentelemetry\__init__.py:128
  C:\Python314\Lib\site-packages\chromadb\telemetry\opentelemetry\__init__.py:128: DeprecationWarning: 'asyncio.iscoroutinefunction' is deprecated and slated for removal in Python 3.16; use inspect.iscoroutinefunction() instead
    if asyncio.iscoroutinefunction(f):

backend\app\schemas\user.py:10
  C:\Users\F.R.A.N.Ks\Documents\ALPHA\DESAFIOCICLO\Semana 2\cadife_smart_travel\backend\app\schemas\user.py:10: PydanticDeprecatedSince20: Support for class-based `config` is deprecated, use ConfigDict instead. Deprecated in Pydantic V2.0 to be removed in V3.0. See Pydantic V2 Migration Guide at https://errors.pydantic.dev/2.13/migration/
    class UserResponse(BaseModel):

backend\app\schemas\travel.py:11
  C:\Users\F.R.A.N.Ks\Documents\ALPHA\DESAFIOCICLO\Semana 2\cadife_smart_travel\backend\app\schemas\travel.py:11: PydanticDeprecatedSince20: Support for class-based `config` is deprecated, use ConfigDict instead. Deprecated in Pydantic V2.0 to be removed in V3.0. See Pydantic V2 Migration Guide at https://errors.pydantic.dev/2.13/migration/
    class TravelResponse(BaseModel):

backend\app\schemas\document.py:10
  C:\Users\F.R.A.N.Ks\Documents\ALPHA\DESAFIOCICLO\Semana 2\cadife_smart_travel\backend\app\schemas\document.py:10: PydanticDeprecatedSince20: Support for class-based `config` is deprecated, use ConfigDict instead. Deprecated in Pydantic V2.0 to be removed in V3.0. See Pydantic V2 Migration Guide at https://errors.pydantic.dev/2.13/migration/
    class DocumentResponse(BaseModel):

tests/test_routes/test_identity_flow.py::test_logout_blacklists_token
  C:\Users\F.R.A.N.Ks\Documents\ALPHA\DESAFIOCICLO\Semana 2\cadife_smart_travel\backend\tests\conftest.py:67: DeprecationWarning: 'asyncio.get_event_loop_policy' is deprecated and slated for removal in Python 3.16
    loop = asyncio.get_event_loop_policy().new_event_loop()

tests/test_routes/test_identity_flow.py::test_logout_blacklists_token
  C:\Users\F.R.A.N.Ks\Documents\ALPHA\DESAFIOCICLO\Semana 2\cadife_smart_travel\backend\tests\test_routes\test_identity_flow.py:31: SAWarning: relationship 'Briefing.lead' will copy column leads.id to column briefings.lead_id, which conflicts with relationship(s): 'BriefingModel.lead' (copies leads.id to briefings.lead_id), 'LeadModel.briefing' (copies leads.id to briefings.lead_id). If this is not the intention, consider if these relationships should be linked with back_populates, or if viewonly=True should be applied to one or more if they are read-only. For the less common case that foreign key constraints are partially overlapping, the orm.foreign() annotation can be used to isolate the columns that should be written towards.   To silence this warning, add the parameter 'overlaps="briefing,lead"' to the 'Briefing.lead' relationship. (Background on this warning at: https://sqlalche.me/e/20/qzyx) (This warning originated from the `configure_mappers()` process, which was invoked automatically in response to a user-initiated operation.)
    user = User(

tests/test_routes/test_identity_flow.py::test_logout_blacklists_token
  C:\Users\F.R.A.N.Ks\Documents\ALPHA\DESAFIOCICLO\Semana 2\cadife_smart_travel\backend\tests\test_routes\test_identity_flow.py:31: SAWarning: relationship 'Interacao.lead' will copy column leads.id to column interacoes.lead_id, which conflicts with relationship(s): 'InteracaoModel.lead' (copies leads.id to interacoes.lead_id), 'LeadModel.interacoes' (copies leads.id to interacoes.lead_id). If this is not the intention, consider if these relationships should be linked with back_populates, or if viewonly=True should be applied to one or more if they are read-only. For the less common case that foreign key constraints are partially overlapping, the orm.foreign() annotation can be used to isolate the columns that should be written towards.   To silence this warning, add the parameter 'overlaps="interacoes,lead"' to the 'Interacao.lead' relationship. (Background on this warning at: https://sqlalche.me/e/20/qzyx) (This warning originated from the `configure_mappers()` process, which was invoked automatically in response to a user-initiated operation.)
    user = User(

tests/test_routes/test_identity_flow.py::test_logout_blacklists_token
  C:\Users\F.R.A.N.Ks\Documents\ALPHA\DESAFIOCICLO\Semana 2\cadife_smart_travel\backend\tests\test_routes\test_identity_flow.py:31: SAWarning: relationship 'Lead.briefing' will copy column leads.id to column briefings.lead_id, which conflicts with relationship(s): 'BriefingModel.lead' (copies leads.id to briefings.lead_id), 'LeadModel.briefing' (copies leads.id to briefings.lead_id). If this is not the intention, consider if these relationships should be linked with back_populates, or if viewonly=True should be applied to one or more if they are read-only. For the less common case that foreign key constraints are partially overlapping, the orm.foreign() annotation can be used to isolate the columns that should be written towards.   To silence this warning, add the parameter 'overlaps="briefing,lead"' to the 'Lead.briefing' relationship. (Background on this warning at: https://sqlalche.me/e/20/qzyx) (This warning originated from the `configure_mappers()` process, which was invoked automatically in response to a user-initiated operation.)
    user = User(

tests/test_routes/test_identity_flow.py::test_logout_blacklists_token
  C:\Users\F.R.A.N.Ks\Documents\ALPHA\DESAFIOCICLO\Semana 2\cadife_smart_travel\backend\tests\test_routes\test_identity_flow.py:31: SAWarning: relationship 'Lead.interacoes' will copy column leads.id to column interacoes.lead_id, which conflicts with relationship(s): 'InteracaoModel.lead' (copies leads.id to interacoes.lead_id), 'LeadModel.interacoes' (copies leads.id to interacoes.lead_id). If this is not the intention, consider if these relationships should be linked with back_populates, or if viewonly=True should be applied to one or more if they are read-only. For the less common case that foreign key constraints are partially overlapping, the orm.foreign() annotation can be used to isolate the columns that should be written towards.   To silence this warning, add the parameter 'overlaps="interacoes,lead"' to the 'Lead.interacoes' relationship. (Background on this warning at: https://sqlalche.me/e/20/qzyx) (This warning originated from the `configure_mappers()` process, which was invoked automatically in response to a user-initiated operation.)
    user = User(

tests/test_routes/test_identity_flow.py::test_logout_blacklists_token
  C:\Users\F.R.A.N.Ks\Documents\ALPHA\DESAFIOCICLO\Semana 2\cadife_smart_travel\backend\tests\test_routes\test_identity_flow.py:31: SAWarning: relationship 'Lead.agendamentos' will copy column leads.id to column agendamentos.lead_id, which conflicts with relationship(s): 'AgendamentoModel.lead' (copies leads.id to agendamentos.lead_id), 'LeadModel.agendamentos' (copies leads.id to agendamentos.lead_id). If this is not the intention, consider if these relationships should be linked with back_populates, or if viewonly=True should be applied to one or more if they are read-only. For the less common case that foreign key constraints are partially overlapping, the orm.foreign() annotation can be used to isolate the columns that should be written towards.   To silence this warning, add the parameter 'overlaps="agendamentos,lead"' to the 'Lead.agendamentos' relationship. (Background on this warning at: https://sqlalche.me/e/20/qzyx) (This warning originated from the `configure_mappers()` process, which was invoked automatically in response to a user-initiated operation.)
    user = User(

tests/test_routes/test_identity_flow.py::test_logout_blacklists_token
  C:\Users\F.R.A.N.Ks\Documents\ALPHA\DESAFIOCICLO\Semana 2\cadife_smart_travel\backend\tests\test_routes\test_identity_flow.py:31: SAWarning: relationship 'Lead.propostas' will copy column leads.id to column propostas.lead_id, which conflicts with relationship(s): 'LeadModel.propostas' (copies leads.id to propostas.lead_id), 'PropostaModel.lead' (copies leads.id to propostas.lead_id). If this is not the intention, consider if these relationships should be linked with back_populates, or if viewonly=True should be applied to one or more if they are read-only. For the less common case that foreign key constraints are partially overlapping, the orm.foreign() annotation can be used to isolate the columns that should be written towards.   To silence this warning, add the parameter 'overlaps="lead,propostas"' to the 'Lead.propostas' relationship. (Background on this warning at: https://sqlalche.me/e/20/qzyx) (This warning originated from the `configure_mappers()` process, which was invoked automatically in response to a user-initiated operation.)
    user = User(

tests/test_routes/test_identity_flow.py::test_logout_blacklists_token
  C:\Users\F.R.A.N.Ks\Documents\ALPHA\DESAFIOCICLO\Semana 2\cadife_smart_travel\backend\tests\test_routes\test_identity_flow.py:31: SAWarning: relationship 'Lead.score_history' will copy column leads.id to column lead_score_history.lead_id, which conflicts with relationship(s): 'LeadModel.score_history' (copies leads.id to lead_score_history.lead_id), 'LeadScoreHistoryModel.lead' (copies leads.id to lead_score_history.lead_id). If this is not the intention, consider if these relationships should be linked with back_populates, or if viewonly=True should be applied to one or more if they are read-only. For the less common case that foreign key constraints are partially overlapping, the orm.foreign() annotation can be used to isolate the columns that should be written towards.   To silence this warning, add the parameter 'overlaps="lead,score_history"' to the 'Lead.score_history' relationship. (Background on this warning at: https://sqlalche.me/e/20/qzyx) (This warning originated from the `configure_mappers()` process, which was invoked automatically in response to a user-initiated operation.)
    user = User(

tests/test_routes/test_identity_flow.py::test_logout_blacklists_token
  C:\Users\F.R.A.N.Ks\Documents\ALPHA\DESAFIOCICLO\Semana 2\cadife_smart_travel\backend\tests\test_routes\test_identity_flow.py:31: SAWarning: relationship 'LeadScoreHistory.lead' will copy column leads.id to column lead_score_history.lead_id, which conflicts with relationship(s): 'LeadModel.score_history' (copies leads.id to lead_score_history.lead_id), 'LeadScoreHistoryModel.lead' (copies leads.id to lead_score_history.lead_id). If this is not the intention, consider if these relationships should be linked with back_populates, or if viewonly=True should be applied to one or more if they are read-only. For the less common case that foreign key constraints are partially overlapping, the orm.foreign() annotation can be used to isolate the columns that should be written towards.   To silence this warning, add the parameter 'overlaps="lead,score_history"' to the 'LeadScoreHistory.lead' relationship. (Background on this warning at: https://sqlalche.me/e/20/qzyx) (This warning originated from the `configure_mappers()` process, which was invoked automatically in response to a user-initiated operation.)
    user = User(

tests/test_routes/test_identity_flow.py::test_logout_blacklists_token
  C:\Users\F.R.A.N.Ks\Documents\ALPHA\DESAFIOCICLO\Semana 2\cadife_smart_travel\backend\tests\test_routes\test_identity_flow.py:31: SAWarning: relationship 'Proposta.lead' will copy column leads.id to column propostas.lead_id, which conflicts with relationship(s): 'LeadModel.propostas' (copies leads.id to propostas.lead_id), 'PropostaModel.lead' (copies leads.id to propostas.lead_id). If this is not the intention, consider if these relationships should be linked with back_populates, or if viewonly=True should be applied to one or more if they are read-only. For the less common case that foreign key constraints are partially overlapping, the orm.foreign() annotation can be used to isolate the columns that should be written towards.   To silence this warning, add the parameter 'overlaps="lead,propostas"' to the 'Proposta.lead' relationship. (Background on this warning at: https://sqlalche.me/e/20/qzyx) (This warning originated from the `configure_mappers()` process, which was invoked automatically in response to a user-initiated operation.)
    user = User(

tests/test_routes/test_identity_flow.py::test_logout_blacklists_token
  C:\Users\F.R.A.N.Ks\Documents\ALPHA\DESAFIOCICLO\Semana 2\cadife_smart_travel\backend\tests\test_routes\test_identity_flow.py:31: SAWarning: relationship 'Agendamento.lead' will copy column leads.id to column agendamentos.lead_id, which conflicts with relationship(s): 'AgendamentoModel.lead' (copies leads.id to agendamentos.lead_id), 'LeadModel.agendamentos' (copies leads.id to agendamentos.lead_id). If this is not the intention, consider if these relationships should be linked with back_populates, or if viewonly=True should be applied to one or more if they are read-only. For the less common case that foreign key constraints are partially overlapping, the orm.foreign() annotation can be used to isolate the columns that should be written towards.   To silence this warning, add the parameter 'overlaps="agendamentos,lead"' to the 'Agendamento.lead' relationship. (Background on this warning at: https://sqlalche.me/e/20/qzyx) (This warning originated from the `configure_mappers()` process, which was invoked automatically in response to a user-initiated operation.)
    user = User(

-- Docs: https://docs.pytest.org/en/stable/how-to/capture-warnings.html
=========================== short test summary info ===========================
FAILED backend\tests\test_routes\test_identity_flow.py::test_logout_blacklists_token
======================= 1 failed, 15 warnings in 2.29s ========================
