============================= test session starts =============================
platform win32 -- Python 3.14.4, pytest-9.0.3, pluggy-1.6.0 -- C:\Python314\python.exe
cachedir: .pytest_cache
rootdir: C:\Users\F.R.A.N.Ks\Documents\ALPHA\DESAFIOCICLO\Semana 2\cadife_smart_travel\backend
configfile: pytest.ini
plugins: anyio-4.13.0, langsmith-0.8.0, asyncio-1.3.0, cov-7.1.0, mock-3.15.1
asyncio: mode=Mode.AUTO, debug=False, asyncio_default_fixture_loop_scope=None, asyncio_default_test_loop_scope=function
collecting ... collected 3 items

tests/test_routes/test_auth_register.py::test_register_success ERROR     [ 33%]
tests/test_routes/test_auth_register.py::test_register_duplicate_email ERROR [ 66%]
tests/test_routes/test_auth_register.py::test_register_weak_password ERROR [100%]

=================================== ERRORS ====================================
___________________ ERROR at setup of test_register_success ___________________
..\..\..\..\..\..\AppData\Roaming\Python\Python314\site-packages\sqlalchemy\engine\base.py:1967: in _exec_single_context
    self.dialect.do_execute(
..\..\..\..\..\..\AppData\Roaming\Python\Python314\site-packages\sqlalchemy\engine\default.py:952: in do_execute
    cursor.execute(statement, parameters)
..\..\..\..\..\..\AppData\Roaming\Python\Python314\site-packages\sqlalchemy\dialects\sqlite\aiosqlite.py:182: in execute
    self._adapt_connection._handle_exception(error)
..\..\..\..\..\..\AppData\Roaming\Python\Python314\site-packages\sqlalchemy\dialects\sqlite\aiosqlite.py:342: in _handle_exception
    raise error
..\..\..\..\..\..\AppData\Roaming\Python\Python314\site-packages\sqlalchemy\dialects\sqlite\aiosqlite.py:164: in execute
    self.await_(_cursor.execute(operation, parameters))
..\..\..\..\..\..\AppData\Roaming\Python\Python314\site-packages\sqlalchemy\util\_concurrency_py3k.py:132: in await_only
    return current.parent.switch(awaitable)  # type: ignore[no-any-return,attr-defined] # noqa: E501
           ^^^^^^^^^^^^^^^^^^^^^^^^^^^^^^^^
..\..\..\..\..\..\AppData\Roaming\Python\Python314\site-packages\sqlalchemy\util\_concurrency_py3k.py:196: in greenlet_spawn
    value = await result
            ^^^^^^^^^^^^
..\..\..\..\..\..\AppData\Roaming\Python\Python314\site-packages\aiosqlite\cursor.py:40: in execute
    await self._execute(self._cursor.execute, sql, parameters)
..\..\..\..\..\..\AppData\Roaming\Python\Python314\site-packages\aiosqlite\cursor.py:32: in _execute
    return await self._conn._execute(fn, *args, **kwargs)
           ^^^^^^^^^^^^^^^^^^^^^^^^^^^^^^^^^^^^^^^^^^^^^^
..\..\..\..\..\..\AppData\Roaming\Python\Python314\site-packages\aiosqlite\core.py:160: in _execute
    return await future
           ^^^^^^^^^^^^
..\..\..\..\..\..\AppData\Roaming\Python\Python314\site-packages\aiosqlite\core.py:63: in _connection_worker_thread
    result = function()
             ^^^^^^^^^^
E   sqlite3.OperationalError: index ix_users_email already exists

The above exception was the direct cause of the following exception:
..\..\..\..\..\..\AppData\Roaming\Python\Python314\site-packages\pytest_asyncio\plugin.py:458: in setup
    return super().setup()
           ^^^^^^^^^^^^^^^
..\..\..\..\..\..\AppData\Roaming\Python\Python314\site-packages\pytest_asyncio\plugin.py:730: in pytest_fixture_setup
    return (yield)
            ^^^^^
tests\conftest.py:79: in setup_database
    event_loop.run_until_complete(_setup())
C:\Python314\Lib\asyncio\base_events.py:719: in run_until_complete
    return future.result()
           ^^^^^^^^^^^^^^^
tests\conftest.py:77: in _setup
    await conn.run_sync(InfraBase.metadata.create_all)
..\..\..\..\..\..\AppData\Roaming\Python\Python314\site-packages\sqlalchemy\ext\asyncio\engine.py:888: in run_sync
    return await greenlet_spawn(
..\..\..\..\..\..\AppData\Roaming\Python\Python314\site-packages\sqlalchemy\util\_concurrency_py3k.py:201: in greenlet_spawn
    result = context.throw(*sys.exc_info())
             ^^^^^^^^^^^^^^^^^^^^^^^^^^^^^^
..\..\..\..\..\..\AppData\Roaming\Python\Python314\site-packages\sqlalchemy\sql\schema.py:5931: in create_all
    bind._run_ddl_visitor(
..\..\..\..\..\..\AppData\Roaming\Python\Python314\site-packages\sqlalchemy\engine\base.py:2467: in _run_ddl_visitor
    ).traverse_single(element)
      ^^^^^^^^^^^^^^^^^^^^^^^^
..\..\..\..\..\..\AppData\Roaming\Python\Python314\site-packages\sqlalchemy\sql\visitors.py:661: in traverse_single
    return meth(obj, **kw)
           ^^^^^^^^^^^^^^^
..\..\..\..\..\..\AppData\Roaming\Python\Python314\site-packages\sqlalchemy\sql\ddl.py:984: in visit_metadata
    self.traverse_single(
..\..\..\..\..\..\AppData\Roaming\Python\Python314\site-packages\sqlalchemy\sql\visitors.py:661: in traverse_single
    return meth(obj, **kw)
           ^^^^^^^^^^^^^^^
..\..\..\..\..\..\AppData\Roaming\Python\Python314\site-packages\sqlalchemy\sql\ddl.py:1026: in visit_table
    self.traverse_single(index, create_ok=True)
..\..\..\..\..\..\AppData\Roaming\Python\Python314\site-packages\sqlalchemy\sql\visitors.py:661: in traverse_single
    return meth(obj, **kw)
           ^^^^^^^^^^^^^^^
..\..\..\..\..\..\AppData\Roaming\Python\Python314\site-packages\sqlalchemy\sql\ddl.py:1063: in visit_index
    CreateIndex(index)._invoke_with(self.connection)
..\..\..\..\..\..\AppData\Roaming\Python\Python314\site-packages\sqlalchemy\sql\ddl.py:321: in _invoke_with
    return bind.execute(self)
           ^^^^^^^^^^^^^^^^^^
..\..\..\..\..\..\AppData\Roaming\Python\Python314\site-packages\sqlalchemy\engine\base.py:1419: in execute
    return meth(
..\..\..\..\..\..\AppData\Roaming\Python\Python314\site-packages\sqlalchemy\sql\ddl.py:187: in _execute_on_connection
    return connection._execute_ddl(
..\..\..\..\..\..\AppData\Roaming\Python\Python314\site-packages\sqlalchemy\engine\base.py:1530: in _execute_ddl
    ret = self._execute_context(
..\..\..\..\..\..\AppData\Roaming\Python\Python314\site-packages\sqlalchemy\engine\base.py:1846: in _execute_context
    return self._exec_single_context(
..\..\..\..\..\..\AppData\Roaming\Python\Python314\site-packages\sqlalchemy\engine\base.py:1986: in _exec_single_context
    self._handle_dbapi_exception(
..\..\..\..\..\..\AppData\Roaming\Python\Python314\site-packages\sqlalchemy\engine\base.py:2363: in _handle_dbapi_exception
    raise sqlalchemy_exception.with_traceback(exc_info[2]) from e
..\..\..\..\..\..\AppData\Roaming\Python\Python314\site-packages\sqlalchemy\engine\base.py:1967: in _exec_single_context
    self.dialect.do_execute(
..\..\..\..\..\..\AppData\Roaming\Python\Python314\site-packages\sqlalchemy\engine\default.py:952: in do_execute
    cursor.execute(statement, parameters)
..\..\..\..\..\..\AppData\Roaming\Python\Python314\site-packages\sqlalchemy\dialects\sqlite\aiosqlite.py:182: in execute
    self._adapt_connection._handle_exception(error)
..\..\..\..\..\..\AppData\Roaming\Python\Python314\site-packages\sqlalchemy\dialects\sqlite\aiosqlite.py:342: in _handle_exception
    raise error
..\..\..\..\..\..\AppData\Roaming\Python\Python314\site-packages\sqlalchemy\dialects\sqlite\aiosqlite.py:164: in execute
    self.await_(_cursor.execute(operation, parameters))
..\..\..\..\..\..\AppData\Roaming\Python\Python314\site-packages\sqlalchemy\util\_concurrency_py3k.py:132: in await_only
    return current.parent.switch(awaitable)  # type: ignore[no-any-return,attr-defined] # noqa: E501
           ^^^^^^^^^^^^^^^^^^^^^^^^^^^^^^^^
..\..\..\..\..\..\AppData\Roaming\Python\Python314\site-packages\sqlalchemy\util\_concurrency_py3k.py:196: in greenlet_spawn
    value = await result
            ^^^^^^^^^^^^
..\..\..\..\..\..\AppData\Roaming\Python\Python314\site-packages\aiosqlite\cursor.py:40: in execute
    await self._execute(self._cursor.execute, sql, parameters)
..\..\..\..\..\..\AppData\Roaming\Python\Python314\site-packages\aiosqlite\cursor.py:32: in _execute
    return await self._conn._execute(fn, *args, **kwargs)
           ^^^^^^^^^^^^^^^^^^^^^^^^^^^^^^^^^^^^^^^^^^^^^^
..\..\..\..\..\..\AppData\Roaming\Python\Python314\site-packages\aiosqlite\core.py:160: in _execute
    return await future
           ^^^^^^^^^^^^
..\..\..\..\..\..\AppData\Roaming\Python\Python314\site-packages\aiosqlite\core.py:63: in _connection_worker_thread
    result = function()
             ^^^^^^^^^^
E   sqlalchemy.exc.OperationalError: (sqlite3.OperationalError) index ix_users_email already exists
E   [SQL: CREATE UNIQUE INDEX ix_users_email ON users (email)]
E   (Background on this error at: https://sqlalche.me/e/20/e3q8)
---------------------------- Captured stdout setup ----------------------------
Using proactor: IocpProactor
executing <function connect.<locals>.connector at 0x000001E9693CAA30>
operation <function connect.<locals>.connector at 0x000001E9693CAA30> completed
executing functools.partial(<built-in method create_function of sqlite3.Connection object at 0x000001E9693274C0>, 'regexp', 2, <function SQLiteDialect_pysqlite.on_connect.<locals>.regexp at 0x000001E9692D9F30>, deterministic=True)
operation functools.partial(<built-in method create_function of sqlite3.Connection object at 0x000001E9693274C0>, 'regexp', 2, <function SQLiteDialect_pysqlite.on_connect.<locals>.regexp at 0x000001E9692D9F30>, deterministic=True) completed
executing functools.partial(<built-in method create_function of sqlite3.Connection object at 0x000001E9693274C0>, 'floor', 1, <built-in function floor>, deterministic=True)
operation functools.partial(<built-in method create_function of sqlite3.Connection object at 0x000001E9693274C0>, 'floor', 1, <built-in function floor>, deterministic=True) completed
executing functools.partial(<built-in method cursor of sqlite3.Connection object at 0x000001E9693274C0>)
operation functools.partial(<built-in method cursor of sqlite3.Connection object at 0x000001E9693274C0>) completed
executing functools.partial(<built-in method execute of sqlite3.Cursor object at 0x000001E9693D3140>, 'PRAGMA read_uncommitted', [])
operation functools.partial(<built-in method execute of sqlite3.Cursor object at 0x000001E9693D3140>, 'PRAGMA read_uncommitted', []) completed
executing functools.partial(<built-in method fetchall of sqlite3.Cursor object at 0x000001E9693D3140>)
operation functools.partial(<built-in method fetchall of sqlite3.Cursor object at 0x000001E9693D3140>) completed
executing functools.partial(<built-in method close of sqlite3.Cursor object at 0x000001E9693D3140>)
operation functools.partial(<built-in method close of sqlite3.Cursor object at 0x000001E9693D3140>) completed
executing functools.partial(<built-in method rollback of sqlite3.Connection object at 0x000001E9693274C0>)
operation functools.partial(<built-in method rollback of sqlite3.Connection object at 0x000001E9693274C0>) completed
executing functools.partial(<built-in method cursor of sqlite3.Connection object at 0x000001E9693274C0>)
operation functools.partial(<built-in method cursor of sqlite3.Connection object at 0x000001E9693274C0>) completed
executing functools.partial(<built-in method execute of sqlite3.Cursor object at 0x000001E9693D3340>, 'PRAGMA main.table_info("users")', ())
operation functools.partial(<built-in method execute of sqlite3.Cursor object at 0x000001E9693D3340>, 'PRAGMA main.table_info("users")', ()) completed
executing functools.partial(<built-in method fetchall of sqlite3.Cursor object at 0x000001E9693D3340>)
operation functools.partial(<built-in method fetchall of sqlite3.Cursor object at 0x000001E9693D3340>) completed
executing functools.partial(<built-in method close of sqlite3.Cursor object at 0x000001E9693D3340>)
operation functools.partial(<built-in method close of sqlite3.Cursor object at 0x000001E9693D3340>) completed
executing functools.partial(<built-in method cursor of sqlite3.Connection object at 0x000001E9693274C0>)
operation functools.partial(<built-in method cursor of sqlite3.Connection object at 0x000001E9693274C0>) completed
executing functools.partial(<built-in method execute of sqlite3.Cursor object at 0x000001E9693D3440>, 'PRAGMA temp.table_info("users")', ())
operation functools.partial(<built-in method execute of sqlite3.Cursor object at 0x000001E9693D3440>, 'PRAGMA temp.table_info("users")', ()) completed
executing functools.partial(<built-in method fetchall of sqlite3.Cursor object at 0x000001E9693D3440>)
operation functools.partial(<built-in method fetchall of sqlite3.Cursor object at 0x000001E9693D3440>) completed
executing functools.partial(<built-in method close of sqlite3.Cursor object at 0x000001E9693D3440>)
operation functools.partial(<built-in method close of sqlite3.Cursor object at 0x000001E9693D3440>) completed
executing functools.partial(<built-in method cursor of sqlite3.Connection object at 0x000001E9693274C0>)
operation functools.partial(<built-in method cursor of sqlite3.Connection object at 0x000001E9693274C0>) completed
executing functools.partial(<built-in method execute of sqlite3.Cursor object at 0x000001E9693D3540>, 'PRAGMA main.table_info("leads")', ())
operation functools.partial(<built-in method execute of sqlite3.Cursor object at 0x000001E9693D3540>, 'PRAGMA main.table_info("leads")', ()) completed
executing functools.partial(<built-in method fetchall of sqlite3.Cursor object at 0x000001E9693D3540>)
operation functools.partial(<built-in method fetchall of sqlite3.Cursor object at 0x000001E9693D3540>) completed
executing functools.partial(<built-in method close of sqlite3.Cursor object at 0x000001E9693D3540>)
operation functools.partial(<built-in method close of sqlite3.Cursor object at 0x000001E9693D3540>) completed
executing functools.partial(<built-in method cursor of sqlite3.Connection object at 0x000001E9693274C0>)
operation functools.partial(<built-in method cursor of sqlite3.Connection object at 0x000001E9693274C0>) completed
executing functools.partial(<built-in method execute of sqlite3.Cursor object at 0x000001E9693D32C0>, 'PRAGMA temp.table_info("leads")', ())
operation functools.partial(<built-in method execute of sqlite3.Cursor object at 0x000001E9693D32C0>, 'PRAGMA temp.table_info("leads")', ()) completed
executing functools.partial(<built-in method fetchall of sqlite3.Cursor object at 0x000001E9693D32C0>)
operation functools.partial(<built-in method fetchall of sqlite3.Cursor object at 0x000001E9693D32C0>) completed
executing functools.partial(<built-in method close of sqlite3.Cursor object at 0x000001E9693D32C0>)
operation functools.partial(<built-in method close of sqlite3.Cursor object at 0x000001E9693D32C0>) completed
executing functools.partial(<built-in method cursor of sqlite3.Connection object at 0x000001E9693274C0>)
operation functools.partial(<built-in method cursor of sqlite3.Connection object at 0x000001E9693274C0>) completed
executing functools.partial(<built-in method execute of sqlite3.Cursor object at 0x000001E9693D30C0>, 'PRAGMA main.table_info("lead_score_history")', ())
operation functools.partial(<built-in method execute of sqlite3.Cursor object at 0x000001E9693D30C0>, 'PRAGMA main.table_info("lead_score_history")', ()) completed
executing functools.partial(<built-in method fetchall of sqlite3.Cursor object at 0x000001E9693D30C0>)
operation functools.partial(<built-in method fetchall of sqlite3.Cursor object at 0x000001E9693D30C0>) completed
executing functools.partial(<built-in method close of sqlite3.Cursor object at 0x000001E9693D30C0>)
operation functools.partial(<built-in method close of sqlite3.Cursor object at 0x000001E9693D30C0>) completed
executing functools.partial(<built-in method cursor of sqlite3.Connection object at 0x000001E9693274C0>)
operation functools.partial(<built-in method cursor of sqlite3.Connection object at 0x000001E9693274C0>) completed
executing functools.partial(<built-in method execute of sqlite3.Cursor object at 0x000001E9693D36C0>, 'PRAGMA temp.table_info("lead_score_history")', ())
operation functools.partial(<built-in method execute of sqlite3.Cursor object at 0x000001E9693D36C0>, 'PRAGMA temp.table_info("lead_score_history")', ()) completed
executing functools.partial(<built-in method fetchall of sqlite3.Cursor object at 0x000001E9693D36C0>)
operation functools.partial(<built-in method fetchall of sqlite3.Cursor object at 0x000001E9693D36C0>) completed
executing functools.partial(<built-in method close of sqlite3.Cursor object at 0x000001E9693D36C0>)
operation functools.partial(<built-in method close of sqlite3.Cursor object at 0x000001E9693D36C0>) completed
executing functools.partial(<built-in method cursor of sqlite3.Connection object at 0x000001E9693274C0>)
operation functools.partial(<built-in method cursor of sqlite3.Connection object at 0x000001E9693274C0>) completed
executing functools.partial(<built-in method execute of sqlite3.Cursor object at 0x000001E9693D3840>, 'PRAGMA main.table_info("briefings")', ())
operation functools.partial(<built-in method execute of sqlite3.Cursor object at 0x000001E9693D3840>, 'PRAGMA main.table_info("briefings")', ()) completed
executing functools.partial(<built-in method fetchall of sqlite3.Cursor object at 0x000001E9693D3840>)
operation functools.partial(<built-in method fetchall of sqlite3.Cursor object at 0x000001E9693D3840>) completed
executing functools.partial(<built-in method close of sqlite3.Cursor object at 0x000001E9693D3840>)
operation functools.partial(<built-in method close of sqlite3.Cursor object at 0x000001E9693D3840>) completed
executing functools.partial(<built-in method cursor of sqlite3.Connection object at 0x000001E9693274C0>)
operation functools.partial(<built-in method cursor of sqlite3.Connection object at 0x000001E9693274C0>) completed
executing functools.partial(<built-in method execute of sqlite3.Cursor object at 0x000001E9693D3740>, 'PRAGMA temp.table_info("briefings")', ())
operation functools.partial(<built-in method execute of sqlite3.Cursor object at 0x000001E9693D3740>, 'PRAGMA temp.table_info("briefings")', ()) completed
executing functools.partial(<built-in method fetchall of sqlite3.Cursor object at 0x000001E9693D3740>)
operation functools.partial(<built-in method fetchall of sqlite3.Cursor object at 0x000001E9693D3740>) completed
executing functools.partial(<built-in method close of sqlite3.Cursor object at 0x000001E9693D3740>)
operation functools.partial(<built-in method close of sqlite3.Cursor object at 0x000001E9693D3740>) completed
executing functools.partial(<built-in method cursor of sqlite3.Connection object at 0x000001E9693274C0>)
operation functools.partial(<built-in method cursor of sqlite3.Connection object at 0x000001E9693274C0>) completed
executing functools.partial(<built-in method execute of sqlite3.Cursor object at 0x000001E9693D3A40>, 'PRAGMA main.table_info("interacoes")', ())
operation functools.partial(<built-in method execute of sqlite3.Cursor object at 0x000001E9693D3A40>, 'PRAGMA main.table_info("interacoes")', ()) completed
executing functools.partial(<built-in method fetchall of sqlite3.Cursor object at 0x000001E9693D3A40>)
operation functools.partial(<built-in method fetchall of sqlite3.Cursor object at 0x000001E9693D3A40>) completed
executing functools.partial(<built-in method close of sqlite3.Cursor object at 0x000001E9693D3A40>)
operation functools.partial(<built-in method close of sqlite3.Cursor object at 0x000001E9693D3A40>) completed
executing functools.partial(<built-in method cursor of sqlite3.Connection object at 0x000001E9693274C0>)
operation functools.partial(<built-in method cursor of sqlite3.Connection object at 0x000001E9693274C0>) completed
executing functools.partial(<built-in method execute of sqlite3.Cursor object at 0x000001E9693D3940>, 'PRAGMA temp.table_info("interacoes")', ())
operation functools.partial(<built-in method execute of sqlite3.Cursor object at 0x000001E9693D3940>, 'PRAGMA temp.table_info("interacoes")', ()) completed
executing functools.partial(<built-in method fetchall of sqlite3.Cursor object at 0x000001E9693D3940>)
operation functools.partial(<built-in method fetchall of sqlite3.Cursor object at 0x000001E9693D3940>) completed
executing functools.partial(<built-in method close of sqlite3.Cursor object at 0x000001E9693D3940>)
operation functools.partial(<built-in method close of sqlite3.Cursor object at 0x000001E9693D3940>) completed
executing functools.partial(<built-in method cursor of sqlite3.Connection object at 0x000001E9693274C0>)
operation functools.partial(<built-in method cursor of sqlite3.Connection object at 0x000001E9693274C0>) completed
executing functools.partial(<built-in method execute of sqlite3.Cursor object at 0x000001E9693D3BC0>, 'PRAGMA main.table_info("agendamentos")', ())
operation functools.partial(<built-in method execute of sqlite3.Cursor object at 0x000001E9693D3BC0>, 'PRAGMA main.table_info("agendamentos")', ()) completed
executing functools.partial(<built-in method fetchall of sqlite3.Cursor object at 0x000001E9693D3BC0>)
operation functools.partial(<built-in method fetchall of sqlite3.Cursor object at 0x000001E9693D3BC0>) completed
executing functools.partial(<built-in method close of sqlite3.Cursor object at 0x000001E9693D3BC0>)
operation functools.partial(<built-in method close of sqlite3.Cursor object at 0x000001E9693D3BC0>) completed
executing functools.partial(<built-in method cursor of sqlite3.Connection object at 0x000001E9693274C0>)
operation functools.partial(<built-in method cursor of sqlite3.Connection object at 0x000001E9693274C0>) completed
executing functools.partial(<built-in method execute of sqlite3.Cursor object at 0x000001E9693D3AC0>, 'PRAGMA temp.table_info("agendamentos")', ())
operation functools.partial(<built-in method execute of sqlite3.Cursor object at 0x000001E9693D3AC0>, 'PRAGMA temp.table_info("agendamentos")', ()) completed
executing functools.partial(<built-in method fetchall of sqlite3.Cursor object at 0x000001E9693D3AC0>)
operation functools.partial(<built-in method fetchall of sqlite3.Cursor object at 0x000001E9693D3AC0>) completed
executing functools.partial(<built-in method close of sqlite3.Cursor object at 0x000001E9693D3AC0>)
operation functools.partial(<built-in method close of sqlite3.Cursor object at 0x000001E9693D3AC0>) completed
executing functools.partial(<built-in method cursor of sqlite3.Connection object at 0x000001E9693274C0>)
operation functools.partial(<built-in method cursor of sqlite3.Connection object at 0x000001E9693274C0>) completed
executing functools.partial(<built-in method execute of sqlite3.Cursor object at 0x000001E9693D3D40>, 'PRAGMA main.table_info("propostas")', ())
operation functools.partial(<built-in method execute of sqlite3.Cursor object at 0x000001E9693D3D40>, 'PRAGMA main.table_info("propostas")', ()) completed
executing functools.partial(<built-in method fetchall of sqlite3.Cursor object at 0x000001E9693D3D40>)
operation functools.partial(<built-in method fetchall of sqlite3.Cursor object at 0x000001E9693D3D40>) completed
executing functools.partial(<built-in method close of sqlite3.Cursor object at 0x000001E9693D3D40>)
operation functools.partial(<built-in method close of sqlite3.Cursor object at 0x000001E9693D3D40>) completed
executing functools.partial(<built-in method cursor of sqlite3.Connection object at 0x000001E9693274C0>)
operation functools.partial(<built-in method cursor of sqlite3.Connection object at 0x000001E9693274C0>) completed
executing functools.partial(<built-in method execute of sqlite3.Cursor object at 0x000001E9693D3C40>, 'PRAGMA temp.table_info("propostas")', ())
operation functools.partial(<built-in method execute of sqlite3.Cursor object at 0x000001E9693D3C40>, 'PRAGMA temp.table_info("propostas")', ()) completed
executing functools.partial(<built-in method fetchall of sqlite3.Cursor object at 0x000001E9693D3C40>)
operation functools.partial(<built-in method fetchall of sqlite3.Cursor object at 0x000001E9693D3C40>) completed
executing functools.partial(<built-in method close of sqlite3.Cursor object at 0x000001E9693D3C40>)
operation functools.partial(<built-in method close of sqlite3.Cursor object at 0x000001E9693D3C40>) completed
executing functools.partial(<built-in method cursor of sqlite3.Connection object at 0x000001E9693274C0>)
operation functools.partial(<built-in method cursor of sqlite3.Connection object at 0x000001E9693274C0>) completed
executing functools.partial(<built-in method execute of sqlite3.Cursor object at 0x000001E9693D3EC0>, 'PRAGMA main.table_info("suitcase_items")', ())
operation functools.partial(<built-in method execute of sqlite3.Cursor object at 0x000001E9693D3EC0>, 'PRAGMA main.table_info("suitcase_items")', ()) completed
executing functools.partial(<built-in method fetchall of sqlite3.Cursor object at 0x000001E9693D3EC0>)
operation functools.partial(<built-in method fetchall of sqlite3.Cursor object at 0x000001E9693D3EC0>) completed
executing functools.partial(<built-in method close of sqlite3.Cursor object at 0x000001E9693D3EC0>)
operation functools.partial(<built-in method close of sqlite3.Cursor object at 0x000001E9693D3EC0>) completed
executing functools.partial(<built-in method cursor of sqlite3.Connection object at 0x000001E9693274C0>)
operation functools.partial(<built-in method cursor of sqlite3.Connection object at 0x000001E9693274C0>) completed
executing functools.partial(<built-in method execute of sqlite3.Cursor object at 0x000001E9693D3DC0>, 'PRAGMA temp.table_info("suitcase_items")', ())
operation functools.partial(<built-in method execute of sqlite3.Cursor object at 0x000001E9693D3DC0>, 'PRAGMA temp.table_info("suitcase_items")', ()) completed
executing functools.partial(<built-in method fetchall of sqlite3.Cursor object at 0x000001E9693D3DC0>)
operation functools.partial(<built-in method fetchall of sqlite3.Cursor object at 0x000001E9693D3DC0>) completed
executing functools.partial(<built-in method close of sqlite3.Cursor object at 0x000001E9693D3DC0>)
operation functools.partial(<built-in method close of sqlite3.Cursor object at 0x000001E9693D3DC0>) completed
executing functools.partial(<built-in method cursor of sqlite3.Connection object at 0x000001E9693274C0>)
operation functools.partial(<built-in method cursor of sqlite3.Connection object at 0x000001E9693274C0>) completed
executing functools.partial(<built-in method execute of sqlite3.Cursor object at 0x000001E9693D3CC0>, 'PRAGMA main.table_info("suitcase_suggestions")', ())
operation functools.partial(<built-in method execute of sqlite3.Cursor object at 0x000001E9693D3CC0>, 'PRAGMA main.table_info("suitcase_suggestions")', ()) completed
executing functools.partial(<built-in method fetchall of sqlite3.Cursor object at 0x000001E9693D3CC0>)
operation functools.partial(<built-in method fetchall of sqlite3.Cursor object at 0x000001E9693D3CC0>) completed
executing functools.partial(<built-in method close of sqlite3.Cursor object at 0x000001E9693D3CC0>)
operation functools.partial(<built-in method close of sqlite3.Cursor object at 0x000001E9693D3CC0>) completed
executing functools.partial(<built-in method cursor of sqlite3.Connection object at 0x000001E9693274C0>)
operation functools.partial(<built-in method cursor of sqlite3.Connection object at 0x000001E9693274C0>) completed
executing functools.partial(<built-in method execute of sqlite3.Cursor object at 0x000001E9693D3F40>, 'PRAGMA temp.table_info("suitcase_suggestions")', ())
operation functools.partial(<built-in method execute of sqlite3.Cursor object at 0x000001E9693D3F40>, 'PRAGMA temp.table_info("suitcase_suggestions")', ()) completed
executing functools.partial(<built-in method fetchall of sqlite3.Cursor object at 0x000001E9693D3F40>)
operation functools.partial(<built-in method fetchall of sqlite3.Cursor object at 0x000001E9693D3F40>) completed
executing functools.partial(<built-in method close of sqlite3.Cursor object at 0x000001E9693D3F40>)
operation functools.partial(<built-in method close of sqlite3.Cursor object at 0x000001E9693D3F40>) completed
executing functools.partial(<built-in method cursor of sqlite3.Connection object at 0x000001E9693274C0>)
operation functools.partial(<built-in method cursor of sqlite3.Connection object at 0x000001E9693274C0>) completed
executing functools.partial(<built-in method execute of sqlite3.Cursor object at 0x000001E96940C240>, 'PRAGMA main.table_info("travel_diary_entries")', ())
operation functools.partial(<built-in method execute of sqlite3.Cursor object at 0x000001E96940C240>, 'PRAGMA main.table_info("travel_diary_entries")', ()) completed
executing functools.partial(<built-in method fetchall of sqlite3.Cursor object at 0x000001E96940C240>)
operation functools.partial(<built-in method fetchall of sqlite3.Cursor object at 0x000001E96940C240>) completed
executing functools.partial(<built-in method close of sqlite3.Cursor object at 0x000001E96940C240>)
operation functools.partial(<built-in method close of sqlite3.Cursor object at 0x000001E96940C240>) completed
executing functools.partial(<built-in method cursor of sqlite3.Connection object at 0x000001E9693274C0>)
operation functools.partial(<built-in method cursor of sqlite3.Connection object at 0x000001E9693274C0>) completed
executing functools.partial(<built-in method execute of sqlite3.Cursor object at 0x000001E96940C0C0>, 'PRAGMA temp.table_info("travel_diary_entries")', ())
operation functools.partial(<built-in method execute of sqlite3.Cursor object at 0x000001E96940C0C0>, 'PRAGMA temp.table_info("travel_diary_entries")', ()) completed
executing functools.partial(<built-in method fetchall of sqlite3.Cursor object at 0x000001E96940C0C0>)
operation functools.partial(<built-in method fetchall of sqlite3.Cursor object at 0x000001E96940C0C0>) completed
executing functools.partial(<built-in method close of sqlite3.Cursor object at 0x000001E96940C0C0>)
operation functools.partial(<built-in method close of sqlite3.Cursor object at 0x000001E96940C0C0>) completed
executing functools.partial(<built-in method cursor of sqlite3.Connection object at 0x000001E9693274C0>)
operation functools.partial(<built-in method cursor of sqlite3.Connection object at 0x000001E9693274C0>) completed
executing functools.partial(<built-in method execute of sqlite3.Cursor object at 0x000001E96940C3C0>, 'PRAGMA main.table_info("documentos")', ())
operation functools.partial(<built-in method execute of sqlite3.Cursor object at 0x000001E96940C3C0>, 'PRAGMA main.table_info("documentos")', ()) completed
executing functools.partial(<built-in method fetchall of sqlite3.Cursor object at 0x000001E96940C3C0>)
operation functools.partial(<built-in method fetchall of sqlite3.Cursor object at 0x000001E96940C3C0>) completed
executing functools.partial(<built-in method close of sqlite3.Cursor object at 0x000001E96940C3C0>)
operation functools.partial(<built-in method close of sqlite3.Cursor object at 0x000001E96940C3C0>) completed
executing functools.partial(<built-in method cursor of sqlite3.Connection object at 0x000001E9693274C0>)
operation functools.partial(<built-in method cursor of sqlite3.Connection object at 0x000001E9693274C0>) completed
executing functools.partial(<built-in method execute of sqlite3.Cursor object at 0x000001E96940C2C0>, 'PRAGMA temp.table_info("documentos")', ())
operation functools.partial(<built-in method execute of sqlite3.Cursor object at 0x000001E96940C2C0>, 'PRAGMA temp.table_info("documentos")', ()) completed
executing functools.partial(<built-in method fetchall of sqlite3.Cursor object at 0x000001E96940C2C0>)
operation functools.partial(<built-in method fetchall of sqlite3.Cursor object at 0x000001E96940C2C0>) completed
executing functools.partial(<built-in method close of sqlite3.Cursor object at 0x000001E96940C2C0>)
operation functools.partial(<built-in method close of sqlite3.Cursor object at 0x000001E96940C2C0>) completed
executing functools.partial(<built-in method cursor of sqlite3.Connection object at 0x000001E9693274C0>)
operation functools.partial(<built-in method cursor of sqlite3.Connection object at 0x000001E9693274C0>) completed
executing functools.partial(<built-in method execute of sqlite3.Cursor object at 0x000001E96940C140>, 'PRAGMA main.table_info("notification_queue")', ())
operation functools.partial(<built-in method execute of sqlite3.Cursor object at 0x000001E96940C140>, 'PRAGMA main.table_info("notification_queue")', ()) completed
executing functools.partial(<built-in method fetchall of sqlite3.Cursor object at 0x000001E96940C140>)
operation functools.partial(<built-in method fetchall of sqlite3.Cursor object at 0x000001E96940C140>) completed
executing functools.partial(<built-in method close of sqlite3.Cursor object at 0x000001E96940C140>)
operation functools.partial(<built-in method close of sqlite3.Cursor object at 0x000001E96940C140>) completed
executing functools.partial(<built-in method cursor of sqlite3.Connection object at 0x000001E9693274C0>)
operation functools.partial(<built-in method cursor of sqlite3.Connection object at 0x000001E9693274C0>) completed
executing functools.partial(<built-in method execute of sqlite3.Cursor object at 0x000001E96940C440>, 'PRAGMA temp.table_info("notification_queue")', ())
operation functools.partial(<built-in method execute of sqlite3.Cursor object at 0x000001E96940C440>, 'PRAGMA temp.table_info("notification_queue")', ()) completed
executing functools.partial(<built-in method fetchall of sqlite3.Cursor object at 0x000001E96940C440>)
operation functools.partial(<built-in method fetchall of sqlite3.Cursor object at 0x000001E96940C440>) completed
executing functools.partial(<built-in method close of sqlite3.Cursor object at 0x000001E96940C440>)
operation functools.partial(<built-in method close of sqlite3.Cursor object at 0x000001E96940C440>) completed
executing functools.partial(<built-in method cursor of sqlite3.Connection object at 0x000001E9693274C0>)
operation functools.partial(<built-in method cursor of sqlite3.Connection object at 0x000001E9693274C0>) completed
executing functools.partial(<built-in method execute of sqlite3.Cursor object at 0x000001E96940C6C0>, 'PRAGMA main.table_info("dead_letter_queue")', ())
operation functools.partial(<built-in method execute of sqlite3.Cursor object at 0x000001E96940C6C0>, 'PRAGMA main.table_info("dead_letter_queue")', ()) completed
executing functools.partial(<built-in method fetchall of sqlite3.Cursor object at 0x000001E96940C6C0>)
operation functools.partial(<built-in method fetchall of sqlite3.Cursor object at 0x000001E96940C6C0>) completed
executing functools.partial(<built-in method close of sqlite3.Cursor object at 0x000001E96940C6C0>)
operation functools.partial(<built-in method close of sqlite3.Cursor object at 0x000001E96940C6C0>) completed
executing functools.partial(<built-in method cursor of sqlite3.Connection object at 0x000001E9693274C0>)
operation functools.partial(<built-in method cursor of sqlite3.Connection object at 0x000001E9693274C0>) completed
executing functools.partial(<built-in method execute of sqlite3.Cursor object at 0x000001E96940C640>, 'PRAGMA temp.table_info("dead_letter_queue")', ())
operation functools.partial(<built-in method execute of sqlite3.Cursor object at 0x000001E96940C640>, 'PRAGMA temp.table_info("dead_letter_queue")', ()) completed
executing functools.partial(<built-in method fetchall of sqlite3.Cursor object at 0x000001E96940C640>)
operation functools.partial(<built-in method fetchall of sqlite3.Cursor object at 0x000001E96940C640>) completed
executing functools.partial(<built-in method close of sqlite3.Cursor object at 0x000001E96940C640>)
operation functools.partial(<built-in method close of sqlite3.Cursor object at 0x000001E96940C640>) completed
executing functools.partial(<built-in method cursor of sqlite3.Connection object at 0x000001E9693274C0>)
operation functools.partial(<built-in method cursor of sqlite3.Connection object at 0x000001E9693274C0>) completed
executing functools.partial(<built-in method execute of sqlite3.Cursor object at 0x000001E96940C840>, 'PRAGMA main.table_info("offers")', ())
operation functools.partial(<built-in method execute of sqlite3.Cursor object at 0x000001E96940C840>, 'PRAGMA main.table_info("offers")', ()) completed
executing functools.partial(<built-in method fetchall of sqlite3.Cursor object at 0x000001E96940C840>)
operation functools.partial(<built-in method fetchall of sqlite3.Cursor object at 0x000001E96940C840>) completed
executing functools.partial(<built-in method close of sqlite3.Cursor object at 0x000001E96940C840>)
operation functools.partial(<built-in method close of sqlite3.Cursor object at 0x000001E96940C840>) completed
executing functools.partial(<built-in method cursor of sqlite3.Connection object at 0x000001E9693274C0>)
operation functools.partial(<built-in method cursor of sqlite3.Connection object at 0x000001E9693274C0>) completed
executing functools.partial(<built-in method execute of sqlite3.Cursor object at 0x000001E96940C740>, 'PRAGMA temp.table_info("offers")', ())
operation functools.partial(<built-in method execute of sqlite3.Cursor object at 0x000001E96940C740>, 'PRAGMA temp.table_info("offers")', ()) completed
executing functools.partial(<built-in method fetchall of sqlite3.Cursor object at 0x000001E96940C740>)
operation functools.partial(<built-in method fetchall of sqlite3.Cursor object at 0x000001E96940C740>) completed
executing functools.partial(<built-in method close of sqlite3.Cursor object at 0x000001E96940C740>)
operation functools.partial(<built-in method close of sqlite3.Cursor object at 0x000001E96940C740>) completed
executing functools.partial(<built-in method cursor of sqlite3.Connection object at 0x000001E9693274C0>)
operation functools.partial(<built-in method cursor of sqlite3.Connection object at 0x000001E9693274C0>) completed
executing functools.partial(<built-in method execute of sqlite3.Cursor object at 0x000001E96940C9C0>, 'PRAGMA main.table_info("aya_toggle_history")', ())
operation functools.partial(<built-in method execute of sqlite3.Cursor object at 0x000001E96940C9C0>, 'PRAGMA main.table_info("aya_toggle_history")', ()) completed
executing functools.partial(<built-in method fetchall of sqlite3.Cursor object at 0x000001E96940C9C0>)
operation functools.partial(<built-in method fetchall of sqlite3.Cursor object at 0x000001E96940C9C0>) completed
executing functools.partial(<built-in method close of sqlite3.Cursor object at 0x000001E96940C9C0>)
operation functools.partial(<built-in method close of sqlite3.Cursor object at 0x000001E96940C9C0>) completed
executing functools.partial(<built-in method cursor of sqlite3.Connection object at 0x000001E9693274C0>)
operation functools.partial(<built-in method cursor of sqlite3.Connection object at 0x000001E9693274C0>) completed
executing functools.partial(<built-in method execute of sqlite3.Cursor object at 0x000001E96940C8C0>, 'PRAGMA temp.table_info("aya_toggle_history")', ())
operation functools.partial(<built-in method execute of sqlite3.Cursor object at 0x000001E96940C8C0>, 'PRAGMA temp.table_info("aya_toggle_history")', ()) completed
executing functools.partial(<built-in method fetchall of sqlite3.Cursor object at 0x000001E96940C8C0>)
operation functools.partial(<built-in method fetchall of sqlite3.Cursor object at 0x000001E96940C8C0>) completed
executing functools.partial(<built-in method close of sqlite3.Cursor object at 0x000001E96940C8C0>)
operation functools.partial(<built-in method close of sqlite3.Cursor object at 0x000001E96940C8C0>) completed
executing functools.partial(<built-in method cursor of sqlite3.Connection object at 0x000001E9693274C0>)
operation functools.partial(<built-in method cursor of sqlite3.Connection object at 0x000001E9693274C0>) completed
executing functools.partial(<built-in method execute of sqlite3.Cursor object at 0x000001E96940CB40>, 'PRAGMA main.table_info("conversation_summaries")', ())
operation functools.partial(<built-in method execute of sqlite3.Cursor object at 0x000001E96940CB40>, 'PRAGMA main.table_info("conversation_summaries")', ()) completed
executing functools.partial(<built-in method fetchall of sqlite3.Cursor object at 0x000001E96940CB40>)
operation functools.partial(<built-in method fetchall of sqlite3.Cursor object at 0x000001E96940CB40>) completed
executing functools.partial(<built-in method close of sqlite3.Cursor object at 0x000001E96940CB40>)
operation functools.partial(<built-in method close of sqlite3.Cursor object at 0x000001E96940CB40>) completed
executing functools.partial(<built-in method cursor of sqlite3.Connection object at 0x000001E9693274C0>)
operation functools.partial(<built-in method cursor of sqlite3.Connection object at 0x000001E9693274C0>) completed
executing functools.partial(<built-in method execute of sqlite3.Cursor object at 0x000001E96940CA40>, 'PRAGMA temp.table_info("conversation_summaries")', ())
operation functools.partial(<built-in method execute of sqlite3.Cursor object at 0x000001E96940CA40>, 'PRAGMA temp.table_info("conversation_summaries")', ()) completed
executing functools.partial(<built-in method fetchall of sqlite3.Cursor object at 0x000001E96940CA40>)
operation functools.partial(<built-in method fetchall of sqlite3.Cursor object at 0x000001E96940CA40>) completed
executing functools.partial(<built-in method close of sqlite3.Cursor object at 0x000001E96940CA40>)
operation functools.partial(<built-in method close of sqlite3.Cursor object at 0x000001E96940CA40>) completed
executing functools.partial(<built-in method cursor of sqlite3.Connection object at 0x000001E9693274C0>)
operation functools.partial(<built-in method cursor of sqlite3.Connection object at 0x000001E9693274C0>) completed
executing functools.partial(<built-in method execute of sqlite3.Cursor object at 0x000001E96940CCC0>, 'PRAGMA main.table_info("travels")', ())
operation functools.partial(<built-in method execute of sqlite3.Cursor object at 0x000001E96940CCC0>, 'PRAGMA main.table_info("travels")', ()) completed
executing functools.partial(<built-in method fetchall of sqlite3.Cursor object at 0x000001E96940CCC0>)
operation functools.partial(<built-in method fetchall of sqlite3.Cursor object at 0x000001E96940CCC0>) completed
executing functools.partial(<built-in method close of sqlite3.Cursor object at 0x000001E96940CCC0>)
operation functools.partial(<built-in method close of sqlite3.Cursor object at 0x000001E96940CCC0>) completed
executing functools.partial(<built-in method cursor of sqlite3.Connection object at 0x000001E9693274C0>)
operation functools.partial(<built-in method cursor of sqlite3.Connection object at 0x000001E9693274C0>) completed
executing functools.partial(<built-in method execute of sqlite3.Cursor object at 0x000001E96940CBC0>, 'PRAGMA temp.table_info("travels")', ())
operation functools.partial(<built-in method execute of sqlite3.Cursor object at 0x000001E96940CBC0>, 'PRAGMA temp.table_info("travels")', ()) completed
executing functools.partial(<built-in method fetchall of sqlite3.Cursor object at 0x000001E96940CBC0>)
operation functools.partial(<built-in method fetchall of sqlite3.Cursor object at 0x000001E96940CBC0>) completed
executing functools.partial(<built-in method close of sqlite3.Cursor object at 0x000001E96940CBC0>)
operation functools.partial(<built-in method close of sqlite3.Cursor object at 0x000001E96940CBC0>) completed
executing functools.partial(<built-in method cursor of sqlite3.Connection object at 0x000001E9693274C0>)
operation functools.partial(<built-in method cursor of sqlite3.Connection object at 0x000001E9693274C0>) completed
executing functools.partial(<built-in method execute of sqlite3.Cursor object at 0x000001E96940CC40>, 'PRAGMA main.table_info("itinerary_items")', ())
operation functools.partial(<built-in method execute of sqlite3.Cursor object at 0x000001E96940CC40>, 'PRAGMA main.table_info("itinerary_items")', ()) completed
executing functools.partial(<built-in method fetchall of sqlite3.Cursor object at 0x000001E96940CC40>)
operation functools.partial(<built-in method fetchall of sqlite3.Cursor object at 0x000001E96940CC40>) completed
executing functools.partial(<built-in method close of sqlite3.Cursor object at 0x000001E96940CC40>)
operation functools.partial(<built-in method close of sqlite3.Cursor object at 0x000001E96940CC40>) completed
executing functools.partial(<built-in method cursor of sqlite3.Connection object at 0x000001E9693274C0>)
operation functools.partial(<built-in method cursor of sqlite3.Connection object at 0x000001E9693274C0>) completed
executing functools.partial(<built-in method execute of sqlite3.Cursor object at 0x000001E96940CAC0>, 'PRAGMA temp.table_info("itinerary_items")', ())
operation functools.partial(<built-in method execute of sqlite3.Cursor object at 0x000001E96940CAC0>, 'PRAGMA temp.table_info("itinerary_items")', ()) completed
executing functools.partial(<built-in method fetchall of sqlite3.Cursor object at 0x000001E96940CAC0>)
operation functools.partial(<built-in method fetchall of sqlite3.Cursor object at 0x000001E96940CAC0>) completed
executing functools.partial(<built-in method close of sqlite3.Cursor object at 0x000001E96940CAC0>)
operation functools.partial(<built-in method close of sqlite3.Cursor object at 0x000001E96940CAC0>) completed
executing functools.partial(<built-in method cursor of sqlite3.Connection object at 0x000001E9693274C0>)
operation functools.partial(<built-in method cursor of sqlite3.Connection object at 0x000001E9693274C0>) completed
executing functools.partial(<built-in method execute of sqlite3.Cursor object at 0x000001E96940CDC0>, 'PRAGMA main.table_info("travel_checkpoints")', ())
operation functools.partial(<built-in method execute of sqlite3.Cursor object at 0x000001E96940CDC0>, 'PRAGMA main.table_info("travel_checkpoints")', ()) completed
executing functools.partial(<built-in method fetchall of sqlite3.Cursor object at 0x000001E96940CDC0>)
operation functools.partial(<built-in method fetchall of sqlite3.Cursor object at 0x000001E96940CDC0>) completed
executing functools.partial(<built-in method close of sqlite3.Cursor object at 0x000001E96940CDC0>)
operation functools.partial(<built-in method close of sqlite3.Cursor object at 0x000001E96940CDC0>) completed
executing functools.partial(<built-in method cursor of sqlite3.Connection object at 0x000001E9693274C0>)
operation functools.partial(<built-in method cursor of sqlite3.Connection object at 0x000001E9693274C0>) completed
executing functools.partial(<built-in method execute of sqlite3.Cursor object at 0x000001E96940CF40>, 'PRAGMA temp.table_info("travel_checkpoints")', ())
operation functools.partial(<built-in method execute of sqlite3.Cursor object at 0x000001E96940CF40>, 'PRAGMA temp.table_info("travel_checkpoints")', ()) completed
executing functools.partial(<built-in method fetchall of sqlite3.Cursor object at 0x000001E96940CF40>)
operation functools.partial(<built-in method fetchall of sqlite3.Cursor object at 0x000001E96940CF40>) completed
executing functools.partial(<built-in method close of sqlite3.Cursor object at 0x000001E96940CF40>)
operation functools.partial(<built-in method close of sqlite3.Cursor object at 0x000001E96940CF40>) completed
executing functools.partial(<built-in method cursor of sqlite3.Connection object at 0x000001E9693274C0>)
operation functools.partial(<built-in method cursor of sqlite3.Connection object at 0x000001E9693274C0>) completed
executing functools.partial(<built-in method execute of sqlite3.Cursor object at 0x000001E96940D0C0>, 'PRAGMA main.table_info("lead_offers")', ())
operation functools.partial(<built-in method execute of sqlite3.Cursor object at 0x000001E96940D0C0>, 'PRAGMA main.table_info("lead_offers")', ()) completed
executing functools.partial(<built-in method fetchall of sqlite3.Cursor object at 0x000001E96940D0C0>)
operation functools.partial(<built-in method fetchall of sqlite3.Cursor object at 0x000001E96940D0C0>) completed
executing functools.partial(<built-in method close of sqlite3.Cursor object at 0x000001E96940D0C0>)
operation functools.partial(<built-in method close of sqlite3.Cursor object at 0x000001E96940D0C0>) completed
executing functools.partial(<built-in method cursor of sqlite3.Connection object at 0x000001E9693274C0>)
operation functools.partial(<built-in method cursor of sqlite3.Connection object at 0x000001E9693274C0>) completed
executing functools.partial(<built-in method execute of sqlite3.Cursor object at 0x000001E96940CFC0>, 'PRAGMA temp.table_info("lead_offers")', ())
operation functools.partial(<built-in method execute of sqlite3.Cursor object at 0x000001E96940CFC0>, 'PRAGMA temp.table_info("lead_offers")', ()) completed
executing functools.partial(<built-in method fetchall of sqlite3.Cursor object at 0x000001E96940CFC0>)
operation functools.partial(<built-in method fetchall of sqlite3.Cursor object at 0x000001E96940CFC0>) completed
executing functools.partial(<built-in method close of sqlite3.Cursor object at 0x000001E96940CFC0>)
operation functools.partial(<built-in method close of sqlite3.Cursor object at 0x000001E96940CFC0>) completed
executing functools.partial(<built-in method cursor of sqlite3.Connection object at 0x000001E9693274C0>)
operation functools.partial(<built-in method cursor of sqlite3.Connection object at 0x000001E9693274C0>) completed
executing functools.partial(<built-in method execute of sqlite3.Cursor object at 0x000001E96940D140>, '\nCREATE TABLE users (\n\tid VARCHAR(36) NOT NULL, \n\temail VARCHAR(255) NOT NULL, \n\tnome VARCHAR(255) NOT NULL, \n\thashed_password VARCHAR(255) NOT NULL, \n\tperfil VARCHAR(20) NOT NULL, \n\ttelefone VARCHAR(20), \n\tfcm_token VARCHAR(500), \n\tavatar_url VARCHAR(500), \n\tis_active BOOLEAN NOT NULL, \n\tcriado_em DATETIME DEFAULT CURRENT_TIMESTAMP NOT NULL, \n\ttipo_viagem JSON, \n\tpreferencias JSON, \n\ttem_passaporte BOOLEAN, \n\tPRIMARY KEY (id)\n)\n\n', ())
operation functools.partial(<built-in method execute of sqlite3.Cursor object at 0x000001E96940D140>, '\nCREATE TABLE users (\n\tid VARCHAR(36) NOT NULL, \n\temail VARCHAR(255) NOT NULL, \n\tnome VARCHAR(255) NOT NULL, \n\thashed_password VARCHAR(255) NOT NULL, \n\tperfil VARCHAR(20) NOT NULL, \n\ttelefone VARCHAR(20), \n\tfcm_token VARCHAR(500), \n\tavatar_url VARCHAR(500), \n\tis_active BOOLEAN NOT NULL, \n\tcriado_em DATETIME DEFAULT CURRENT_TIMESTAMP NOT NULL, \n\ttipo_viagem JSON, \n\tpreferencias JSON, \n\ttem_passaporte BOOLEAN, \n\tPRIMARY KEY (id)\n)\n\n', ()) completed
executing functools.partial(<built-in method close of sqlite3.Cursor object at 0x000001E96940D140>)
operation functools.partial(<built-in method close of sqlite3.Cursor object at 0x000001E96940D140>) completed
executing functools.partial(<built-in method cursor of sqlite3.Connection object at 0x000001E9693274C0>)
operation functools.partial(<built-in method cursor of sqlite3.Connection object at 0x000001E9693274C0>) completed
executing functools.partial(<built-in method execute of sqlite3.Cursor object at 0x000001E96940E9C0>, 'CREATE UNIQUE INDEX ix_users_email ON users (email)', ())
operation functools.partial(<built-in method execute of sqlite3.Cursor object at 0x000001E96940E9C0>, 'CREATE UNIQUE INDEX ix_users_email ON users (email)', ()) completed
executing functools.partial(<built-in method close of sqlite3.Cursor object at 0x000001E96940E9C0>)
operation functools.partial(<built-in method close of sqlite3.Cursor object at 0x000001E96940E9C0>) completed
executing functools.partial(<built-in method cursor of sqlite3.Connection object at 0x000001E9693274C0>)
operation functools.partial(<built-in method cursor of sqlite3.Connection object at 0x000001E9693274C0>) completed
executing functools.partial(<built-in method execute of sqlite3.Cursor object at 0x000001E96940FF40>, 'CREATE UNIQUE INDEX ix_users_email ON users (email)', ())
returning exception index ix_users_email already exists
executing functools.partial(<built-in method rollback of sqlite3.Connection object at 0x000001E9693274C0>)
operation functools.partial(<built-in method rollback of sqlite3.Connection object at 0x000001E9693274C0>) completed
executing functools.partial(<built-in method rollback of sqlite3.Connection object at 0x000001E9693274C0>)
operation functools.partial(<built-in method rollback of sqlite3.Connection object at 0x000001E9693274C0>) completed
----------------------------- Captured log setup ------------------------------
DEBUG    asyncio:proactor_events.py:633 Using proactor: IocpProactor
DEBUG    aiosqlite:core.py:62 executing <function connect.<locals>.connector at 0x000001E9693CAA30>
DEBUG    aiosqlite:core.py:67 operation <function connect.<locals>.connector at 0x000001E9693CAA30> completed
DEBUG    aiosqlite:core.py:62 executing functools.partial(<built-in method create_function of sqlite3.Connection object at 0x000001E9693274C0>, 'regexp', 2, <function SQLiteDialect_pysqlite.on_connect.<locals>.regexp at 0x000001E9692D9F30>, deterministic=True)
DEBUG    aiosqlite:core.py:67 operation functools.partial(<built-in method create_function of sqlite3.Connection object at 0x000001E9693274C0>, 'regexp', 2, <function SQLiteDialect_pysqlite.on_connect.<locals>.regexp at 0x000001E9692D9F30>, deterministic=True) completed
DEBUG    aiosqlite:core.py:62 executing functools.partial(<built-in method create_function of sqlite3.Connection object at 0x000001E9693274C0>, 'floor', 1, <built-in function floor>, deterministic=True)
DEBUG    aiosqlite:core.py:67 operation functools.partial(<built-in method create_function of sqlite3.Connection object at 0x000001E9693274C0>, 'floor', 1, <built-in function floor>, deterministic=True) completed
DEBUG    aiosqlite:core.py:62 executing functools.partial(<built-in method cursor of sqlite3.Connection object at 0x000001E9693274C0>)
DEBUG    aiosqlite:core.py:67 operation functools.partial(<built-in method cursor of sqlite3.Connection object at 0x000001E9693274C0>) completed
DEBUG    aiosqlite:core.py:62 executing functools.partial(<built-in method execute of sqlite3.Cursor object at 0x000001E9693D3140>, 'PRAGMA read_uncommitted', [])
DEBUG    aiosqlite:core.py:67 operation functools.partial(<built-in method execute of sqlite3.Cursor object at 0x000001E9693D3140>, 'PRAGMA read_uncommitted', []) completed
DEBUG    aiosqlite:core.py:62 executing functools.partial(<built-in method fetchall of sqlite3.Cursor object at 0x000001E9693D3140>)
DEBUG    aiosqlite:core.py:67 operation functools.partial(<built-in method fetchall of sqlite3.Cursor object at 0x000001E9693D3140>) completed
DEBUG    aiosqlite:core.py:62 executing functools.partial(<built-in method close of sqlite3.Cursor object at 0x000001E9693D3140>)
DEBUG    aiosqlite:core.py:67 operation functools.partial(<built-in method close of sqlite3.Cursor object at 0x000001E9693D3140>) completed
DEBUG    aiosqlite:core.py:62 executing functools.partial(<built-in method rollback of sqlite3.Connection object at 0x000001E9693274C0>)
DEBUG    aiosqlite:core.py:67 operation functools.partial(<built-in method rollback of sqlite3.Connection object at 0x000001E9693274C0>) completed
DEBUG    aiosqlite:core.py:62 executing functools.partial(<built-in method cursor of sqlite3.Connection object at 0x000001E9693274C0>)
DEBUG    aiosqlite:core.py:67 operation functools.partial(<built-in method cursor of sqlite3.Connection object at 0x000001E9693274C0>) completed
DEBUG    aiosqlite:core.py:62 executing functools.partial(<built-in method execute of sqlite3.Cursor object at 0x000001E9693D3340>, 'PRAGMA main.table_info("users")', ())
DEBUG    aiosqlite:core.py:67 operation functools.partial(<built-in method execute of sqlite3.Cursor object at 0x000001E9693D3340>, 'PRAGMA main.table_info("users")', ()) completed
DEBUG    aiosqlite:core.py:62 executing functools.partial(<built-in method fetchall of sqlite3.Cursor object at 0x000001E9693D3340>)
DEBUG    aiosqlite:core.py:67 operation functools.partial(<built-in method fetchall of sqlite3.Cursor object at 0x000001E9693D3340>) completed
DEBUG    aiosqlite:core.py:62 executing functools.partial(<built-in method close of sqlite3.Cursor object at 0x000001E9693D3340>)
DEBUG    aiosqlite:core.py:67 operation functools.partial(<built-in method close of sqlite3.Cursor object at 0x000001E9693D3340>) completed
DEBUG    aiosqlite:core.py:62 executing functools.partial(<built-in method cursor of sqlite3.Connection object at 0x000001E9693274C0>)
DEBUG    aiosqlite:core.py:67 operation functools.partial(<built-in method cursor of sqlite3.Connection object at 0x000001E9693274C0>) completed
DEBUG    aiosqlite:core.py:62 executing functools.partial(<built-in method execute of sqlite3.Cursor object at 0x000001E9693D3440>, 'PRAGMA temp.table_info("users")', ())
DEBUG    aiosqlite:core.py:67 operation functools.partial(<built-in method execute of sqlite3.Cursor object at 0x000001E9693D3440>, 'PRAGMA temp.table_info("users")', ()) completed
DEBUG    aiosqlite:core.py:62 executing functools.partial(<built-in method fetchall of sqlite3.Cursor object at 0x000001E9693D3440>)
DEBUG    aiosqlite:core.py:67 operation functools.partial(<built-in method fetchall of sqlite3.Cursor object at 0x000001E9693D3440>) completed
DEBUG    aiosqlite:core.py:62 executing functools.partial(<built-in method close of sqlite3.Cursor object at 0x000001E9693D3440>)
DEBUG    aiosqlite:core.py:67 operation functools.partial(<built-in method close of sqlite3.Cursor object at 0x000001E9693D3440>) completed
DEBUG    aiosqlite:core.py:62 executing functools.partial(<built-in method cursor of sqlite3.Connection object at 0x000001E9693274C0>)
DEBUG    aiosqlite:core.py:67 operation functools.partial(<built-in method cursor of sqlite3.Connection object at 0x000001E9693274C0>) completed
DEBUG    aiosqlite:core.py:62 executing functools.partial(<built-in method execute of sqlite3.Cursor object at 0x000001E9693D3540>, 'PRAGMA main.table_info("leads")', ())
DEBUG    aiosqlite:core.py:67 operation functools.partial(<built-in method execute of sqlite3.Cursor object at 0x000001E9693D3540>, 'PRAGMA main.table_info("leads")', ()) completed
DEBUG    aiosqlite:core.py:62 executing functools.partial(<built-in method fetchall of sqlite3.Cursor object at 0x000001E9693D3540>)
DEBUG    aiosqlite:core.py:67 operation functools.partial(<built-in method fetchall of sqlite3.Cursor object at 0x000001E9693D3540>) completed
DEBUG    aiosqlite:core.py:62 executing functools.partial(<built-in method close of sqlite3.Cursor object at 0x000001E9693D3540>)
DEBUG    aiosqlite:core.py:67 operation functools.partial(<built-in method close of sqlite3.Cursor object at 0x000001E9693D3540>) completed
DEBUG    aiosqlite:core.py:62 executing functools.partial(<built-in method cursor of sqlite3.Connection object at 0x000001E9693274C0>)
DEBUG    aiosqlite:core.py:67 operation functools.partial(<built-in method cursor of sqlite3.Connection object at 0x000001E9693274C0>) completed
DEBUG    aiosqlite:core.py:62 executing functools.partial(<built-in method execute of sqlite3.Cursor object at 0x000001E9693D32C0>, 'PRAGMA temp.table_info("leads")', ())
DEBUG    aiosqlite:core.py:67 operation functools.partial(<built-in method execute of sqlite3.Cursor object at 0x000001E9693D32C0>, 'PRAGMA temp.table_info("leads")', ()) completed
DEBUG    aiosqlite:core.py:62 executing functools.partial(<built-in method fetchall of sqlite3.Cursor object at 0x000001E9693D32C0>)
DEBUG    aiosqlite:core.py:67 operation functools.partial(<built-in method fetchall of sqlite3.Cursor object at 0x000001E9693D32C0>) completed
DEBUG    aiosqlite:core.py:62 executing functools.partial(<built-in method close of sqlite3.Cursor object at 0x000001E9693D32C0>)
DEBUG    aiosqlite:core.py:67 operation functools.partial(<built-in method close of sqlite3.Cursor object at 0x000001E9693D32C0>) completed
DEBUG    aiosqlite:core.py:62 executing functools.partial(<built-in method cursor of sqlite3.Connection object at 0x000001E9693274C0>)
DEBUG    aiosqlite:core.py:67 operation functools.partial(<built-in method cursor of sqlite3.Connection object at 0x000001E9693274C0>) completed
DEBUG    aiosqlite:core.py:62 executing functools.partial(<built-in method execute of sqlite3.Cursor object at 0x000001E9693D30C0>, 'PRAGMA main.table_info("lead_score_history")', ())
DEBUG    aiosqlite:core.py:67 operation functools.partial(<built-in method execute of sqlite3.Cursor object at 0x000001E9693D30C0>, 'PRAGMA main.table_info("lead_score_history")', ()) completed
DEBUG    aiosqlite:core.py:62 executing functools.partial(<built-in method fetchall of sqlite3.Cursor object at 0x000001E9693D30C0>)
DEBUG    aiosqlite:core.py:67 operation functools.partial(<built-in method fetchall of sqlite3.Cursor object at 0x000001E9693D30C0>) completed
DEBUG    aiosqlite:core.py:62 executing functools.partial(<built-in method close of sqlite3.Cursor object at 0x000001E9693D30C0>)
DEBUG    aiosqlite:core.py:67 operation functools.partial(<built-in method close of sqlite3.Cursor object at 0x000001E9693D30C0>) completed
DEBUG    aiosqlite:core.py:62 executing functools.partial(<built-in method cursor of sqlite3.Connection object at 0x000001E9693274C0>)
DEBUG    aiosqlite:core.py:67 operation functools.partial(<built-in method cursor of sqlite3.Connection object at 0x000001E9693274C0>) completed
DEBUG    aiosqlite:core.py:62 executing functools.partial(<built-in method execute of sqlite3.Cursor object at 0x000001E9693D36C0>, 'PRAGMA temp.table_info("lead_score_history")', ())
DEBUG    aiosqlite:core.py:67 operation functools.partial(<built-in method execute of sqlite3.Cursor object at 0x000001E9693D36C0>, 'PRAGMA temp.table_info("lead_score_history")', ()) completed
DEBUG    aiosqlite:core.py:62 executing functools.partial(<built-in method fetchall of sqlite3.Cursor object at 0x000001E9693D36C0>)
DEBUG    aiosqlite:core.py:67 operation functools.partial(<built-in method fetchall of sqlite3.Cursor object at 0x000001E9693D36C0>) completed
DEBUG    aiosqlite:core.py:62 executing functools.partial(<built-in method close of sqlite3.Cursor object at 0x000001E9693D36C0>)
DEBUG    aiosqlite:core.py:67 operation functools.partial(<built-in method close of sqlite3.Cursor object at 0x000001E9693D36C0>) completed
DEBUG    aiosqlite:core.py:62 executing functools.partial(<built-in method cursor of sqlite3.Connection object at 0x000001E9693274C0>)
DEBUG    aiosqlite:core.py:67 operation functools.partial(<built-in method cursor of sqlite3.Connection object at 0x000001E9693274C0>) completed
DEBUG    aiosqlite:core.py:62 executing functools.partial(<built-in method execute of sqlite3.Cursor object at 0x000001E9693D3840>, 'PRAGMA main.table_info("briefings")', ())
DEBUG    aiosqlite:core.py:67 operation functools.partial(<built-in method execute of sqlite3.Cursor object at 0x000001E9693D3840>, 'PRAGMA main.table_info("briefings")', ()) completed
DEBUG    aiosqlite:core.py:62 executing functools.partial(<built-in method fetchall of sqlite3.Cursor object at 0x000001E9693D3840>)
DEBUG    aiosqlite:core.py:67 operation functools.partial(<built-in method fetchall of sqlite3.Cursor object at 0x000001E9693D3840>) completed
DEBUG    aiosqlite:core.py:62 executing functools.partial(<built-in method close of sqlite3.Cursor object at 0x000001E9693D3840>)
DEBUG    aiosqlite:core.py:67 operation functools.partial(<built-in method close of sqlite3.Cursor object at 0x000001E9693D3840>) completed
DEBUG    aiosqlite:core.py:62 executing functools.partial(<built-in method cursor of sqlite3.Connection object at 0x000001E9693274C0>)
DEBUG    aiosqlite:core.py:67 operation functools.partial(<built-in method cursor of sqlite3.Connection object at 0x000001E9693274C0>) completed
DEBUG    aiosqlite:core.py:62 executing functools.partial(<built-in method execute of sqlite3.Cursor object at 0x000001E9693D3740>, 'PRAGMA temp.table_info("briefings")', ())
DEBUG    aiosqlite:core.py:67 operation functools.partial(<built-in method execute of sqlite3.Cursor object at 0x000001E9693D3740>, 'PRAGMA temp.table_info("briefings")', ()) completed
DEBUG    aiosqlite:core.py:62 executing functools.partial(<built-in method fetchall of sqlite3.Cursor object at 0x000001E9693D3740>)
DEBUG    aiosqlite:core.py:67 operation functools.partial(<built-in method fetchall of sqlite3.Cursor object at 0x000001E9693D3740>) completed
DEBUG    aiosqlite:core.py:62 executing functools.partial(<built-in method close of sqlite3.Cursor object at 0x000001E9693D3740>)
DEBUG    aiosqlite:core.py:67 operation functools.partial(<built-in method close of sqlite3.Cursor object at 0x000001E9693D3740>) completed
DEBUG    aiosqlite:core.py:62 executing functools.partial(<built-in method cursor of sqlite3.Connection object at 0x000001E9693274C0>)
DEBUG    aiosqlite:core.py:67 operation functools.partial(<built-in method cursor of sqlite3.Connection object at 0x000001E9693274C0>) completed
DEBUG    aiosqlite:core.py:62 executing functools.partial(<built-in method execute of sqlite3.Cursor object at 0x000001E9693D3A40>, 'PRAGMA main.table_info("interacoes")', ())
DEBUG    aiosqlite:core.py:67 operation functools.partial(<built-in method execute of sqlite3.Cursor object at 0x000001E9693D3A40>, 'PRAGMA main.table_info("interacoes")', ()) completed
DEBUG    aiosqlite:core.py:62 executing functools.partial(<built-in method fetchall of sqlite3.Cursor object at 0x000001E9693D3A40>)
DEBUG    aiosqlite:core.py:67 operation functools.partial(<built-in method fetchall of sqlite3.Cursor object at 0x000001E9693D3A40>) completed
DEBUG    aiosqlite:core.py:62 executing functools.partial(<built-in method close of sqlite3.Cursor object at 0x000001E9693D3A40>)
DEBUG    aiosqlite:core.py:67 operation functools.partial(<built-in method close of sqlite3.Cursor object at 0x000001E9693D3A40>) completed
DEBUG    aiosqlite:core.py:62 executing functools.partial(<built-in method cursor of sqlite3.Connection object at 0x000001E9693274C0>)
DEBUG    aiosqlite:core.py:67 operation functools.partial(<built-in method cursor of sqlite3.Connection object at 0x000001E9693274C0>) completed
DEBUG    aiosqlite:core.py:62 executing functools.partial(<built-in method execute of sqlite3.Cursor object at 0x000001E9693D3940>, 'PRAGMA temp.table_info("interacoes")', ())
DEBUG    aiosqlite:core.py:67 operation functools.partial(<built-in method execute of sqlite3.Cursor object at 0x000001E9693D3940>, 'PRAGMA temp.table_info("interacoes")', ()) completed
DEBUG    aiosqlite:core.py:62 executing functools.partial(<built-in method fetchall of sqlite3.Cursor object at 0x000001E9693D3940>)
DEBUG    aiosqlite:core.py:67 operation functools.partial(<built-in method fetchall of sqlite3.Cursor object at 0x000001E9693D3940>) completed
DEBUG    aiosqlite:core.py:62 executing functools.partial(<built-in method close of sqlite3.Cursor object at 0x000001E9693D3940>)
DEBUG    aiosqlite:core.py:67 operation functools.partial(<built-in method close of sqlite3.Cursor object at 0x000001E9693D3940>) completed
DEBUG    aiosqlite:core.py:62 executing functools.partial(<built-in method cursor of sqlite3.Connection object at 0x000001E9693274C0>)
DEBUG    aiosqlite:core.py:67 operation functools.partial(<built-in method cursor of sqlite3.Connection object at 0x000001E9693274C0>) completed
DEBUG    aiosqlite:core.py:62 executing functools.partial(<built-in method execute of sqlite3.Cursor object at 0x000001E9693D3BC0>, 'PRAGMA main.table_info("agendamentos")', ())
DEBUG    aiosqlite:core.py:67 operation functools.partial(<built-in method execute of sqlite3.Cursor object at 0x000001E9693D3BC0>, 'PRAGMA main.table_info("agendamentos")', ()) completed
DEBUG    aiosqlite:core.py:62 executing functools.partial(<built-in method fetchall of sqlite3.Cursor object at 0x000001E9693D3BC0>)
DEBUG    aiosqlite:core.py:67 operation functools.partial(<built-in method fetchall of sqlite3.Cursor object at 0x000001E9693D3BC0>) completed
DEBUG    aiosqlite:core.py:62 executing functools.partial(<built-in method close of sqlite3.Cursor object at 0x000001E9693D3BC0>)
DEBUG    aiosqlite:core.py:67 operation functools.partial(<built-in method close of sqlite3.Cursor object at 0x000001E9693D3BC0>) completed
DEBUG    aiosqlite:core.py:62 executing functools.partial(<built-in method cursor of sqlite3.Connection object at 0x000001E9693274C0>)
DEBUG    aiosqlite:core.py:67 operation functools.partial(<built-in method cursor of sqlite3.Connection object at 0x000001E9693274C0>) completed
DEBUG    aiosqlite:core.py:62 executing functools.partial(<built-in method execute of sqlite3.Cursor object at 0x000001E9693D3AC0>, 'PRAGMA temp.table_info("agendamentos")', ())
DEBUG    aiosqlite:core.py:67 operation functools.partial(<built-in method execute of sqlite3.Cursor object at 0x000001E9693D3AC0>, 'PRAGMA temp.table_info("agendamentos")', ()) completed
DEBUG    aiosqlite:core.py:62 executing functools.partial(<built-in method fetchall of sqlite3.Cursor object at 0x000001E9693D3AC0>)
DEBUG    aiosqlite:core.py:67 operation functools.partial(<built-in method fetchall of sqlite3.Cursor object at 0x000001E9693D3AC0>) completed
DEBUG    aiosqlite:core.py:62 executing functools.partial(<built-in method close of sqlite3.Cursor object at 0x000001E9693D3AC0>)
DEBUG    aiosqlite:core.py:67 operation functools.partial(<built-in method close of sqlite3.Cursor object at 0x000001E9693D3AC0>) completed
DEBUG    aiosqlite:core.py:62 executing functools.partial(<built-in method cursor of sqlite3.Connection object at 0x000001E9693274C0>)
DEBUG    aiosqlite:core.py:67 operation functools.partial(<built-in method cursor of sqlite3.Connection object at 0x000001E9693274C0>) completed
DEBUG    aiosqlite:core.py:62 executing functools.partial(<built-in method execute of sqlite3.Cursor object at 0x000001E9693D3D40>, 'PRAGMA main.table_info("propostas")', ())
DEBUG    aiosqlite:core.py:67 operation functools.partial(<built-in method execute of sqlite3.Cursor object at 0x000001E9693D3D40>, 'PRAGMA main.table_info("propostas")', ()) completed
DEBUG    aiosqlite:core.py:62 executing functools.partial(<built-in method fetchall of sqlite3.Cursor object at 0x000001E9693D3D40>)
DEBUG    aiosqlite:core.py:67 operation functools.partial(<built-in method fetchall of sqlite3.Cursor object at 0x000001E9693D3D40>) completed
DEBUG    aiosqlite:core.py:62 executing functools.partial(<built-in method close of sqlite3.Cursor object at 0x000001E9693D3D40>)
DEBUG    aiosqlite:core.py:67 operation functools.partial(<built-in method close of sqlite3.Cursor object at 0x000001E9693D3D40>) completed
DEBUG    aiosqlite:core.py:62 executing functools.partial(<built-in method cursor of sqlite3.Connection object at 0x000001E9693274C0>)
DEBUG    aiosqlite:core.py:67 operation functools.partial(<built-in method cursor of sqlite3.Connection object at 0x000001E9693274C0>) completed
DEBUG    aiosqlite:core.py:62 executing functools.partial(<built-in method execute of sqlite3.Cursor object at 0x000001E9693D3C40>, 'PRAGMA temp.table_info("propostas")', ())
DEBUG    aiosqlite:core.py:67 operation functools.partial(<built-in method execute of sqlite3.Cursor object at 0x000001E9693D3C40>, 'PRAGMA temp.table_info("propostas")', ()) completed
DEBUG    aiosqlite:core.py:62 executing functools.partial(<built-in method fetchall of sqlite3.Cursor object at 0x000001E9693D3C40>)
DEBUG    aiosqlite:core.py:67 operation functools.partial(<built-in method fetchall of sqlite3.Cursor object at 0x000001E9693D3C40>) completed
DEBUG    aiosqlite:core.py:62 executing functools.partial(<built-in method close of sqlite3.Cursor object at 0x000001E9693D3C40>)
DEBUG    aiosqlite:core.py:67 operation functools.partial(<built-in method close of sqlite3.Cursor object at 0x000001E9693D3C40>) completed
DEBUG    aiosqlite:core.py:62 executing functools.partial(<built-in method cursor of sqlite3.Connection object at 0x000001E9693274C0>)
DEBUG    aiosqlite:core.py:67 operation functools.partial(<built-in method cursor of sqlite3.Connection object at 0x000001E9693274C0>) completed
DEBUG    aiosqlite:core.py:62 executing functools.partial(<built-in method execute of sqlite3.Cursor object at 0x000001E9693D3EC0>, 'PRAGMA main.table_info("suitcase_items")', ())
DEBUG    aiosqlite:core.py:67 operation functools.partial(<built-in method execute of sqlite3.Cursor object at 0x000001E9693D3EC0>, 'PRAGMA main.table_info("suitcase_items")', ()) completed
DEBUG    aiosqlite:core.py:62 executing functools.partial(<built-in method fetchall of sqlite3.Cursor object at 0x000001E9693D3EC0>)
DEBUG    aiosqlite:core.py:67 operation functools.partial(<built-in method fetchall of sqlite3.Cursor object at 0x000001E9693D3EC0>) completed
DEBUG    aiosqlite:core.py:62 executing functools.partial(<built-in method close of sqlite3.Cursor object at 0x000001E9693D3EC0>)
DEBUG    aiosqlite:core.py:67 operation functools.partial(<built-in method close of sqlite3.Cursor object at 0x000001E9693D3EC0>) completed
DEBUG    aiosqlite:core.py:62 executing functools.partial(<built-in method cursor of sqlite3.Connection object at 0x000001E9693274C0>)
DEBUG    aiosqlite:core.py:67 operation functools.partial(<built-in method cursor of sqlite3.Connection object at 0x000001E9693274C0>) completed
DEBUG    aiosqlite:core.py:62 executing functools.partial(<built-in method execute of sqlite3.Cursor object at 0x000001E9693D3DC0>, 'PRAGMA temp.table_info("suitcase_items")', ())
DEBUG    aiosqlite:core.py:67 operation functools.partial(<built-in method execute of sqlite3.Cursor object at 0x000001E9693D3DC0>, 'PRAGMA temp.table_info("suitcase_items")', ()) completed
DEBUG    aiosqlite:core.py:62 executing functools.partial(<built-in method fetchall of sqlite3.Cursor object at 0x000001E9693D3DC0>)
DEBUG    aiosqlite:core.py:67 operation functools.partial(<built-in method fetchall of sqlite3.Cursor object at 0x000001E9693D3DC0>) completed
DEBUG    aiosqlite:core.py:62 executing functools.partial(<built-in method close of sqlite3.Cursor object at 0x000001E9693D3DC0>)
DEBUG    aiosqlite:core.py:67 operation functools.partial(<built-in method close of sqlite3.Cursor object at 0x000001E9693D3DC0>) completed
DEBUG    aiosqlite:core.py:62 executing functools.partial(<built-in method cursor of sqlite3.Connection object at 0x000001E9693274C0>)
DEBUG    aiosqlite:core.py:67 operation functools.partial(<built-in method cursor of sqlite3.Connection object at 0x000001E9693274C0>) completed
DEBUG    aiosqlite:core.py:62 executing functools.partial(<built-in method execute of sqlite3.Cursor object at 0x000001E9693D3CC0>, 'PRAGMA main.table_info("suitcase_suggestions")', ())
DEBUG    aiosqlite:core.py:67 operation functools.partial(<built-in method execute of sqlite3.Cursor object at 0x000001E9693D3CC0>, 'PRAGMA main.table_info("suitcase_suggestions")', ()) completed
DEBUG    aiosqlite:core.py:62 executing functools.partial(<built-in method fetchall of sqlite3.Cursor object at 0x000001E9693D3CC0>)
DEBUG    aiosqlite:core.py:67 operation functools.partial(<built-in method fetchall of sqlite3.Cursor object at 0x000001E9693D3CC0>) completed
DEBUG    aiosqlite:core.py:62 executing functools.partial(<built-in method close of sqlite3.Cursor object at 0x000001E9693D3CC0>)
DEBUG    aiosqlite:core.py:67 operation functools.partial(<built-in method close of sqlite3.Cursor object at 0x000001E9693D3CC0>) completed
DEBUG    aiosqlite:core.py:62 executing functools.partial(<built-in method cursor of sqlite3.Connection object at 0x000001E9693274C0>)
DEBUG    aiosqlite:core.py:67 operation functools.partial(<built-in method cursor of sqlite3.Connection object at 0x000001E9693274C0>) completed
DEBUG    aiosqlite:core.py:62 executing functools.partial(<built-in method execute of sqlite3.Cursor object at 0x000001E9693D3F40>, 'PRAGMA temp.table_info("suitcase_suggestions")', ())
DEBUG    aiosqlite:core.py:67 operation functools.partial(<built-in method execute of sqlite3.Cursor object at 0x000001E9693D3F40>, 'PRAGMA temp.table_info("suitcase_suggestions")', ()) completed
DEBUG    aiosqlite:core.py:62 executing functools.partial(<built-in method fetchall of sqlite3.Cursor object at 0x000001E9693D3F40>)
DEBUG    aiosqlite:core.py:67 operation functools.partial(<built-in method fetchall of sqlite3.Cursor object at 0x000001E9693D3F40>) completed
DEBUG    aiosqlite:core.py:62 executing functools.partial(<built-in method close of sqlite3.Cursor object at 0x000001E9693D3F40>)
DEBUG    aiosqlite:core.py:67 operation functools.partial(<built-in method close of sqlite3.Cursor object at 0x000001E9693D3F40>) completed
DEBUG    aiosqlite:core.py:62 executing functools.partial(<built-in method cursor of sqlite3.Connection object at 0x000001E9693274C0>)
DEBUG    aiosqlite:core.py:67 operation functools.partial(<built-in method cursor of sqlite3.Connection object at 0x000001E9693274C0>) completed
DEBUG    aiosqlite:core.py:62 executing functools.partial(<built-in method execute of sqlite3.Cursor object at 0x000001E96940C240>, 'PRAGMA main.table_info("travel_diary_entries")', ())
DEBUG    aiosqlite:core.py:67 operation functools.partial(<built-in method execute of sqlite3.Cursor object at 0x000001E96940C240>, 'PRAGMA main.table_info("travel_diary_entries")', ()) completed
DEBUG    aiosqlite:core.py:62 executing functools.partial(<built-in method fetchall of sqlite3.Cursor object at 0x000001E96940C240>)
DEBUG    aiosqlite:core.py:67 operation functools.partial(<built-in method fetchall of sqlite3.Cursor object at 0x000001E96940C240>) completed
DEBUG    aiosqlite:core.py:62 executing functools.partial(<built-in method close of sqlite3.Cursor object at 0x000001E96940C240>)
DEBUG    aiosqlite:core.py:67 operation functools.partial(<built-in method close of sqlite3.Cursor object at 0x000001E96940C240>) completed
DEBUG    aiosqlite:core.py:62 executing functools.partial(<built-in method cursor of sqlite3.Connection object at 0x000001E9693274C0>)
DEBUG    aiosqlite:core.py:67 operation functools.partial(<built-in method cursor of sqlite3.Connection object at 0x000001E9693274C0>) completed
DEBUG    aiosqlite:core.py:62 executing functools.partial(<built-in method execute of sqlite3.Cursor object at 0x000001E96940C0C0>, 'PRAGMA temp.table_info("travel_diary_entries")', ())
DEBUG    aiosqlite:core.py:67 operation functools.partial(<built-in method execute of sqlite3.Cursor object at 0x000001E96940C0C0>, 'PRAGMA temp.table_info("travel_diary_entries")', ()) completed
DEBUG    aiosqlite:core.py:62 executing functools.partial(<built-in method fetchall of sqlite3.Cursor object at 0x000001E96940C0C0>)
DEBUG    aiosqlite:core.py:67 operation functools.partial(<built-in method fetchall of sqlite3.Cursor object at 0x000001E96940C0C0>) completed
DEBUG    aiosqlite:core.py:62 executing functools.partial(<built-in method close of sqlite3.Cursor object at 0x000001E96940C0C0>)
DEBUG    aiosqlite:core.py:67 operation functools.partial(<built-in method close of sqlite3.Cursor object at 0x000001E96940C0C0>) completed
DEBUG    aiosqlite:core.py:62 executing functools.partial(<built-in method cursor of sqlite3.Connection object at 0x000001E9693274C0>)
DEBUG    aiosqlite:core.py:67 operation functools.partial(<built-in method cursor of sqlite3.Connection object at 0x000001E9693274C0>) completed
DEBUG    aiosqlite:core.py:62 executing functools.partial(<built-in method execute of sqlite3.Cursor object at 0x000001E96940C3C0>, 'PRAGMA main.table_info("documentos")', ())
DEBUG    aiosqlite:core.py:67 operation functools.partial(<built-in method execute of sqlite3.Cursor object at 0x000001E96940C3C0>, 'PRAGMA main.table_info("documentos")', ()) completed
DEBUG    aiosqlite:core.py:62 executing functools.partial(<built-in method fetchall of sqlite3.Cursor object at 0x000001E96940C3C0>)
DEBUG    aiosqlite:core.py:67 operation functools.partial(<built-in method fetchall of sqlite3.Cursor object at 0x000001E96940C3C0>) completed
DEBUG    aiosqlite:core.py:62 executing functools.partial(<built-in method close of sqlite3.Cursor object at 0x000001E96940C3C0>)
DEBUG    aiosqlite:core.py:67 operation functools.partial(<built-in method close of sqlite3.Cursor object at 0x000001E96940C3C0>) completed
DEBUG    aiosqlite:core.py:62 executing functools.partial(<built-in method cursor of sqlite3.Connection object at 0x000001E9693274C0>)
DEBUG    aiosqlite:core.py:67 operation functools.partial(<built-in method cursor of sqlite3.Connection object at 0x000001E9693274C0>) completed
DEBUG    aiosqlite:core.py:62 executing functools.partial(<built-in method execute of sqlite3.Cursor object at 0x000001E96940C2C0>, 'PRAGMA temp.table_info("documentos")', ())
DEBUG    aiosqlite:core.py:67 operation functools.partial(<built-in method execute of sqlite3.Cursor object at 0x000001E96940C2C0>, 'PRAGMA temp.table_info("documentos")', ()) completed
DEBUG    aiosqlite:core.py:62 executing functools.partial(<built-in method fetchall of sqlite3.Cursor object at 0x000001E96940C2C0>)
DEBUG    aiosqlite:core.py:67 operation functools.partial(<built-in method fetchall of sqlite3.Cursor object at 0x000001E96940C2C0>) completed
DEBUG    aiosqlite:core.py:62 executing functools.partial(<built-in method close of sqlite3.Cursor object at 0x000001E96940C2C0>)
DEBUG    aiosqlite:core.py:67 operation functools.partial(<built-in method close of sqlite3.Cursor object at 0x000001E96940C2C0>) completed
DEBUG    aiosqlite:core.py:62 executing functools.partial(<built-in method cursor of sqlite3.Connection object at 0x000001E9693274C0>)
DEBUG    aiosqlite:core.py:67 operation functools.partial(<built-in method cursor of sqlite3.Connection object at 0x000001E9693274C0>) completed
DEBUG    aiosqlite:core.py:62 executing functools.partial(<built-in method execute of sqlite3.Cursor object at 0x000001E96940C140>, 'PRAGMA main.table_info("notification_queue")', ())
DEBUG    aiosqlite:core.py:67 operation functools.partial(<built-in method execute of sqlite3.Cursor object at 0x000001E96940C140>, 'PRAGMA main.table_info("notification_queue")', ()) completed
DEBUG    aiosqlite:core.py:62 executing functools.partial(<built-in method fetchall of sqlite3.Cursor object at 0x000001E96940C140>)
DEBUG    aiosqlite:core.py:67 operation functools.partial(<built-in method fetchall of sqlite3.Cursor object at 0x000001E96940C140>) completed
DEBUG    aiosqlite:core.py:62 executing functools.partial(<built-in method close of sqlite3.Cursor object at 0x000001E96940C140>)
DEBUG    aiosqlite:core.py:67 operation functools.partial(<built-in method close of sqlite3.Cursor object at 0x000001E96940C140>) completed
DEBUG    aiosqlite:core.py:62 executing functools.partial(<built-in method cursor of sqlite3.Connection object at 0x000001E9693274C0>)
DEBUG    aiosqlite:core.py:67 operation functools.partial(<built-in method cursor of sqlite3.Connection object at 0x000001E9693274C0>) completed
DEBUG    aiosqlite:core.py:62 executing functools.partial(<built-in method execute of sqlite3.Cursor object at 0x000001E96940C440>, 'PRAGMA temp.table_info("notification_queue")', ())
DEBUG    aiosqlite:core.py:67 operation functools.partial(<built-in method execute of sqlite3.Cursor object at 0x000001E96940C440>, 'PRAGMA temp.table_info("notification_queue")', ()) completed
DEBUG    aiosqlite:core.py:62 executing functools.partial(<built-in method fetchall of sqlite3.Cursor object at 0x000001E96940C440>)
DEBUG    aiosqlite:core.py:67 operation functools.partial(<built-in method fetchall of sqlite3.Cursor object at 0x000001E96940C440>) completed
DEBUG    aiosqlite:core.py:62 executing functools.partial(<built-in method close of sqlite3.Cursor object at 0x000001E96940C440>)
DEBUG    aiosqlite:core.py:67 operation functools.partial(<built-in method close of sqlite3.Cursor object at 0x000001E96940C440>) completed
DEBUG    aiosqlite:core.py:62 executing functools.partial(<built-in method cursor of sqlite3.Connection object at 0x000001E9693274C0>)
DEBUG    aiosqlite:core.py:67 operation functools.partial(<built-in method cursor of sqlite3.Connection object at 0x000001E9693274C0>) completed
DEBUG    aiosqlite:core.py:62 executing functools.partial(<built-in method execute of sqlite3.Cursor object at 0x000001E96940C6C0>, 'PRAGMA main.table_info("dead_letter_queue")', ())
DEBUG    aiosqlite:core.py:67 operation functools.partial(<built-in method execute of sqlite3.Cursor object at 0x000001E96940C6C0>, 'PRAGMA main.table_info("dead_letter_queue")', ()) completed
DEBUG    aiosqlite:core.py:62 executing functools.partial(<built-in method fetchall of sqlite3.Cursor object at 0x000001E96940C6C0>)
DEBUG    aiosqlite:core.py:67 operation functools.partial(<built-in method fetchall of sqlite3.Cursor object at 0x000001E96940C6C0>) completed
DEBUG    aiosqlite:core.py:62 executing functools.partial(<built-in method close of sqlite3.Cursor object at 0x000001E96940C6C0>)
DEBUG    aiosqlite:core.py:67 operation functools.partial(<built-in method close of sqlite3.Cursor object at 0x000001E96940C6C0>) completed
DEBUG    aiosqlite:core.py:62 executing functools.partial(<built-in method cursor of sqlite3.Connection object at 0x000001E9693274C0>)
DEBUG    aiosqlite:core.py:67 operation functools.partial(<built-in method cursor of sqlite3.Connection object at 0x000001E9693274C0>) completed
DEBUG    aiosqlite:core.py:62 executing functools.partial(<built-in method execute of sqlite3.Cursor object at 0x000001E96940C640>, 'PRAGMA temp.table_info("dead_letter_queue")', ())
DEBUG    aiosqlite:core.py:67 operation functools.partial(<built-in method execute of sqlite3.Cursor object at 0x000001E96940C640>, 'PRAGMA temp.table_info("dead_letter_queue")', ()) completed
DEBUG    aiosqlite:core.py:62 executing functools.partial(<built-in method fetchall of sqlite3.Cursor object at 0x000001E96940C640>)
DEBUG    aiosqlite:core.py:67 operation functools.partial(<built-in method fetchall of sqlite3.Cursor object at 0x000001E96940C640>) completed
DEBUG    aiosqlite:core.py:62 executing functools.partial(<built-in method close of sqlite3.Cursor object at 0x000001E96940C640>)
DEBUG    aiosqlite:core.py:67 operation functools.partial(<built-in method close of sqlite3.Cursor object at 0x000001E96940C640>) completed
DEBUG    aiosqlite:core.py:62 executing functools.partial(<built-in method cursor of sqlite3.Connection object at 0x000001E9693274C0>)
DEBUG    aiosqlite:core.py:67 operation functools.partial(<built-in method cursor of sqlite3.Connection object at 0x000001E9693274C0>) completed
DEBUG    aiosqlite:core.py:62 executing functools.partial(<built-in method execute of sqlite3.Cursor object at 0x000001E96940C840>, 'PRAGMA main.table_info("offers")', ())
DEBUG    aiosqlite:core.py:67 operation functools.partial(<built-in method execute of sqlite3.Cursor object at 0x000001E96940C840>, 'PRAGMA main.table_info("offers")', ()) completed
DEBUG    aiosqlite:core.py:62 executing functools.partial(<built-in method fetchall of sqlite3.Cursor object at 0x000001E96940C840>)
DEBUG    aiosqlite:core.py:67 operation functools.partial(<built-in method fetchall of sqlite3.Cursor object at 0x000001E96940C840>) completed
DEBUG    aiosqlite:core.py:62 executing functools.partial(<built-in method close of sqlite3.Cursor object at 0x000001E96940C840>)
DEBUG    aiosqlite:core.py:67 operation functools.partial(<built-in method close of sqlite3.Cursor object at 0x000001E96940C840>) completed
DEBUG    aiosqlite:core.py:62 executing functools.partial(<built-in method cursor of sqlite3.Connection object at 0x000001E9693274C0>)
DEBUG    aiosqlite:core.py:67 operation functools.partial(<built-in method cursor of sqlite3.Connection object at 0x000001E9693274C0>) completed
DEBUG    aiosqlite:core.py:62 executing functools.partial(<built-in method execute of sqlite3.Cursor object at 0x000001E96940C740>, 'PRAGMA temp.table_info("offers")', ())
DEBUG    aiosqlite:core.py:67 operation functools.partial(<built-in method execute of sqlite3.Cursor object at 0x000001E96940C740>, 'PRAGMA temp.table_info("offers")', ()) completed
DEBUG    aiosqlite:core.py:62 executing functools.partial(<built-in method fetchall of sqlite3.Cursor object at 0x000001E96940C740>)
DEBUG    aiosqlite:core.py:67 operation functools.partial(<built-in method fetchall of sqlite3.Cursor object at 0x000001E96940C740>) completed
DEBUG    aiosqlite:core.py:62 executing functools.partial(<built-in method close of sqlite3.Cursor object at 0x000001E96940C740>)
DEBUG    aiosqlite:core.py:67 operation functools.partial(<built-in method close of sqlite3.Cursor object at 0x000001E96940C740>) completed
DEBUG    aiosqlite:core.py:62 executing functools.partial(<built-in method cursor of sqlite3.Connection object at 0x000001E9693274C0>)
DEBUG    aiosqlite:core.py:67 operation functools.partial(<built-in method cursor of sqlite3.Connection object at 0x000001E9693274C0>) completed
DEBUG    aiosqlite:core.py:62 executing functools.partial(<built-in method execute of sqlite3.Cursor object at 0x000001E96940C9C0>, 'PRAGMA main.table_info("aya_toggle_history")', ())
DEBUG    aiosqlite:core.py:67 operation functools.partial(<built-in method execute of sqlite3.Cursor object at 0x000001E96940C9C0>, 'PRAGMA main.table_info("aya_toggle_history")', ()) completed
DEBUG    aiosqlite:core.py:62 executing functools.partial(<built-in method fetchall of sqlite3.Cursor object at 0x000001E96940C9C0>)
DEBUG    aiosqlite:core.py:67 operation functools.partial(<built-in method fetchall of sqlite3.Cursor object at 0x000001E96940C9C0>) completed
DEBUG    aiosqlite:core.py:62 executing functools.partial(<built-in method close of sqlite3.Cursor object at 0x000001E96940C9C0>)
DEBUG    aiosqlite:core.py:67 operation functools.partial(<built-in method close of sqlite3.Cursor object at 0x000001E96940C9C0>) completed
DEBUG    aiosqlite:core.py:62 executing functools.partial(<built-in method cursor of sqlite3.Connection object at 0x000001E9693274C0>)
DEBUG    aiosqlite:core.py:67 operation functools.partial(<built-in method cursor of sqlite3.Connection object at 0x000001E9693274C0>) completed
DEBUG    aiosqlite:core.py:62 executing functools.partial(<built-in method execute of sqlite3.Cursor object at 0x000001E96940C8C0>, 'PRAGMA temp.table_info("aya_toggle_history")', ())
DEBUG    aiosqlite:core.py:67 operation functools.partial(<built-in method execute of sqlite3.Cursor object at 0x000001E96940C8C0>, 'PRAGMA temp.table_info("aya_toggle_history")', ()) completed
DEBUG    aiosqlite:core.py:62 executing functools.partial(<built-in method fetchall of sqlite3.Cursor object at 0x000001E96940C8C0>)
DEBUG    aiosqlite:core.py:67 operation functools.partial(<built-in method fetchall of sqlite3.Cursor object at 0x000001E96940C8C0>) completed
DEBUG    aiosqlite:core.py:62 executing functools.partial(<built-in method close of sqlite3.Cursor object at 0x000001E96940C8C0>)
DEBUG    aiosqlite:core.py:67 operation functools.partial(<built-in method close of sqlite3.Cursor object at 0x000001E96940C8C0>) completed
DEBUG    aiosqlite:core.py:62 executing functools.partial(<built-in method cursor of sqlite3.Connection object at 0x000001E9693274C0>)
DEBUG    aiosqlite:core.py:67 operation functools.partial(<built-in method cursor of sqlite3.Connection object at 0x000001E9693274C0>) completed
DEBUG    aiosqlite:core.py:62 executing functools.partial(<built-in method execute of sqlite3.Cursor object at 0x000001E96940CB40>, 'PRAGMA main.table_info("conversation_summaries")', ())
DEBUG    aiosqlite:core.py:67 operation functools.partial(<built-in method execute of sqlite3.Cursor object at 0x000001E96940CB40>, 'PRAGMA main.table_info("conversation_summaries")', ()) completed
DEBUG    aiosqlite:core.py:62 executing functools.partial(<built-in method fetchall of sqlite3.Cursor object at 0x000001E96940CB40>)
DEBUG    aiosqlite:core.py:67 operation functools.partial(<built-in method fetchall of sqlite3.Cursor object at 0x000001E96940CB40>) completed
DEBUG    aiosqlite:core.py:62 executing functools.partial(<built-in method close of sqlite3.Cursor object at 0x000001E96940CB40>)
DEBUG    aiosqlite:core.py:67 operation functools.partial(<built-in method close of sqlite3.Cursor object at 0x000001E96940CB40>) completed
DEBUG    aiosqlite:core.py:62 executing functools.partial(<built-in method cursor of sqlite3.Connection object at 0x000001E9693274C0>)
DEBUG    aiosqlite:core.py:67 operation functools.partial(<built-in method cursor of sqlite3.Connection object at 0x000001E9693274C0>) completed
DEBUG    aiosqlite:core.py:62 executing functools.partial(<built-in method execute of sqlite3.Cursor object at 0x000001E96940CA40>, 'PRAGMA temp.table_info("conversation_summaries")', ())
DEBUG    aiosqlite:core.py:67 operation functools.partial(<built-in method execute of sqlite3.Cursor object at 0x000001E96940CA40>, 'PRAGMA temp.table_info("conversation_summaries")', ()) completed
DEBUG    aiosqlite:core.py:62 executing functools.partial(<built-in method fetchall of sqlite3.Cursor object at 0x000001E96940CA40>)
DEBUG    aiosqlite:core.py:67 operation functools.partial(<built-in method fetchall of sqlite3.Cursor object at 0x000001E96940CA40>) completed
DEBUG    aiosqlite:core.py:62 executing functools.partial(<built-in method close of sqlite3.Cursor object at 0x000001E96940CA40>)
DEBUG    aiosqlite:core.py:67 operation functools.partial(<built-in method close of sqlite3.Cursor object at 0x000001E96940CA40>) completed
DEBUG    aiosqlite:core.py:62 executing functools.partial(<built-in method cursor of sqlite3.Connection object at 0x000001E9693274C0>)
DEBUG    aiosqlite:core.py:67 operation functools.partial(<built-in method cursor of sqlite3.Connection object at 0x000001E9693274C0>) completed
DEBUG    aiosqlite:core.py:62 executing functools.partial(<built-in method execute of sqlite3.Cursor object at 0x000001E96940CCC0>, 'PRAGMA main.table_info("travels")', ())
DEBUG    aiosqlite:core.py:67 operation functools.partial(<built-in method execute of sqlite3.Cursor object at 0x000001E96940CCC0>, 'PRAGMA main.table_info("travels")', ()) completed
DEBUG    aiosqlite:core.py:62 executing functools.partial(<built-in method fetchall of sqlite3.Cursor object at 0x000001E96940CCC0>)
DEBUG    aiosqlite:core.py:67 operation functools.partial(<built-in method fetchall of sqlite3.Cursor object at 0x000001E96940CCC0>) completed
DEBUG    aiosqlite:core.py:62 executing functools.partial(<built-in method close of sqlite3.Cursor object at 0x000001E96940CCC0>)
DEBUG    aiosqlite:core.py:67 operation functools.partial(<built-in method close of sqlite3.Cursor object at 0x000001E96940CCC0>) completed
DEBUG    aiosqlite:core.py:62 executing functools.partial(<built-in method cursor of sqlite3.Connection object at 0x000001E9693274C0>)
DEBUG    aiosqlite:core.py:67 operation functools.partial(<built-in method cursor of sqlite3.Connection object at 0x000001E9693274C0>) completed
DEBUG    aiosqlite:core.py:62 executing functools.partial(<built-in method execute of sqlite3.Cursor object at 0x000001E96940CBC0>, 'PRAGMA temp.table_info("travels")', ())
DEBUG    aiosqlite:core.py:67 operation functools.partial(<built-in method execute of sqlite3.Cursor object at 0x000001E96940CBC0>, 'PRAGMA temp.table_info("travels")', ()) completed
DEBUG    aiosqlite:core.py:62 executing functools.partial(<built-in method fetchall of sqlite3.Cursor object at 0x000001E96940CBC0>)
DEBUG    aiosqlite:core.py:67 operation functools.partial(<built-in method fetchall of sqlite3.Cursor object at 0x000001E96940CBC0>) completed
DEBUG    aiosqlite:core.py:62 executing functools.partial(<built-in method close of sqlite3.Cursor object at 0x000001E96940CBC0>)
DEBUG    aiosqlite:core.py:67 operation functools.partial(<built-in method close of sqlite3.Cursor object at 0x000001E96940CBC0>) completed
DEBUG    aiosqlite:core.py:62 executing functools.partial(<built-in method cursor of sqlite3.Connection object at 0x000001E9693274C0>)
DEBUG    aiosqlite:core.py:67 operation functools.partial(<built-in method cursor of sqlite3.Connection object at 0x000001E9693274C0>) completed
DEBUG    aiosqlite:core.py:62 executing functools.partial(<built-in method execute of sqlite3.Cursor object at 0x000001E96940CC40>, 'PRAGMA main.table_info("itinerary_items")', ())
DEBUG    aiosqlite:core.py:67 operation functools.partial(<built-in method execute of sqlite3.Cursor object at 0x000001E96940CC40>, 'PRAGMA main.table_info("itinerary_items")', ()) completed
DEBUG    aiosqlite:core.py:62 executing functools.partial(<built-in method fetchall of sqlite3.Cursor object at 0x000001E96940CC40>)
DEBUG    aiosqlite:core.py:67 operation functools.partial(<built-in method fetchall of sqlite3.Cursor object at 0x000001E96940CC40>) completed
DEBUG    aiosqlite:core.py:62 executing functools.partial(<built-in method close of sqlite3.Cursor object at 0x000001E96940CC40>)
DEBUG    aiosqlite:core.py:67 operation functools.partial(<built-in method close of sqlite3.Cursor object at 0x000001E96940CC40>) completed
DEBUG    aiosqlite:core.py:62 executing functools.partial(<built-in method cursor of sqlite3.Connection object at 0x000001E9693274C0>)
DEBUG    aiosqlite:core.py:67 operation functools.partial(<built-in method cursor of sqlite3.Connection object at 0x000001E9693274C0>) completed
DEBUG    aiosqlite:core.py:62 executing functools.partial(<built-in method execute of sqlite3.Cursor object at 0x000001E96940CAC0>, 'PRAGMA temp.table_info("itinerary_items")', ())
DEBUG    aiosqlite:core.py:67 operation functools.partial(<built-in method execute of sqlite3.Cursor object at 0x000001E96940CAC0>, 'PRAGMA temp.table_info("itinerary_items")', ()) completed
DEBUG    aiosqlite:core.py:62 executing functools.partial(<built-in method fetchall of sqlite3.Cursor object at 0x000001E96940CAC0>)
DEBUG    aiosqlite:core.py:67 operation functools.partial(<built-in method fetchall of sqlite3.Cursor object at 0x000001E96940CAC0>) completed
DEBUG    aiosqlite:core.py:62 executing functools.partial(<built-in method close of sqlite3.Cursor object at 0x000001E96940CAC0>)
DEBUG    aiosqlite:core.py:67 operation functools.partial(<built-in method close of sqlite3.Cursor object at 0x000001E96940CAC0>) completed
DEBUG    aiosqlite:core.py:62 executing functools.partial(<built-in method cursor of sqlite3.Connection object at 0x000001E9693274C0>)
DEBUG    aiosqlite:core.py:67 operation functools.partial(<built-in method cursor of sqlite3.Connection object at 0x000001E9693274C0>) completed
DEBUG    aiosqlite:core.py:62 executing functools.partial(<built-in method execute of sqlite3.Cursor object at 0x000001E96940CDC0>, 'PRAGMA main.table_info("travel_checkpoints")', ())
DEBUG    aiosqlite:core.py:67 operation functools.partial(<built-in method execute of sqlite3.Cursor object at 0x000001E96940CDC0>, 'PRAGMA main.table_info("travel_checkpoints")', ()) completed
DEBUG    aiosqlite:core.py:62 executing functools.partial(<built-in method fetchall of sqlite3.Cursor object at 0x000001E96940CDC0>)
DEBUG    aiosqlite:core.py:67 operation functools.partial(<built-in method fetchall of sqlite3.Cursor object at 0x000001E96940CDC0>) completed
DEBUG    aiosqlite:core.py:62 executing functools.partial(<built-in method close of sqlite3.Cursor object at 0x000001E96940CDC0>)
DEBUG    aiosqlite:core.py:67 operation functools.partial(<built-in method close of sqlite3.Cursor object at 0x000001E96940CDC0>) completed
DEBUG    aiosqlite:core.py:62 executing functools.partial(<built-in method cursor of sqlite3.Connection object at 0x000001E9693274C0>)
DEBUG    aiosqlite:core.py:67 operation functools.partial(<built-in method cursor of sqlite3.Connection object at 0x000001E9693274C0>) completed
DEBUG    aiosqlite:core.py:62 executing functools.partial(<built-in method execute of sqlite3.Cursor object at 0x000001E96940CF40>, 'PRAGMA temp.table_info("travel_checkpoints")', ())
DEBUG    aiosqlite:core.py:67 operation functools.partial(<built-in method execute of sqlite3.Cursor object at 0x000001E96940CF40>, 'PRAGMA temp.table_info("travel_checkpoints")', ()) completed
DEBUG    aiosqlite:core.py:62 executing functools.partial(<built-in method fetchall of sqlite3.Cursor object at 0x000001E96940CF40>)
DEBUG    aiosqlite:core.py:67 operation functools.partial(<built-in method fetchall of sqlite3.Cursor object at 0x000001E96940CF40>) completed
DEBUG    aiosqlite:core.py:62 executing functools.partial(<built-in method close of sqlite3.Cursor object at 0x000001E96940CF40>)
DEBUG    aiosqlite:core.py:67 operation functools.partial(<built-in method close of sqlite3.Cursor object at 0x000001E96940CF40>) completed
DEBUG    aiosqlite:core.py:62 executing functools.partial(<built-in method cursor of sqlite3.Connection object at 0x000001E9693274C0>)
DEBUG    aiosqlite:core.py:67 operation functools.partial(<built-in method cursor of sqlite3.Connection object at 0x000001E9693274C0>) completed
DEBUG    aiosqlite:core.py:62 executing functools.partial(<built-in method execute of sqlite3.Cursor object at 0x000001E96940D0C0>, 'PRAGMA main.table_info("lead_offers")', ())
DEBUG    aiosqlite:core.py:67 operation functools.partial(<built-in method execute of sqlite3.Cursor object at 0x000001E96940D0C0>, 'PRAGMA main.table_info("lead_offers")', ()) completed
DEBUG    aiosqlite:core.py:62 executing functools.partial(<built-in method fetchall of sqlite3.Cursor object at 0x000001E96940D0C0>)
DEBUG    aiosqlite:core.py:67 operation functools.partial(<built-in method fetchall of sqlite3.Cursor object at 0x000001E96940D0C0>) completed
DEBUG    aiosqlite:core.py:62 executing functools.partial(<built-in method close of sqlite3.Cursor object at 0x000001E96940D0C0>)
DEBUG    aiosqlite:core.py:67 operation functools.partial(<built-in method close of sqlite3.Cursor object at 0x000001E96940D0C0>) completed
DEBUG    aiosqlite:core.py:62 executing functools.partial(<built-in method cursor of sqlite3.Connection object at 0x000001E9693274C0>)
DEBUG    aiosqlite:core.py:67 operation functools.partial(<built-in method cursor of sqlite3.Connection object at 0x000001E9693274C0>) completed
DEBUG    aiosqlite:core.py:62 executing functools.partial(<built-in method execute of sqlite3.Cursor object at 0x000001E96940CFC0>, 'PRAGMA temp.table_info("lead_offers")', ())
DEBUG    aiosqlite:core.py:67 operation functools.partial(<built-in method execute of sqlite3.Cursor object at 0x000001E96940CFC0>, 'PRAGMA temp.table_info("lead_offers")', ()) completed
DEBUG    aiosqlite:core.py:62 executing functools.partial(<built-in method fetchall of sqlite3.Cursor object at 0x000001E96940CFC0>)
DEBUG    aiosqlite:core.py:67 operation functools.partial(<built-in method fetchall of sqlite3.Cursor object at 0x000001E96940CFC0>) completed
DEBUG    aiosqlite:core.py:62 executing functools.partial(<built-in method close of sqlite3.Cursor object at 0x000001E96940CFC0>)
DEBUG    aiosqlite:core.py:67 operation functools.partial(<built-in method close of sqlite3.Cursor object at 0x000001E96940CFC0>) completed
DEBUG    aiosqlite:core.py:62 executing functools.partial(<built-in method cursor of sqlite3.Connection object at 0x000001E9693274C0>)
DEBUG    aiosqlite:core.py:67 operation functools.partial(<built-in method cursor of sqlite3.Connection object at 0x000001E9693274C0>) completed
DEBUG    aiosqlite:core.py:62 executing functools.partial(<built-in method execute of sqlite3.Cursor object at 0x000001E96940D140>, '\nCREATE TABLE users (\n\tid VARCHAR(36) NOT NULL, \n\temail VARCHAR(255) NOT NULL, \n\tnome VARCHAR(255) NOT NULL, \n\thashed_password VARCHAR(255) NOT NULL, \n\tperfil VARCHAR(20) NOT NULL, \n\ttelefone VARCHAR(20), \n\tfcm_token VARCHAR(500), \n\tavatar_url VARCHAR(500), \n\tis_active BOOLEAN NOT NULL, \n\tcriado_em DATETIME DEFAULT CURRENT_TIMESTAMP NOT NULL, \n\ttipo_viagem JSON, \n\tpreferencias JSON, \n\ttem_passaporte BOOLEAN, \n\tPRIMARY KEY (id)\n)\n\n', ())
DEBUG    aiosqlite:core.py:67 operation functools.partial(<built-in method execute of sqlite3.Cursor object at 0x000001E96940D140>, '\nCREATE TABLE users (\n\tid VARCHAR(36) NOT NULL, \n\temail VARCHAR(255) NOT NULL, \n\tnome VARCHAR(255) NOT NULL, \n\thashed_password VARCHAR(255) NOT NULL, \n\tperfil VARCHAR(20) NOT NULL, \n\ttelefone VARCHAR(20), \n\tfcm_token VARCHAR(500), \n\tavatar_url VARCHAR(500), \n\tis_active BOOLEAN NOT NULL, \n\tcriado_em DATETIME DEFAULT CURRENT_TIMESTAMP NOT NULL, \n\ttipo_viagem JSON, \n\tpreferencias JSON, \n\ttem_passaporte BOOLEAN, \n\tPRIMARY KEY (id)\n)\n\n', ()) completed
DEBUG    aiosqlite:core.py:62 executing functools.partial(<built-in method close of sqlite3.Cursor object at 0x000001E96940D140>)
DEBUG    aiosqlite:core.py:67 operation functools.partial(<built-in method close of sqlite3.Cursor object at 0x000001E96940D140>) completed
DEBUG    aiosqlite:core.py:62 executing functools.partial(<built-in method cursor of sqlite3.Connection object at 0x000001E9693274C0>)
DEBUG    aiosqlite:core.py:67 operation functools.partial(<built-in method cursor of sqlite3.Connection object at 0x000001E9693274C0>) completed
DEBUG    aiosqlite:core.py:62 executing functools.partial(<built-in method execute of sqlite3.Cursor object at 0x000001E96940E9C0>, 'CREATE UNIQUE INDEX ix_users_email ON users (email)', ())
DEBUG    aiosqlite:core.py:67 operation functools.partial(<built-in method execute of sqlite3.Cursor object at 0x000001E96940E9C0>, 'CREATE UNIQUE INDEX ix_users_email ON users (email)', ()) completed
DEBUG    aiosqlite:core.py:62 executing functools.partial(<built-in method close of sqlite3.Cursor object at 0x000001E96940E9C0>)
DEBUG    aiosqlite:core.py:67 operation functools.partial(<built-in method close of sqlite3.Cursor object at 0x000001E96940E9C0>) completed
DEBUG    aiosqlite:core.py:62 executing functools.partial(<built-in method cursor of sqlite3.Connection object at 0x000001E9693274C0>)
DEBUG    aiosqlite:core.py:67 operation functools.partial(<built-in method cursor of sqlite3.Connection object at 0x000001E9693274C0>) completed
DEBUG    aiosqlite:core.py:62 executing functools.partial(<built-in method execute of sqlite3.Cursor object at 0x000001E96940FF40>, 'CREATE UNIQUE INDEX ix_users_email ON users (email)', ())
DEBUG    aiosqlite:core.py:73 returning exception index ix_users_email already exists
DEBUG    aiosqlite:core.py:62 executing functools.partial(<built-in method rollback of sqlite3.Connection object at 0x000001E9693274C0>)
DEBUG    aiosqlite:core.py:67 operation functools.partial(<built-in method rollback of sqlite3.Connection object at 0x000001E9693274C0>) completed
DEBUG    aiosqlite:core.py:62 executing functools.partial(<built-in method rollback of sqlite3.Connection object at 0x000001E9693274C0>)
DEBUG    aiosqlite:core.py:67 operation functools.partial(<built-in method rollback of sqlite3.Connection object at 0x000001E9693274C0>) completed
_______________ ERROR at setup of test_register_duplicate_email _______________
..\..\..\..\..\..\AppData\Roaming\Python\Python314\site-packages\sqlalchemy\engine\base.py:1967: in _exec_single_context
    self.dialect.do_execute(
..\..\..\..\..\..\AppData\Roaming\Python\Python314\site-packages\sqlalchemy\engine\default.py:952: in do_execute
    cursor.execute(statement, parameters)
..\..\..\..\..\..\AppData\Roaming\Python\Python314\site-packages\sqlalchemy\dialects\sqlite\aiosqlite.py:182: in execute
    self._adapt_connection._handle_exception(error)
..\..\..\..\..\..\AppData\Roaming\Python\Python314\site-packages\sqlalchemy\dialects\sqlite\aiosqlite.py:342: in _handle_exception
    raise error
..\..\..\..\..\..\AppData\Roaming\Python\Python314\site-packages\sqlalchemy\dialects\sqlite\aiosqlite.py:164: in execute
    self.await_(_cursor.execute(operation, parameters))
..\..\..\..\..\..\AppData\Roaming\Python\Python314\site-packages\sqlalchemy\util\_concurrency_py3k.py:132: in await_only
    return current.parent.switch(awaitable)  # type: ignore[no-any-return,attr-defined] # noqa: E501
           ^^^^^^^^^^^^^^^^^^^^^^^^^^^^^^^^
..\..\..\..\..\..\AppData\Roaming\Python\Python314\site-packages\sqlalchemy\util\_concurrency_py3k.py:196: in greenlet_spawn
    value = await result
            ^^^^^^^^^^^^
..\..\..\..\..\..\AppData\Roaming\Python\Python314\site-packages\aiosqlite\cursor.py:40: in execute
    await self._execute(self._cursor.execute, sql, parameters)
..\..\..\..\..\..\AppData\Roaming\Python\Python314\site-packages\aiosqlite\cursor.py:32: in _execute
    return await self._conn._execute(fn, *args, **kwargs)
           ^^^^^^^^^^^^^^^^^^^^^^^^^^^^^^^^^^^^^^^^^^^^^^
..\..\..\..\..\..\AppData\Roaming\Python\Python314\site-packages\aiosqlite\core.py:160: in _execute
    return await future
           ^^^^^^^^^^^^
..\..\..\..\..\..\AppData\Roaming\Python\Python314\site-packages\aiosqlite\core.py:63: in _connection_worker_thread
    result = function()
             ^^^^^^^^^^
E   sqlite3.OperationalError: index ix_leads_telefone_hash already exists

The above exception was the direct cause of the following exception:
..\..\..\..\..\..\AppData\Roaming\Python\Python314\site-packages\pytest_asyncio\plugin.py:458: in setup
    return super().setup()
           ^^^^^^^^^^^^^^^
..\..\..\..\..\..\AppData\Roaming\Python\Python314\site-packages\pytest_asyncio\plugin.py:730: in pytest_fixture_setup
    return (yield)
            ^^^^^
tests\conftest.py:79: in setup_database
    event_loop.run_until_complete(_setup())
C:\Python314\Lib\asyncio\base_events.py:719: in run_until_complete
    return future.result()
           ^^^^^^^^^^^^^^^
tests\conftest.py:77: in _setup
    await conn.run_sync(InfraBase.metadata.create_all)
..\..\..\..\..\..\AppData\Roaming\Python\Python314\site-packages\sqlalchemy\ext\asyncio\engine.py:888: in run_sync
    return await greenlet_spawn(
..\..\..\..\..\..\AppData\Roaming\Python\Python314\site-packages\sqlalchemy\util\_concurrency_py3k.py:201: in greenlet_spawn
    result = context.throw(*sys.exc_info())
             ^^^^^^^^^^^^^^^^^^^^^^^^^^^^^^
..\..\..\..\..\..\AppData\Roaming\Python\Python314\site-packages\sqlalchemy\sql\schema.py:5931: in create_all
    bind._run_ddl_visitor(
..\..\..\..\..\..\AppData\Roaming\Python\Python314\site-packages\sqlalchemy\engine\base.py:2467: in _run_ddl_visitor
    ).traverse_single(element)
      ^^^^^^^^^^^^^^^^^^^^^^^^
..\..\..\..\..\..\AppData\Roaming\Python\Python314\site-packages\sqlalchemy\sql\visitors.py:661: in traverse_single
    return meth(obj, **kw)
           ^^^^^^^^^^^^^^^
..\..\..\..\..\..\AppData\Roaming\Python\Python314\site-packages\sqlalchemy\sql\ddl.py:984: in visit_metadata
    self.traverse_single(
..\..\..\..\..\..\AppData\Roaming\Python\Python314\site-packages\sqlalchemy\sql\visitors.py:661: in traverse_single
    return meth(obj, **kw)
           ^^^^^^^^^^^^^^^
..\..\..\..\..\..\AppData\Roaming\Python\Python314\site-packages\sqlalchemy\sql\ddl.py:1026: in visit_table
    self.traverse_single(index, create_ok=True)
..\..\..\..\..\..\AppData\Roaming\Python\Python314\site-packages\sqlalchemy\sql\visitors.py:661: in traverse_single
    return meth(obj, **kw)
           ^^^^^^^^^^^^^^^
..\..\..\..\..\..\AppData\Roaming\Python\Python314\site-packages\sqlalchemy\sql\ddl.py:1063: in visit_index
    CreateIndex(index)._invoke_with(self.connection)
..\..\..\..\..\..\AppData\Roaming\Python\Python314\site-packages\sqlalchemy\sql\ddl.py:321: in _invoke_with
    return bind.execute(self)
           ^^^^^^^^^^^^^^^^^^
..\..\..\..\..\..\AppData\Roaming\Python\Python314\site-packages\sqlalchemy\engine\base.py:1419: in execute
    return meth(
..\..\..\..\..\..\AppData\Roaming\Python\Python314\site-packages\sqlalchemy\sql\ddl.py:187: in _execute_on_connection
    return connection._execute_ddl(
..\..\..\..\..\..\AppData\Roaming\Python\Python314\site-packages\sqlalchemy\engine\base.py:1530: in _execute_ddl
    ret = self._execute_context(
..\..\..\..\..\..\AppData\Roaming\Python\Python314\site-packages\sqlalchemy\engine\base.py:1846: in _execute_context
    return self._exec_single_context(
..\..\..\..\..\..\AppData\Roaming\Python\Python314\site-packages\sqlalchemy\engine\base.py:1986: in _exec_single_context
    self._handle_dbapi_exception(
..\..\..\..\..\..\AppData\Roaming\Python\Python314\site-packages\sqlalchemy\engine\base.py:2363: in _handle_dbapi_exception
    raise sqlalchemy_exception.with_traceback(exc_info[2]) from e
..\..\..\..\..\..\AppData\Roaming\Python\Python314\site-packages\sqlalchemy\engine\base.py:1967: in _exec_single_context
    self.dialect.do_execute(
..\..\..\..\..\..\AppData\Roaming\Python\Python314\site-packages\sqlalchemy\engine\default.py:952: in do_execute
    cursor.execute(statement, parameters)
..\..\..\..\..\..\AppData\Roaming\Python\Python314\site-packages\sqlalchemy\dialects\sqlite\aiosqlite.py:182: in execute
    self._adapt_connection._handle_exception(error)
..\..\..\..\..\..\AppData\Roaming\Python\Python314\site-packages\sqlalchemy\dialects\sqlite\aiosqlite.py:342: in _handle_exception
    raise error
..\..\..\..\..\..\AppData\Roaming\Python\Python314\site-packages\sqlalchemy\dialects\sqlite\aiosqlite.py:164: in execute
    self.await_(_cursor.execute(operation, parameters))
..\..\..\..\..\..\AppData\Roaming\Python\Python314\site-packages\sqlalchemy\util\_concurrency_py3k.py:132: in await_only
    return current.parent.switch(awaitable)  # type: ignore[no-any-return,attr-defined] # noqa: E501
           ^^^^^^^^^^^^^^^^^^^^^^^^^^^^^^^^
..\..\..\..\..\..\AppData\Roaming\Python\Python314\site-packages\sqlalchemy\util\_concurrency_py3k.py:196: in greenlet_spawn
    value = await result
            ^^^^^^^^^^^^
..\..\..\..\..\..\AppData\Roaming\Python\Python314\site-packages\aiosqlite\cursor.py:40: in execute
    await self._execute(self._cursor.execute, sql, parameters)
..\..\..\..\..\..\AppData\Roaming\Python\Python314\site-packages\aiosqlite\cursor.py:32: in _execute
    return await self._conn._execute(fn, *args, **kwargs)
           ^^^^^^^^^^^^^^^^^^^^^^^^^^^^^^^^^^^^^^^^^^^^^^
..\..\..\..\..\..\AppData\Roaming\Python\Python314\site-packages\aiosqlite\core.py:160: in _execute
    return await future
           ^^^^^^^^^^^^
..\..\..\..\..\..\AppData\Roaming\Python\Python314\site-packages\aiosqlite\core.py:63: in _connection_worker_thread
    result = function()
             ^^^^^^^^^^
E   sqlalchemy.exc.OperationalError: (sqlite3.OperationalError) index ix_leads_telefone_hash already exists
E   [SQL: CREATE UNIQUE INDEX ix_leads_telefone_hash ON leads (telefone_hash)]
E   (Background on this error at: https://sqlalche.me/e/20/e3q8)
---------------------------- Captured stdout setup ----------------------------
executing functools.partial(<built-in method cursor of sqlite3.Connection object at 0x000001E9693274C0>)
operation functools.partial(<built-in method cursor of sqlite3.Connection object at 0x000001E9693274C0>) completed
executing functools.partial(<built-in method execute of sqlite3.Cursor object at 0x000001E96A4776C0>, 'PRAGMA main.table_info("users")', ())
operation functools.partial(<built-in method execute of sqlite3.Cursor object at 0x000001E96A4776C0>, 'PRAGMA main.table_info("users")', ()) completed
executing functools.partial(<built-in method fetchall of sqlite3.Cursor object at 0x000001E96A4776C0>)
operation functools.partial(<built-in method fetchall of sqlite3.Cursor object at 0x000001E96A4776C0>) completed
executing functools.partial(<built-in method close of sqlite3.Cursor object at 0x000001E96A4776C0>)
operation functools.partial(<built-in method close of sqlite3.Cursor object at 0x000001E96A4776C0>) completed
executing functools.partial(<built-in method cursor of sqlite3.Connection object at 0x000001E9693274C0>)
operation functools.partial(<built-in method cursor of sqlite3.Connection object at 0x000001E9693274C0>) completed
executing functools.partial(<built-in method execute of sqlite3.Cursor object at 0x000001E96A4777C0>, 'PRAGMA main.table_info("leads")', ())
operation functools.partial(<built-in method execute of sqlite3.Cursor object at 0x000001E96A4777C0>, 'PRAGMA main.table_info("leads")', ()) completed
executing functools.partial(<built-in method fetchall of sqlite3.Cursor object at 0x000001E96A4777C0>)
operation functools.partial(<built-in method fetchall of sqlite3.Cursor object at 0x000001E96A4777C0>) completed
executing functools.partial(<built-in method close of sqlite3.Cursor object at 0x000001E96A4777C0>)
operation functools.partial(<built-in method close of sqlite3.Cursor object at 0x000001E96A4777C0>) completed
executing functools.partial(<built-in method cursor of sqlite3.Connection object at 0x000001E9693274C0>)
operation functools.partial(<built-in method cursor of sqlite3.Connection object at 0x000001E9693274C0>) completed
executing functools.partial(<built-in method execute of sqlite3.Cursor object at 0x000001E96A4773C0>, 'PRAGMA temp.table_info("leads")', ())
operation functools.partial(<built-in method execute of sqlite3.Cursor object at 0x000001E96A4773C0>, 'PRAGMA temp.table_info("leads")', ()) completed
executing functools.partial(<built-in method fetchall of sqlite3.Cursor object at 0x000001E96A4773C0>)
operation functools.partial(<built-in method fetchall of sqlite3.Cursor object at 0x000001E96A4773C0>) completed
executing functools.partial(<built-in method close of sqlite3.Cursor object at 0x000001E96A4773C0>)
operation functools.partial(<built-in method close of sqlite3.Cursor object at 0x000001E96A4773C0>) completed
executing functools.partial(<built-in method cursor of sqlite3.Connection object at 0x000001E9693274C0>)
operation functools.partial(<built-in method cursor of sqlite3.Connection object at 0x000001E9693274C0>) completed
executing functools.partial(<built-in method execute of sqlite3.Cursor object at 0x000001E96A4779C0>, 'PRAGMA main.table_info("lead_score_history")', ())
operation functools.partial(<built-in method execute of sqlite3.Cursor object at 0x000001E96A4779C0>, 'PRAGMA main.table_info("lead_score_history")', ()) completed
executing functools.partial(<built-in method fetchall of sqlite3.Cursor object at 0x000001E96A4779C0>)
operation functools.partial(<built-in method fetchall of sqlite3.Cursor object at 0x000001E96A4779C0>) completed
executing functools.partial(<built-in method close of sqlite3.Cursor object at 0x000001E96A4779C0>)
operation functools.partial(<built-in method close of sqlite3.Cursor object at 0x000001E96A4779C0>) completed
executing functools.partial(<built-in method cursor of sqlite3.Connection object at 0x000001E9693274C0>)
operation functools.partial(<built-in method cursor of sqlite3.Connection object at 0x000001E9693274C0>) completed
executing functools.partial(<built-in method execute of sqlite3.Cursor object at 0x000001E96A477840>, 'PRAGMA temp.table_info("lead_score_history")', ())
operation functools.partial(<built-in method execute of sqlite3.Cursor object at 0x000001E96A477840>, 'PRAGMA temp.table_info("lead_score_history")', ()) completed
executing functools.partial(<built-in method fetchall of sqlite3.Cursor object at 0x000001E96A477840>)
operation functools.partial(<built-in method fetchall of sqlite3.Cursor object at 0x000001E96A477840>) completed
executing functools.partial(<built-in method close of sqlite3.Cursor object at 0x000001E96A477840>)
operation functools.partial(<built-in method close of sqlite3.Cursor object at 0x000001E96A477840>) completed
executing functools.partial(<built-in method cursor of sqlite3.Connection object at 0x000001E9693274C0>)
operation functools.partial(<built-in method cursor of sqlite3.Connection object at 0x000001E9693274C0>) completed
executing functools.partial(<built-in method execute of sqlite3.Cursor object at 0x000001E96A477AC0>, 'PRAGMA main.table_info("briefings")', ())
operation functools.partial(<built-in method execute of sqlite3.Cursor object at 0x000001E96A477AC0>, 'PRAGMA main.table_info("briefings")', ()) completed
executing functools.partial(<built-in method fetchall of sqlite3.Cursor object at 0x000001E96A477AC0>)
operation functools.partial(<built-in method fetchall of sqlite3.Cursor object at 0x000001E96A477AC0>) completed
executing functools.partial(<built-in method close of sqlite3.Cursor object at 0x000001E96A477AC0>)
operation functools.partial(<built-in method close of sqlite3.Cursor object at 0x000001E96A477AC0>) completed
executing functools.partial(<built-in method cursor of sqlite3.Connection object at 0x000001E9693274C0>)
operation functools.partial(<built-in method cursor of sqlite3.Connection object at 0x000001E9693274C0>) completed
executing functools.partial(<built-in method execute of sqlite3.Cursor object at 0x000001E96A477940>, 'PRAGMA temp.table_info("briefings")', ())
operation functools.partial(<built-in method execute of sqlite3.Cursor object at 0x000001E96A477940>, 'PRAGMA temp.table_info("briefings")', ()) completed
executing functools.partial(<built-in method fetchall of sqlite3.Cursor object at 0x000001E96A477940>)
operation functools.partial(<built-in method fetchall of sqlite3.Cursor object at 0x000001E96A477940>) completed
executing functools.partial(<built-in method close of sqlite3.Cursor object at 0x000001E96A477940>)
operation functools.partial(<built-in method close of sqlite3.Cursor object at 0x000001E96A477940>) completed
executing functools.partial(<built-in method cursor of sqlite3.Connection object at 0x000001E9693274C0>)
operation functools.partial(<built-in method cursor of sqlite3.Connection object at 0x000001E9693274C0>) completed
executing functools.partial(<built-in method execute of sqlite3.Cursor object at 0x000001E96A4770C0>, 'PRAGMA main.table_info("interacoes")', ())
operation functools.partial(<built-in method execute of sqlite3.Cursor object at 0x000001E96A4770C0>, 'PRAGMA main.table_info("interacoes")', ()) completed
executing functools.partial(<built-in method fetchall of sqlite3.Cursor object at 0x000001E96A4770C0>)
operation functools.partial(<built-in method fetchall of sqlite3.Cursor object at 0x000001E96A4770C0>) completed
executing functools.partial(<built-in method close of sqlite3.Cursor object at 0x000001E96A4770C0>)
operation functools.partial(<built-in method close of sqlite3.Cursor object at 0x000001E96A4770C0>) completed
executing functools.partial(<built-in method cursor of sqlite3.Connection object at 0x000001E9693274C0>)
operation functools.partial(<built-in method cursor of sqlite3.Connection object at 0x000001E9693274C0>) completed
executing functools.partial(<built-in method execute of sqlite3.Cursor object at 0x000001E96A477140>, 'PRAGMA temp.table_info("interacoes")', ())
operation functools.partial(<built-in method execute of sqlite3.Cursor object at 0x000001E96A477140>, 'PRAGMA temp.table_info("interacoes")', ()) completed
executing functools.partial(<built-in method fetchall of sqlite3.Cursor object at 0x000001E96A477140>)
operation functools.partial(<built-in method fetchall of sqlite3.Cursor object at 0x000001E96A477140>) completed
executing functools.partial(<built-in method close of sqlite3.Cursor object at 0x000001E96A477140>)
operation functools.partial(<built-in method close of sqlite3.Cursor object at 0x000001E96A477140>) completed
executing functools.partial(<built-in method cursor of sqlite3.Connection object at 0x000001E9693274C0>)
operation functools.partial(<built-in method cursor of sqlite3.Connection object at 0x000001E9693274C0>) completed
executing functools.partial(<built-in method execute of sqlite3.Cursor object at 0x000001E96A477C40>, 'PRAGMA main.table_info("agendamentos")', ())
operation functools.partial(<built-in method execute of sqlite3.Cursor object at 0x000001E96A477C40>, 'PRAGMA main.table_info("agendamentos")', ()) completed
executing functools.partial(<built-in method fetchall of sqlite3.Cursor object at 0x000001E96A477C40>)
operation functools.partial(<built-in method fetchall of sqlite3.Cursor object at 0x000001E96A477C40>) completed
executing functools.partial(<built-in method close of sqlite3.Cursor object at 0x000001E96A477C40>)
operation functools.partial(<built-in method close of sqlite3.Cursor object at 0x000001E96A477C40>) completed
executing functools.partial(<built-in method cursor of sqlite3.Connection object at 0x000001E9693274C0>)
operation functools.partial(<built-in method cursor of sqlite3.Connection object at 0x000001E9693274C0>) completed
executing functools.partial(<built-in method execute of sqlite3.Cursor object at 0x000001E96A477A40>, 'PRAGMA temp.table_info("agendamentos")', ())
operation functools.partial(<built-in method execute of sqlite3.Cursor object at 0x000001E96A477A40>, 'PRAGMA temp.table_info("agendamentos")', ()) completed
executing functools.partial(<built-in method fetchall of sqlite3.Cursor object at 0x000001E96A477A40>)
operation functools.partial(<built-in method fetchall of sqlite3.Cursor object at 0x000001E96A477A40>) completed
executing functools.partial(<built-in method close of sqlite3.Cursor object at 0x000001E96A477A40>)
operation functools.partial(<built-in method close of sqlite3.Cursor object at 0x000001E96A477A40>) completed
executing functools.partial(<built-in method cursor of sqlite3.Connection object at 0x000001E9693274C0>)
operation functools.partial(<built-in method cursor of sqlite3.Connection object at 0x000001E9693274C0>) completed
executing functools.partial(<built-in method execute of sqlite3.Cursor object at 0x000001E96A476F40>, 'PRAGMA main.table_info("propostas")', ())
operation functools.partial(<built-in method execute of sqlite3.Cursor object at 0x000001E96A476F40>, 'PRAGMA main.table_info("propostas")', ()) completed
executing functools.partial(<built-in method fetchall of sqlite3.Cursor object at 0x000001E96A476F40>)
operation functools.partial(<built-in method fetchall of sqlite3.Cursor object at 0x000001E96A476F40>) completed
executing functools.partial(<built-in method close of sqlite3.Cursor object at 0x000001E96A476F40>)
operation functools.partial(<built-in method close of sqlite3.Cursor object at 0x000001E96A476F40>) completed
executing functools.partial(<built-in method cursor of sqlite3.Connection object at 0x000001E9693274C0>)
operation functools.partial(<built-in method cursor of sqlite3.Connection object at 0x000001E9693274C0>) completed
executing functools.partial(<built-in method execute of sqlite3.Cursor object at 0x000001E96A477CC0>, 'PRAGMA temp.table_info("propostas")', ())
operation functools.partial(<built-in method execute of sqlite3.Cursor object at 0x000001E96A477CC0>, 'PRAGMA temp.table_info("propostas")', ()) completed
executing functools.partial(<built-in method fetchall of sqlite3.Cursor object at 0x000001E96A477CC0>)
operation functools.partial(<built-in method fetchall of sqlite3.Cursor object at 0x000001E96A477CC0>) completed
executing functools.partial(<built-in method close of sqlite3.Cursor object at 0x000001E96A477CC0>)
operation functools.partial(<built-in method close of sqlite3.Cursor object at 0x000001E96A477CC0>) completed
executing functools.partial(<built-in method cursor of sqlite3.Connection object at 0x000001E9693274C0>)
operation functools.partial(<built-in method cursor of sqlite3.Connection object at 0x000001E9693274C0>) completed
executing functools.partial(<built-in method execute of sqlite3.Cursor object at 0x000001E96A477E40>, 'PRAGMA main.table_info("suitcase_items")', ())
operation functools.partial(<built-in method execute of sqlite3.Cursor object at 0x000001E96A477E40>, 'PRAGMA main.table_info("suitcase_items")', ()) completed
executing functools.partial(<built-in method fetchall of sqlite3.Cursor object at 0x000001E96A477E40>)
operation functools.partial(<built-in method fetchall of sqlite3.Cursor object at 0x000001E96A477E40>) completed
executing functools.partial(<built-in method close of sqlite3.Cursor object at 0x000001E96A477E40>)
operation functools.partial(<built-in method close of sqlite3.Cursor object at 0x000001E96A477E40>) completed
executing functools.partial(<built-in method cursor of sqlite3.Connection object at 0x000001E9693274C0>)
operation functools.partial(<built-in method cursor of sqlite3.Connection object at 0x000001E9693274C0>) completed
executing functools.partial(<built-in method execute of sqlite3.Cursor object at 0x000001E96A477DC0>, 'PRAGMA temp.table_info("suitcase_items")', ())
operation functools.partial(<built-in method execute of sqlite3.Cursor object at 0x000001E96A477DC0>, 'PRAGMA temp.table_info("suitcase_items")', ()) completed
executing functools.partial(<built-in method fetchall of sqlite3.Cursor object at 0x000001E96A477DC0>)
operation functools.partial(<built-in method fetchall of sqlite3.Cursor object at 0x000001E96A477DC0>) completed
executing functools.partial(<built-in method close of sqlite3.Cursor object at 0x000001E96A477DC0>)
operation functools.partial(<built-in method close of sqlite3.Cursor object at 0x000001E96A477DC0>) completed
executing functools.partial(<built-in method cursor of sqlite3.Connection object at 0x000001E9693274C0>)
operation functools.partial(<built-in method cursor of sqlite3.Connection object at 0x000001E9693274C0>) completed
executing functools.partial(<built-in method execute of sqlite3.Cursor object at 0x000001E96A477EC0>, 'PRAGMA main.table_info("suitcase_suggestions")', ())
operation functools.partial(<built-in method execute of sqlite3.Cursor object at 0x000001E96A477EC0>, 'PRAGMA main.table_info("suitcase_suggestions")', ()) completed
executing functools.partial(<built-in method fetchall of sqlite3.Cursor object at 0x000001E96A477EC0>)
operation functools.partial(<built-in method fetchall of sqlite3.Cursor object at 0x000001E96A477EC0>) completed
executing functools.partial(<built-in method close of sqlite3.Cursor object at 0x000001E96A477EC0>)
operation functools.partial(<built-in method close of sqlite3.Cursor object at 0x000001E96A477EC0>) completed
executing functools.partial(<built-in method cursor of sqlite3.Connection object at 0x000001E9693274C0>)
operation functools.partial(<built-in method cursor of sqlite3.Connection object at 0x000001E9693274C0>) completed
executing functools.partial(<built-in method execute of sqlite3.Cursor object at 0x000001E96A477B40>, 'PRAGMA temp.table_info("suitcase_suggestions")', ())
operation functools.partial(<built-in method execute of sqlite3.Cursor object at 0x000001E96A477B40>, 'PRAGMA temp.table_info("suitcase_suggestions")', ()) completed
executing functools.partial(<built-in method fetchall of sqlite3.Cursor object at 0x000001E96A477B40>)
operation functools.partial(<built-in method fetchall of sqlite3.Cursor object at 0x000001E96A477B40>) completed
executing functools.partial(<built-in method close of sqlite3.Cursor object at 0x000001E96A477B40>)
operation functools.partial(<built-in method close of sqlite3.Cursor object at 0x000001E96A477B40>) completed
executing functools.partial(<built-in method cursor of sqlite3.Connection object at 0x000001E9693274C0>)
operation functools.partial(<built-in method cursor of sqlite3.Connection object at 0x000001E9693274C0>) completed
executing functools.partial(<built-in method execute of sqlite3.Cursor object at 0x000001E96A38AC40>, 'PRAGMA main.table_info("travel_diary_entries")', ())
operation functools.partial(<built-in method execute of sqlite3.Cursor object at 0x000001E96A38AC40>, 'PRAGMA main.table_info("travel_diary_entries")', ()) completed
executing functools.partial(<built-in method fetchall of sqlite3.Cursor object at 0x000001E96A38AC40>)
operation functools.partial(<built-in method fetchall of sqlite3.Cursor object at 0x000001E96A38AC40>) completed
executing functools.partial(<built-in method close of sqlite3.Cursor object at 0x000001E96A38AC40>)
operation functools.partial(<built-in method close of sqlite3.Cursor object at 0x000001E96A38AC40>) completed
executing functools.partial(<built-in method cursor of sqlite3.Connection object at 0x000001E9693274C0>)
operation functools.partial(<built-in method cursor of sqlite3.Connection object at 0x000001E9693274C0>) completed
executing functools.partial(<built-in method execute of sqlite3.Cursor object at 0x000001E96A38AEC0>, 'PRAGMA temp.table_info("travel_diary_entries")', ())
operation functools.partial(<built-in method execute of sqlite3.Cursor object at 0x000001E96A38AEC0>, 'PRAGMA temp.table_info("travel_diary_entries")', ()) completed
executing functools.partial(<built-in method fetchall of sqlite3.Cursor object at 0x000001E96A38AEC0>)
operation functools.partial(<built-in method fetchall of sqlite3.Cursor object at 0x000001E96A38AEC0>) completed
executing functools.partial(<built-in method close of sqlite3.Cursor object at 0x000001E96A38AEC0>)
operation functools.partial(<built-in method close of sqlite3.Cursor object at 0x000001E96A38AEC0>) completed
executing functools.partial(<built-in method cursor of sqlite3.Connection object at 0x000001E9693274C0>)
operation functools.partial(<built-in method cursor of sqlite3.Connection object at 0x000001E9693274C0>) completed
executing functools.partial(<built-in method execute of sqlite3.Cursor object at 0x000001E96A388240>, 'PRAGMA main.table_info("documentos")', ())
operation functools.partial(<built-in method execute of sqlite3.Cursor object at 0x000001E96A388240>, 'PRAGMA main.table_info("documentos")', ()) completed
executing functools.partial(<built-in method fetchall of sqlite3.Cursor object at 0x000001E96A388240>)
operation functools.partial(<built-in method fetchall of sqlite3.Cursor object at 0x000001E96A388240>) completed
executing functools.partial(<built-in method close of sqlite3.Cursor object at 0x000001E96A388240>)
operation functools.partial(<built-in method close of sqlite3.Cursor object at 0x000001E96A388240>) completed
executing functools.partial(<built-in method cursor of sqlite3.Connection object at 0x000001E9693274C0>)
operation functools.partial(<built-in method cursor of sqlite3.Connection object at 0x000001E9693274C0>) completed
executing functools.partial(<built-in method execute of sqlite3.Cursor object at 0x000001E96A3880C0>, 'PRAGMA temp.table_info("documentos")', ())
operation functools.partial(<built-in method execute of sqlite3.Cursor object at 0x000001E96A3880C0>, 'PRAGMA temp.table_info("documentos")', ()) completed
executing functools.partial(<built-in method fetchall of sqlite3.Cursor object at 0x000001E96A3880C0>)
operation functools.partial(<built-in method fetchall of sqlite3.Cursor object at 0x000001E96A3880C0>) completed
executing functools.partial(<built-in method close of sqlite3.Cursor object at 0x000001E96A3880C0>)
operation functools.partial(<built-in method close of sqlite3.Cursor object at 0x000001E96A3880C0>) completed
executing functools.partial(<built-in method cursor of sqlite3.Connection object at 0x000001E9693274C0>)
operation functools.partial(<built-in method cursor of sqlite3.Connection object at 0x000001E9693274C0>) completed
executing functools.partial(<built-in method execute of sqlite3.Cursor object at 0x000001E96A388340>, 'PRAGMA main.table_info("notification_queue")', ())
operation functools.partial(<built-in method execute of sqlite3.Cursor object at 0x000001E96A388340>, 'PRAGMA main.table_info("notification_queue")', ()) completed
executing functools.partial(<built-in method fetchall of sqlite3.Cursor object at 0x000001E96A388340>)
operation functools.partial(<built-in method fetchall of sqlite3.Cursor object at 0x000001E96A388340>) completed
executing functools.partial(<built-in method close of sqlite3.Cursor object at 0x000001E96A388340>)
operation functools.partial(<built-in method close of sqlite3.Cursor object at 0x000001E96A388340>) completed
executing functools.partial(<built-in method cursor of sqlite3.Connection object at 0x000001E9693274C0>)
operation functools.partial(<built-in method cursor of sqlite3.Connection object at 0x000001E9693274C0>) completed
executing functools.partial(<built-in method execute of sqlite3.Cursor object at 0x000001E96A3881C0>, 'PRAGMA temp.table_info("notification_queue")', ())
operation functools.partial(<built-in method execute of sqlite3.Cursor object at 0x000001E96A3881C0>, 'PRAGMA temp.table_info("notification_queue")', ()) completed
executing functools.partial(<built-in method fetchall of sqlite3.Cursor object at 0x000001E96A3881C0>)
operation functools.partial(<built-in method fetchall of sqlite3.Cursor object at 0x000001E96A3881C0>) completed
executing functools.partial(<built-in method close of sqlite3.Cursor object at 0x000001E96A3881C0>)
operation functools.partial(<built-in method close of sqlite3.Cursor object at 0x000001E96A3881C0>) completed
executing functools.partial(<built-in method cursor of sqlite3.Connection object at 0x000001E9693274C0>)
operation functools.partial(<built-in method cursor of sqlite3.Connection object at 0x000001E9693274C0>) completed
executing functools.partial(<built-in method execute of sqlite3.Cursor object at 0x000001E96A3882C0>, 'PRAGMA main.table_info("dead_letter_queue")', ())
operation functools.partial(<built-in method execute of sqlite3.Cursor object at 0x000001E96A3882C0>, 'PRAGMA main.table_info("dead_letter_queue")', ()) completed
executing functools.partial(<built-in method fetchall of sqlite3.Cursor object at 0x000001E96A3882C0>)
operation functools.partial(<built-in method fetchall of sqlite3.Cursor object at 0x000001E96A3882C0>) completed
executing functools.partial(<built-in method close of sqlite3.Cursor object at 0x000001E96A3882C0>)
operation functools.partial(<built-in method close of sqlite3.Cursor object at 0x000001E96A3882C0>) completed
executing functools.partial(<built-in method cursor of sqlite3.Connection object at 0x000001E9693274C0>)
operation functools.partial(<built-in method cursor of sqlite3.Connection object at 0x000001E9693274C0>) completed
executing functools.partial(<built-in method execute of sqlite3.Cursor object at 0x000001E96A38ADC0>, 'PRAGMA temp.table_info("dead_letter_queue")', ())
operation functools.partial(<built-in method execute of sqlite3.Cursor object at 0x000001E96A38ADC0>, 'PRAGMA temp.table_info("dead_letter_queue")', ()) completed
executing functools.partial(<built-in method fetchall of sqlite3.Cursor object at 0x000001E96A38ADC0>)
operation functools.partial(<built-in method fetchall of sqlite3.Cursor object at 0x000001E96A38ADC0>) completed
executing functools.partial(<built-in method close of sqlite3.Cursor object at 0x000001E96A38ADC0>)
operation functools.partial(<built-in method close of sqlite3.Cursor object at 0x000001E96A38ADC0>) completed
executing functools.partial(<built-in method cursor of sqlite3.Connection object at 0x000001E9693274C0>)
operation functools.partial(<built-in method cursor of sqlite3.Connection object at 0x000001E9693274C0>) completed
executing functools.partial(<built-in method execute of sqlite3.Cursor object at 0x000001E96A3883C0>, 'PRAGMA main.table_info("offers")', ())
operation functools.partial(<built-in method execute of sqlite3.Cursor object at 0x000001E96A3883C0>, 'PRAGMA main.table_info("offers")', ()) completed
executing functools.partial(<built-in method fetchall of sqlite3.Cursor object at 0x000001E96A3883C0>)
operation functools.partial(<built-in method fetchall of sqlite3.Cursor object at 0x000001E96A3883C0>) completed
executing functools.partial(<built-in method close of sqlite3.Cursor object at 0x000001E96A3883C0>)
operation functools.partial(<built-in method close of sqlite3.Cursor object at 0x000001E96A3883C0>) completed
executing functools.partial(<built-in method cursor of sqlite3.Connection object at 0x000001E9693274C0>)
operation functools.partial(<built-in method cursor of sqlite3.Connection object at 0x000001E9693274C0>) completed
executing functools.partial(<built-in method execute of sqlite3.Cursor object at 0x000001E96A3884C0>, 'PRAGMA temp.table_info("offers")', ())
operation functools.partial(<built-in method execute of sqlite3.Cursor object at 0x000001E96A3884C0>, 'PRAGMA temp.table_info("offers")', ()) completed
executing functools.partial(<built-in method fetchall of sqlite3.Cursor object at 0x000001E96A3884C0>)
operation functools.partial(<built-in method fetchall of sqlite3.Cursor object at 0x000001E96A3884C0>) completed
executing functools.partial(<built-in method close of sqlite3.Cursor object at 0x000001E96A3884C0>)
operation functools.partial(<built-in method close of sqlite3.Cursor object at 0x000001E96A3884C0>) completed
executing functools.partial(<built-in method cursor of sqlite3.Connection object at 0x000001E9693274C0>)
operation functools.partial(<built-in method cursor of sqlite3.Connection object at 0x000001E9693274C0>) completed
executing functools.partial(<built-in method execute of sqlite3.Cursor object at 0x000001E96A388440>, 'PRAGMA main.table_info("aya_toggle_history")', ())
operation functools.partial(<built-in method execute of sqlite3.Cursor object at 0x000001E96A388440>, 'PRAGMA main.table_info("aya_toggle_history")', ()) completed
executing functools.partial(<built-in method fetchall of sqlite3.Cursor object at 0x000001E96A388440>)
operation functools.partial(<built-in method fetchall of sqlite3.Cursor object at 0x000001E96A388440>) completed
executing functools.partial(<built-in method close of sqlite3.Cursor object at 0x000001E96A388440>)
operation functools.partial(<built-in method close of sqlite3.Cursor object at 0x000001E96A388440>) completed
executing functools.partial(<built-in method cursor of sqlite3.Connection object at 0x000001E9693274C0>)
operation functools.partial(<built-in method cursor of sqlite3.Connection object at 0x000001E9693274C0>) completed
executing functools.partial(<built-in method execute of sqlite3.Cursor object at 0x000001E96A3885C0>, 'PRAGMA temp.table_info("aya_toggle_history")', ())
operation functools.partial(<built-in method execute of sqlite3.Cursor object at 0x000001E96A3885C0>, 'PRAGMA temp.table_info("aya_toggle_history")', ()) completed
executing functools.partial(<built-in method fetchall of sqlite3.Cursor object at 0x000001E96A3885C0>)
operation functools.partial(<built-in method fetchall of sqlite3.Cursor object at 0x000001E96A3885C0>) completed
executing functools.partial(<built-in method close of sqlite3.Cursor object at 0x000001E96A3885C0>)
operation functools.partial(<built-in method close of sqlite3.Cursor object at 0x000001E96A3885C0>) completed
executing functools.partial(<built-in method cursor of sqlite3.Connection object at 0x000001E9693274C0>)
operation functools.partial(<built-in method cursor of sqlite3.Connection object at 0x000001E9693274C0>) completed
executing functools.partial(<built-in method execute of sqlite3.Cursor object at 0x000001E96A388540>, 'PRAGMA main.table_info("conversation_summaries")', ())
operation functools.partial(<built-in method execute of sqlite3.Cursor object at 0x000001E96A388540>, 'PRAGMA main.table_info("conversation_summaries")', ()) completed
executing functools.partial(<built-in method fetchall of sqlite3.Cursor object at 0x000001E96A388540>)
operation functools.partial(<built-in method fetchall of sqlite3.Cursor object at 0x000001E96A388540>) completed
executing functools.partial(<built-in method close of sqlite3.Cursor object at 0x000001E96A388540>)
operation functools.partial(<built-in method close of sqlite3.Cursor object at 0x000001E96A388540>) completed
executing functools.partial(<built-in method cursor of sqlite3.Connection object at 0x000001E9693274C0>)
operation functools.partial(<built-in method cursor of sqlite3.Connection object at 0x000001E9693274C0>) completed
executing functools.partial(<built-in method execute of sqlite3.Cursor object at 0x000001E96A388640>, 'PRAGMA temp.table_info("conversation_summaries")', ())
operation functools.partial(<built-in method execute of sqlite3.Cursor object at 0x000001E96A388640>, 'PRAGMA temp.table_info("conversation_summaries")', ()) completed
executing functools.partial(<built-in method fetchall of sqlite3.Cursor object at 0x000001E96A388640>)
operation functools.partial(<built-in method fetchall of sqlite3.Cursor object at 0x000001E96A388640>) completed
executing functools.partial(<built-in method close of sqlite3.Cursor object at 0x000001E96A388640>)
operation functools.partial(<built-in method close of sqlite3.Cursor object at 0x000001E96A388640>) completed
executing functools.partial(<built-in method cursor of sqlite3.Connection object at 0x000001E9693274C0>)
operation functools.partial(<built-in method cursor of sqlite3.Connection object at 0x000001E9693274C0>) completed
executing functools.partial(<built-in method execute of sqlite3.Cursor object at 0x000001E96A388840>, 'PRAGMA main.table_info("travels")', ())
operation functools.partial(<built-in method execute of sqlite3.Cursor object at 0x000001E96A388840>, 'PRAGMA main.table_info("travels")', ()) completed
executing functools.partial(<built-in method fetchall of sqlite3.Cursor object at 0x000001E96A388840>)
operation functools.partial(<built-in method fetchall of sqlite3.Cursor object at 0x000001E96A388840>) completed
executing functools.partial(<built-in method close of sqlite3.Cursor object at 0x000001E96A388840>)
operation functools.partial(<built-in method close of sqlite3.Cursor object at 0x000001E96A388840>) completed
executing functools.partial(<built-in method cursor of sqlite3.Connection object at 0x000001E9693274C0>)
operation functools.partial(<built-in method cursor of sqlite3.Connection object at 0x000001E9693274C0>) completed
executing functools.partial(<built-in method execute of sqlite3.Cursor object at 0x000001E96A3887C0>, 'PRAGMA temp.table_info("travels")', ())
operation functools.partial(<built-in method execute of sqlite3.Cursor object at 0x000001E96A3887C0>, 'PRAGMA temp.table_info("travels")', ()) completed
executing functools.partial(<built-in method fetchall of sqlite3.Cursor object at 0x000001E96A3887C0>)
operation functools.partial(<built-in method fetchall of sqlite3.Cursor object at 0x000001E96A3887C0>) completed
executing functools.partial(<built-in method close of sqlite3.Cursor object at 0x000001E96A3887C0>)
operation functools.partial(<built-in method close of sqlite3.Cursor object at 0x000001E96A3887C0>) completed
executing functools.partial(<built-in method cursor of sqlite3.Connection object at 0x000001E9693274C0>)
operation functools.partial(<built-in method cursor of sqlite3.Connection object at 0x000001E9693274C0>) completed
executing functools.partial(<built-in method execute of sqlite3.Cursor object at 0x000001E96A3888C0>, 'PRAGMA main.table_info("itinerary_items")', ())
operation functools.partial(<built-in method execute of sqlite3.Cursor object at 0x000001E96A3888C0>, 'PRAGMA main.table_info("itinerary_items")', ()) completed
executing functools.partial(<built-in method fetchall of sqlite3.Cursor object at 0x000001E96A3888C0>)
operation functools.partial(<built-in method fetchall of sqlite3.Cursor object at 0x000001E96A3888C0>) completed
executing functools.partial(<built-in method close of sqlite3.Cursor object at 0x000001E96A3888C0>)
operation functools.partial(<built-in method close of sqlite3.Cursor object at 0x000001E96A3888C0>) completed
executing functools.partial(<built-in method cursor of sqlite3.Connection object at 0x000001E9693274C0>)
operation functools.partial(<built-in method cursor of sqlite3.Connection object at 0x000001E9693274C0>) completed
executing functools.partial(<built-in method execute of sqlite3.Cursor object at 0x000001E96A3889C0>, 'PRAGMA temp.table_info("itinerary_items")', ())
operation functools.partial(<built-in method execute of sqlite3.Cursor object at 0x000001E96A3889C0>, 'PRAGMA temp.table_info("itinerary_items")', ()) completed
executing functools.partial(<built-in method fetchall of sqlite3.Cursor object at 0x000001E96A3889C0>)
operation functools.partial(<built-in method fetchall of sqlite3.Cursor object at 0x000001E96A3889C0>) completed
executing functools.partial(<built-in method close of sqlite3.Cursor object at 0x000001E96A3889C0>)
operation functools.partial(<built-in method close of sqlite3.Cursor object at 0x000001E96A3889C0>) completed
executing functools.partial(<built-in method cursor of sqlite3.Connection object at 0x000001E9693274C0>)
operation functools.partial(<built-in method cursor of sqlite3.Connection object at 0x000001E9693274C0>) completed
executing functools.partial(<built-in method execute of sqlite3.Cursor object at 0x000001E96A388940>, 'PRAGMA main.table_info("travel_checkpoints")', ())
operation functools.partial(<built-in method execute of sqlite3.Cursor object at 0x000001E96A388940>, 'PRAGMA main.table_info("travel_checkpoints")', ()) completed
executing functools.partial(<built-in method fetchall of sqlite3.Cursor object at 0x000001E96A388940>)
operation functools.partial(<built-in method fetchall of sqlite3.Cursor object at 0x000001E96A388940>) completed
executing functools.partial(<built-in method close of sqlite3.Cursor object at 0x000001E96A388940>)
operation functools.partial(<built-in method close of sqlite3.Cursor object at 0x000001E96A388940>) completed
executing functools.partial(<built-in method cursor of sqlite3.Connection object at 0x000001E9693274C0>)
operation functools.partial(<built-in method cursor of sqlite3.Connection object at 0x000001E9693274C0>) completed
executing functools.partial(<built-in method execute of sqlite3.Cursor object at 0x000001E96A388040>, 'PRAGMA temp.table_info("travel_checkpoints")', ())
operation functools.partial(<built-in method execute of sqlite3.Cursor object at 0x000001E96A388040>, 'PRAGMA temp.table_info("travel_checkpoints")', ()) completed
executing functools.partial(<built-in method fetchall of sqlite3.Cursor object at 0x000001E96A388040>)
operation functools.partial(<built-in method fetchall of sqlite3.Cursor object at 0x000001E96A388040>) completed
executing functools.partial(<built-in method close of sqlite3.Cursor object at 0x000001E96A388040>)
operation functools.partial(<built-in method close of sqlite3.Cursor object at 0x000001E96A388040>) completed
executing functools.partial(<built-in method cursor of sqlite3.Connection object at 0x000001E9693274C0>)
operation functools.partial(<built-in method cursor of sqlite3.Connection object at 0x000001E9693274C0>) completed
executing functools.partial(<built-in method execute of sqlite3.Cursor object at 0x000001E96A388AC0>, 'PRAGMA main.table_info("lead_offers")', ())
operation functools.partial(<built-in method execute of sqlite3.Cursor object at 0x000001E96A388AC0>, 'PRAGMA main.table_info("lead_offers")', ()) completed
executing functools.partial(<built-in method fetchall of sqlite3.Cursor object at 0x000001E96A388AC0>)
operation functools.partial(<built-in method fetchall of sqlite3.Cursor object at 0x000001E96A388AC0>) completed
executing functools.partial(<built-in method close of sqlite3.Cursor object at 0x000001E96A388AC0>)
operation functools.partial(<built-in method close of sqlite3.Cursor object at 0x000001E96A388AC0>) completed
executing functools.partial(<built-in method cursor of sqlite3.Connection object at 0x000001E9693274C0>)
operation functools.partial(<built-in method cursor of sqlite3.Connection object at 0x000001E9693274C0>) completed
executing functools.partial(<built-in method execute of sqlite3.Cursor object at 0x000001E96A3886C0>, 'PRAGMA temp.table_info("lead_offers")', ())
operation functools.partial(<built-in method execute of sqlite3.Cursor object at 0x000001E96A3886C0>, 'PRAGMA temp.table_info("lead_offers")', ()) completed
executing functools.partial(<built-in method fetchall of sqlite3.Cursor object at 0x000001E96A3886C0>)
operation functools.partial(<built-in method fetchall of sqlite3.Cursor object at 0x000001E96A3886C0>) completed
executing functools.partial(<built-in method close of sqlite3.Cursor object at 0x000001E96A3886C0>)
operation functools.partial(<built-in method close of sqlite3.Cursor object at 0x000001E96A3886C0>) completed
executing functools.partial(<built-in method cursor of sqlite3.Connection object at 0x000001E9693274C0>)
operation functools.partial(<built-in method cursor of sqlite3.Connection object at 0x000001E9693274C0>) completed
executing functools.partial(<built-in method execute of sqlite3.Cursor object at 0x000001E96A3890C0>, '\nCREATE TABLE suitcase_suggestions (\n\tid INTEGER NOT NULL, \n\ttipo_destino VARCHAR(8) NOT NULL, \n\tcategoria VARCHAR(11) NOT NULL, \n\tnome VARCHAR(255) NOT NULL, \n\tquantidade_sugerida INTEGER NOT NULL, \n\tdescricao VARCHAR(512), \n\tPRIMARY KEY (id)\n)\n\n', ())
operation functools.partial(<built-in method execute of sqlite3.Cursor object at 0x000001E96A3890C0>, '\nCREATE TABLE suitcase_suggestions (\n\tid INTEGER NOT NULL, \n\ttipo_destino VARCHAR(8) NOT NULL, \n\tcategoria VARCHAR(11) NOT NULL, \n\tnome VARCHAR(255) NOT NULL, \n\tquantidade_sugerida INTEGER NOT NULL, \n\tdescricao VARCHAR(512), \n\tPRIMARY KEY (id)\n)\n\n', ()) completed
executing functools.partial(<built-in method close of sqlite3.Cursor object at 0x000001E96A3890C0>)
operation functools.partial(<built-in method close of sqlite3.Cursor object at 0x000001E96A3890C0>) completed
executing functools.partial(<built-in method cursor of sqlite3.Connection object at 0x000001E9693274C0>)
operation functools.partial(<built-in method cursor of sqlite3.Connection object at 0x000001E9693274C0>) completed
executing functools.partial(<built-in method execute of sqlite3.Cursor object at 0x000001E96A389840>, 'CREATE INDEX ix_suitcase_suggestions_tipo_destino ON suitcase_suggestions (tipo_destino)', ())
operation functools.partial(<built-in method execute of sqlite3.Cursor object at 0x000001E96A389840>, 'CREATE INDEX ix_suitcase_suggestions_tipo_destino ON suitcase_suggestions (tipo_destino)', ()) completed
executing functools.partial(<built-in method close of sqlite3.Cursor object at 0x000001E96A389840>)
operation functools.partial(<built-in method close of sqlite3.Cursor object at 0x000001E96A389840>) completed
executing functools.partial(<built-in method cursor of sqlite3.Connection object at 0x000001E9693274C0>)
operation functools.partial(<built-in method cursor of sqlite3.Connection object at 0x000001E9693274C0>) completed
executing functools.partial(<built-in method execute of sqlite3.Cursor object at 0x000001E96A388CC0>, "\nCREATE TABLE offers (\n\tid UUID NOT NULL, \n\tagency_id UUID NOT NULL, \n\ttitle VARCHAR(255) NOT NULL, \n\tdescription TEXT NOT NULL, \n\tdestination VARCHAR(255) NOT NULL, \n\tdestination_image_url VARCHAR(500), \n\tdeparture_date DATETIME NOT NULL, \n\treturn_date DATETIME NOT NULL, \n\tbooking_deadline DATETIME NOT NULL, \n\tduration_days INTEGER NOT NULL, \n\taccommodations JSON NOT NULL, \n\tincluded_services JSON NOT NULL, \n\ttravelers INTEGER NOT NULL, \n\tavailable_spots INTEGER NOT NULL, \n\tspots_reserved INTEGER NOT NULL, \n\tbase_price NUMERIC(12, 2) NOT NULL, \n\tcurrency VARCHAR(3) NOT NULL, \n\tdiscounts JSON, \n\tfinal_price NUMERIC(12, 2) NOT NULL, \n\thighlights JSON NOT NULL, \n\tamenities JSON NOT NULL, \n\tstatus VARCHAR(9) NOT NULL, \n\tviews INTEGER NOT NULL, \n\tinterests INTEGER NOT NULL, \n\tconversions INTEGER NOT NULL, \n\tcreated_at DATETIME DEFAULT CURRENT_TIMESTAMP NOT NULL, \n\tupdated_at DATETIME DEFAULT CURRENT_TIMESTAMP NOT NULL, \n\tpublished_at DATETIME, \n\tis_deleted BOOLEAN DEFAULT 'false' NOT NULL, \n\tPRIMARY KEY (id), \n\tFOREIGN KEY(agency_id) REFERENCES users (id)\n)\n\n", ())
operation functools.partial(<built-in method execute of sqlite3.Cursor object at 0x000001E96A388CC0>, "\nCREATE TABLE offers (\n\tid UUID NOT NULL, \n\tagency_id UUID NOT NULL, \n\ttitle VARCHAR(255) NOT NULL, \n\tdescription TEXT NOT NULL, \n\tdestination VARCHAR(255) NOT NULL, \n\tdestination_image_url VARCHAR(500), \n\tdeparture_date DATETIME NOT NULL, \n\treturn_date DATETIME NOT NULL, \n\tbooking_deadline DATETIME NOT NULL, \n\tduration_days INTEGER NOT NULL, \n\taccommodations JSON NOT NULL, \n\tincluded_services JSON NOT NULL, \n\ttravelers INTEGER NOT NULL, \n\tavailable_spots INTEGER NOT NULL, \n\tspots_reserved INTEGER NOT NULL, \n\tbase_price NUMERIC(12, 2) NOT NULL, \n\tcurrency VARCHAR(3) NOT NULL, \n\tdiscounts JSON, \n\tfinal_price NUMERIC(12, 2) NOT NULL, \n\thighlights JSON NOT NULL, \n\tamenities JSON NOT NULL, \n\tstatus VARCHAR(9) NOT NULL, \n\tviews INTEGER NOT NULL, \n\tinterests INTEGER NOT NULL, \n\tconversions INTEGER NOT NULL, \n\tcreated_at DATETIME DEFAULT CURRENT_TIMESTAMP NOT NULL, \n\tupdated_at DATETIME DEFAULT CURRENT_TIMESTAMP NOT NULL, \n\tpublished_at DATETIME, \n\tis_deleted BOOLEAN DEFAULT 'false' NOT NULL, \n\tPRIMARY KEY (id), \n\tFOREIGN KEY(agency_id) REFERENCES users (id)\n)\n\n", ()) completed
executing functools.partial(<built-in method close of sqlite3.Cursor object at 0x000001E96A388CC0>)
operation functools.partial(<built-in method close of sqlite3.Cursor object at 0x000001E96A388CC0>) completed
executing functools.partial(<built-in method cursor of sqlite3.Connection object at 0x000001E9693274C0>)
operation functools.partial(<built-in method cursor of sqlite3.Connection object at 0x000001E9693274C0>) completed
executing functools.partial(<built-in method execute of sqlite3.Cursor object at 0x000001E96A388E40>, 'CREATE INDEX ix_offers_booking_deadline ON offers (booking_deadline)', ())
operation functools.partial(<built-in method execute of sqlite3.Cursor object at 0x000001E96A388E40>, 'CREATE INDEX ix_offers_booking_deadline ON offers (booking_deadline)', ()) completed
executing functools.partial(<built-in method close of sqlite3.Cursor object at 0x000001E96A388E40>)
operation functools.partial(<built-in method close of sqlite3.Cursor object at 0x000001E96A388E40>) completed
executing functools.partial(<built-in method cursor of sqlite3.Connection object at 0x000001E9693274C0>)
operation functools.partial(<built-in method cursor of sqlite3.Connection object at 0x000001E9693274C0>) completed
executing functools.partial(<built-in method execute of sqlite3.Cursor object at 0x000001E96A388EC0>, 'CREATE INDEX ix_offers_status ON offers (status)', ())
operation functools.partial(<built-in method execute of sqlite3.Cursor object at 0x000001E96A388EC0>, 'CREATE INDEX ix_offers_status ON offers (status)', ()) completed
executing functools.partial(<built-in method close of sqlite3.Cursor object at 0x000001E96A388EC0>)
operation functools.partial(<built-in method close of sqlite3.Cursor object at 0x000001E96A388EC0>) completed
executing functools.partial(<built-in method cursor of sqlite3.Connection object at 0x000001E9693274C0>)
operation functools.partial(<built-in method cursor of sqlite3.Connection object at 0x000001E9693274C0>) completed
executing functools.partial(<built-in method execute of sqlite3.Cursor object at 0x000001E96A3891C0>, 'CREATE INDEX ix_offers_departure_date ON offers (departure_date)', ())
operation functools.partial(<built-in method execute of sqlite3.Cursor object at 0x000001E96A3891C0>, 'CREATE INDEX ix_offers_departure_date ON offers (departure_date)', ()) completed
executing functools.partial(<built-in method close of sqlite3.Cursor object at 0x000001E96A3891C0>)
operation functools.partial(<built-in method close of sqlite3.Cursor object at 0x000001E96A3891C0>) completed
executing functools.partial(<built-in method cursor of sqlite3.Connection object at 0x000001E9693274C0>)
operation functools.partial(<built-in method cursor of sqlite3.Connection object at 0x000001E9693274C0>) completed
executing functools.partial(<built-in method execute of sqlite3.Cursor object at 0x000001E96A38A9C0>, 'CREATE INDEX ix_offers_destination ON offers (destination)', ())
operation functools.partial(<built-in method execute of sqlite3.Cursor object at 0x000001E96A38A9C0>, 'CREATE INDEX ix_offers_destination ON offers (destination)', ()) completed
executing functools.partial(<built-in method close of sqlite3.Cursor object at 0x000001E96A38A9C0>)
operation functools.partial(<built-in method close of sqlite3.Cursor object at 0x000001E96A38A9C0>) completed
executing functools.partial(<built-in method cursor of sqlite3.Connection object at 0x000001E9693274C0>)
operation functools.partial(<built-in method cursor of sqlite3.Connection object at 0x000001E9693274C0>) completed
executing functools.partial(<built-in method execute of sqlite3.Cursor object at 0x000001E96A35E840>, 'CREATE INDEX ix_offers_title ON offers (title)', ())
operation functools.partial(<built-in method execute of sqlite3.Cursor object at 0x000001E96A35E840>, 'CREATE INDEX ix_offers_title ON offers (title)', ()) completed
executing functools.partial(<built-in method close of sqlite3.Cursor object at 0x000001E96A35E840>)
operation functools.partial(<built-in method close of sqlite3.Cursor object at 0x000001E96A35E840>) completed
executing functools.partial(<built-in method cursor of sqlite3.Connection object at 0x000001E9693274C0>)
operation functools.partial(<built-in method cursor of sqlite3.Connection object at 0x000001E9693274C0>) completed
executing functools.partial(<built-in method execute of sqlite3.Cursor object at 0x000001E96A35EB40>, 'CREATE INDEX ix_offers_agency_id ON offers (agency_id)', ())
operation functools.partial(<built-in method execute of sqlite3.Cursor object at 0x000001E96A35EB40>, 'CREATE INDEX ix_offers_agency_id ON offers (agency_id)', ()) completed
executing functools.partial(<built-in method close of sqlite3.Cursor object at 0x000001E96A35EB40>)
operation functools.partial(<built-in method close of sqlite3.Cursor object at 0x000001E96A35EB40>) completed
executing functools.partial(<built-in method cursor of sqlite3.Connection object at 0x000001E9693274C0>)
operation functools.partial(<built-in method cursor of sqlite3.Connection object at 0x000001E9693274C0>) completed
executing functools.partial(<built-in method execute of sqlite3.Cursor object at 0x000001E96A35ECC0>, 'CREATE INDEX ix_offers_published_at ON offers (published_at)', ())
operation functools.partial(<built-in method execute of sqlite3.Cursor object at 0x000001E96A35ECC0>, 'CREATE INDEX ix_offers_published_at ON offers (published_at)', ()) completed
executing functools.partial(<built-in method close of sqlite3.Cursor object at 0x000001E96A35ECC0>)
operation functools.partial(<built-in method close of sqlite3.Cursor object at 0x000001E96A35ECC0>) completed
executing functools.partial(<built-in method cursor of sqlite3.Connection object at 0x000001E9693274C0>)
operation functools.partial(<built-in method cursor of sqlite3.Connection object at 0x000001E9693274C0>) completed
executing functools.partial(<built-in method execute of sqlite3.Cursor object at 0x000001E96A389440>, '\nCREATE TABLE travels (\n\tid UUID NOT NULL, \n\tuser_id UUID NOT NULL, \n\tdestination VARCHAR(255) NOT NULL, \n\tstart_date DATETIME NOT NULL, \n\tend_date DATETIME NOT NULL, \n\tstatus VARCHAR(20) NOT NULL, \n\timage_url VARCHAR(1024), \n\tdescription TEXT, \n\tcriado_em DATETIME DEFAULT CURRENT_TIMESTAMP NOT NULL, \n\tPRIMARY KEY (id), \n\tFOREIGN KEY(user_id) REFERENCES users (id) ON DELETE CASCADE\n)\n\n', ())
operation functools.partial(<built-in method execute of sqlite3.Cursor object at 0x000001E96A389440>, '\nCREATE TABLE travels (\n\tid UUID NOT NULL, \n\tuser_id UUID NOT NULL, \n\tdestination VARCHAR(255) NOT NULL, \n\tstart_date DATETIME NOT NULL, \n\tend_date DATETIME NOT NULL, \n\tstatus VARCHAR(20) NOT NULL, \n\timage_url VARCHAR(1024), \n\tdescription TEXT, \n\tcriado_em DATETIME DEFAULT CURRENT_TIMESTAMP NOT NULL, \n\tPRIMARY KEY (id), \n\tFOREIGN KEY(user_id) REFERENCES users (id) ON DELETE CASCADE\n)\n\n', ()) completed
executing functools.partial(<built-in method close of sqlite3.Cursor object at 0x000001E96A389440>)
operation functools.partial(<built-in method close of sqlite3.Cursor object at 0x000001E96A389440>) completed
executing functools.partial(<built-in method cursor of sqlite3.Connection object at 0x000001E9693274C0>)
operation functools.partial(<built-in method cursor of sqlite3.Connection object at 0x000001E9693274C0>) completed
executing functools.partial(<built-in method execute of sqlite3.Cursor object at 0x000001E96A388BC0>, 'CREATE INDEX ix_travels_user_id ON travels (user_id)', ())
operation functools.partial(<built-in method execute of sqlite3.Cursor object at 0x000001E96A388BC0>, 'CREATE INDEX ix_travels_user_id ON travels (user_id)', ()) completed
executing functools.partial(<built-in method close of sqlite3.Cursor object at 0x000001E96A388BC0>)
operation functools.partial(<built-in method close of sqlite3.Cursor object at 0x000001E96A388BC0>) completed
executing functools.partial(<built-in method cursor of sqlite3.Connection object at 0x000001E9693274C0>)
operation functools.partial(<built-in method cursor of sqlite3.Connection object at 0x000001E9693274C0>) completed
executing functools.partial(<built-in method execute of sqlite3.Cursor object at 0x000001E96A35F4C0>, 'CREATE INDEX ix_travels_status ON travels (status)', ())
operation functools.partial(<built-in method execute of sqlite3.Cursor object at 0x000001E96A35F4C0>, 'CREATE INDEX ix_travels_status ON travels (status)', ()) completed
executing functools.partial(<built-in method close of sqlite3.Cursor object at 0x000001E96A35F4C0>)
operation functools.partial(<built-in method close of sqlite3.Cursor object at 0x000001E96A35F4C0>) completed
executing functools.partial(<built-in method cursor of sqlite3.Connection object at 0x000001E9693274C0>)
operation functools.partial(<built-in method cursor of sqlite3.Connection object at 0x000001E9693274C0>) completed
executing functools.partial(<built-in method execute of sqlite3.Cursor object at 0x000001E96A389740>, '\nCREATE TABLE leads (\n\tid UUID NOT NULL, \n\tnome VARCHAR(512), \n\ttelefone VARCHAR(512) NOT NULL, \n\ttelefone_hash VARCHAR(64), \n\torigem VARCHAR(14) NOT NULL, \n\tstatus VARCHAR(14) NOT NULL, \n\tscore VARCHAR(6), \n\tscore_numerico INTEGER, \n\tscore_calculado_em DATETIME, \n\tconsultor_id UUID, \n\tclient_id UUID, \n\toffer_id UUID, \n\tbudget NUMERIC(12, 2), \n\taya_ativo BOOLEAN NOT NULL, \n\tis_archived BOOLEAN NOT NULL, \n\tdeletado_em DATETIME, \n\tcriado_em DATETIME DEFAULT CURRENT_TIMESTAMP NOT NULL, \n\tatualizado_em DATETIME DEFAULT CURRENT_TIMESTAMP NOT NULL, \n\tPRIMARY KEY (id), \n\tFOREIGN KEY(consultor_id) REFERENCES users (id), \n\tFOREIGN KEY(client_id) REFERENCES users (id), \n\tFOREIGN KEY(offer_id) REFERENCES offers (id)\n)\n\n', ())
operation functools.partial(<built-in method execute of sqlite3.Cursor object at 0x000001E96A389740>, '\nCREATE TABLE leads (\n\tid UUID NOT NULL, \n\tnome VARCHAR(512), \n\ttelefone VARCHAR(512) NOT NULL, \n\ttelefone_hash VARCHAR(64), \n\torigem VARCHAR(14) NOT NULL, \n\tstatus VARCHAR(14) NOT NULL, \n\tscore VARCHAR(6), \n\tscore_numerico INTEGER, \n\tscore_calculado_em DATETIME, \n\tconsultor_id UUID, \n\tclient_id UUID, \n\toffer_id UUID, \n\tbudget NUMERIC(12, 2), \n\taya_ativo BOOLEAN NOT NULL, \n\tis_archived BOOLEAN NOT NULL, \n\tdeletado_em DATETIME, \n\tcriado_em DATETIME DEFAULT CURRENT_TIMESTAMP NOT NULL, \n\tatualizado_em DATETIME DEFAULT CURRENT_TIMESTAMP NOT NULL, \n\tPRIMARY KEY (id), \n\tFOREIGN KEY(consultor_id) REFERENCES users (id), \n\tFOREIGN KEY(client_id) REFERENCES users (id), \n\tFOREIGN KEY(offer_id) REFERENCES offers (id)\n)\n\n', ()) completed
executing functools.partial(<built-in method close of sqlite3.Cursor object at 0x000001E96A389740>)
operation functools.partial(<built-in method close of sqlite3.Cursor object at 0x000001E96A389740>) completed
executing functools.partial(<built-in method cursor of sqlite3.Connection object at 0x000001E9693274C0>)
operation functools.partial(<built-in method cursor of sqlite3.Connection object at 0x000001E9693274C0>) completed
executing functools.partial(<built-in method execute of sqlite3.Cursor object at 0x000001E96A35ED40>, 'CREATE INDEX ix_leads_consultor_status ON leads (consultor_id, status)', ())
operation functools.partial(<built-in method execute of sqlite3.Cursor object at 0x000001E96A35ED40>, 'CREATE INDEX ix_leads_consultor_status ON leads (consultor_id, status)', ()) completed
executing functools.partial(<built-in method close of sqlite3.Cursor object at 0x000001E96A35ED40>)
operation functools.partial(<built-in method close of sqlite3.Cursor object at 0x000001E96A35ED40>) completed
executing functools.partial(<built-in method cursor of sqlite3.Connection object at 0x000001E9693274C0>)
operation functools.partial(<built-in method cursor of sqlite3.Connection object at 0x000001E9693274C0>) completed
executing functools.partial(<built-in method execute of sqlite3.Cursor object at 0x000001E96A477740>, 'CREATE INDEX ix_leads_telefone_hash ON leads (telefone_hash)', ())
operation functools.partial(<built-in method execute of sqlite3.Cursor object at 0x000001E96A477740>, 'CREATE INDEX ix_leads_telefone_hash ON leads (telefone_hash)', ()) completed
executing functools.partial(<built-in method close of sqlite3.Cursor object at 0x000001E96A477740>)
operation functools.partial(<built-in method close of sqlite3.Cursor object at 0x000001E96A477740>) completed
executing functools.partial(<built-in method cursor of sqlite3.Connection object at 0x000001E9693274C0>)
operation functools.partial(<built-in method cursor of sqlite3.Connection object at 0x000001E9693274C0>) completed
executing functools.partial(<built-in method execute of sqlite3.Cursor object at 0x000001E96A35F940>, 'CREATE INDEX ix_leads_status_criado_em ON leads (status, criado_em)', ())
operation functools.partial(<built-in method execute of sqlite3.Cursor object at 0x000001E96A35F940>, 'CREATE INDEX ix_leads_status_criado_em ON leads (status, criado_em)', ()) completed
executing functools.partial(<built-in method close of sqlite3.Cursor object at 0x000001E96A35F940>)
operation functools.partial(<built-in method close of sqlite3.Cursor object at 0x000001E96A35F940>) completed
executing functools.partial(<built-in method cursor of sqlite3.Connection object at 0x000001E9693274C0>)
operation functools.partial(<built-in method cursor of sqlite3.Connection object at 0x000001E9693274C0>) completed
executing functools.partial(<built-in method execute of sqlite3.Cursor object at 0x000001E96A35FAC0>, 'CREATE UNIQUE INDEX ix_leads_telefone ON leads (telefone)', ())
operation functools.partial(<built-in method execute of sqlite3.Cursor object at 0x000001E96A35FAC0>, 'CREATE UNIQUE INDEX ix_leads_telefone ON leads (telefone)', ()) completed
executing functools.partial(<built-in method close of sqlite3.Cursor object at 0x000001E96A35FAC0>)
operation functools.partial(<built-in method close of sqlite3.Cursor object at 0x000001E96A35FAC0>) completed
executing functools.partial(<built-in method cursor of sqlite3.Connection object at 0x000001E9693274C0>)
operation functools.partial(<built-in method cursor of sqlite3.Connection object at 0x000001E9693274C0>) completed
executing functools.partial(<built-in method execute of sqlite3.Cursor object at 0x000001E96A32C140>, 'CREATE UNIQUE INDEX ix_leads_telefone_hash ON leads (telefone_hash)', ())
returning exception index ix_leads_telefone_hash already exists
executing functools.partial(<built-in method rollback of sqlite3.Connection object at 0x000001E9693274C0>)
operation functools.partial(<built-in method rollback of sqlite3.Connection object at 0x000001E9693274C0>) completed
executing functools.partial(<built-in method rollback of sqlite3.Connection object at 0x000001E9693274C0>)
operation functools.partial(<built-in method rollback of sqlite3.Connection object at 0x000001E9693274C0>) completed
----------------------------- Captured log setup ------------------------------
DEBUG    aiosqlite:core.py:62 executing functools.partial(<built-in method cursor of sqlite3.Connection object at 0x000001E9693274C0>)
DEBUG    aiosqlite:core.py:67 operation functools.partial(<built-in method cursor of sqlite3.Connection object at 0x000001E9693274C0>) completed
DEBUG    aiosqlite:core.py:62 executing functools.partial(<built-in method execute of sqlite3.Cursor object at 0x000001E96A4776C0>, 'PRAGMA main.table_info("users")', ())
DEBUG    aiosqlite:core.py:67 operation functools.partial(<built-in method execute of sqlite3.Cursor object at 0x000001E96A4776C0>, 'PRAGMA main.table_info("users")', ()) completed
DEBUG    aiosqlite:core.py:62 executing functools.partial(<built-in method fetchall of sqlite3.Cursor object at 0x000001E96A4776C0>)
DEBUG    aiosqlite:core.py:67 operation functools.partial(<built-in method fetchall of sqlite3.Cursor object at 0x000001E96A4776C0>) completed
DEBUG    aiosqlite:core.py:62 executing functools.partial(<built-in method close of sqlite3.Cursor object at 0x000001E96A4776C0>)
DEBUG    aiosqlite:core.py:67 operation functools.partial(<built-in method close of sqlite3.Cursor object at 0x000001E96A4776C0>) completed
DEBUG    aiosqlite:core.py:62 executing functools.partial(<built-in method cursor of sqlite3.Connection object at 0x000001E9693274C0>)
DEBUG    aiosqlite:core.py:67 operation functools.partial(<built-in method cursor of sqlite3.Connection object at 0x000001E9693274C0>) completed
DEBUG    aiosqlite:core.py:62 executing functools.partial(<built-in method execute of sqlite3.Cursor object at 0x000001E96A4777C0>, 'PRAGMA main.table_info("leads")', ())
DEBUG    aiosqlite:core.py:67 operation functools.partial(<built-in method execute of sqlite3.Cursor object at 0x000001E96A4777C0>, 'PRAGMA main.table_info("leads")', ()) completed
DEBUG    aiosqlite:core.py:62 executing functools.partial(<built-in method fetchall of sqlite3.Cursor object at 0x000001E96A4777C0>)
DEBUG    aiosqlite:core.py:67 operation functools.partial(<built-in method fetchall of sqlite3.Cursor object at 0x000001E96A4777C0>) completed
DEBUG    aiosqlite:core.py:62 executing functools.partial(<built-in method close of sqlite3.Cursor object at 0x000001E96A4777C0>)
DEBUG    aiosqlite:core.py:67 operation functools.partial(<built-in method close of sqlite3.Cursor object at 0x000001E96A4777C0>) completed
DEBUG    aiosqlite:core.py:62 executing functools.partial(<built-in method cursor of sqlite3.Connection object at 0x000001E9693274C0>)
DEBUG    aiosqlite:core.py:67 operation functools.partial(<built-in method cursor of sqlite3.Connection object at 0x000001E9693274C0>) completed
DEBUG    aiosqlite:core.py:62 executing functools.partial(<built-in method execute of sqlite3.Cursor object at 0x000001E96A4773C0>, 'PRAGMA temp.table_info("leads")', ())
DEBUG    aiosqlite:core.py:67 operation functools.partial(<built-in method execute of sqlite3.Cursor object at 0x000001E96A4773C0>, 'PRAGMA temp.table_info("leads")', ()) completed
DEBUG    aiosqlite:core.py:62 executing functools.partial(<built-in method fetchall of sqlite3.Cursor object at 0x000001E96A4773C0>)
DEBUG    aiosqlite:core.py:67 operation functools.partial(<built-in method fetchall of sqlite3.Cursor object at 0x000001E96A4773C0>) completed
DEBUG    aiosqlite:core.py:62 executing functools.partial(<built-in method close of sqlite3.Cursor object at 0x000001E96A4773C0>)
DEBUG    aiosqlite:core.py:67 operation functools.partial(<built-in method close of sqlite3.Cursor object at 0x000001E96A4773C0>) completed
DEBUG    aiosqlite:core.py:62 executing functools.partial(<built-in method cursor of sqlite3.Connection object at 0x000001E9693274C0>)
DEBUG    aiosqlite:core.py:67 operation functools.partial(<built-in method cursor of sqlite3.Connection object at 0x000001E9693274C0>) completed
DEBUG    aiosqlite:core.py:62 executing functools.partial(<built-in method execute of sqlite3.Cursor object at 0x000001E96A4779C0>, 'PRAGMA main.table_info("lead_score_history")', ())
DEBUG    aiosqlite:core.py:67 operation functools.partial(<built-in method execute of sqlite3.Cursor object at 0x000001E96A4779C0>, 'PRAGMA main.table_info("lead_score_history")', ()) completed
DEBUG    aiosqlite:core.py:62 executing functools.partial(<built-in method fetchall of sqlite3.Cursor object at 0x000001E96A4779C0>)
DEBUG    aiosqlite:core.py:67 operation functools.partial(<built-in method fetchall of sqlite3.Cursor object at 0x000001E96A4779C0>) completed
DEBUG    aiosqlite:core.py:62 executing functools.partial(<built-in method close of sqlite3.Cursor object at 0x000001E96A4779C0>)
DEBUG    aiosqlite:core.py:67 operation functools.partial(<built-in method close of sqlite3.Cursor object at 0x000001E96A4779C0>) completed
DEBUG    aiosqlite:core.py:62 executing functools.partial(<built-in method cursor of sqlite3.Connection object at 0x000001E9693274C0>)
DEBUG    aiosqlite:core.py:67 operation functools.partial(<built-in method cursor of sqlite3.Connection object at 0x000001E9693274C0>) completed
DEBUG    aiosqlite:core.py:62 executing functools.partial(<built-in method execute of sqlite3.Cursor object at 0x000001E96A477840>, 'PRAGMA temp.table_info("lead_score_history")', ())
DEBUG    aiosqlite:core.py:67 operation functools.partial(<built-in method execute of sqlite3.Cursor object at 0x000001E96A477840>, 'PRAGMA temp.table_info("lead_score_history")', ()) completed
DEBUG    aiosqlite:core.py:62 executing functools.partial(<built-in method fetchall of sqlite3.Cursor object at 0x000001E96A477840>)
DEBUG    aiosqlite:core.py:67 operation functools.partial(<built-in method fetchall of sqlite3.Cursor object at 0x000001E96A477840>) completed
DEBUG    aiosqlite:core.py:62 executing functools.partial(<built-in method close of sqlite3.Cursor object at 0x000001E96A477840>)
DEBUG    aiosqlite:core.py:67 operation functools.partial(<built-in method close of sqlite3.Cursor object at 0x000001E96A477840>) completed
DEBUG    aiosqlite:core.py:62 executing functools.partial(<built-in method cursor of sqlite3.Connection object at 0x000001E9693274C0>)
DEBUG    aiosqlite:core.py:67 operation functools.partial(<built-in method cursor of sqlite3.Connection object at 0x000001E9693274C0>) completed
DEBUG    aiosqlite:core.py:62 executing functools.partial(<built-in method execute of sqlite3.Cursor object at 0x000001E96A477AC0>, 'PRAGMA main.table_info("briefings")', ())
DEBUG    aiosqlite:core.py:67 operation functools.partial(<built-in method execute of sqlite3.Cursor object at 0x000001E96A477AC0>, 'PRAGMA main.table_info("briefings")', ()) completed
DEBUG    aiosqlite:core.py:62 executing functools.partial(<built-in method fetchall of sqlite3.Cursor object at 0x000001E96A477AC0>)
DEBUG    aiosqlite:core.py:67 operation functools.partial(<built-in method fetchall of sqlite3.Cursor object at 0x000001E96A477AC0>) completed
DEBUG    aiosqlite:core.py:62 executing functools.partial(<built-in method close of sqlite3.Cursor object at 0x000001E96A477AC0>)
DEBUG    aiosqlite:core.py:67 operation functools.partial(<built-in method close of sqlite3.Cursor object at 0x000001E96A477AC0>) completed
DEBUG    aiosqlite:core.py:62 executing functools.partial(<built-in method cursor of sqlite3.Connection object at 0x000001E9693274C0>)
DEBUG    aiosqlite:core.py:67 operation functools.partial(<built-in method cursor of sqlite3.Connection object at 0x000001E9693274C0>) completed
DEBUG    aiosqlite:core.py:62 executing functools.partial(<built-in method execute of sqlite3.Cursor object at 0x000001E96A477940>, 'PRAGMA temp.table_info("briefings")', ())
DEBUG    aiosqlite:core.py:67 operation functools.partial(<built-in method execute of sqlite3.Cursor object at 0x000001E96A477940>, 'PRAGMA temp.table_info("briefings")', ()) completed
DEBUG    aiosqlite:core.py:62 executing functools.partial(<built-in method fetchall of sqlite3.Cursor object at 0x000001E96A477940>)
DEBUG    aiosqlite:core.py:67 operation functools.partial(<built-in method fetchall of sqlite3.Cursor object at 0x000001E96A477940>) completed
DEBUG    aiosqlite:core.py:62 executing functools.partial(<built-in method close of sqlite3.Cursor object at 0x000001E96A477940>)
DEBUG    aiosqlite:core.py:67 operation functools.partial(<built-in method close of sqlite3.Cursor object at 0x000001E96A477940>) completed
DEBUG    aiosqlite:core.py:62 executing functools.partial(<built-in method cursor of sqlite3.Connection object at 0x000001E9693274C0>)
DEBUG    aiosqlite:core.py:67 operation functools.partial(<built-in method cursor of sqlite3.Connection object at 0x000001E9693274C0>) completed
DEBUG    aiosqlite:core.py:62 executing functools.partial(<built-in method execute of sqlite3.Cursor object at 0x000001E96A4770C0>, 'PRAGMA main.table_info("interacoes")', ())
DEBUG    aiosqlite:core.py:67 operation functools.partial(<built-in method execute of sqlite3.Cursor object at 0x000001E96A4770C0>, 'PRAGMA main.table_info("interacoes")', ()) completed
DEBUG    aiosqlite:core.py:62 executing functools.partial(<built-in method fetchall of sqlite3.Cursor object at 0x000001E96A4770C0>)
DEBUG    aiosqlite:core.py:67 operation functools.partial(<built-in method fetchall of sqlite3.Cursor object at 0x000001E96A4770C0>) completed
DEBUG    aiosqlite:core.py:62 executing functools.partial(<built-in method close of sqlite3.Cursor object at 0x000001E96A4770C0>)
DEBUG    aiosqlite:core.py:67 operation functools.partial(<built-in method close of sqlite3.Cursor object at 0x000001E96A4770C0>) completed
DEBUG    aiosqlite:core.py:62 executing functools.partial(<built-in method cursor of sqlite3.Connection object at 0x000001E9693274C0>)
DEBUG    aiosqlite:core.py:67 operation functools.partial(<built-in method cursor of sqlite3.Connection object at 0x000001E9693274C0>) completed
DEBUG    aiosqlite:core.py:62 executing functools.partial(<built-in method execute of sqlite3.Cursor object at 0x000001E96A477140>, 'PRAGMA temp.table_info("interacoes")', ())
DEBUG    aiosqlite:core.py:67 operation functools.partial(<built-in method execute of sqlite3.Cursor object at 0x000001E96A477140>, 'PRAGMA temp.table_info("interacoes")', ()) completed
DEBUG    aiosqlite:core.py:62 executing functools.partial(<built-in method fetchall of sqlite3.Cursor object at 0x000001E96A477140>)
DEBUG    aiosqlite:core.py:67 operation functools.partial(<built-in method fetchall of sqlite3.Cursor object at 0x000001E96A477140>) completed
DEBUG    aiosqlite:core.py:62 executing functools.partial(<built-in method close of sqlite3.Cursor object at 0x000001E96A477140>)
DEBUG    aiosqlite:core.py:67 operation functools.partial(<built-in method close of sqlite3.Cursor object at 0x000001E96A477140>) completed
DEBUG    aiosqlite:core.py:62 executing functools.partial(<built-in method cursor of sqlite3.Connection object at 0x000001E9693274C0>)
DEBUG    aiosqlite:core.py:67 operation functools.partial(<built-in method cursor of sqlite3.Connection object at 0x000001E9693274C0>) completed
DEBUG    aiosqlite:core.py:62 executing functools.partial(<built-in method execute of sqlite3.Cursor object at 0x000001E96A477C40>, 'PRAGMA main.table_info("agendamentos")', ())
DEBUG    aiosqlite:core.py:67 operation functools.partial(<built-in method execute of sqlite3.Cursor object at 0x000001E96A477C40>, 'PRAGMA main.table_info("agendamentos")', ()) completed
DEBUG    aiosqlite:core.py:62 executing functools.partial(<built-in method fetchall of sqlite3.Cursor object at 0x000001E96A477C40>)
DEBUG    aiosqlite:core.py:67 operation functools.partial(<built-in method fetchall of sqlite3.Cursor object at 0x000001E96A477C40>) completed
DEBUG    aiosqlite:core.py:62 executing functools.partial(<built-in method close of sqlite3.Cursor object at 0x000001E96A477C40>)
DEBUG    aiosqlite:core.py:67 operation functools.partial(<built-in method close of sqlite3.Cursor object at 0x000001E96A477C40>) completed
DEBUG    aiosqlite:core.py:62 executing functools.partial(<built-in method cursor of sqlite3.Connection object at 0x000001E9693274C0>)
DEBUG    aiosqlite:core.py:67 operation functools.partial(<built-in method cursor of sqlite3.Connection object at 0x000001E9693274C0>) completed
DEBUG    aiosqlite:core.py:62 executing functools.partial(<built-in method execute of sqlite3.Cursor object at 0x000001E96A477A40>, 'PRAGMA temp.table_info("agendamentos")', ())
DEBUG    aiosqlite:core.py:67 operation functools.partial(<built-in method execute of sqlite3.Cursor object at 0x000001E96A477A40>, 'PRAGMA temp.table_info("agendamentos")', ()) completed
DEBUG    aiosqlite:core.py:62 executing functools.partial(<built-in method fetchall of sqlite3.Cursor object at 0x000001E96A477A40>)
DEBUG    aiosqlite:core.py:67 operation functools.partial(<built-in method fetchall of sqlite3.Cursor object at 0x000001E96A477A40>) completed
DEBUG    aiosqlite:core.py:62 executing functools.partial(<built-in method close of sqlite3.Cursor object at 0x000001E96A477A40>)
DEBUG    aiosqlite:core.py:67 operation functools.partial(<built-in method close of sqlite3.Cursor object at 0x000001E96A477A40>) completed
DEBUG    aiosqlite:core.py:62 executing functools.partial(<built-in method cursor of sqlite3.Connection object at 0x000001E9693274C0>)
DEBUG    aiosqlite:core.py:67 operation functools.partial(<built-in method cursor of sqlite3.Connection object at 0x000001E9693274C0>) completed
DEBUG    aiosqlite:core.py:62 executing functools.partial(<built-in method execute of sqlite3.Cursor object at 0x000001E96A476F40>, 'PRAGMA main.table_info("propostas")', ())
DEBUG    aiosqlite:core.py:67 operation functools.partial(<built-in method execute of sqlite3.Cursor object at 0x000001E96A476F40>, 'PRAGMA main.table_info("propostas")', ()) completed
DEBUG    aiosqlite:core.py:62 executing functools.partial(<built-in method fetchall of sqlite3.Cursor object at 0x000001E96A476F40>)
DEBUG    aiosqlite:core.py:67 operation functools.partial(<built-in method fetchall of sqlite3.Cursor object at 0x000001E96A476F40>) completed
DEBUG    aiosqlite:core.py:62 executing functools.partial(<built-in method close of sqlite3.Cursor object at 0x000001E96A476F40>)
DEBUG    aiosqlite:core.py:67 operation functools.partial(<built-in method close of sqlite3.Cursor object at 0x000001E96A476F40>) completed
DEBUG    aiosqlite:core.py:62 executing functools.partial(<built-in method cursor of sqlite3.Connection object at 0x000001E9693274C0>)
DEBUG    aiosqlite:core.py:67 operation functools.partial(<built-in method cursor of sqlite3.Connection object at 0x000001E9693274C0>) completed
DEBUG    aiosqlite:core.py:62 executing functools.partial(<built-in method execute of sqlite3.Cursor object at 0x000001E96A477CC0>, 'PRAGMA temp.table_info("propostas")', ())
DEBUG    aiosqlite:core.py:67 operation functools.partial(<built-in method execute of sqlite3.Cursor object at 0x000001E96A477CC0>, 'PRAGMA temp.table_info("propostas")', ()) completed
DEBUG    aiosqlite:core.py:62 executing functools.partial(<built-in method fetchall of sqlite3.Cursor object at 0x000001E96A477CC0>)
DEBUG    aiosqlite:core.py:67 operation functools.partial(<built-in method fetchall of sqlite3.Cursor object at 0x000001E96A477CC0>) completed
DEBUG    aiosqlite:core.py:62 executing functools.partial(<built-in method close of sqlite3.Cursor object at 0x000001E96A477CC0>)
DEBUG    aiosqlite:core.py:67 operation functools.partial(<built-in method close of sqlite3.Cursor object at 0x000001E96A477CC0>) completed
DEBUG    aiosqlite:core.py:62 executing functools.partial(<built-in method cursor of sqlite3.Connection object at 0x000001E9693274C0>)
DEBUG    aiosqlite:core.py:67 operation functools.partial(<built-in method cursor of sqlite3.Connection object at 0x000001E9693274C0>) completed
DEBUG    aiosqlite:core.py:62 executing functools.partial(<built-in method execute of sqlite3.Cursor object at 0x000001E96A477E40>, 'PRAGMA main.table_info("suitcase_items")', ())
DEBUG    aiosqlite:core.py:67 operation functools.partial(<built-in method execute of sqlite3.Cursor object at 0x000001E96A477E40>, 'PRAGMA main.table_info("suitcase_items")', ()) completed
DEBUG    aiosqlite:core.py:62 executing functools.partial(<built-in method fetchall of sqlite3.Cursor object at 0x000001E96A477E40>)
DEBUG    aiosqlite:core.py:67 operation functools.partial(<built-in method fetchall of sqlite3.Cursor object at 0x000001E96A477E40>) completed
DEBUG    aiosqlite:core.py:62 executing functools.partial(<built-in method close of sqlite3.Cursor object at 0x000001E96A477E40>)
DEBUG    aiosqlite:core.py:67 operation functools.partial(<built-in method close of sqlite3.Cursor object at 0x000001E96A477E40>) completed
DEBUG    aiosqlite:core.py:62 executing functools.partial(<built-in method cursor of sqlite3.Connection object at 0x000001E9693274C0>)
DEBUG    aiosqlite:core.py:67 operation functools.partial(<built-in method cursor of sqlite3.Connection object at 0x000001E9693274C0>) completed
DEBUG    aiosqlite:core.py:62 executing functools.partial(<built-in method execute of sqlite3.Cursor object at 0x000001E96A477DC0>, 'PRAGMA temp.table_info("suitcase_items")', ())
DEBUG    aiosqlite:core.py:67 operation functools.partial(<built-in method execute of sqlite3.Cursor object at 0x000001E96A477DC0>, 'PRAGMA temp.table_info("suitcase_items")', ()) completed
DEBUG    aiosqlite:core.py:62 executing functools.partial(<built-in method fetchall of sqlite3.Cursor object at 0x000001E96A477DC0>)
DEBUG    aiosqlite:core.py:67 operation functools.partial(<built-in method fetchall of sqlite3.Cursor object at 0x000001E96A477DC0>) completed
DEBUG    aiosqlite:core.py:62 executing functools.partial(<built-in method close of sqlite3.Cursor object at 0x000001E96A477DC0>)
DEBUG    aiosqlite:core.py:67 operation functools.partial(<built-in method close of sqlite3.Cursor object at 0x000001E96A477DC0>) completed
DEBUG    aiosqlite:core.py:62 executing functools.partial(<built-in method cursor of sqlite3.Connection object at 0x000001E9693274C0>)
DEBUG    aiosqlite:core.py:67 operation functools.partial(<built-in method cursor of sqlite3.Connection object at 0x000001E9693274C0>) completed
DEBUG    aiosqlite:core.py:62 executing functools.partial(<built-in method execute of sqlite3.Cursor object at 0x000001E96A477EC0>, 'PRAGMA main.table_info("suitcase_suggestions")', ())
DEBUG    aiosqlite:core.py:67 operation functools.partial(<built-in method execute of sqlite3.Cursor object at 0x000001E96A477EC0>, 'PRAGMA main.table_info("suitcase_suggestions")', ()) completed
DEBUG    aiosqlite:core.py:62 executing functools.partial(<built-in method fetchall of sqlite3.Cursor object at 0x000001E96A477EC0>)
DEBUG    aiosqlite:core.py:67 operation functools.partial(<built-in method fetchall of sqlite3.Cursor object at 0x000001E96A477EC0>) completed
DEBUG    aiosqlite:core.py:62 executing functools.partial(<built-in method close of sqlite3.Cursor object at 0x000001E96A477EC0>)
DEBUG    aiosqlite:core.py:67 operation functools.partial(<built-in method close of sqlite3.Cursor object at 0x000001E96A477EC0>) completed
DEBUG    aiosqlite:core.py:62 executing functools.partial(<built-in method cursor of sqlite3.Connection object at 0x000001E9693274C0>)
DEBUG    aiosqlite:core.py:67 operation functools.partial(<built-in method cursor of sqlite3.Connection object at 0x000001E9693274C0>) completed
DEBUG    aiosqlite:core.py:62 executing functools.partial(<built-in method execute of sqlite3.Cursor object at 0x000001E96A477B40>, 'PRAGMA temp.table_info("suitcase_suggestions")', ())
DEBUG    aiosqlite:core.py:67 operation functools.partial(<built-in method execute of sqlite3.Cursor object at 0x000001E96A477B40>, 'PRAGMA temp.table_info("suitcase_suggestions")', ()) completed
DEBUG    aiosqlite:core.py:62 executing functools.partial(<built-in method fetchall of sqlite3.Cursor object at 0x000001E96A477B40>)
DEBUG    aiosqlite:core.py:67 operation functools.partial(<built-in method fetchall of sqlite3.Cursor object at 0x000001E96A477B40>) completed
DEBUG    aiosqlite:core.py:62 executing functools.partial(<built-in method close of sqlite3.Cursor object at 0x000001E96A477B40>)
DEBUG    aiosqlite:core.py:67 operation functools.partial(<built-in method close of sqlite3.Cursor object at 0x000001E96A477B40>) completed
DEBUG    aiosqlite:core.py:62 executing functools.partial(<built-in method cursor of sqlite3.Connection object at 0x000001E9693274C0>)
DEBUG    aiosqlite:core.py:67 operation functools.partial(<built-in method cursor of sqlite3.Connection object at 0x000001E9693274C0>) completed
DEBUG    aiosqlite:core.py:62 executing functools.partial(<built-in method execute of sqlite3.Cursor object at 0x000001E96A38AC40>, 'PRAGMA main.table_info("travel_diary_entries")', ())
DEBUG    aiosqlite:core.py:67 operation functools.partial(<built-in method execute of sqlite3.Cursor object at 0x000001E96A38AC40>, 'PRAGMA main.table_info("travel_diary_entries")', ()) completed
DEBUG    aiosqlite:core.py:62 executing functools.partial(<built-in method fetchall of sqlite3.Cursor object at 0x000001E96A38AC40>)
DEBUG    aiosqlite:core.py:67 operation functools.partial(<built-in method fetchall of sqlite3.Cursor object at 0x000001E96A38AC40>) completed
DEBUG    aiosqlite:core.py:62 executing functools.partial(<built-in method close of sqlite3.Cursor object at 0x000001E96A38AC40>)
DEBUG    aiosqlite:core.py:67 operation functools.partial(<built-in method close of sqlite3.Cursor object at 0x000001E96A38AC40>) completed
DEBUG    aiosqlite:core.py:62 executing functools.partial(<built-in method cursor of sqlite3.Connection object at 0x000001E9693274C0>)
DEBUG    aiosqlite:core.py:67 operation functools.partial(<built-in method cursor of sqlite3.Connection object at 0x000001E9693274C0>) completed
DEBUG    aiosqlite:core.py:62 executing functools.partial(<built-in method execute of sqlite3.Cursor object at 0x000001E96A38AEC0>, 'PRAGMA temp.table_info("travel_diary_entries")', ())
DEBUG    aiosqlite:core.py:67 operation functools.partial(<built-in method execute of sqlite3.Cursor object at 0x000001E96A38AEC0>, 'PRAGMA temp.table_info("travel_diary_entries")', ()) completed
DEBUG    aiosqlite:core.py:62 executing functools.partial(<built-in method fetchall of sqlite3.Cursor object at 0x000001E96A38AEC0>)
DEBUG    aiosqlite:core.py:67 operation functools.partial(<built-in method fetchall of sqlite3.Cursor object at 0x000001E96A38AEC0>) completed
DEBUG    aiosqlite:core.py:62 executing functools.partial(<built-in method close of sqlite3.Cursor object at 0x000001E96A38AEC0>)
DEBUG    aiosqlite:core.py:67 operation functools.partial(<built-in method close of sqlite3.Cursor object at 0x000001E96A38AEC0>) completed
DEBUG    aiosqlite:core.py:62 executing functools.partial(<built-in method cursor of sqlite3.Connection object at 0x000001E9693274C0>)
DEBUG    aiosqlite:core.py:67 operation functools.partial(<built-in method cursor of sqlite3.Connection object at 0x000001E9693274C0>) completed
DEBUG    aiosqlite:core.py:62 executing functools.partial(<built-in method execute of sqlite3.Cursor object at 0x000001E96A388240>, 'PRAGMA main.table_info("documentos")', ())
DEBUG    aiosqlite:core.py:67 operation functools.partial(<built-in method execute of sqlite3.Cursor object at 0x000001E96A388240>, 'PRAGMA main.table_info("documentos")', ()) completed
DEBUG    aiosqlite:core.py:62 executing functools.partial(<built-in method fetchall of sqlite3.Cursor object at 0x000001E96A388240>)
DEBUG    aiosqlite:core.py:67 operation functools.partial(<built-in method fetchall of sqlite3.Cursor object at 0x000001E96A388240>) completed
DEBUG    aiosqlite:core.py:62 executing functools.partial(<built-in method close of sqlite3.Cursor object at 0x000001E96A388240>)
DEBUG    aiosqlite:core.py:67 operation functools.partial(<built-in method close of sqlite3.Cursor object at 0x000001E96A388240>) completed
DEBUG    aiosqlite:core.py:62 executing functools.partial(<built-in method cursor of sqlite3.Connection object at 0x000001E9693274C0>)
DEBUG    aiosqlite:core.py:67 operation functools.partial(<built-in method cursor of sqlite3.Connection object at 0x000001E9693274C0>) completed
DEBUG    aiosqlite:core.py:62 executing functools.partial(<built-in method execute of sqlite3.Cursor object at 0x000001E96A3880C0>, 'PRAGMA temp.table_info("documentos")', ())
DEBUG    aiosqlite:core.py:67 operation functools.partial(<built-in method execute of sqlite3.Cursor object at 0x000001E96A3880C0>, 'PRAGMA temp.table_info("documentos")', ()) completed
DEBUG    aiosqlite:core.py:62 executing functools.partial(<built-in method fetchall of sqlite3.Cursor object at 0x000001E96A3880C0>)
DEBUG    aiosqlite:core.py:67 operation functools.partial(<built-in method fetchall of sqlite3.Cursor object at 0x000001E96A3880C0>) completed
DEBUG    aiosqlite:core.py:62 executing functools.partial(<built-in method close of sqlite3.Cursor object at 0x000001E96A3880C0>)
DEBUG    aiosqlite:core.py:67 operation functools.partial(<built-in method close of sqlite3.Cursor object at 0x000001E96A3880C0>) completed
DEBUG    aiosqlite:core.py:62 executing functools.partial(<built-in method cursor of sqlite3.Connection object at 0x000001E9693274C0>)
DEBUG    aiosqlite:core.py:67 operation functools.partial(<built-in method cursor of sqlite3.Connection object at 0x000001E9693274C0>) completed
DEBUG    aiosqlite:core.py:62 executing functools.partial(<built-in method execute of sqlite3.Cursor object at 0x000001E96A388340>, 'PRAGMA main.table_info("notification_queue")', ())
DEBUG    aiosqlite:core.py:67 operation functools.partial(<built-in method execute of sqlite3.Cursor object at 0x000001E96A388340>, 'PRAGMA main.table_info("notification_queue")', ()) completed
DEBUG    aiosqlite:core.py:62 executing functools.partial(<built-in method fetchall of sqlite3.Cursor object at 0x000001E96A388340>)
DEBUG    aiosqlite:core.py:67 operation functools.partial(<built-in method fetchall of sqlite3.Cursor object at 0x000001E96A388340>) completed
DEBUG    aiosqlite:core.py:62 executing functools.partial(<built-in method close of sqlite3.Cursor object at 0x000001E96A388340>)
DEBUG    aiosqlite:core.py:67 operation functools.partial(<built-in method close of sqlite3.Cursor object at 0x000001E96A388340>) completed
DEBUG    aiosqlite:core.py:62 executing functools.partial(<built-in method cursor of sqlite3.Connection object at 0x000001E9693274C0>)
DEBUG    aiosqlite:core.py:67 operation functools.partial(<built-in method cursor of sqlite3.Connection object at 0x000001E9693274C0>) completed
DEBUG    aiosqlite:core.py:62 executing functools.partial(<built-in method execute of sqlite3.Cursor object at 0x000001E96A3881C0>, 'PRAGMA temp.table_info("notification_queue")', ())
DEBUG    aiosqlite:core.py:67 operation functools.partial(<built-in method execute of sqlite3.Cursor object at 0x000001E96A3881C0>, 'PRAGMA temp.table_info("notification_queue")', ()) completed
DEBUG    aiosqlite:core.py:62 executing functools.partial(<built-in method fetchall of sqlite3.Cursor object at 0x000001E96A3881C0>)
DEBUG    aiosqlite:core.py:67 operation functools.partial(<built-in method fetchall of sqlite3.Cursor object at 0x000001E96A3881C0>) completed
DEBUG    aiosqlite:core.py:62 executing functools.partial(<built-in method close of sqlite3.Cursor object at 0x000001E96A3881C0>)
DEBUG    aiosqlite:core.py:67 operation functools.partial(<built-in method close of sqlite3.Cursor object at 0x000001E96A3881C0>) completed
DEBUG    aiosqlite:core.py:62 executing functools.partial(<built-in method cursor of sqlite3.Connection object at 0x000001E9693274C0>)
DEBUG    aiosqlite:core.py:67 operation functools.partial(<built-in method cursor of sqlite3.Connection object at 0x000001E9693274C0>) completed
DEBUG    aiosqlite:core.py:62 executing functools.partial(<built-in method execute of sqlite3.Cursor object at 0x000001E96A3882C0>, 'PRAGMA main.table_info("dead_letter_queue")', ())
DEBUG    aiosqlite:core.py:67 operation functools.partial(<built-in method execute of sqlite3.Cursor object at 0x000001E96A3882C0>, 'PRAGMA main.table_info("dead_letter_queue")', ()) completed
DEBUG    aiosqlite:core.py:62 executing functools.partial(<built-in method fetchall of sqlite3.Cursor object at 0x000001E96A3882C0>)
DEBUG    aiosqlite:core.py:67 operation functools.partial(<built-in method fetchall of sqlite3.Cursor object at 0x000001E96A3882C0>) completed
DEBUG    aiosqlite:core.py:62 executing functools.partial(<built-in method close of sqlite3.Cursor object at 0x000001E96A3882C0>)
DEBUG    aiosqlite:core.py:67 operation functools.partial(<built-in method close of sqlite3.Cursor object at 0x000001E96A3882C0>) completed
DEBUG    aiosqlite:core.py:62 executing functools.partial(<built-in method cursor of sqlite3.Connection object at 0x000001E9693274C0>)
DEBUG    aiosqlite:core.py:67 operation functools.partial(<built-in method cursor of sqlite3.Connection object at 0x000001E9693274C0>) completed
DEBUG    aiosqlite:core.py:62 executing functools.partial(<built-in method execute of sqlite3.Cursor object at 0x000001E96A38ADC0>, 'PRAGMA temp.table_info("dead_letter_queue")', ())
DEBUG    aiosqlite:core.py:67 operation functools.partial(<built-in method execute of sqlite3.Cursor object at 0x000001E96A38ADC0>, 'PRAGMA temp.table_info("dead_letter_queue")', ()) completed
DEBUG    aiosqlite:core.py:62 executing functools.partial(<built-in method fetchall of sqlite3.Cursor object at 0x000001E96A38ADC0>)
DEBUG    aiosqlite:core.py:67 operation functools.partial(<built-in method fetchall of sqlite3.Cursor object at 0x000001E96A38ADC0>) completed
DEBUG    aiosqlite:core.py:62 executing functools.partial(<built-in method close of sqlite3.Cursor object at 0x000001E96A38ADC0>)
DEBUG    aiosqlite:core.py:67 operation functools.partial(<built-in method close of sqlite3.Cursor object at 0x000001E96A38ADC0>) completed
DEBUG    aiosqlite:core.py:62 executing functools.partial(<built-in method cursor of sqlite3.Connection object at 0x000001E9693274C0>)
DEBUG    aiosqlite:core.py:67 operation functools.partial(<built-in method cursor of sqlite3.Connection object at 0x000001E9693274C0>) completed
DEBUG    aiosqlite:core.py:62 executing functools.partial(<built-in method execute of sqlite3.Cursor object at 0x000001E96A3883C0>, 'PRAGMA main.table_info("offers")', ())
DEBUG    aiosqlite:core.py:67 operation functools.partial(<built-in method execute of sqlite3.Cursor object at 0x000001E96A3883C0>, 'PRAGMA main.table_info("offers")', ()) completed
DEBUG    aiosqlite:core.py:62 executing functools.partial(<built-in method fetchall of sqlite3.Cursor object at 0x000001E96A3883C0>)
DEBUG    aiosqlite:core.py:67 operation functools.partial(<built-in method fetchall of sqlite3.Cursor object at 0x000001E96A3883C0>) completed
DEBUG    aiosqlite:core.py:62 executing functools.partial(<built-in method close of sqlite3.Cursor object at 0x000001E96A3883C0>)
DEBUG    aiosqlite:core.py:67 operation functools.partial(<built-in method close of sqlite3.Cursor object at 0x000001E96A3883C0>) completed
DEBUG    aiosqlite:core.py:62 executing functools.partial(<built-in method cursor of sqlite3.Connection object at 0x000001E9693274C0>)
DEBUG    aiosqlite:core.py:67 operation functools.partial(<built-in method cursor of sqlite3.Connection object at 0x000001E9693274C0>) completed
DEBUG    aiosqlite:core.py:62 executing functools.partial(<built-in method execute of sqlite3.Cursor object at 0x000001E96A3884C0>, 'PRAGMA temp.table_info("offers")', ())
DEBUG    aiosqlite:core.py:67 operation functools.partial(<built-in method execute of sqlite3.Cursor object at 0x000001E96A3884C0>, 'PRAGMA temp.table_info("offers")', ()) completed
DEBUG    aiosqlite:core.py:62 executing functools.partial(<built-in method fetchall of sqlite3.Cursor object at 0x000001E96A3884C0>)
DEBUG    aiosqlite:core.py:67 operation functools.partial(<built-in method fetchall of sqlite3.Cursor object at 0x000001E96A3884C0>) completed
DEBUG    aiosqlite:core.py:62 executing functools.partial(<built-in method close of sqlite3.Cursor object at 0x000001E96A3884C0>)
DEBUG    aiosqlite:core.py:67 operation functools.partial(<built-in method close of sqlite3.Cursor object at 0x000001E96A3884C0>) completed
DEBUG    aiosqlite:core.py:62 executing functools.partial(<built-in method cursor of sqlite3.Connection object at 0x000001E9693274C0>)
DEBUG    aiosqlite:core.py:67 operation functools.partial(<built-in method cursor of sqlite3.Connection object at 0x000001E9693274C0>) completed
DEBUG    aiosqlite:core.py:62 executing functools.partial(<built-in method execute of sqlite3.Cursor object at 0x000001E96A388440>, 'PRAGMA main.table_info("aya_toggle_history")', ())
DEBUG    aiosqlite:core.py:67 operation functools.partial(<built-in method execute of sqlite3.Cursor object at 0x000001E96A388440>, 'PRAGMA main.table_info("aya_toggle_history")', ()) completed
DEBUG    aiosqlite:core.py:62 executing functools.partial(<built-in method fetchall of sqlite3.Cursor object at 0x000001E96A388440>)
DEBUG    aiosqlite:core.py:67 operation functools.partial(<built-in method fetchall of sqlite3.Cursor object at 0x000001E96A388440>) completed
DEBUG    aiosqlite:core.py:62 executing functools.partial(<built-in method close of sqlite3.Cursor object at 0x000001E96A388440>)
DEBUG    aiosqlite:core.py:67 operation functools.partial(<built-in method close of sqlite3.Cursor object at 0x000001E96A388440>) completed
DEBUG    aiosqlite:core.py:62 executing functools.partial(<built-in method cursor of sqlite3.Connection object at 0x000001E9693274C0>)
DEBUG    aiosqlite:core.py:67 operation functools.partial(<built-in method cursor of sqlite3.Connection object at 0x000001E9693274C0>) completed
DEBUG    aiosqlite:core.py:62 executing functools.partial(<built-in method execute of sqlite3.Cursor object at 0x000001E96A3885C0>, 'PRAGMA temp.table_info("aya_toggle_history")', ())
DEBUG    aiosqlite:core.py:67 operation functools.partial(<built-in method execute of sqlite3.Cursor object at 0x000001E96A3885C0>, 'PRAGMA temp.table_info("aya_toggle_history")', ()) completed
DEBUG    aiosqlite:core.py:62 executing functools.partial(<built-in method fetchall of sqlite3.Cursor object at 0x000001E96A3885C0>)
DEBUG    aiosqlite:core.py:67 operation functools.partial(<built-in method fetchall of sqlite3.Cursor object at 0x000001E96A3885C0>) completed
DEBUG    aiosqlite:core.py:62 executing functools.partial(<built-in method close of sqlite3.Cursor object at 0x000001E96A3885C0>)
DEBUG    aiosqlite:core.py:67 operation functools.partial(<built-in method close of sqlite3.Cursor object at 0x000001E96A3885C0>) completed
DEBUG    aiosqlite:core.py:62 executing functools.partial(<built-in method cursor of sqlite3.Connection object at 0x000001E9693274C0>)
DEBUG    aiosqlite:core.py:67 operation functools.partial(<built-in method cursor of sqlite3.Connection object at 0x000001E9693274C0>) completed
DEBUG    aiosqlite:core.py:62 executing functools.partial(<built-in method execute of sqlite3.Cursor object at 0x000001E96A388540>, 'PRAGMA main.table_info("conversation_summaries")', ())
DEBUG    aiosqlite:core.py:67 operation functools.partial(<built-in method execute of sqlite3.Cursor object at 0x000001E96A388540>, 'PRAGMA main.table_info("conversation_summaries")', ()) completed
DEBUG    aiosqlite:core.py:62 executing functools.partial(<built-in method fetchall of sqlite3.Cursor object at 0x000001E96A388540>)
DEBUG    aiosqlite:core.py:67 operation functools.partial(<built-in method fetchall of sqlite3.Cursor object at 0x000001E96A388540>) completed
DEBUG    aiosqlite:core.py:62 executing functools.partial(<built-in method close of sqlite3.Cursor object at 0x000001E96A388540>)
DEBUG    aiosqlite:core.py:67 operation functools.partial(<built-in method close of sqlite3.Cursor object at 0x000001E96A388540>) completed
DEBUG    aiosqlite:core.py:62 executing functools.partial(<built-in method cursor of sqlite3.Connection object at 0x000001E9693274C0>)
DEBUG    aiosqlite:core.py:67 operation functools.partial(<built-in method cursor of sqlite3.Connection object at 0x000001E9693274C0>) completed
DEBUG    aiosqlite:core.py:62 executing functools.partial(<built-in method execute of sqlite3.Cursor object at 0x000001E96A388640>, 'PRAGMA temp.table_info("conversation_summaries")', ())
DEBUG    aiosqlite:core.py:67 operation functools.partial(<built-in method execute of sqlite3.Cursor object at 0x000001E96A388640>, 'PRAGMA temp.table_info("conversation_summaries")', ()) completed
DEBUG    aiosqlite:core.py:62 executing functools.partial(<built-in method fetchall of sqlite3.Cursor object at 0x000001E96A388640>)
DEBUG    aiosqlite:core.py:67 operation functools.partial(<built-in method fetchall of sqlite3.Cursor object at 0x000001E96A388640>) completed
DEBUG    aiosqlite:core.py:62 executing functools.partial(<built-in method close of sqlite3.Cursor object at 0x000001E96A388640>)
DEBUG    aiosqlite:core.py:67 operation functools.partial(<built-in method close of sqlite3.Cursor object at 0x000001E96A388640>) completed
DEBUG    aiosqlite:core.py:62 executing functools.partial(<built-in method cursor of sqlite3.Connection object at 0x000001E9693274C0>)
DEBUG    aiosqlite:core.py:67 operation functools.partial(<built-in method cursor of sqlite3.Connection object at 0x000001E9693274C0>) completed
DEBUG    aiosqlite:core.py:62 executing functools.partial(<built-in method execute of sqlite3.Cursor object at 0x000001E96A388840>, 'PRAGMA main.table_info("travels")', ())
DEBUG    aiosqlite:core.py:67 operation functools.partial(<built-in method execute of sqlite3.Cursor object at 0x000001E96A388840>, 'PRAGMA main.table_info("travels")', ()) completed
DEBUG    aiosqlite:core.py:62 executing functools.partial(<built-in method fetchall of sqlite3.Cursor object at 0x000001E96A388840>)
DEBUG    aiosqlite:core.py:67 operation functools.partial(<built-in method fetchall of sqlite3.Cursor object at 0x000001E96A388840>) completed
DEBUG    aiosqlite:core.py:62 executing functools.partial(<built-in method close of sqlite3.Cursor object at 0x000001E96A388840>)
DEBUG    aiosqlite:core.py:67 operation functools.partial(<built-in method close of sqlite3.Cursor object at 0x000001E96A388840>) completed
DEBUG    aiosqlite:core.py:62 executing functools.partial(<built-in method cursor of sqlite3.Connection object at 0x000001E9693274C0>)
DEBUG    aiosqlite:core.py:67 operation functools.partial(<built-in method cursor of sqlite3.Connection object at 0x000001E9693274C0>) completed
DEBUG    aiosqlite:core.py:62 executing functools.partial(<built-in method execute of sqlite3.Cursor object at 0x000001E96A3887C0>, 'PRAGMA temp.table_info("travels")', ())
DEBUG    aiosqlite:core.py:67 operation functools.partial(<built-in method execute of sqlite3.Cursor object at 0x000001E96A3887C0>, 'PRAGMA temp.table_info("travels")', ()) completed
DEBUG    aiosqlite:core.py:62 executing functools.partial(<built-in method fetchall of sqlite3.Cursor object at 0x000001E96A3887C0>)
DEBUG    aiosqlite:core.py:67 operation functools.partial(<built-in method fetchall of sqlite3.Cursor object at 0x000001E96A3887C0>) completed
DEBUG    aiosqlite:core.py:62 executing functools.partial(<built-in method close of sqlite3.Cursor object at 0x000001E96A3887C0>)
DEBUG    aiosqlite:core.py:67 operation functools.partial(<built-in method close of sqlite3.Cursor object at 0x000001E96A3887C0>) completed
DEBUG    aiosqlite:core.py:62 executing functools.partial(<built-in method cursor of sqlite3.Connection object at 0x000001E9693274C0>)
DEBUG    aiosqlite:core.py:67 operation functools.partial(<built-in method cursor of sqlite3.Connection object at 0x000001E9693274C0>) completed
DEBUG    aiosqlite:core.py:62 executing functools.partial(<built-in method execute of sqlite3.Cursor object at 0x000001E96A3888C0>, 'PRAGMA main.table_info("itinerary_items")', ())
DEBUG    aiosqlite:core.py:67 operation functools.partial(<built-in method execute of sqlite3.Cursor object at 0x000001E96A3888C0>, 'PRAGMA main.table_info("itinerary_items")', ()) completed
DEBUG    aiosqlite:core.py:62 executing functools.partial(<built-in method fetchall of sqlite3.Cursor object at 0x000001E96A3888C0>)
DEBUG    aiosqlite:core.py:67 operation functools.partial(<built-in method fetchall of sqlite3.Cursor object at 0x000001E96A3888C0>) completed
DEBUG    aiosqlite:core.py:62 executing functools.partial(<built-in method close of sqlite3.Cursor object at 0x000001E96A3888C0>)
DEBUG    aiosqlite:core.py:67 operation functools.partial(<built-in method close of sqlite3.Cursor object at 0x000001E96A3888C0>) completed
DEBUG    aiosqlite:core.py:62 executing functools.partial(<built-in method cursor of sqlite3.Connection object at 0x000001E9693274C0>)
DEBUG    aiosqlite:core.py:67 operation functools.partial(<built-in method cursor of sqlite3.Connection object at 0x000001E9693274C0>) completed
DEBUG    aiosqlite:core.py:62 executing functools.partial(<built-in method execute of sqlite3.Cursor object at 0x000001E96A3889C0>, 'PRAGMA temp.table_info("itinerary_items")', ())
DEBUG    aiosqlite:core.py:67 operation functools.partial(<built-in method execute of sqlite3.Cursor object at 0x000001E96A3889C0>, 'PRAGMA temp.table_info("itinerary_items")', ()) completed
DEBUG    aiosqlite:core.py:62 executing functools.partial(<built-in method fetchall of sqlite3.Cursor object at 0x000001E96A3889C0>)
DEBUG    aiosqlite:core.py:67 operation functools.partial(<built-in method fetchall of sqlite3.Cursor object at 0x000001E96A3889C0>) completed
DEBUG    aiosqlite:core.py:62 executing functools.partial(<built-in method close of sqlite3.Cursor object at 0x000001E96A3889C0>)
DEBUG    aiosqlite:core.py:67 operation functools.partial(<built-in method close of sqlite3.Cursor object at 0x000001E96A3889C0>) completed
DEBUG    aiosqlite:core.py:62 executing functools.partial(<built-in method cursor of sqlite3.Connection object at 0x000001E9693274C0>)
DEBUG    aiosqlite:core.py:67 operation functools.partial(<built-in method cursor of sqlite3.Connection object at 0x000001E9693274C0>) completed
DEBUG    aiosqlite:core.py:62 executing functools.partial(<built-in method execute of sqlite3.Cursor object at 0x000001E96A388940>, 'PRAGMA main.table_info("travel_checkpoints")', ())
DEBUG    aiosqlite:core.py:67 operation functools.partial(<built-in method execute of sqlite3.Cursor object at 0x000001E96A388940>, 'PRAGMA main.table_info("travel_checkpoints")', ()) completed
DEBUG    aiosqlite:core.py:62 executing functools.partial(<built-in method fetchall of sqlite3.Cursor object at 0x000001E96A388940>)
DEBUG    aiosqlite:core.py:67 operation functools.partial(<built-in method fetchall of sqlite3.Cursor object at 0x000001E96A388940>) completed
DEBUG    aiosqlite:core.py:62 executing functools.partial(<built-in method close of sqlite3.Cursor object at 0x000001E96A388940>)
DEBUG    aiosqlite:core.py:67 operation functools.partial(<built-in method close of sqlite3.Cursor object at 0x000001E96A388940>) completed
DEBUG    aiosqlite:core.py:62 executing functools.partial(<built-in method cursor of sqlite3.Connection object at 0x000001E9693274C0>)
DEBUG    aiosqlite:core.py:67 operation functools.partial(<built-in method cursor of sqlite3.Connection object at 0x000001E9693274C0>) completed
DEBUG    aiosqlite:core.py:62 executing functools.partial(<built-in method execute of sqlite3.Cursor object at 0x000001E96A388040>, 'PRAGMA temp.table_info("travel_checkpoints")', ())
DEBUG    aiosqlite:core.py:67 operation functools.partial(<built-in method execute of sqlite3.Cursor object at 0x000001E96A388040>, 'PRAGMA temp.table_info("travel_checkpoints")', ()) completed
DEBUG    aiosqlite:core.py:62 executing functools.partial(<built-in method fetchall of sqlite3.Cursor object at 0x000001E96A388040>)
DEBUG    aiosqlite:core.py:67 operation functools.partial(<built-in method fetchall of sqlite3.Cursor object at 0x000001E96A388040>) completed
DEBUG    aiosqlite:core.py:62 executing functools.partial(<built-in method close of sqlite3.Cursor object at 0x000001E96A388040>)
DEBUG    aiosqlite:core.py:67 operation functools.partial(<built-in method close of sqlite3.Cursor object at 0x000001E96A388040>) completed
DEBUG    aiosqlite:core.py:62 executing functools.partial(<built-in method cursor of sqlite3.Connection object at 0x000001E9693274C0>)
DEBUG    aiosqlite:core.py:67 operation functools.partial(<built-in method cursor of sqlite3.Connection object at 0x000001E9693274C0>) completed
DEBUG    aiosqlite:core.py:62 executing functools.partial(<built-in method execute of sqlite3.Cursor object at 0x000001E96A388AC0>, 'PRAGMA main.table_info("lead_offers")', ())
DEBUG    aiosqlite:core.py:67 operation functools.partial(<built-in method execute of sqlite3.Cursor object at 0x000001E96A388AC0>, 'PRAGMA main.table_info("lead_offers")', ()) completed
DEBUG    aiosqlite:core.py:62 executing functools.partial(<built-in method fetchall of sqlite3.Cursor object at 0x000001E96A388AC0>)
DEBUG    aiosqlite:core.py:67 operation functools.partial(<built-in method fetchall of sqlite3.Cursor object at 0x000001E96A388AC0>) completed
DEBUG    aiosqlite:core.py:62 executing functools.partial(<built-in method close of sqlite3.Cursor object at 0x000001E96A388AC0>)
DEBUG    aiosqlite:core.py:67 operation functools.partial(<built-in method close of sqlite3.Cursor object at 0x000001E96A388AC0>) completed
DEBUG    aiosqlite:core.py:62 executing functools.partial(<built-in method cursor of sqlite3.Connection object at 0x000001E9693274C0>)
DEBUG    aiosqlite:core.py:67 operation functools.partial(<built-in method cursor of sqlite3.Connection object at 0x000001E9693274C0>) completed
DEBUG    aiosqlite:core.py:62 executing functools.partial(<built-in method execute of sqlite3.Cursor object at 0x000001E96A3886C0>, 'PRAGMA temp.table_info("lead_offers")', ())
DEBUG    aiosqlite:core.py:67 operation functools.partial(<built-in method execute of sqlite3.Cursor object at 0x000001E96A3886C0>, 'PRAGMA temp.table_info("lead_offers")', ()) completed
DEBUG    aiosqlite:core.py:62 executing functools.partial(<built-in method fetchall of sqlite3.Cursor object at 0x000001E96A3886C0>)
DEBUG    aiosqlite:core.py:67 operation functools.partial(<built-in method fetchall of sqlite3.Cursor object at 0x000001E96A3886C0>) completed
DEBUG    aiosqlite:core.py:62 executing functools.partial(<built-in method close of sqlite3.Cursor object at 0x000001E96A3886C0>)
DEBUG    aiosqlite:core.py:67 operation functools.partial(<built-in method close of sqlite3.Cursor object at 0x000001E96A3886C0>) completed
DEBUG    aiosqlite:core.py:62 executing functools.partial(<built-in method cursor of sqlite3.Connection object at 0x000001E9693274C0>)
DEBUG    aiosqlite:core.py:67 operation functools.partial(<built-in method cursor of sqlite3.Connection object at 0x000001E9693274C0>) completed
DEBUG    aiosqlite:core.py:62 executing functools.partial(<built-in method execute of sqlite3.Cursor object at 0x000001E96A3890C0>, '\nCREATE TABLE suitcase_suggestions (\n\tid INTEGER NOT NULL, \n\ttipo_destino VARCHAR(8) NOT NULL, \n\tcategoria VARCHAR(11) NOT NULL, \n\tnome VARCHAR(255) NOT NULL, \n\tquantidade_sugerida INTEGER NOT NULL, \n\tdescricao VARCHAR(512), \n\tPRIMARY KEY (id)\n)\n\n', ())
DEBUG    aiosqlite:core.py:67 operation functools.partial(<built-in method execute of sqlite3.Cursor object at 0x000001E96A3890C0>, '\nCREATE TABLE suitcase_suggestions (\n\tid INTEGER NOT NULL, \n\ttipo_destino VARCHAR(8) NOT NULL, \n\tcategoria VARCHAR(11) NOT NULL, \n\tnome VARCHAR(255) NOT NULL, \n\tquantidade_sugerida INTEGER NOT NULL, \n\tdescricao VARCHAR(512), \n\tPRIMARY KEY (id)\n)\n\n', ()) completed
DEBUG    aiosqlite:core.py:62 executing functools.partial(<built-in method close of sqlite3.Cursor object at 0x000001E96A3890C0>)
DEBUG    aiosqlite:core.py:67 operation functools.partial(<built-in method close of sqlite3.Cursor object at 0x000001E96A3890C0>) completed
DEBUG    aiosqlite:core.py:62 executing functools.partial(<built-in method cursor of sqlite3.Connection object at 0x000001E9693274C0>)
DEBUG    aiosqlite:core.py:67 operation functools.partial(<built-in method cursor of sqlite3.Connection object at 0x000001E9693274C0>) completed
DEBUG    aiosqlite:core.py:62 executing functools.partial(<built-in method execute of sqlite3.Cursor object at 0x000001E96A389840>, 'CREATE INDEX ix_suitcase_suggestions_tipo_destino ON suitcase_suggestions (tipo_destino)', ())
DEBUG    aiosqlite:core.py:67 operation functools.partial(<built-in method execute of sqlite3.Cursor object at 0x000001E96A389840>, 'CREATE INDEX ix_suitcase_suggestions_tipo_destino ON suitcase_suggestions (tipo_destino)', ()) completed
DEBUG    aiosqlite:core.py:62 executing functools.partial(<built-in method close of sqlite3.Cursor object at 0x000001E96A389840>)
DEBUG    aiosqlite:core.py:67 operation functools.partial(<built-in method close of sqlite3.Cursor object at 0x000001E96A389840>) completed
DEBUG    aiosqlite:core.py:62 executing functools.partial(<built-in method cursor of sqlite3.Connection object at 0x000001E9693274C0>)
DEBUG    aiosqlite:core.py:67 operation functools.partial(<built-in method cursor of sqlite3.Connection object at 0x000001E9693274C0>) completed
DEBUG    aiosqlite:core.py:62 executing functools.partial(<built-in method execute of sqlite3.Cursor object at 0x000001E96A388CC0>, "\nCREATE TABLE offers (\n\tid UUID NOT NULL, \n\tagency_id UUID NOT NULL, \n\ttitle VARCHAR(255) NOT NULL, \n\tdescription TEXT NOT NULL, \n\tdestination VARCHAR(255) NOT NULL, \n\tdestination_image_url VARCHAR(500), \n\tdeparture_date DATETIME NOT NULL, \n\treturn_date DATETIME NOT NULL, \n\tbooking_deadline DATETIME NOT NULL, \n\tduration_days INTEGER NOT NULL, \n\taccommodations JSON NOT NULL, \n\tincluded_services JSON NOT NULL, \n\ttravelers INTEGER NOT NULL, \n\tavailable_spots INTEGER NOT NULL, \n\tspots_reserved INTEGER NOT NULL, \n\tbase_price NUMERIC(12, 2) NOT NULL, \n\tcurrency VARCHAR(3) NOT NULL, \n\tdiscounts JSON, \n\tfinal_price NUMERIC(12, 2) NOT NULL, \n\thighlights JSON NOT NULL, \n\tamenities JSON NOT NULL, \n\tstatus VARCHAR(9) NOT NULL, \n\tviews INTEGER NOT NULL, \n\tinterests INTEGER NOT NULL, \n\tconversions INTEGER NOT NULL, \n\tcreated_at DATETIME DEFAULT CURRENT_TIMESTAMP NOT NULL, \n\tupdated_at DATETIME DEFAULT CURRENT_TIMESTAMP NOT NULL, \n\tpublished_at DATETIME, \n\tis_deleted BOOLEAN DEFAULT 'false' NOT NULL, \n\tPRIMARY KEY (id), \n\tFOREIGN KEY(agency_id) REFERENCES users (id)\n)\n\n", ())
DEBUG    aiosqlite:core.py:67 operation functools.partial(<built-in method execute of sqlite3.Cursor object at 0x000001E96A388CC0>, "\nCREATE TABLE offers (\n\tid UUID NOT NULL, \n\tagency_id UUID NOT NULL, \n\ttitle VARCHAR(255) NOT NULL, \n\tdescription TEXT NOT NULL, \n\tdestination VARCHAR(255) NOT NULL, \n\tdestination_image_url VARCHAR(500), \n\tdeparture_date DATETIME NOT NULL, \n\treturn_date DATETIME NOT NULL, \n\tbooking_deadline DATETIME NOT NULL, \n\tduration_days INTEGER NOT NULL, \n\taccommodations JSON NOT NULL, \n\tincluded_services JSON NOT NULL, \n\ttravelers INTEGER NOT NULL, \n\tavailable_spots INTEGER NOT NULL, \n\tspots_reserved INTEGER NOT NULL, \n\tbase_price NUMERIC(12, 2) NOT NULL, \n\tcurrency VARCHAR(3) NOT NULL, \n\tdiscounts JSON, \n\tfinal_price NUMERIC(12, 2) NOT NULL, \n\thighlights JSON NOT NULL, \n\tamenities JSON NOT NULL, \n\tstatus VARCHAR(9) NOT NULL, \n\tviews INTEGER NOT NULL, \n\tinterests INTEGER NOT NULL, \n\tconversions INTEGER NOT NULL, \n\tcreated_at DATETIME DEFAULT CURRENT_TIMESTAMP NOT NULL, \n\tupdated_at DATETIME DEFAULT CURRENT_TIMESTAMP NOT NULL, \n\tpublished_at DATETIME, \n\tis_deleted BOOLEAN DEFAULT 'false' NOT NULL, \n\tPRIMARY KEY (id), \n\tFOREIGN KEY(agency_id) REFERENCES users (id)\n)\n\n", ()) completed
DEBUG    aiosqlite:core.py:62 executing functools.partial(<built-in method close of sqlite3.Cursor object at 0x000001E96A388CC0>)
DEBUG    aiosqlite:core.py:67 operation functools.partial(<built-in method close of sqlite3.Cursor object at 0x000001E96A388CC0>) completed
DEBUG    aiosqlite:core.py:62 executing functools.partial(<built-in method cursor of sqlite3.Connection object at 0x000001E9693274C0>)
DEBUG    aiosqlite:core.py:67 operation functools.partial(<built-in method cursor of sqlite3.Connection object at 0x000001E9693274C0>) completed
DEBUG    aiosqlite:core.py:62 executing functools.partial(<built-in method execute of sqlite3.Cursor object at 0x000001E96A388E40>, 'CREATE INDEX ix_offers_booking_deadline ON offers (booking_deadline)', ())
DEBUG    aiosqlite:core.py:67 operation functools.partial(<built-in method execute of sqlite3.Cursor object at 0x000001E96A388E40>, 'CREATE INDEX ix_offers_booking_deadline ON offers (booking_deadline)', ()) completed
DEBUG    aiosqlite:core.py:62 executing functools.partial(<built-in method close of sqlite3.Cursor object at 0x000001E96A388E40>)
DEBUG    aiosqlite:core.py:67 operation functools.partial(<built-in method close of sqlite3.Cursor object at 0x000001E96A388E40>) completed
DEBUG    aiosqlite:core.py:62 executing functools.partial(<built-in method cursor of sqlite3.Connection object at 0x000001E9693274C0>)
DEBUG    aiosqlite:core.py:67 operation functools.partial(<built-in method cursor of sqlite3.Connection object at 0x000001E9693274C0>) completed
DEBUG    aiosqlite:core.py:62 executing functools.partial(<built-in method execute of sqlite3.Cursor object at 0x000001E96A388EC0>, 'CREATE INDEX ix_offers_status ON offers (status)', ())
DEBUG    aiosqlite:core.py:67 operation functools.partial(<built-in method execute of sqlite3.Cursor object at 0x000001E96A388EC0>, 'CREATE INDEX ix_offers_status ON offers (status)', ()) completed
DEBUG    aiosqlite:core.py:62 executing functools.partial(<built-in method close of sqlite3.Cursor object at 0x000001E96A388EC0>)
DEBUG    aiosqlite:core.py:67 operation functools.partial(<built-in method close of sqlite3.Cursor object at 0x000001E96A388EC0>) completed
DEBUG    aiosqlite:core.py:62 executing functools.partial(<built-in method cursor of sqlite3.Connection object at 0x000001E9693274C0>)
DEBUG    aiosqlite:core.py:67 operation functools.partial(<built-in method cursor of sqlite3.Connection object at 0x000001E9693274C0>) completed
DEBUG    aiosqlite:core.py:62 executing functools.partial(<built-in method execute of sqlite3.Cursor object at 0x000001E96A3891C0>, 'CREATE INDEX ix_offers_departure_date ON offers (departure_date)', ())
DEBUG    aiosqlite:core.py:67 operation functools.partial(<built-in method execute of sqlite3.Cursor object at 0x000001E96A3891C0>, 'CREATE INDEX ix_offers_departure_date ON offers (departure_date)', ()) completed
DEBUG    aiosqlite:core.py:62 executing functools.partial(<built-in method close of sqlite3.Cursor object at 0x000001E96A3891C0>)
DEBUG    aiosqlite:core.py:67 operation functools.partial(<built-in method close of sqlite3.Cursor object at 0x000001E96A3891C0>) completed
DEBUG    aiosqlite:core.py:62 executing functools.partial(<built-in method cursor of sqlite3.Connection object at 0x000001E9693274C0>)
DEBUG    aiosqlite:core.py:67 operation functools.partial(<built-in method cursor of sqlite3.Connection object at 0x000001E9693274C0>) completed
DEBUG    aiosqlite:core.py:62 executing functools.partial(<built-in method execute of sqlite3.Cursor object at 0x000001E96A38A9C0>, 'CREATE INDEX ix_offers_destination ON offers (destination)', ())
DEBUG    aiosqlite:core.py:67 operation functools.partial(<built-in method execute of sqlite3.Cursor object at 0x000001E96A38A9C0>, 'CREATE INDEX ix_offers_destination ON offers (destination)', ()) completed
DEBUG    aiosqlite:core.py:62 executing functools.partial(<built-in method close of sqlite3.Cursor object at 0x000001E96A38A9C0>)
DEBUG    aiosqlite:core.py:67 operation functools.partial(<built-in method close of sqlite3.Cursor object at 0x000001E96A38A9C0>) completed
DEBUG    aiosqlite:core.py:62 executing functools.partial(<built-in method cursor of sqlite3.Connection object at 0x000001E9693274C0>)
DEBUG    aiosqlite:core.py:67 operation functools.partial(<built-in method cursor of sqlite3.Connection object at 0x000001E9693274C0>) completed
DEBUG    aiosqlite:core.py:62 executing functools.partial(<built-in method execute of sqlite3.Cursor object at 0x000001E96A35E840>, 'CREATE INDEX ix_offers_title ON offers (title)', ())
DEBUG    aiosqlite:core.py:67 operation functools.partial(<built-in method execute of sqlite3.Cursor object at 0x000001E96A35E840>, 'CREATE INDEX ix_offers_title ON offers (title)', ()) completed
DEBUG    aiosqlite:core.py:62 executing functools.partial(<built-in method close of sqlite3.Cursor object at 0x000001E96A35E840>)
DEBUG    aiosqlite:core.py:67 operation functools.partial(<built-in method close of sqlite3.Cursor object at 0x000001E96A35E840>) completed
DEBUG    aiosqlite:core.py:62 executing functools.partial(<built-in method cursor of sqlite3.Connection object at 0x000001E9693274C0>)
DEBUG    aiosqlite:core.py:67 operation functools.partial(<built-in method cursor of sqlite3.Connection object at 0x000001E9693274C0>) completed
DEBUG    aiosqlite:core.py:62 executing functools.partial(<built-in method execute of sqlite3.Cursor object at 0x000001E96A35EB40>, 'CREATE INDEX ix_offers_agency_id ON offers (agency_id)', ())
DEBUG    aiosqlite:core.py:67 operation functools.partial(<built-in method execute of sqlite3.Cursor object at 0x000001E96A35EB40>, 'CREATE INDEX ix_offers_agency_id ON offers (agency_id)', ()) completed
DEBUG    aiosqlite:core.py:62 executing functools.partial(<built-in method close of sqlite3.Cursor object at 0x000001E96A35EB40>)
DEBUG    aiosqlite:core.py:67 operation functools.partial(<built-in method close of sqlite3.Cursor object at 0x000001E96A35EB40>) completed
DEBUG    aiosqlite:core.py:62 executing functools.partial(<built-in method cursor of sqlite3.Connection object at 0x000001E9693274C0>)
DEBUG    aiosqlite:core.py:67 operation functools.partial(<built-in method cursor of sqlite3.Connection object at 0x000001E9693274C0>) completed
DEBUG    aiosqlite:core.py:62 executing functools.partial(<built-in method execute of sqlite3.Cursor object at 0x000001E96A35ECC0>, 'CREATE INDEX ix_offers_published_at ON offers (published_at)', ())
DEBUG    aiosqlite:core.py:67 operation functools.partial(<built-in method execute of sqlite3.Cursor object at 0x000001E96A35ECC0>, 'CREATE INDEX ix_offers_published_at ON offers (published_at)', ()) completed
DEBUG    aiosqlite:core.py:62 executing functools.partial(<built-in method close of sqlite3.Cursor object at 0x000001E96A35ECC0>)
DEBUG    aiosqlite:core.py:67 operation functools.partial(<built-in method close of sqlite3.Cursor object at 0x000001E96A35ECC0>) completed
DEBUG    aiosqlite:core.py:62 executing functools.partial(<built-in method cursor of sqlite3.Connection object at 0x000001E9693274C0>)
DEBUG    aiosqlite:core.py:67 operation functools.partial(<built-in method cursor of sqlite3.Connection object at 0x000001E9693274C0>) completed
DEBUG    aiosqlite:core.py:62 executing functools.partial(<built-in method execute of sqlite3.Cursor object at 0x000001E96A389440>, '\nCREATE TABLE travels (\n\tid UUID NOT NULL, \n\tuser_id UUID NOT NULL, \n\tdestination VARCHAR(255) NOT NULL, \n\tstart_date DATETIME NOT NULL, \n\tend_date DATETIME NOT NULL, \n\tstatus VARCHAR(20) NOT NULL, \n\timage_url VARCHAR(1024), \n\tdescription TEXT, \n\tcriado_em DATETIME DEFAULT CURRENT_TIMESTAMP NOT NULL, \n\tPRIMARY KEY (id), \n\tFOREIGN KEY(user_id) REFERENCES users (id) ON DELETE CASCADE\n)\n\n', ())
DEBUG    aiosqlite:core.py:67 operation functools.partial(<built-in method execute of sqlite3.Cursor object at 0x000001E96A389440>, '\nCREATE TABLE travels (\n\tid UUID NOT NULL, \n\tuser_id UUID NOT NULL, \n\tdestination VARCHAR(255) NOT NULL, \n\tstart_date DATETIME NOT NULL, \n\tend_date DATETIME NOT NULL, \n\tstatus VARCHAR(20) NOT NULL, \n\timage_url VARCHAR(1024), \n\tdescription TEXT, \n\tcriado_em DATETIME DEFAULT CURRENT_TIMESTAMP NOT NULL, \n\tPRIMARY KEY (id), \n\tFOREIGN KEY(user_id) REFERENCES users (id) ON DELETE CASCADE\n)\n\n', ()) completed
DEBUG    aiosqlite:core.py:62 executing functools.partial(<built-in method close of sqlite3.Cursor object at 0x000001E96A389440>)
DEBUG    aiosqlite:core.py:67 operation functools.partial(<built-in method close of sqlite3.Cursor object at 0x000001E96A389440>) completed
DEBUG    aiosqlite:core.py:62 executing functools.partial(<built-in method cursor of sqlite3.Connection object at 0x000001E9693274C0>)
DEBUG    aiosqlite:core.py:67 operation functools.partial(<built-in method cursor of sqlite3.Connection object at 0x000001E9693274C0>) completed
DEBUG    aiosqlite:core.py:62 executing functools.partial(<built-in method execute of sqlite3.Cursor object at 0x000001E96A388BC0>, 'CREATE INDEX ix_travels_user_id ON travels (user_id)', ())
DEBUG    aiosqlite:core.py:67 operation functools.partial(<built-in method execute of sqlite3.Cursor object at 0x000001E96A388BC0>, 'CREATE INDEX ix_travels_user_id ON travels (user_id)', ()) completed
DEBUG    aiosqlite:core.py:62 executing functools.partial(<built-in method close of sqlite3.Cursor object at 0x000001E96A388BC0>)
DEBUG    aiosqlite:core.py:67 operation functools.partial(<built-in method close of sqlite3.Cursor object at 0x000001E96A388BC0>) completed
DEBUG    aiosqlite:core.py:62 executing functools.partial(<built-in method cursor of sqlite3.Connection object at 0x000001E9693274C0>)
DEBUG    aiosqlite:core.py:67 operation functools.partial(<built-in method cursor of sqlite3.Connection object at 0x000001E9693274C0>) completed
DEBUG    aiosqlite:core.py:62 executing functools.partial(<built-in method execute of sqlite3.Cursor object at 0x000001E96A35F4C0>, 'CREATE INDEX ix_travels_status ON travels (status)', ())
DEBUG    aiosqlite:core.py:67 operation functools.partial(<built-in method execute of sqlite3.Cursor object at 0x000001E96A35F4C0>, 'CREATE INDEX ix_travels_status ON travels (status)', ()) completed
DEBUG    aiosqlite:core.py:62 executing functools.partial(<built-in method close of sqlite3.Cursor object at 0x000001E96A35F4C0>)
DEBUG    aiosqlite:core.py:67 operation functools.partial(<built-in method close of sqlite3.Cursor object at 0x000001E96A35F4C0>) completed
DEBUG    aiosqlite:core.py:62 executing functools.partial(<built-in method cursor of sqlite3.Connection object at 0x000001E9693274C0>)
DEBUG    aiosqlite:core.py:67 operation functools.partial(<built-in method cursor of sqlite3.Connection object at 0x000001E9693274C0>) completed
DEBUG    aiosqlite:core.py:62 executing functools.partial(<built-in method execute of sqlite3.Cursor object at 0x000001E96A389740>, '\nCREATE TABLE leads (\n\tid UUID NOT NULL, \n\tnome VARCHAR(512), \n\ttelefone VARCHAR(512) NOT NULL, \n\ttelefone_hash VARCHAR(64), \n\torigem VARCHAR(14) NOT NULL, \n\tstatus VARCHAR(14) NOT NULL, \n\tscore VARCHAR(6), \n\tscore_numerico INTEGER, \n\tscore_calculado_em DATETIME, \n\tconsultor_id UUID, \n\tclient_id UUID, \n\toffer_id UUID, \n\tbudget NUMERIC(12, 2), \n\taya_ativo BOOLEAN NOT NULL, \n\tis_archived BOOLEAN NOT NULL, \n\tdeletado_em DATETIME, \n\tcriado_em DATETIME DEFAULT CURRENT_TIMESTAMP NOT NULL, \n\tatualizado_em DATETIME DEFAULT CURRENT_TIMESTAMP NOT NULL, \n\tPRIMARY KEY (id), \n\tFOREIGN KEY(consultor_id) REFERENCES users (id), \n\tFOREIGN KEY(client_id) REFERENCES users (id), \n\tFOREIGN KEY(offer_id) REFERENCES offers (id)\n)\n\n', ())
DEBUG    aiosqlite:core.py:67 operation functools.partial(<built-in method execute of sqlite3.Cursor object at 0x000001E96A389740>, '\nCREATE TABLE leads (\n\tid UUID NOT NULL, \n\tnome VARCHAR(512), \n\ttelefone VARCHAR(512) NOT NULL, \n\ttelefone_hash VARCHAR(64), \n\torigem VARCHAR(14) NOT NULL, \n\tstatus VARCHAR(14) NOT NULL, \n\tscore VARCHAR(6), \n\tscore_numerico INTEGER, \n\tscore_calculado_em DATETIME, \n\tconsultor_id UUID, \n\tclient_id UUID, \n\toffer_id UUID, \n\tbudget NUMERIC(12, 2), \n\taya_ativo BOOLEAN NOT NULL, \n\tis_archived BOOLEAN NOT NULL, \n\tdeletado_em DATETIME, \n\tcriado_em DATETIME DEFAULT CURRENT_TIMESTAMP NOT NULL, \n\tatualizado_em DATETIME DEFAULT CURRENT_TIMESTAMP NOT NULL, \n\tPRIMARY KEY (id), \n\tFOREIGN KEY(consultor_id) REFERENCES users (id), \n\tFOREIGN KEY(client_id) REFERENCES users (id), \n\tFOREIGN KEY(offer_id) REFERENCES offers (id)\n)\n\n', ()) completed
DEBUG    aiosqlite:core.py:62 executing functools.partial(<built-in method close of sqlite3.Cursor object at 0x000001E96A389740>)
DEBUG    aiosqlite:core.py:67 operation functools.partial(<built-in method close of sqlite3.Cursor object at 0x000001E96A389740>) completed
DEBUG    aiosqlite:core.py:62 executing functools.partial(<built-in method cursor of sqlite3.Connection object at 0x000001E9693274C0>)
DEBUG    aiosqlite:core.py:67 operation functools.partial(<built-in method cursor of sqlite3.Connection object at 0x000001E9693274C0>) completed
DEBUG    aiosqlite:core.py:62 executing functools.partial(<built-in method execute of sqlite3.Cursor object at 0x000001E96A35ED40>, 'CREATE INDEX ix_leads_consultor_status ON leads (consultor_id, status)', ())
DEBUG    aiosqlite:core.py:67 operation functools.partial(<built-in method execute of sqlite3.Cursor object at 0x000001E96A35ED40>, 'CREATE INDEX ix_leads_consultor_status ON leads (consultor_id, status)', ()) completed
DEBUG    aiosqlite:core.py:62 executing functools.partial(<built-in method close of sqlite3.Cursor object at 0x000001E96A35ED40>)
DEBUG    aiosqlite:core.py:67 operation functools.partial(<built-in method close of sqlite3.Cursor object at 0x000001E96A35ED40>) completed
DEBUG    aiosqlite:core.py:62 executing functools.partial(<built-in method cursor of sqlite3.Connection object at 0x000001E9693274C0>)
DEBUG    aiosqlite:core.py:67 operation functools.partial(<built-in method cursor of sqlite3.Connection object at 0x000001E9693274C0>) completed
DEBUG    aiosqlite:core.py:62 executing functools.partial(<built-in method execute of sqlite3.Cursor object at 0x000001E96A477740>, 'CREATE INDEX ix_leads_telefone_hash ON leads (telefone_hash)', ())
DEBUG    aiosqlite:core.py:67 operation functools.partial(<built-in method execute of sqlite3.Cursor object at 0x000001E96A477740>, 'CREATE INDEX ix_leads_telefone_hash ON leads (telefone_hash)', ()) completed
DEBUG    aiosqlite:core.py:62 executing functools.partial(<built-in method close of sqlite3.Cursor object at 0x000001E96A477740>)
DEBUG    aiosqlite:core.py:67 operation functools.partial(<built-in method close of sqlite3.Cursor object at 0x000001E96A477740>) completed
DEBUG    aiosqlite:core.py:62 executing functools.partial(<built-in method cursor of sqlite3.Connection object at 0x000001E9693274C0>)
DEBUG    aiosqlite:core.py:67 operation functools.partial(<built-in method cursor of sqlite3.Connection object at 0x000001E9693274C0>) completed
DEBUG    aiosqlite:core.py:62 executing functools.partial(<built-in method execute of sqlite3.Cursor object at 0x000001E96A35F940>, 'CREATE INDEX ix_leads_status_criado_em ON leads (status, criado_em)', ())
DEBUG    aiosqlite:core.py:67 operation functools.partial(<built-in method execute of sqlite3.Cursor object at 0x000001E96A35F940>, 'CREATE INDEX ix_leads_status_criado_em ON leads (status, criado_em)', ()) completed
DEBUG    aiosqlite:core.py:62 executing functools.partial(<built-in method close of sqlite3.Cursor object at 0x000001E96A35F940>)
DEBUG    aiosqlite:core.py:67 operation functools.partial(<built-in method close of sqlite3.Cursor object at 0x000001E96A35F940>) completed
DEBUG    aiosqlite:core.py:62 executing functools.partial(<built-in method cursor of sqlite3.Connection object at 0x000001E9693274C0>)
DEBUG    aiosqlite:core.py:67 operation functools.partial(<built-in method cursor of sqlite3.Connection object at 0x000001E9693274C0>) completed
DEBUG    aiosqlite:core.py:62 executing functools.partial(<built-in method execute of sqlite3.Cursor object at 0x000001E96A35FAC0>, 'CREATE UNIQUE INDEX ix_leads_telefone ON leads (telefone)', ())
DEBUG    aiosqlite:core.py:67 operation functools.partial(<built-in method execute of sqlite3.Cursor object at 0x000001E96A35FAC0>, 'CREATE UNIQUE INDEX ix_leads_telefone ON leads (telefone)', ()) completed
DEBUG    aiosqlite:core.py:62 executing functools.partial(<built-in method close of sqlite3.Cursor object at 0x000001E96A35FAC0>)
DEBUG    aiosqlite:core.py:67 operation functools.partial(<built-in method close of sqlite3.Cursor object at 0x000001E96A35FAC0>) completed
DEBUG    aiosqlite:core.py:62 executing functools.partial(<built-in method cursor of sqlite3.Connection object at 0x000001E9693274C0>)
DEBUG    aiosqlite:core.py:67 operation functools.partial(<built-in method cursor of sqlite3.Connection object at 0x000001E9693274C0>) completed
DEBUG    aiosqlite:core.py:62 executing functools.partial(<built-in method execute of sqlite3.Cursor object at 0x000001E96A32C140>, 'CREATE UNIQUE INDEX ix_leads_telefone_hash ON leads (telefone_hash)', ())
DEBUG    aiosqlite:core.py:73 returning exception index ix_leads_telefone_hash already exists
DEBUG    aiosqlite:core.py:62 executing functools.partial(<built-in method rollback of sqlite3.Connection object at 0x000001E9693274C0>)
DEBUG    aiosqlite:core.py:67 operation functools.partial(<built-in method rollback of sqlite3.Connection object at 0x000001E9693274C0>) completed
DEBUG    aiosqlite:core.py:62 executing functools.partial(<built-in method rollback of sqlite3.Connection object at 0x000001E9693274C0>)
DEBUG    aiosqlite:core.py:67 operation functools.partial(<built-in method rollback of sqlite3.Connection object at 0x000001E9693274C0>) completed
________________ ERROR at setup of test_register_weak_password ________________
..\..\..\..\..\..\AppData\Roaming\Python\Python314\site-packages\sqlalchemy\engine\base.py:1967: in _exec_single_context
    self.dialect.do_execute(
..\..\..\..\..\..\AppData\Roaming\Python\Python314\site-packages\sqlalchemy\engine\default.py:952: in do_execute
    cursor.execute(statement, parameters)
..\..\..\..\..\..\AppData\Roaming\Python\Python314\site-packages\sqlalchemy\dialects\sqlite\aiosqlite.py:182: in execute
    self._adapt_connection._handle_exception(error)
..\..\..\..\..\..\AppData\Roaming\Python\Python314\site-packages\sqlalchemy\dialects\sqlite\aiosqlite.py:342: in _handle_exception
    raise error
..\..\..\..\..\..\AppData\Roaming\Python\Python314\site-packages\sqlalchemy\dialects\sqlite\aiosqlite.py:164: in execute
    self.await_(_cursor.execute(operation, parameters))
..\..\..\..\..\..\AppData\Roaming\Python\Python314\site-packages\sqlalchemy\util\_concurrency_py3k.py:132: in await_only
    return current.parent.switch(awaitable)  # type: ignore[no-any-return,attr-defined] # noqa: E501
           ^^^^^^^^^^^^^^^^^^^^^^^^^^^^^^^^
..\..\..\..\..\..\AppData\Roaming\Python\Python314\site-packages\sqlalchemy\util\_concurrency_py3k.py:196: in greenlet_spawn
    value = await result
            ^^^^^^^^^^^^
..\..\..\..\..\..\AppData\Roaming\Python\Python314\site-packages\aiosqlite\cursor.py:40: in execute
    await self._execute(self._cursor.execute, sql, parameters)
..\..\..\..\..\..\AppData\Roaming\Python\Python314\site-packages\aiosqlite\cursor.py:32: in _execute
    return await self._conn._execute(fn, *args, **kwargs)
           ^^^^^^^^^^^^^^^^^^^^^^^^^^^^^^^^^^^^^^^^^^^^^^
..\..\..\..\..\..\AppData\Roaming\Python\Python314\site-packages\aiosqlite\core.py:160: in _execute
    return await future
           ^^^^^^^^^^^^
..\..\..\..\..\..\AppData\Roaming\Python\Python314\site-packages\aiosqlite\core.py:63: in _connection_worker_thread
    result = function()
             ^^^^^^^^^^
E   sqlite3.OperationalError: index ix_lead_score_history_lead_id already exists

The above exception was the direct cause of the following exception:
..\..\..\..\..\..\AppData\Roaming\Python\Python314\site-packages\pytest_asyncio\plugin.py:458: in setup
    return super().setup()
           ^^^^^^^^^^^^^^^
..\..\..\..\..\..\AppData\Roaming\Python\Python314\site-packages\pytest_asyncio\plugin.py:730: in pytest_fixture_setup
    return (yield)
            ^^^^^
tests\conftest.py:79: in setup_database
    event_loop.run_until_complete(_setup())
C:\Python314\Lib\asyncio\base_events.py:719: in run_until_complete
    return future.result()
           ^^^^^^^^^^^^^^^
tests\conftest.py:77: in _setup
    await conn.run_sync(InfraBase.metadata.create_all)
..\..\..\..\..\..\AppData\Roaming\Python\Python314\site-packages\sqlalchemy\ext\asyncio\engine.py:888: in run_sync
    return await greenlet_spawn(
..\..\..\..\..\..\AppData\Roaming\Python\Python314\site-packages\sqlalchemy\util\_concurrency_py3k.py:201: in greenlet_spawn
    result = context.throw(*sys.exc_info())
             ^^^^^^^^^^^^^^^^^^^^^^^^^^^^^^
..\..\..\..\..\..\AppData\Roaming\Python\Python314\site-packages\sqlalchemy\sql\schema.py:5931: in create_all
    bind._run_ddl_visitor(
..\..\..\..\..\..\AppData\Roaming\Python\Python314\site-packages\sqlalchemy\engine\base.py:2467: in _run_ddl_visitor
    ).traverse_single(element)
      ^^^^^^^^^^^^^^^^^^^^^^^^
..\..\..\..\..\..\AppData\Roaming\Python\Python314\site-packages\sqlalchemy\sql\visitors.py:661: in traverse_single
    return meth(obj, **kw)
           ^^^^^^^^^^^^^^^
..\..\..\..\..\..\AppData\Roaming\Python\Python314\site-packages\sqlalchemy\sql\ddl.py:984: in visit_metadata
    self.traverse_single(
..\..\..\..\..\..\AppData\Roaming\Python\Python314\site-packages\sqlalchemy\sql\visitors.py:661: in traverse_single
    return meth(obj, **kw)
           ^^^^^^^^^^^^^^^
..\..\..\..\..\..\AppData\Roaming\Python\Python314\site-packages\sqlalchemy\sql\ddl.py:1026: in visit_table
    self.traverse_single(index, create_ok=True)
..\..\..\..\..\..\AppData\Roaming\Python\Python314\site-packages\sqlalchemy\sql\visitors.py:661: in traverse_single
    return meth(obj, **kw)
           ^^^^^^^^^^^^^^^
..\..\..\..\..\..\AppData\Roaming\Python\Python314\site-packages\sqlalchemy\sql\ddl.py:1063: in visit_index
    CreateIndex(index)._invoke_with(self.connection)
..\..\..\..\..\..\AppData\Roaming\Python\Python314\site-packages\sqlalchemy\sql\ddl.py:321: in _invoke_with
    return bind.execute(self)
           ^^^^^^^^^^^^^^^^^^
..\..\..\..\..\..\AppData\Roaming\Python\Python314\site-packages\sqlalchemy\engine\base.py:1419: in execute
    return meth(
..\..\..\..\..\..\AppData\Roaming\Python\Python314\site-packages\sqlalchemy\sql\ddl.py:187: in _execute_on_connection
    return connection._execute_ddl(
..\..\..\..\..\..\AppData\Roaming\Python\Python314\site-packages\sqlalchemy\engine\base.py:1530: in _execute_ddl
    ret = self._execute_context(
..\..\..\..\..\..\AppData\Roaming\Python\Python314\site-packages\sqlalchemy\engine\base.py:1846: in _execute_context
    return self._exec_single_context(
..\..\..\..\..\..\AppData\Roaming\Python\Python314\site-packages\sqlalchemy\engine\base.py:1986: in _exec_single_context
    self._handle_dbapi_exception(
..\..\..\..\..\..\AppData\Roaming\Python\Python314\site-packages\sqlalchemy\engine\base.py:2363: in _handle_dbapi_exception
    raise sqlalchemy_exception.with_traceback(exc_info[2]) from e
..\..\..\..\..\..\AppData\Roaming\Python\Python314\site-packages\sqlalchemy\engine\base.py:1967: in _exec_single_context
    self.dialect.do_execute(
..\..\..\..\..\..\AppData\Roaming\Python\Python314\site-packages\sqlalchemy\engine\default.py:952: in do_execute
    cursor.execute(statement, parameters)
..\..\..\..\..\..\AppData\Roaming\Python\Python314\site-packages\sqlalchemy\dialects\sqlite\aiosqlite.py:182: in execute
    self._adapt_connection._handle_exception(error)
..\..\..\..\..\..\AppData\Roaming\Python\Python314\site-packages\sqlalchemy\dialects\sqlite\aiosqlite.py:342: in _handle_exception
    raise error
..\..\..\..\..\..\AppData\Roaming\Python\Python314\site-packages\sqlalchemy\dialects\sqlite\aiosqlite.py:164: in execute
    self.await_(_cursor.execute(operation, parameters))
..\..\..\..\..\..\AppData\Roaming\Python\Python314\site-packages\sqlalchemy\util\_concurrency_py3k.py:132: in await_only
    return current.parent.switch(awaitable)  # type: ignore[no-any-return,attr-defined] # noqa: E501
           ^^^^^^^^^^^^^^^^^^^^^^^^^^^^^^^^
..\..\..\..\..\..\AppData\Roaming\Python\Python314\site-packages\sqlalchemy\util\_concurrency_py3k.py:196: in greenlet_spawn
    value = await result
            ^^^^^^^^^^^^
..\..\..\..\..\..\AppData\Roaming\Python\Python314\site-packages\aiosqlite\cursor.py:40: in execute
    await self._execute(self._cursor.execute, sql, parameters)
..\..\..\..\..\..\AppData\Roaming\Python\Python314\site-packages\aiosqlite\cursor.py:32: in _execute
    return await self._conn._execute(fn, *args, **kwargs)
           ^^^^^^^^^^^^^^^^^^^^^^^^^^^^^^^^^^^^^^^^^^^^^^
..\..\..\..\..\..\AppData\Roaming\Python\Python314\site-packages\aiosqlite\core.py:160: in _execute
    return await future
           ^^^^^^^^^^^^
..\..\..\..\..\..\AppData\Roaming\Python\Python314\site-packages\aiosqlite\core.py:63: in _connection_worker_thread
    result = function()
             ^^^^^^^^^^
E   sqlalchemy.exc.OperationalError: (sqlite3.OperationalError) index ix_lead_score_history_lead_id already exists
E   [SQL: CREATE INDEX ix_lead_score_history_lead_id ON lead_score_history (lead_id)]
E   (Background on this error at: https://sqlalche.me/e/20/e3q8)
---------------------------- Captured stdout setup ----------------------------
executing functools.partial(<built-in method cursor of sqlite3.Connection object at 0x000001E9693274C0>)
operation functools.partial(<built-in method cursor of sqlite3.Connection object at 0x000001E9693274C0>) completed
executing functools.partial(<built-in method execute of sqlite3.Cursor object at 0x000001E969D4DEC0>, 'PRAGMA main.table_info("users")', ())
operation functools.partial(<built-in method execute of sqlite3.Cursor object at 0x000001E969D4DEC0>, 'PRAGMA main.table_info("users")', ()) completed
executing functools.partial(<built-in method fetchall of sqlite3.Cursor object at 0x000001E969D4DEC0>)
operation functools.partial(<built-in method fetchall of sqlite3.Cursor object at 0x000001E969D4DEC0>) completed
executing functools.partial(<built-in method close of sqlite3.Cursor object at 0x000001E969D4DEC0>)
operation functools.partial(<built-in method close of sqlite3.Cursor object at 0x000001E969D4DEC0>) completed
executing functools.partial(<built-in method cursor of sqlite3.Connection object at 0x000001E9693274C0>)
operation functools.partial(<built-in method cursor of sqlite3.Connection object at 0x000001E9693274C0>) completed
executing functools.partial(<built-in method execute of sqlite3.Cursor object at 0x000001E969D4E040>, 'PRAGMA main.table_info("leads")', ())
operation functools.partial(<built-in method execute of sqlite3.Cursor object at 0x000001E969D4E040>, 'PRAGMA main.table_info("leads")', ()) completed
executing functools.partial(<built-in method fetchall of sqlite3.Cursor object at 0x000001E969D4E040>)
operation functools.partial(<built-in method fetchall of sqlite3.Cursor object at 0x000001E969D4E040>) completed
executing functools.partial(<built-in method close of sqlite3.Cursor object at 0x000001E969D4E040>)
operation functools.partial(<built-in method close of sqlite3.Cursor object at 0x000001E969D4E040>) completed
executing functools.partial(<built-in method cursor of sqlite3.Connection object at 0x000001E9693274C0>)
operation functools.partial(<built-in method cursor of sqlite3.Connection object at 0x000001E9693274C0>) completed
executing functools.partial(<built-in method execute of sqlite3.Cursor object at 0x000001E969D4DFC0>, 'PRAGMA main.table_info("lead_score_history")', ())
operation functools.partial(<built-in method execute of sqlite3.Cursor object at 0x000001E969D4DFC0>, 'PRAGMA main.table_info("lead_score_history")', ()) completed
executing functools.partial(<built-in method fetchall of sqlite3.Cursor object at 0x000001E969D4DFC0>)
operation functools.partial(<built-in method fetchall of sqlite3.Cursor object at 0x000001E969D4DFC0>) completed
executing functools.partial(<built-in method close of sqlite3.Cursor object at 0x000001E969D4DFC0>)
operation functools.partial(<built-in method close of sqlite3.Cursor object at 0x000001E969D4DFC0>) completed
executing functools.partial(<built-in method cursor of sqlite3.Connection object at 0x000001E9693274C0>)
operation functools.partial(<built-in method cursor of sqlite3.Connection object at 0x000001E9693274C0>) completed
executing functools.partial(<built-in method execute of sqlite3.Cursor object at 0x000001E969D4E140>, 'PRAGMA temp.table_info("lead_score_history")', ())
operation functools.partial(<built-in method execute of sqlite3.Cursor object at 0x000001E969D4E140>, 'PRAGMA temp.table_info("lead_score_history")', ()) completed
executing functools.partial(<built-in method fetchall of sqlite3.Cursor object at 0x000001E969D4E140>)
operation functools.partial(<built-in method fetchall of sqlite3.Cursor object at 0x000001E969D4E140>) completed
executing functools.partial(<built-in method close of sqlite3.Cursor object at 0x000001E969D4E140>)
operation functools.partial(<built-in method close of sqlite3.Cursor object at 0x000001E969D4E140>) completed
executing functools.partial(<built-in method cursor of sqlite3.Connection object at 0x000001E9693274C0>)
operation functools.partial(<built-in method cursor of sqlite3.Connection object at 0x000001E9693274C0>) completed
executing functools.partial(<built-in method execute of sqlite3.Cursor object at 0x000001E969D4E4C0>, 'PRAGMA main.table_info("briefings")', ())
operation functools.partial(<built-in method execute of sqlite3.Cursor object at 0x000001E969D4E4C0>, 'PRAGMA main.table_info("briefings")', ()) completed
executing functools.partial(<built-in method fetchall of sqlite3.Cursor object at 0x000001E969D4E4C0>)
operation functools.partial(<built-in method fetchall of sqlite3.Cursor object at 0x000001E969D4E4C0>) completed
executing functools.partial(<built-in method close of sqlite3.Cursor object at 0x000001E969D4E4C0>)
operation functools.partial(<built-in method close of sqlite3.Cursor object at 0x000001E969D4E4C0>) completed
executing functools.partial(<built-in method cursor of sqlite3.Connection object at 0x000001E9693274C0>)
operation functools.partial(<built-in method cursor of sqlite3.Connection object at 0x000001E9693274C0>) completed
executing functools.partial(<built-in method execute of sqlite3.Cursor object at 0x000001E969D4E440>, 'PRAGMA temp.table_info("briefings")', ())
operation functools.partial(<built-in method execute of sqlite3.Cursor object at 0x000001E969D4E440>, 'PRAGMA temp.table_info("briefings")', ()) completed
executing functools.partial(<built-in method fetchall of sqlite3.Cursor object at 0x000001E969D4E440>)
operation functools.partial(<built-in method fetchall of sqlite3.Cursor object at 0x000001E969D4E440>) completed
executing functools.partial(<built-in method close of sqlite3.Cursor object at 0x000001E969D4E440>)
operation functools.partial(<built-in method close of sqlite3.Cursor object at 0x000001E969D4E440>) completed
executing functools.partial(<built-in method cursor of sqlite3.Connection object at 0x000001E9693274C0>)
operation functools.partial(<built-in method cursor of sqlite3.Connection object at 0x000001E9693274C0>) completed
executing functools.partial(<built-in method execute of sqlite3.Cursor object at 0x000001E969D4E640>, 'PRAGMA main.table_info("interacoes")', ())
operation functools.partial(<built-in method execute of sqlite3.Cursor object at 0x000001E969D4E640>, 'PRAGMA main.table_info("interacoes")', ()) completed
executing functools.partial(<built-in method fetchall of sqlite3.Cursor object at 0x000001E969D4E640>)
operation functools.partial(<built-in method fetchall of sqlite3.Cursor object at 0x000001E969D4E640>) completed
executing functools.partial(<built-in method close of sqlite3.Cursor object at 0x000001E969D4E640>)
operation functools.partial(<built-in method close of sqlite3.Cursor object at 0x000001E969D4E640>) completed
executing functools.partial(<built-in method cursor of sqlite3.Connection object at 0x000001E9693274C0>)
operation functools.partial(<built-in method cursor of sqlite3.Connection object at 0x000001E9693274C0>) completed
executing functools.partial(<built-in method execute of sqlite3.Cursor object at 0x000001E969D4E5C0>, 'PRAGMA temp.table_info("interacoes")', ())
operation functools.partial(<built-in method execute of sqlite3.Cursor object at 0x000001E969D4E5C0>, 'PRAGMA temp.table_info("interacoes")', ()) completed
executing functools.partial(<built-in method fetchall of sqlite3.Cursor object at 0x000001E969D4E5C0>)
operation functools.partial(<built-in method fetchall of sqlite3.Cursor object at 0x000001E969D4E5C0>) completed
executing functools.partial(<built-in method close of sqlite3.Cursor object at 0x000001E969D4E5C0>)
operation functools.partial(<built-in method close of sqlite3.Cursor object at 0x000001E969D4E5C0>) completed
executing functools.partial(<built-in method cursor of sqlite3.Connection object at 0x000001E9693274C0>)
operation functools.partial(<built-in method cursor of sqlite3.Connection object at 0x000001E9693274C0>) completed
executing functools.partial(<built-in method execute of sqlite3.Cursor object at 0x000001E969D4E7C0>, 'PRAGMA main.table_info("agendamentos")', ())
operation functools.partial(<built-in method execute of sqlite3.Cursor object at 0x000001E969D4E7C0>, 'PRAGMA main.table_info("agendamentos")', ()) completed
executing functools.partial(<built-in method fetchall of sqlite3.Cursor object at 0x000001E969D4E7C0>)
operation functools.partial(<built-in method fetchall of sqlite3.Cursor object at 0x000001E969D4E7C0>) completed
executing functools.partial(<built-in method close of sqlite3.Cursor object at 0x000001E969D4E7C0>)
operation functools.partial(<built-in method close of sqlite3.Cursor object at 0x000001E969D4E7C0>) completed
executing functools.partial(<built-in method cursor of sqlite3.Connection object at 0x000001E9693274C0>)
operation functools.partial(<built-in method cursor of sqlite3.Connection object at 0x000001E9693274C0>) completed
executing functools.partial(<built-in method execute of sqlite3.Cursor object at 0x000001E969D4E740>, 'PRAGMA temp.table_info("agendamentos")', ())
operation functools.partial(<built-in method execute of sqlite3.Cursor object at 0x000001E969D4E740>, 'PRAGMA temp.table_info("agendamentos")', ()) completed
executing functools.partial(<built-in method fetchall of sqlite3.Cursor object at 0x000001E969D4E740>)
operation functools.partial(<built-in method fetchall of sqlite3.Cursor object at 0x000001E969D4E740>) completed
executing functools.partial(<built-in method close of sqlite3.Cursor object at 0x000001E969D4E740>)
operation functools.partial(<built-in method close of sqlite3.Cursor object at 0x000001E969D4E740>) completed
executing functools.partial(<built-in method cursor of sqlite3.Connection object at 0x000001E9693274C0>)
operation functools.partial(<built-in method cursor of sqlite3.Connection object at 0x000001E9693274C0>) completed
executing functools.partial(<built-in method execute of sqlite3.Cursor object at 0x000001E969D4E940>, 'PRAGMA main.table_info("propostas")', ())
operation functools.partial(<built-in method execute of sqlite3.Cursor object at 0x000001E969D4E940>, 'PRAGMA main.table_info("propostas")', ()) completed
executing functools.partial(<built-in method fetchall of sqlite3.Cursor object at 0x000001E969D4E940>)
operation functools.partial(<built-in method fetchall of sqlite3.Cursor object at 0x000001E969D4E940>) completed
executing functools.partial(<built-in method close of sqlite3.Cursor object at 0x000001E969D4E940>)
operation functools.partial(<built-in method close of sqlite3.Cursor object at 0x000001E969D4E940>) completed
executing functools.partial(<built-in method cursor of sqlite3.Connection object at 0x000001E9693274C0>)
operation functools.partial(<built-in method cursor of sqlite3.Connection object at 0x000001E9693274C0>) completed
executing functools.partial(<built-in method execute of sqlite3.Cursor object at 0x000001E969D4E8C0>, 'PRAGMA temp.table_info("propostas")', ())
operation functools.partial(<built-in method execute of sqlite3.Cursor object at 0x000001E969D4E8C0>, 'PRAGMA temp.table_info("propostas")', ()) completed
executing functools.partial(<built-in method fetchall of sqlite3.Cursor object at 0x000001E969D4E8C0>)
operation functools.partial(<built-in method fetchall of sqlite3.Cursor object at 0x000001E969D4E8C0>) completed
executing functools.partial(<built-in method close of sqlite3.Cursor object at 0x000001E969D4E8C0>)
operation functools.partial(<built-in method close of sqlite3.Cursor object at 0x000001E969D4E8C0>) completed
executing functools.partial(<built-in method cursor of sqlite3.Connection object at 0x000001E9693274C0>)
operation functools.partial(<built-in method cursor of sqlite3.Connection object at 0x000001E9693274C0>) completed
executing functools.partial(<built-in method execute of sqlite3.Cursor object at 0x000001E969D4EB40>, 'PRAGMA main.table_info("suitcase_items")', ())
operation functools.partial(<built-in method execute of sqlite3.Cursor object at 0x000001E969D4EB40>, 'PRAGMA main.table_info("suitcase_items")', ()) completed
executing functools.partial(<built-in method fetchall of sqlite3.Cursor object at 0x000001E969D4EB40>)
operation functools.partial(<built-in method fetchall of sqlite3.Cursor object at 0x000001E969D4EB40>) completed
executing functools.partial(<built-in method close of sqlite3.Cursor object at 0x000001E969D4EB40>)
operation functools.partial(<built-in method close of sqlite3.Cursor object at 0x000001E969D4EB40>) completed
executing functools.partial(<built-in method cursor of sqlite3.Connection object at 0x000001E9693274C0>)
operation functools.partial(<built-in method cursor of sqlite3.Connection object at 0x000001E9693274C0>) completed
executing functools.partial(<built-in method execute of sqlite3.Cursor object at 0x000001E969D4E9C0>, 'PRAGMA temp.table_info("suitcase_items")', ())
operation functools.partial(<built-in method execute of sqlite3.Cursor object at 0x000001E969D4E9C0>, 'PRAGMA temp.table_info("suitcase_items")', ()) completed
executing functools.partial(<built-in method fetchall of sqlite3.Cursor object at 0x000001E969D4E9C0>)
operation functools.partial(<built-in method fetchall of sqlite3.Cursor object at 0x000001E969D4E9C0>) completed
executing functools.partial(<built-in method close of sqlite3.Cursor object at 0x000001E969D4E9C0>)
operation functools.partial(<built-in method close of sqlite3.Cursor object at 0x000001E969D4E9C0>) completed
executing functools.partial(<built-in method cursor of sqlite3.Connection object at 0x000001E9693274C0>)
operation functools.partial(<built-in method cursor of sqlite3.Connection object at 0x000001E9693274C0>) completed
executing functools.partial(<built-in method execute of sqlite3.Cursor object at 0x000001E969D4EC40>, 'PRAGMA main.table_info("suitcase_suggestions")', ())
operation functools.partial(<built-in method execute of sqlite3.Cursor object at 0x000001E969D4EC40>, 'PRAGMA main.table_info("suitcase_suggestions")', ()) completed
executing functools.partial(<built-in method fetchall of sqlite3.Cursor object at 0x000001E969D4EC40>)
operation functools.partial(<built-in method fetchall of sqlite3.Cursor object at 0x000001E969D4EC40>) completed
executing functools.partial(<built-in method close of sqlite3.Cursor object at 0x000001E969D4EC40>)
operation functools.partial(<built-in method close of sqlite3.Cursor object at 0x000001E969D4EC40>) completed
executing functools.partial(<built-in method cursor of sqlite3.Connection object at 0x000001E9693274C0>)
operation functools.partial(<built-in method cursor of sqlite3.Connection object at 0x000001E9693274C0>) completed
executing functools.partial(<built-in method execute of sqlite3.Cursor object at 0x000001E969D4ED40>, 'PRAGMA main.table_info("travel_diary_entries")', ())
operation functools.partial(<built-in method execute of sqlite3.Cursor object at 0x000001E969D4ED40>, 'PRAGMA main.table_info("travel_diary_entries")', ()) completed
executing functools.partial(<built-in method fetchall of sqlite3.Cursor object at 0x000001E969D4ED40>)
operation functools.partial(<built-in method fetchall of sqlite3.Cursor object at 0x000001E969D4ED40>) completed
executing functools.partial(<built-in method close of sqlite3.Cursor object at 0x000001E969D4ED40>)
operation functools.partial(<built-in method close of sqlite3.Cursor object at 0x000001E969D4ED40>) completed
executing functools.partial(<built-in method cursor of sqlite3.Connection object at 0x000001E9693274C0>)
operation functools.partial(<built-in method cursor of sqlite3.Connection object at 0x000001E9693274C0>) completed
executing functools.partial(<built-in method execute of sqlite3.Cursor object at 0x000001E969D4EA40>, 'PRAGMA temp.table_info("travel_diary_entries")', ())
operation functools.partial(<built-in method execute of sqlite3.Cursor object at 0x000001E969D4EA40>, 'PRAGMA temp.table_info("travel_diary_entries")', ()) completed
executing functools.partial(<built-in method fetchall of sqlite3.Cursor object at 0x000001E969D4EA40>)
operation functools.partial(<built-in method fetchall of sqlite3.Cursor object at 0x000001E969D4EA40>) completed
executing functools.partial(<built-in method close of sqlite3.Cursor object at 0x000001E969D4EA40>)
operation functools.partial(<built-in method close of sqlite3.Cursor object at 0x000001E969D4EA40>) completed
executing functools.partial(<built-in method cursor of sqlite3.Connection object at 0x000001E9693274C0>)
operation functools.partial(<built-in method cursor of sqlite3.Connection object at 0x000001E9693274C0>) completed
executing functools.partial(<built-in method execute of sqlite3.Cursor object at 0x000001E969D4EAC0>, 'PRAGMA main.table_info("documentos")', ())
operation functools.partial(<built-in method execute of sqlite3.Cursor object at 0x000001E969D4EAC0>, 'PRAGMA main.table_info("documentos")', ()) completed
executing functools.partial(<built-in method fetchall of sqlite3.Cursor object at 0x000001E969D4EAC0>)
operation functools.partial(<built-in method fetchall of sqlite3.Cursor object at 0x000001E969D4EAC0>) completed
executing functools.partial(<built-in method close of sqlite3.Cursor object at 0x000001E969D4EAC0>)
operation functools.partial(<built-in method close of sqlite3.Cursor object at 0x000001E969D4EAC0>) completed
executing functools.partial(<built-in method cursor of sqlite3.Connection object at 0x000001E9693274C0>)
operation functools.partial(<built-in method cursor of sqlite3.Connection object at 0x000001E9693274C0>) completed
executing functools.partial(<built-in method execute of sqlite3.Cursor object at 0x000001E969D4EE40>, 'PRAGMA temp.table_info("documentos")', ())
operation functools.partial(<built-in method execute of sqlite3.Cursor object at 0x000001E969D4EE40>, 'PRAGMA temp.table_info("documentos")', ()) completed
executing functools.partial(<built-in method fetchall of sqlite3.Cursor object at 0x000001E969D4EE40>)
operation functools.partial(<built-in method fetchall of sqlite3.Cursor object at 0x000001E969D4EE40>) completed
executing functools.partial(<built-in method close of sqlite3.Cursor object at 0x000001E969D4EE40>)
operation functools.partial(<built-in method close of sqlite3.Cursor object at 0x000001E969D4EE40>) completed
executing functools.partial(<built-in method cursor of sqlite3.Connection object at 0x000001E9693274C0>)
operation functools.partial(<built-in method cursor of sqlite3.Connection object at 0x000001E9693274C0>) completed
executing functools.partial(<built-in method execute of sqlite3.Cursor object at 0x000001E969D4F0C0>, 'PRAGMA main.table_info("notification_queue")', ())
operation functools.partial(<built-in method execute of sqlite3.Cursor object at 0x000001E969D4F0C0>, 'PRAGMA main.table_info("notification_queue")', ()) completed
executing functools.partial(<built-in method fetchall of sqlite3.Cursor object at 0x000001E969D4F0C0>)
operation functools.partial(<built-in method fetchall of sqlite3.Cursor object at 0x000001E969D4F0C0>) completed
executing functools.partial(<built-in method close of sqlite3.Cursor object at 0x000001E969D4F0C0>)
operation functools.partial(<built-in method close of sqlite3.Cursor object at 0x000001E969D4F0C0>) completed
executing functools.partial(<built-in method cursor of sqlite3.Connection object at 0x000001E9693274C0>)
operation functools.partial(<built-in method cursor of sqlite3.Connection object at 0x000001E9693274C0>) completed
executing functools.partial(<built-in method execute of sqlite3.Cursor object at 0x000001E969D4EFC0>, 'PRAGMA temp.table_info("notification_queue")', ())
operation functools.partial(<built-in method execute of sqlite3.Cursor object at 0x000001E969D4EFC0>, 'PRAGMA temp.table_info("notification_queue")', ()) completed
executing functools.partial(<built-in method fetchall of sqlite3.Cursor object at 0x000001E969D4EFC0>)
operation functools.partial(<built-in method fetchall of sqlite3.Cursor object at 0x000001E969D4EFC0>) completed
executing functools.partial(<built-in method close of sqlite3.Cursor object at 0x000001E969D4EFC0>)
operation functools.partial(<built-in method close of sqlite3.Cursor object at 0x000001E969D4EFC0>) completed
executing functools.partial(<built-in method cursor of sqlite3.Connection object at 0x000001E9693274C0>)
operation functools.partial(<built-in method cursor of sqlite3.Connection object at 0x000001E9693274C0>) completed
executing functools.partial(<built-in method execute of sqlite3.Cursor object at 0x000001E969D4EEC0>, 'PRAGMA main.table_info("dead_letter_queue")', ())
operation functools.partial(<built-in method execute of sqlite3.Cursor object at 0x000001E969D4EEC0>, 'PRAGMA main.table_info("dead_letter_queue")', ()) completed
executing functools.partial(<built-in method fetchall of sqlite3.Cursor object at 0x000001E969D4EEC0>)
operation functools.partial(<built-in method fetchall of sqlite3.Cursor object at 0x000001E969D4EEC0>) completed
executing functools.partial(<built-in method close of sqlite3.Cursor object at 0x000001E969D4EEC0>)
operation functools.partial(<built-in method close of sqlite3.Cursor object at 0x000001E969D4EEC0>) completed
executing functools.partial(<built-in method cursor of sqlite3.Connection object at 0x000001E9693274C0>)
operation functools.partial(<built-in method cursor of sqlite3.Connection object at 0x000001E9693274C0>) completed
executing functools.partial(<built-in method execute of sqlite3.Cursor object at 0x000001E969D4F140>, 'PRAGMA temp.table_info("dead_letter_queue")', ())
operation functools.partial(<built-in method execute of sqlite3.Cursor object at 0x000001E969D4F140>, 'PRAGMA temp.table_info("dead_letter_queue")', ()) completed
executing functools.partial(<built-in method fetchall of sqlite3.Cursor object at 0x000001E969D4F140>)
operation functools.partial(<built-in method fetchall of sqlite3.Cursor object at 0x000001E969D4F140>) completed
executing functools.partial(<built-in method close of sqlite3.Cursor object at 0x000001E969D4F140>)
operation functools.partial(<built-in method close of sqlite3.Cursor object at 0x000001E969D4F140>) completed
executing functools.partial(<built-in method cursor of sqlite3.Connection object at 0x000001E9693274C0>)
operation functools.partial(<built-in method cursor of sqlite3.Connection object at 0x000001E9693274C0>) completed
executing functools.partial(<built-in method execute of sqlite3.Cursor object at 0x000001E969D4F1C0>, 'PRAGMA main.table_info("offers")', ())
operation functools.partial(<built-in method execute of sqlite3.Cursor object at 0x000001E969D4F1C0>, 'PRAGMA main.table_info("offers")', ()) completed
executing functools.partial(<built-in method fetchall of sqlite3.Cursor object at 0x000001E969D4F1C0>)
operation functools.partial(<built-in method fetchall of sqlite3.Cursor object at 0x000001E969D4F1C0>) completed
executing functools.partial(<built-in method close of sqlite3.Cursor object at 0x000001E969D4F1C0>)
operation functools.partial(<built-in method close of sqlite3.Cursor object at 0x000001E969D4F1C0>) completed
executing functools.partial(<built-in method cursor of sqlite3.Connection object at 0x000001E9693274C0>)
operation functools.partial(<built-in method cursor of sqlite3.Connection object at 0x000001E9693274C0>) completed
executing functools.partial(<built-in method execute of sqlite3.Cursor object at 0x000001E969D4EF40>, 'PRAGMA main.table_info("aya_toggle_history")', ())
operation functools.partial(<built-in method execute of sqlite3.Cursor object at 0x000001E969D4EF40>, 'PRAGMA main.table_info("aya_toggle_history")', ()) completed
executing functools.partial(<built-in method fetchall of sqlite3.Cursor object at 0x000001E969D4EF40>)
operation functools.partial(<built-in method fetchall of sqlite3.Cursor object at 0x000001E969D4EF40>) completed
executing functools.partial(<built-in method close of sqlite3.Cursor object at 0x000001E969D4EF40>)
operation functools.partial(<built-in method close of sqlite3.Cursor object at 0x000001E969D4EF40>) completed
executing functools.partial(<built-in method cursor of sqlite3.Connection object at 0x000001E9693274C0>)
operation functools.partial(<built-in method cursor of sqlite3.Connection object at 0x000001E9693274C0>) completed
executing functools.partial(<built-in method execute of sqlite3.Cursor object at 0x000001E969D4F240>, 'PRAGMA temp.table_info("aya_toggle_history")', ())
operation functools.partial(<built-in method execute of sqlite3.Cursor object at 0x000001E969D4F240>, 'PRAGMA temp.table_info("aya_toggle_history")', ()) completed
executing functools.partial(<built-in method fetchall of sqlite3.Cursor object at 0x000001E969D4F240>)
operation functools.partial(<built-in method fetchall of sqlite3.Cursor object at 0x000001E969D4F240>) completed
executing functools.partial(<built-in method close of sqlite3.Cursor object at 0x000001E969D4F240>)
operation functools.partial(<built-in method close of sqlite3.Cursor object at 0x000001E969D4F240>) completed
executing functools.partial(<built-in method cursor of sqlite3.Connection object at 0x000001E9693274C0>)
operation functools.partial(<built-in method cursor of sqlite3.Connection object at 0x000001E9693274C0>) completed
executing functools.partial(<built-in method execute of sqlite3.Cursor object at 0x000001E969D4F340>, 'PRAGMA main.table_info("conversation_summaries")', ())
operation functools.partial(<built-in method execute of sqlite3.Cursor object at 0x000001E969D4F340>, 'PRAGMA main.table_info("conversation_summaries")', ()) completed
executing functools.partial(<built-in method fetchall of sqlite3.Cursor object at 0x000001E969D4F340>)
operation functools.partial(<built-in method fetchall of sqlite3.Cursor object at 0x000001E969D4F340>) completed
executing functools.partial(<built-in method close of sqlite3.Cursor object at 0x000001E969D4F340>)
operation functools.partial(<built-in method close of sqlite3.Cursor object at 0x000001E969D4F340>) completed
executing functools.partial(<built-in method cursor of sqlite3.Connection object at 0x000001E9693274C0>)
operation functools.partial(<built-in method cursor of sqlite3.Connection object at 0x000001E9693274C0>) completed
executing functools.partial(<built-in method execute of sqlite3.Cursor object at 0x000001E969D4F2C0>, 'PRAGMA temp.table_info("conversation_summaries")', ())
operation functools.partial(<built-in method execute of sqlite3.Cursor object at 0x000001E969D4F2C0>, 'PRAGMA temp.table_info("conversation_summaries")', ()) completed
executing functools.partial(<built-in method fetchall of sqlite3.Cursor object at 0x000001E969D4F2C0>)
operation functools.partial(<built-in method fetchall of sqlite3.Cursor object at 0x000001E969D4F2C0>) completed
executing functools.partial(<built-in method close of sqlite3.Cursor object at 0x000001E969D4F2C0>)
operation functools.partial(<built-in method close of sqlite3.Cursor object at 0x000001E969D4F2C0>) completed
executing functools.partial(<built-in method cursor of sqlite3.Connection object at 0x000001E9693274C0>)
operation functools.partial(<built-in method cursor of sqlite3.Connection object at 0x000001E9693274C0>) completed
executing functools.partial(<built-in method execute of sqlite3.Cursor object at 0x000001E969D4F3C0>, 'PRAGMA main.table_info("travels")', ())
operation functools.partial(<built-in method execute of sqlite3.Cursor object at 0x000001E969D4F3C0>, 'PRAGMA main.table_info("travels")', ()) completed
executing functools.partial(<built-in method fetchall of sqlite3.Cursor object at 0x000001E969D4F3C0>)
operation functools.partial(<built-in method fetchall of sqlite3.Cursor object at 0x000001E969D4F3C0>) completed
executing functools.partial(<built-in method close of sqlite3.Cursor object at 0x000001E969D4F3C0>)
operation functools.partial(<built-in method close of sqlite3.Cursor object at 0x000001E969D4F3C0>) completed
executing functools.partial(<built-in method cursor of sqlite3.Connection object at 0x000001E9693274C0>)
operation functools.partial(<built-in method cursor of sqlite3.Connection object at 0x000001E9693274C0>) completed
executing functools.partial(<built-in method execute of sqlite3.Cursor object at 0x000001E969D4F9C0>, 'PRAGMA main.table_info("itinerary_items")', ())
operation functools.partial(<built-in method execute of sqlite3.Cursor object at 0x000001E969D4F9C0>, 'PRAGMA main.table_info("itinerary_items")', ()) completed
executing functools.partial(<built-in method fetchall of sqlite3.Cursor object at 0x000001E969D4F9C0>)
operation functools.partial(<built-in method fetchall of sqlite3.Cursor object at 0x000001E969D4F9C0>) completed
executing functools.partial(<built-in method close of sqlite3.Cursor object at 0x000001E969D4F9C0>)
operation functools.partial(<built-in method close of sqlite3.Cursor object at 0x000001E969D4F9C0>) completed
executing functools.partial(<built-in method cursor of sqlite3.Connection object at 0x000001E9693274C0>)
operation functools.partial(<built-in method cursor of sqlite3.Connection object at 0x000001E9693274C0>) completed
executing functools.partial(<built-in method execute of sqlite3.Cursor object at 0x000001E969D4F6C0>, 'PRAGMA temp.table_info("itinerary_items")', ())
operation functools.partial(<built-in method execute of sqlite3.Cursor object at 0x000001E969D4F6C0>, 'PRAGMA temp.table_info("itinerary_items")', ()) completed
executing functools.partial(<built-in method fetchall of sqlite3.Cursor object at 0x000001E969D4F6C0>)
operation functools.partial(<built-in method fetchall of sqlite3.Cursor object at 0x000001E969D4F6C0>) completed
executing functools.partial(<built-in method close of sqlite3.Cursor object at 0x000001E969D4F6C0>)
operation functools.partial(<built-in method close of sqlite3.Cursor object at 0x000001E969D4F6C0>) completed
executing functools.partial(<built-in method cursor of sqlite3.Connection object at 0x000001E9693274C0>)
operation functools.partial(<built-in method cursor of sqlite3.Connection object at 0x000001E9693274C0>) completed
executing functools.partial(<built-in method execute of sqlite3.Cursor object at 0x000001E969D4F540>, 'PRAGMA main.table_info("travel_checkpoints")', ())
operation functools.partial(<built-in method execute of sqlite3.Cursor object at 0x000001E969D4F540>, 'PRAGMA main.table_info("travel_checkpoints")', ()) completed
executing functools.partial(<built-in method fetchall of sqlite3.Cursor object at 0x000001E969D4F540>)
operation functools.partial(<built-in method fetchall of sqlite3.Cursor object at 0x000001E969D4F540>) completed
executing functools.partial(<built-in method close of sqlite3.Cursor object at 0x000001E969D4F540>)
operation functools.partial(<built-in method close of sqlite3.Cursor object at 0x000001E969D4F540>) completed
executing functools.partial(<built-in method cursor of sqlite3.Connection object at 0x000001E9693274C0>)
operation functools.partial(<built-in method cursor of sqlite3.Connection object at 0x000001E9693274C0>) completed
executing functools.partial(<built-in method execute of sqlite3.Cursor object at 0x000001E969D4F4C0>, 'PRAGMA temp.table_info("travel_checkpoints")', ())
operation functools.partial(<built-in method execute of sqlite3.Cursor object at 0x000001E969D4F4C0>, 'PRAGMA temp.table_info("travel_checkpoints")', ()) completed
executing functools.partial(<built-in method fetchall of sqlite3.Cursor object at 0x000001E969D4F4C0>)
operation functools.partial(<built-in method fetchall of sqlite3.Cursor object at 0x000001E969D4F4C0>) completed
executing functools.partial(<built-in method close of sqlite3.Cursor object at 0x000001E969D4F4C0>)
operation functools.partial(<built-in method close of sqlite3.Cursor object at 0x000001E969D4F4C0>) completed
executing functools.partial(<built-in method cursor of sqlite3.Connection object at 0x000001E9693274C0>)
operation functools.partial(<built-in method cursor of sqlite3.Connection object at 0x000001E9693274C0>) completed
executing functools.partial(<built-in method execute of sqlite3.Cursor object at 0x000001E969D4F740>, 'PRAGMA main.table_info("lead_offers")', ())
operation functools.partial(<built-in method execute of sqlite3.Cursor object at 0x000001E969D4F740>, 'PRAGMA main.table_info("lead_offers")', ()) completed
executing functools.partial(<built-in method fetchall of sqlite3.Cursor object at 0x000001E969D4F740>)
operation functools.partial(<built-in method fetchall of sqlite3.Cursor object at 0x000001E969D4F740>) completed
executing functools.partial(<built-in method close of sqlite3.Cursor object at 0x000001E969D4F740>)
operation functools.partial(<built-in method close of sqlite3.Cursor object at 0x000001E969D4F740>) completed
executing functools.partial(<built-in method cursor of sqlite3.Connection object at 0x000001E9693274C0>)
operation functools.partial(<built-in method cursor of sqlite3.Connection object at 0x000001E9693274C0>) completed
executing functools.partial(<built-in method execute of sqlite3.Cursor object at 0x000001E969D4FA40>, 'PRAGMA temp.table_info("lead_offers")', ())
operation functools.partial(<built-in method execute of sqlite3.Cursor object at 0x000001E969D4FA40>, 'PRAGMA temp.table_info("lead_offers")', ()) completed
executing functools.partial(<built-in method fetchall of sqlite3.Cursor object at 0x000001E969D4FA40>)
operation functools.partial(<built-in method fetchall of sqlite3.Cursor object at 0x000001E969D4FA40>) completed
executing functools.partial(<built-in method close of sqlite3.Cursor object at 0x000001E969D4FA40>)
operation functools.partial(<built-in method close of sqlite3.Cursor object at 0x000001E969D4FA40>) completed
executing functools.partial(<built-in method cursor of sqlite3.Connection object at 0x000001E9693274C0>)
operation functools.partial(<built-in method cursor of sqlite3.Connection object at 0x000001E9693274C0>) completed
executing functools.partial(<built-in method execute of sqlite3.Cursor object at 0x000001E969D4D9C0>, '\nCREATE TABLE lead_score_history (\n\tid UUID NOT NULL, \n\tlead_id UUID NOT NULL, \n\tscore_numerico INTEGER NOT NULL, \n\tscore_label VARCHAR(10) NOT NULL, \n\tmotivo VARCHAR(255), \n\tcriterios_json TEXT, \n\tcriado_em DATETIME DEFAULT CURRENT_TIMESTAMP NOT NULL, \n\tPRIMARY KEY (id), \n\tFOREIGN KEY(lead_id) REFERENCES leads (id) ON DELETE CASCADE\n)\n\n', ())
operation functools.partial(<built-in method execute of sqlite3.Cursor object at 0x000001E969D4D9C0>, '\nCREATE TABLE lead_score_history (\n\tid UUID NOT NULL, \n\tlead_id UUID NOT NULL, \n\tscore_numerico INTEGER NOT NULL, \n\tscore_label VARCHAR(10) NOT NULL, \n\tmotivo VARCHAR(255), \n\tcriterios_json TEXT, \n\tcriado_em DATETIME DEFAULT CURRENT_TIMESTAMP NOT NULL, \n\tPRIMARY KEY (id), \n\tFOREIGN KEY(lead_id) REFERENCES leads (id) ON DELETE CASCADE\n)\n\n', ()) completed
executing functools.partial(<built-in method close of sqlite3.Cursor object at 0x000001E969D4D9C0>)
operation functools.partial(<built-in method close of sqlite3.Cursor object at 0x000001E969D4D9C0>) completed
executing functools.partial(<built-in method cursor of sqlite3.Connection object at 0x000001E9693274C0>)
operation functools.partial(<built-in method cursor of sqlite3.Connection object at 0x000001E9693274C0>) completed
executing functools.partial(<built-in method execute of sqlite3.Cursor object at 0x000001E969D4C340>, 'CREATE INDEX ix_lead_score_history_lead_id ON lead_score_history (lead_id)', ())
operation functools.partial(<built-in method execute of sqlite3.Cursor object at 0x000001E969D4C340>, 'CREATE INDEX ix_lead_score_history_lead_id ON lead_score_history (lead_id)', ()) completed
executing functools.partial(<built-in method close of sqlite3.Cursor object at 0x000001E969D4C340>)
operation functools.partial(<built-in method close of sqlite3.Cursor object at 0x000001E969D4C340>) completed
executing functools.partial(<built-in method cursor of sqlite3.Connection object at 0x000001E9693274C0>)
operation functools.partial(<built-in method cursor of sqlite3.Connection object at 0x000001E9693274C0>) completed
executing functools.partial(<built-in method execute of sqlite3.Cursor object at 0x000001E969D4C5C0>, 'CREATE INDEX ix_lead_score_history_lead_id ON lead_score_history (lead_id)', ())
returning exception index ix_lead_score_history_lead_id already exists
executing functools.partial(<built-in method rollback of sqlite3.Connection object at 0x000001E9693274C0>)
operation functools.partial(<built-in method rollback of sqlite3.Connection object at 0x000001E9693274C0>) completed
executing functools.partial(<built-in method rollback of sqlite3.Connection object at 0x000001E9693274C0>)
operation functools.partial(<built-in method rollback of sqlite3.Connection object at 0x000001E9693274C0>) completed
----------------------------- Captured log setup ------------------------------
DEBUG    aiosqlite:core.py:62 executing functools.partial(<built-in method cursor of sqlite3.Connection object at 0x000001E9693274C0>)
DEBUG    aiosqlite:core.py:67 operation functools.partial(<built-in method cursor of sqlite3.Connection object at 0x000001E9693274C0>) completed
DEBUG    aiosqlite:core.py:62 executing functools.partial(<built-in method execute of sqlite3.Cursor object at 0x000001E969D4DEC0>, 'PRAGMA main.table_info("users")', ())
DEBUG    aiosqlite:core.py:67 operation functools.partial(<built-in method execute of sqlite3.Cursor object at 0x000001E969D4DEC0>, 'PRAGMA main.table_info("users")', ()) completed
DEBUG    aiosqlite:core.py:62 executing functools.partial(<built-in method fetchall of sqlite3.Cursor object at 0x000001E969D4DEC0>)
DEBUG    aiosqlite:core.py:67 operation functools.partial(<built-in method fetchall of sqlite3.Cursor object at 0x000001E969D4DEC0>) completed
DEBUG    aiosqlite:core.py:62 executing functools.partial(<built-in method close of sqlite3.Cursor object at 0x000001E969D4DEC0>)
DEBUG    aiosqlite:core.py:67 operation functools.partial(<built-in method close of sqlite3.Cursor object at 0x000001E969D4DEC0>) completed
DEBUG    aiosqlite:core.py:62 executing functools.partial(<built-in method cursor of sqlite3.Connection object at 0x000001E9693274C0>)
DEBUG    aiosqlite:core.py:67 operation functools.partial(<built-in method cursor of sqlite3.Connection object at 0x000001E9693274C0>) completed
DEBUG    aiosqlite:core.py:62 executing functools.partial(<built-in method execute of sqlite3.Cursor object at 0x000001E969D4E040>, 'PRAGMA main.table_info("leads")', ())
DEBUG    aiosqlite:core.py:67 operation functools.partial(<built-in method execute of sqlite3.Cursor object at 0x000001E969D4E040>, 'PRAGMA main.table_info("leads")', ()) completed
DEBUG    aiosqlite:core.py:62 executing functools.partial(<built-in method fetchall of sqlite3.Cursor object at 0x000001E969D4E040>)
DEBUG    aiosqlite:core.py:67 operation functools.partial(<built-in method fetchall of sqlite3.Cursor object at 0x000001E969D4E040>) completed
DEBUG    aiosqlite:core.py:62 executing functools.partial(<built-in method close of sqlite3.Cursor object at 0x000001E969D4E040>)
DEBUG    aiosqlite:core.py:67 operation functools.partial(<built-in method close of sqlite3.Cursor object at 0x000001E969D4E040>) completed
DEBUG    aiosqlite:core.py:62 executing functools.partial(<built-in method cursor of sqlite3.Connection object at 0x000001E9693274C0>)
DEBUG    aiosqlite:core.py:67 operation functools.partial(<built-in method cursor of sqlite3.Connection object at 0x000001E9693274C0>) completed
DEBUG    aiosqlite:core.py:62 executing functools.partial(<built-in method execute of sqlite3.Cursor object at 0x000001E969D4DFC0>, 'PRAGMA main.table_info("lead_score_history")', ())
DEBUG    aiosqlite:core.py:67 operation functools.partial(<built-in method execute of sqlite3.Cursor object at 0x000001E969D4DFC0>, 'PRAGMA main.table_info("lead_score_history")', ()) completed
DEBUG    aiosqlite:core.py:62 executing functools.partial(<built-in method fetchall of sqlite3.Cursor object at 0x000001E969D4DFC0>)
DEBUG    aiosqlite:core.py:67 operation functools.partial(<built-in method fetchall of sqlite3.Cursor object at 0x000001E969D4DFC0>) completed
DEBUG    aiosqlite:core.py:62 executing functools.partial(<built-in method close of sqlite3.Cursor object at 0x000001E969D4DFC0>)
DEBUG    aiosqlite:core.py:67 operation functools.partial(<built-in method close of sqlite3.Cursor object at 0x000001E969D4DFC0>) completed
DEBUG    aiosqlite:core.py:62 executing functools.partial(<built-in method cursor of sqlite3.Connection object at 0x000001E9693274C0>)
DEBUG    aiosqlite:core.py:67 operation functools.partial(<built-in method cursor of sqlite3.Connection object at 0x000001E9693274C0>) completed
DEBUG    aiosqlite:core.py:62 executing functools.partial(<built-in method execute of sqlite3.Cursor object at 0x000001E969D4E140>, 'PRAGMA temp.table_info("lead_score_history")', ())
DEBUG    aiosqlite:core.py:67 operation functools.partial(<built-in method execute of sqlite3.Cursor object at 0x000001E969D4E140>, 'PRAGMA temp.table_info("lead_score_history")', ()) completed
DEBUG    aiosqlite:core.py:62 executing functools.partial(<built-in method fetchall of sqlite3.Cursor object at 0x000001E969D4E140>)
DEBUG    aiosqlite:core.py:67 operation functools.partial(<built-in method fetchall of sqlite3.Cursor object at 0x000001E969D4E140>) completed
DEBUG    aiosqlite:core.py:62 executing functools.partial(<built-in method close of sqlite3.Cursor object at 0x000001E969D4E140>)
DEBUG    aiosqlite:core.py:67 operation functools.partial(<built-in method close of sqlite3.Cursor object at 0x000001E969D4E140>) completed
DEBUG    aiosqlite:core.py:62 executing functools.partial(<built-in method cursor of sqlite3.Connection object at 0x000001E9693274C0>)
DEBUG    aiosqlite:core.py:67 operation functools.partial(<built-in method cursor of sqlite3.Connection object at 0x000001E9693274C0>) completed
DEBUG    aiosqlite:core.py:62 executing functools.partial(<built-in method execute of sqlite3.Cursor object at 0x000001E969D4E4C0>, 'PRAGMA main.table_info("briefings")', ())
DEBUG    aiosqlite:core.py:67 operation functools.partial(<built-in method execute of sqlite3.Cursor object at 0x000001E969D4E4C0>, 'PRAGMA main.table_info("briefings")', ()) completed
DEBUG    aiosqlite:core.py:62 executing functools.partial(<built-in method fetchall of sqlite3.Cursor object at 0x000001E969D4E4C0>)
DEBUG    aiosqlite:core.py:67 operation functools.partial(<built-in method fetchall of sqlite3.Cursor object at 0x000001E969D4E4C0>) completed
DEBUG    aiosqlite:core.py:62 executing functools.partial(<built-in method close of sqlite3.Cursor object at 0x000001E969D4E4C0>)
DEBUG    aiosqlite:core.py:67 operation functools.partial(<built-in method close of sqlite3.Cursor object at 0x000001E969D4E4C0>) completed
DEBUG    aiosqlite:core.py:62 executing functools.partial(<built-in method cursor of sqlite3.Connection object at 0x000001E9693274C0>)
DEBUG    aiosqlite:core.py:67 operation functools.partial(<built-in method cursor of sqlite3.Connection object at 0x000001E9693274C0>) completed
DEBUG    aiosqlite:core.py:62 executing functools.partial(<built-in method execute of sqlite3.Cursor object at 0x000001E969D4E440>, 'PRAGMA temp.table_info("briefings")', ())
DEBUG    aiosqlite:core.py:67 operation functools.partial(<built-in method execute of sqlite3.Cursor object at 0x000001E969D4E440>, 'PRAGMA temp.table_info("briefings")', ()) completed
DEBUG    aiosqlite:core.py:62 executing functools.partial(<built-in method fetchall of sqlite3.Cursor object at 0x000001E969D4E440>)
DEBUG    aiosqlite:core.py:67 operation functools.partial(<built-in method fetchall of sqlite3.Cursor object at 0x000001E969D4E440>) completed
DEBUG    aiosqlite:core.py:62 executing functools.partial(<built-in method close of sqlite3.Cursor object at 0x000001E969D4E440>)
DEBUG    aiosqlite:core.py:67 operation functools.partial(<built-in method close of sqlite3.Cursor object at 0x000001E969D4E440>) completed
DEBUG    aiosqlite:core.py:62 executing functools.partial(<built-in method cursor of sqlite3.Connection object at 0x000001E9693274C0>)
DEBUG    aiosqlite:core.py:67 operation functools.partial(<built-in method cursor of sqlite3.Connection object at 0x000001E9693274C0>) completed
DEBUG    aiosqlite:core.py:62 executing functools.partial(<built-in method execute of sqlite3.Cursor object at 0x000001E969D4E640>, 'PRAGMA main.table_info("interacoes")', ())
DEBUG    aiosqlite:core.py:67 operation functools.partial(<built-in method execute of sqlite3.Cursor object at 0x000001E969D4E640>, 'PRAGMA main.table_info("interacoes")', ()) completed
DEBUG    aiosqlite:core.py:62 executing functools.partial(<built-in method fetchall of sqlite3.Cursor object at 0x000001E969D4E640>)
DEBUG    aiosqlite:core.py:67 operation functools.partial(<built-in method fetchall of sqlite3.Cursor object at 0x000001E969D4E640>) completed
DEBUG    aiosqlite:core.py:62 executing functools.partial(<built-in method close of sqlite3.Cursor object at 0x000001E969D4E640>)
DEBUG    aiosqlite:core.py:67 operation functools.partial(<built-in method close of sqlite3.Cursor object at 0x000001E969D4E640>) completed
DEBUG    aiosqlite:core.py:62 executing functools.partial(<built-in method cursor of sqlite3.Connection object at 0x000001E9693274C0>)
DEBUG    aiosqlite:core.py:67 operation functools.partial(<built-in method cursor of sqlite3.Connection object at 0x000001E9693274C0>) completed
DEBUG    aiosqlite:core.py:62 executing functools.partial(<built-in method execute of sqlite3.Cursor object at 0x000001E969D4E5C0>, 'PRAGMA temp.table_info("interacoes")', ())
DEBUG    aiosqlite:core.py:67 operation functools.partial(<built-in method execute of sqlite3.Cursor object at 0x000001E969D4E5C0>, 'PRAGMA temp.table_info("interacoes")', ()) completed
DEBUG    aiosqlite:core.py:62 executing functools.partial(<built-in method fetchall of sqlite3.Cursor object at 0x000001E969D4E5C0>)
DEBUG    aiosqlite:core.py:67 operation functools.partial(<built-in method fetchall of sqlite3.Cursor object at 0x000001E969D4E5C0>) completed
DEBUG    aiosqlite:core.py:62 executing functools.partial(<built-in method close of sqlite3.Cursor object at 0x000001E969D4E5C0>)
DEBUG    aiosqlite:core.py:67 operation functools.partial(<built-in method close of sqlite3.Cursor object at 0x000001E969D4E5C0>) completed
DEBUG    aiosqlite:core.py:62 executing functools.partial(<built-in method cursor of sqlite3.Connection object at 0x000001E9693274C0>)
DEBUG    aiosqlite:core.py:67 operation functools.partial(<built-in method cursor of sqlite3.Connection object at 0x000001E9693274C0>) completed
DEBUG    aiosqlite:core.py:62 executing functools.partial(<built-in method execute of sqlite3.Cursor object at 0x000001E969D4E7C0>, 'PRAGMA main.table_info("agendamentos")', ())
DEBUG    aiosqlite:core.py:67 operation functools.partial(<built-in method execute of sqlite3.Cursor object at 0x000001E969D4E7C0>, 'PRAGMA main.table_info("agendamentos")', ()) completed
DEBUG    aiosqlite:core.py:62 executing functools.partial(<built-in method fetchall of sqlite3.Cursor object at 0x000001E969D4E7C0>)
DEBUG    aiosqlite:core.py:67 operation functools.partial(<built-in method fetchall of sqlite3.Cursor object at 0x000001E969D4E7C0>) completed
DEBUG    aiosqlite:core.py:62 executing functools.partial(<built-in method close of sqlite3.Cursor object at 0x000001E969D4E7C0>)
DEBUG    aiosqlite:core.py:67 operation functools.partial(<built-in method close of sqlite3.Cursor object at 0x000001E969D4E7C0>) completed
DEBUG    aiosqlite:core.py:62 executing functools.partial(<built-in method cursor of sqlite3.Connection object at 0x000001E9693274C0>)
DEBUG    aiosqlite:core.py:67 operation functools.partial(<built-in method cursor of sqlite3.Connection object at 0x000001E9693274C0>) completed
DEBUG    aiosqlite:core.py:62 executing functools.partial(<built-in method execute of sqlite3.Cursor object at 0x000001E969D4E740>, 'PRAGMA temp.table_info("agendamentos")', ())
DEBUG    aiosqlite:core.py:67 operation functools.partial(<built-in method execute of sqlite3.Cursor object at 0x000001E969D4E740>, 'PRAGMA temp.table_info("agendamentos")', ()) completed
DEBUG    aiosqlite:core.py:62 executing functools.partial(<built-in method fetchall of sqlite3.Cursor object at 0x000001E969D4E740>)
DEBUG    aiosqlite:core.py:67 operation functools.partial(<built-in method fetchall of sqlite3.Cursor object at 0x000001E969D4E740>) completed
DEBUG    aiosqlite:core.py:62 executing functools.partial(<built-in method close of sqlite3.Cursor object at 0x000001E969D4E740>)
DEBUG    aiosqlite:core.py:67 operation functools.partial(<built-in method close of sqlite3.Cursor object at 0x000001E969D4E740>) completed
DEBUG    aiosqlite:core.py:62 executing functools.partial(<built-in method cursor of sqlite3.Connection object at 0x000001E9693274C0>)
DEBUG    aiosqlite:core.py:67 operation functools.partial(<built-in method cursor of sqlite3.Connection object at 0x000001E9693274C0>) completed
DEBUG    aiosqlite:core.py:62 executing functools.partial(<built-in method execute of sqlite3.Cursor object at 0x000001E969D4E940>, 'PRAGMA main.table_info("propostas")', ())
DEBUG    aiosqlite:core.py:67 operation functools.partial(<built-in method execute of sqlite3.Cursor object at 0x000001E969D4E940>, 'PRAGMA main.table_info("propostas")', ()) completed
DEBUG    aiosqlite:core.py:62 executing functools.partial(<built-in method fetchall of sqlite3.Cursor object at 0x000001E969D4E940>)
DEBUG    aiosqlite:core.py:67 operation functools.partial(<built-in method fetchall of sqlite3.Cursor object at 0x000001E969D4E940>) completed
DEBUG    aiosqlite:core.py:62 executing functools.partial(<built-in method close of sqlite3.Cursor object at 0x000001E969D4E940>)
DEBUG    aiosqlite:core.py:67 operation functools.partial(<built-in method close of sqlite3.Cursor object at 0x000001E969D4E940>) completed
DEBUG    aiosqlite:core.py:62 executing functools.partial(<built-in method cursor of sqlite3.Connection object at 0x000001E9693274C0>)
DEBUG    aiosqlite:core.py:67 operation functools.partial(<built-in method cursor of sqlite3.Connection object at 0x000001E9693274C0>) completed
DEBUG    aiosqlite:core.py:62 executing functools.partial(<built-in method execute of sqlite3.Cursor object at 0x000001E969D4E8C0>, 'PRAGMA temp.table_info("propostas")', ())
DEBUG    aiosqlite:core.py:67 operation functools.partial(<built-in method execute of sqlite3.Cursor object at 0x000001E969D4E8C0>, 'PRAGMA temp.table_info("propostas")', ()) completed
DEBUG    aiosqlite:core.py:62 executing functools.partial(<built-in method fetchall of sqlite3.Cursor object at 0x000001E969D4E8C0>)
DEBUG    aiosqlite:core.py:67 operation functools.partial(<built-in method fetchall of sqlite3.Cursor object at 0x000001E969D4E8C0>) completed
DEBUG    aiosqlite:core.py:62 executing functools.partial(<built-in method close of sqlite3.Cursor object at 0x000001E969D4E8C0>)
DEBUG    aiosqlite:core.py:67 operation functools.partial(<built-in method close of sqlite3.Cursor object at 0x000001E969D4E8C0>) completed
DEBUG    aiosqlite:core.py:62 executing functools.partial(<built-in method cursor of sqlite3.Connection object at 0x000001E9693274C0>)
DEBUG    aiosqlite:core.py:67 operation functools.partial(<built-in method cursor of sqlite3.Connection object at 0x000001E9693274C0>) completed
DEBUG    aiosqlite:core.py:62 executing functools.partial(<built-in method execute of sqlite3.Cursor object at 0x000001E969D4EB40>, 'PRAGMA main.table_info("suitcase_items")', ())
DEBUG    aiosqlite:core.py:67 operation functools.partial(<built-in method execute of sqlite3.Cursor object at 0x000001E969D4EB40>, 'PRAGMA main.table_info("suitcase_items")', ()) completed
DEBUG    aiosqlite:core.py:62 executing functools.partial(<built-in method fetchall of sqlite3.Cursor object at 0x000001E969D4EB40>)
DEBUG    aiosqlite:core.py:67 operation functools.partial(<built-in method fetchall of sqlite3.Cursor object at 0x000001E969D4EB40>) completed
DEBUG    aiosqlite:core.py:62 executing functools.partial(<built-in method close of sqlite3.Cursor object at 0x000001E969D4EB40>)
DEBUG    aiosqlite:core.py:67 operation functools.partial(<built-in method close of sqlite3.Cursor object at 0x000001E969D4EB40>) completed
DEBUG    aiosqlite:core.py:62 executing functools.partial(<built-in method cursor of sqlite3.Connection object at 0x000001E9693274C0>)
DEBUG    aiosqlite:core.py:67 operation functools.partial(<built-in method cursor of sqlite3.Connection object at 0x000001E9693274C0>) completed
DEBUG    aiosqlite:core.py:62 executing functools.partial(<built-in method execute of sqlite3.Cursor object at 0x000001E969D4E9C0>, 'PRAGMA temp.table_info("suitcase_items")', ())
DEBUG    aiosqlite:core.py:67 operation functools.partial(<built-in method execute of sqlite3.Cursor object at 0x000001E969D4E9C0>, 'PRAGMA temp.table_info("suitcase_items")', ()) completed
DEBUG    aiosqlite:core.py:62 executing functools.partial(<built-in method fetchall of sqlite3.Cursor object at 0x000001E969D4E9C0>)
DEBUG    aiosqlite:core.py:67 operation functools.partial(<built-in method fetchall of sqlite3.Cursor object at 0x000001E969D4E9C0>) completed
DEBUG    aiosqlite:core.py:62 executing functools.partial(<built-in method close of sqlite3.Cursor object at 0x000001E969D4E9C0>)
DEBUG    aiosqlite:core.py:67 operation functools.partial(<built-in method close of sqlite3.Cursor object at 0x000001E969D4E9C0>) completed
DEBUG    aiosqlite:core.py:62 executing functools.partial(<built-in method cursor of sqlite3.Connection object at 0x000001E9693274C0>)
DEBUG    aiosqlite:core.py:67 operation functools.partial(<built-in method cursor of sqlite3.Connection object at 0x000001E9693274C0>) completed
DEBUG    aiosqlite:core.py:62 executing functools.partial(<built-in method execute of sqlite3.Cursor object at 0x000001E969D4EC40>, 'PRAGMA main.table_info("suitcase_suggestions")', ())
DEBUG    aiosqlite:core.py:67 operation functools.partial(<built-in method execute of sqlite3.Cursor object at 0x000001E969D4EC40>, 'PRAGMA main.table_info("suitcase_suggestions")', ()) completed
DEBUG    aiosqlite:core.py:62 executing functools.partial(<built-in method fetchall of sqlite3.Cursor object at 0x000001E969D4EC40>)
DEBUG    aiosqlite:core.py:67 operation functools.partial(<built-in method fetchall of sqlite3.Cursor object at 0x000001E969D4EC40>) completed
DEBUG    aiosqlite:core.py:62 executing functools.partial(<built-in method close of sqlite3.Cursor object at 0x000001E969D4EC40>)
DEBUG    aiosqlite:core.py:67 operation functools.partial(<built-in method close of sqlite3.Cursor object at 0x000001E969D4EC40>) completed
DEBUG    aiosqlite:core.py:62 executing functools.partial(<built-in method cursor of sqlite3.Connection object at 0x000001E9693274C0>)
DEBUG    aiosqlite:core.py:67 operation functools.partial(<built-in method cursor of sqlite3.Connection object at 0x000001E9693274C0>) completed
DEBUG    aiosqlite:core.py:62 executing functools.partial(<built-in method execute of sqlite3.Cursor object at 0x000001E969D4ED40>, 'PRAGMA main.table_info("travel_diary_entries")', ())
DEBUG    aiosqlite:core.py:67 operation functools.partial(<built-in method execute of sqlite3.Cursor object at 0x000001E969D4ED40>, 'PRAGMA main.table_info("travel_diary_entries")', ()) completed
DEBUG    aiosqlite:core.py:62 executing functools.partial(<built-in method fetchall of sqlite3.Cursor object at 0x000001E969D4ED40>)
DEBUG    aiosqlite:core.py:67 operation functools.partial(<built-in method fetchall of sqlite3.Cursor object at 0x000001E969D4ED40>) completed
DEBUG    aiosqlite:core.py:62 executing functools.partial(<built-in method close of sqlite3.Cursor object at 0x000001E969D4ED40>)
DEBUG    aiosqlite:core.py:67 operation functools.partial(<built-in method close of sqlite3.Cursor object at 0x000001E969D4ED40>) completed
DEBUG    aiosqlite:core.py:62 executing functools.partial(<built-in method cursor of sqlite3.Connection object at 0x000001E9693274C0>)
DEBUG    aiosqlite:core.py:67 operation functools.partial(<built-in method cursor of sqlite3.Connection object at 0x000001E9693274C0>) completed
DEBUG    aiosqlite:core.py:62 executing functools.partial(<built-in method execute of sqlite3.Cursor object at 0x000001E969D4EA40>, 'PRAGMA temp.table_info("travel_diary_entries")', ())
DEBUG    aiosqlite:core.py:67 operation functools.partial(<built-in method execute of sqlite3.Cursor object at 0x000001E969D4EA40>, 'PRAGMA temp.table_info("travel_diary_entries")', ()) completed
DEBUG    aiosqlite:core.py:62 executing functools.partial(<built-in method fetchall of sqlite3.Cursor object at 0x000001E969D4EA40>)
DEBUG    aiosqlite:core.py:67 operation functools.partial(<built-in method fetchall of sqlite3.Cursor object at 0x000001E969D4EA40>) completed
DEBUG    aiosqlite:core.py:62 executing functools.partial(<built-in method close of sqlite3.Cursor object at 0x000001E969D4EA40>)
DEBUG    aiosqlite:core.py:67 operation functools.partial(<built-in method close of sqlite3.Cursor object at 0x000001E969D4EA40>) completed
DEBUG    aiosqlite:core.py:62 executing functools.partial(<built-in method cursor of sqlite3.Connection object at 0x000001E9693274C0>)
DEBUG    aiosqlite:core.py:67 operation functools.partial(<built-in method cursor of sqlite3.Connection object at 0x000001E9693274C0>) completed
DEBUG    aiosqlite:core.py:62 executing functools.partial(<built-in method execute of sqlite3.Cursor object at 0x000001E969D4EAC0>, 'PRAGMA main.table_info("documentos")', ())
DEBUG    aiosqlite:core.py:67 operation functools.partial(<built-in method execute of sqlite3.Cursor object at 0x000001E969D4EAC0>, 'PRAGMA main.table_info("documentos")', ()) completed
DEBUG    aiosqlite:core.py:62 executing functools.partial(<built-in method fetchall of sqlite3.Cursor object at 0x000001E969D4EAC0>)
DEBUG    aiosqlite:core.py:67 operation functools.partial(<built-in method fetchall of sqlite3.Cursor object at 0x000001E969D4EAC0>) completed
DEBUG    aiosqlite:core.py:62 executing functools.partial(<built-in method close of sqlite3.Cursor object at 0x000001E969D4EAC0>)
DEBUG    aiosqlite:core.py:67 operation functools.partial(<built-in method close of sqlite3.Cursor object at 0x000001E969D4EAC0>) completed
DEBUG    aiosqlite:core.py:62 executing functools.partial(<built-in method cursor of sqlite3.Connection object at 0x000001E9693274C0>)
DEBUG    aiosqlite:core.py:67 operation functools.partial(<built-in method cursor of sqlite3.Connection object at 0x000001E9693274C0>) completed
DEBUG    aiosqlite:core.py:62 executing functools.partial(<built-in method execute of sqlite3.Cursor object at 0x000001E969D4EE40>, 'PRAGMA temp.table_info("documentos")', ())
DEBUG    aiosqlite:core.py:67 operation functools.partial(<built-in method execute of sqlite3.Cursor object at 0x000001E969D4EE40>, 'PRAGMA temp.table_info("documentos")', ()) completed
DEBUG    aiosqlite:core.py:62 executing functools.partial(<built-in method fetchall of sqlite3.Cursor object at 0x000001E969D4EE40>)
DEBUG    aiosqlite:core.py:67 operation functools.partial(<built-in method fetchall of sqlite3.Cursor object at 0x000001E969D4EE40>) completed
DEBUG    aiosqlite:core.py:62 executing functools.partial(<built-in method close of sqlite3.Cursor object at 0x000001E969D4EE40>)
DEBUG    aiosqlite:core.py:67 operation functools.partial(<built-in method close of sqlite3.Cursor object at 0x000001E969D4EE40>) completed
DEBUG    aiosqlite:core.py:62 executing functools.partial(<built-in method cursor of sqlite3.Connection object at 0x000001E9693274C0>)
DEBUG    aiosqlite:core.py:67 operation functools.partial(<built-in method cursor of sqlite3.Connection object at 0x000001E9693274C0>) completed
DEBUG    aiosqlite:core.py:62 executing functools.partial(<built-in method execute of sqlite3.Cursor object at 0x000001E969D4F0C0>, 'PRAGMA main.table_info("notification_queue")', ())
DEBUG    aiosqlite:core.py:67 operation functools.partial(<built-in method execute of sqlite3.Cursor object at 0x000001E969D4F0C0>, 'PRAGMA main.table_info("notification_queue")', ()) completed
DEBUG    aiosqlite:core.py:62 executing functools.partial(<built-in method fetchall of sqlite3.Cursor object at 0x000001E969D4F0C0>)
DEBUG    aiosqlite:core.py:67 operation functools.partial(<built-in method fetchall of sqlite3.Cursor object at 0x000001E969D4F0C0>) completed
DEBUG    aiosqlite:core.py:62 executing functools.partial(<built-in method close of sqlite3.Cursor object at 0x000001E969D4F0C0>)
DEBUG    aiosqlite:core.py:67 operation functools.partial(<built-in method close of sqlite3.Cursor object at 0x000001E969D4F0C0>) completed
DEBUG    aiosqlite:core.py:62 executing functools.partial(<built-in method cursor of sqlite3.Connection object at 0x000001E9693274C0>)
DEBUG    aiosqlite:core.py:67 operation functools.partial(<built-in method cursor of sqlite3.Connection object at 0x000001E9693274C0>) completed
DEBUG    aiosqlite:core.py:62 executing functools.partial(<built-in method execute of sqlite3.Cursor object at 0x000001E969D4EFC0>, 'PRAGMA temp.table_info("notification_queue")', ())
DEBUG    aiosqlite:core.py:67 operation functools.partial(<built-in method execute of sqlite3.Cursor object at 0x000001E969D4EFC0>, 'PRAGMA temp.table_info("notification_queue")', ()) completed
DEBUG    aiosqlite:core.py:62 executing functools.partial(<built-in method fetchall of sqlite3.Cursor object at 0x000001E969D4EFC0>)
DEBUG    aiosqlite:core.py:67 operation functools.partial(<built-in method fetchall of sqlite3.Cursor object at 0x000001E969D4EFC0>) completed
DEBUG    aiosqlite:core.py:62 executing functools.partial(<built-in method close of sqlite3.Cursor object at 0x000001E969D4EFC0>)
DEBUG    aiosqlite:core.py:67 operation functools.partial(<built-in method close of sqlite3.Cursor object at 0x000001E969D4EFC0>) completed
DEBUG    aiosqlite:core.py:62 executing functools.partial(<built-in method cursor of sqlite3.Connection object at 0x000001E9693274C0>)
DEBUG    aiosqlite:core.py:67 operation functools.partial(<built-in method cursor of sqlite3.Connection object at 0x000001E9693274C0>) completed
DEBUG    aiosqlite:core.py:62 executing functools.partial(<built-in method execute of sqlite3.Cursor object at 0x000001E969D4EEC0>, 'PRAGMA main.table_info("dead_letter_queue")', ())
DEBUG    aiosqlite:core.py:67 operation functools.partial(<built-in method execute of sqlite3.Cursor object at 0x000001E969D4EEC0>, 'PRAGMA main.table_info("dead_letter_queue")', ()) completed
DEBUG    aiosqlite:core.py:62 executing functools.partial(<built-in method fetchall of sqlite3.Cursor object at 0x000001E969D4EEC0>)
DEBUG    aiosqlite:core.py:67 operation functools.partial(<built-in method fetchall of sqlite3.Cursor object at 0x000001E969D4EEC0>) completed
DEBUG    aiosqlite:core.py:62 executing functools.partial(<built-in method close of sqlite3.Cursor object at 0x000001E969D4EEC0>)
DEBUG    aiosqlite:core.py:67 operation functools.partial(<built-in method close of sqlite3.Cursor object at 0x000001E969D4EEC0>) completed
DEBUG    aiosqlite:core.py:62 executing functools.partial(<built-in method cursor of sqlite3.Connection object at 0x000001E9693274C0>)
DEBUG    aiosqlite:core.py:67 operation functools.partial(<built-in method cursor of sqlite3.Connection object at 0x000001E9693274C0>) completed
DEBUG    aiosqlite:core.py:62 executing functools.partial(<built-in method execute of sqlite3.Cursor object at 0x000001E969D4F140>, 'PRAGMA temp.table_info("dead_letter_queue")', ())
DEBUG    aiosqlite:core.py:67 operation functools.partial(<built-in method execute of sqlite3.Cursor object at 0x000001E969D4F140>, 'PRAGMA temp.table_info("dead_letter_queue")', ()) completed
DEBUG    aiosqlite:core.py:62 executing functools.partial(<built-in method fetchall of sqlite3.Cursor object at 0x000001E969D4F140>)
DEBUG    aiosqlite:core.py:67 operation functools.partial(<built-in method fetchall of sqlite3.Cursor object at 0x000001E969D4F140>) completed
DEBUG    aiosqlite:core.py:62 executing functools.partial(<built-in method close of sqlite3.Cursor object at 0x000001E969D4F140>)
DEBUG    aiosqlite:core.py:67 operation functools.partial(<built-in method close of sqlite3.Cursor object at 0x000001E969D4F140>) completed
DEBUG    aiosqlite:core.py:62 executing functools.partial(<built-in method cursor of sqlite3.Connection object at 0x000001E9693274C0>)
DEBUG    aiosqlite:core.py:67 operation functools.partial(<built-in method cursor of sqlite3.Connection object at 0x000001E9693274C0>) completed
DEBUG    aiosqlite:core.py:62 executing functools.partial(<built-in method execute of sqlite3.Cursor object at 0x000001E969D4F1C0>, 'PRAGMA main.table_info("offers")', ())
DEBUG    aiosqlite:core.py:67 operation functools.partial(<built-in method execute of sqlite3.Cursor object at 0x000001E969D4F1C0>, 'PRAGMA main.table_info("offers")', ()) completed
DEBUG    aiosqlite:core.py:62 executing functools.partial(<built-in method fetchall of sqlite3.Cursor object at 0x000001E969D4F1C0>)
DEBUG    aiosqlite:core.py:67 operation functools.partial(<built-in method fetchall of sqlite3.Cursor object at 0x000001E969D4F1C0>) completed
DEBUG    aiosqlite:core.py:62 executing functools.partial(<built-in method close of sqlite3.Cursor object at 0x000001E969D4F1C0>)
DEBUG    aiosqlite:core.py:67 operation functools.partial(<built-in method close of sqlite3.Cursor object at 0x000001E969D4F1C0>) completed
DEBUG    aiosqlite:core.py:62 executing functools.partial(<built-in method cursor of sqlite3.Connection object at 0x000001E9693274C0>)
DEBUG    aiosqlite:core.py:67 operation functools.partial(<built-in method cursor of sqlite3.Connection object at 0x000001E9693274C0>) completed
DEBUG    aiosqlite:core.py:62 executing functools.partial(<built-in method execute of sqlite3.Cursor object at 0x000001E969D4EF40>, 'PRAGMA main.table_info("aya_toggle_history")', ())
DEBUG    aiosqlite:core.py:67 operation functools.partial(<built-in method execute of sqlite3.Cursor object at 0x000001E969D4EF40>, 'PRAGMA main.table_info("aya_toggle_history")', ()) completed
DEBUG    aiosqlite:core.py:62 executing functools.partial(<built-in method fetchall of sqlite3.Cursor object at 0x000001E969D4EF40>)
DEBUG    aiosqlite:core.py:67 operation functools.partial(<built-in method fetchall of sqlite3.Cursor object at 0x000001E969D4EF40>) completed
DEBUG    aiosqlite:core.py:62 executing functools.partial(<built-in method close of sqlite3.Cursor object at 0x000001E969D4EF40>)
DEBUG    aiosqlite:core.py:67 operation functools.partial(<built-in method close of sqlite3.Cursor object at 0x000001E969D4EF40>) completed
DEBUG    aiosqlite:core.py:62 executing functools.partial(<built-in method cursor of sqlite3.Connection object at 0x000001E9693274C0>)
DEBUG    aiosqlite:core.py:67 operation functools.partial(<built-in method cursor of sqlite3.Connection object at 0x000001E9693274C0>) completed
DEBUG    aiosqlite:core.py:62 executing functools.partial(<built-in method execute of sqlite3.Cursor object at 0x000001E969D4F240>, 'PRAGMA temp.table_info("aya_toggle_history")', ())
DEBUG    aiosqlite:core.py:67 operation functools.partial(<built-in method execute of sqlite3.Cursor object at 0x000001E969D4F240>, 'PRAGMA temp.table_info("aya_toggle_history")', ()) completed
DEBUG    aiosqlite:core.py:62 executing functools.partial(<built-in method fetchall of sqlite3.Cursor object at 0x000001E969D4F240>)
DEBUG    aiosqlite:core.py:67 operation functools.partial(<built-in method fetchall of sqlite3.Cursor object at 0x000001E969D4F240>) completed
DEBUG    aiosqlite:core.py:62 executing functools.partial(<built-in method close of sqlite3.Cursor object at 0x000001E969D4F240>)
DEBUG    aiosqlite:core.py:67 operation functools.partial(<built-in method close of sqlite3.Cursor object at 0x000001E969D4F240>) completed
DEBUG    aiosqlite:core.py:62 executing functools.partial(<built-in method cursor of sqlite3.Connection object at 0x000001E9693274C0>)
DEBUG    aiosqlite:core.py:67 operation functools.partial(<built-in method cursor of sqlite3.Connection object at 0x000001E9693274C0>) completed
DEBUG    aiosqlite:core.py:62 executing functools.partial(<built-in method execute of sqlite3.Cursor object at 0x000001E969D4F340>, 'PRAGMA main.table_info("conversation_summaries")', ())
DEBUG    aiosqlite:core.py:67 operation functools.partial(<built-in method execute of sqlite3.Cursor object at 0x000001E969D4F340>, 'PRAGMA main.table_info("conversation_summaries")', ()) completed
DEBUG    aiosqlite:core.py:62 executing functools.partial(<built-in method fetchall of sqlite3.Cursor object at 0x000001E969D4F340>)
DEBUG    aiosqlite:core.py:67 operation functools.partial(<built-in method fetchall of sqlite3.Cursor object at 0x000001E969D4F340>) completed
DEBUG    aiosqlite:core.py:62 executing functools.partial(<built-in method close of sqlite3.Cursor object at 0x000001E969D4F340>)
DEBUG    aiosqlite:core.py:67 operation functools.partial(<built-in method close of sqlite3.Cursor object at 0x000001E969D4F340>) completed
DEBUG    aiosqlite:core.py:62 executing functools.partial(<built-in method cursor of sqlite3.Connection object at 0x000001E9693274C0>)
DEBUG    aiosqlite:core.py:67 operation functools.partial(<built-in method cursor of sqlite3.Connection object at 0x000001E9693274C0>) completed
DEBUG    aiosqlite:core.py:62 executing functools.partial(<built-in method execute of sqlite3.Cursor object at 0x000001E969D4F2C0>, 'PRAGMA temp.table_info("conversation_summaries")', ())
DEBUG    aiosqlite:core.py:67 operation functools.partial(<built-in method execute of sqlite3.Cursor object at 0x000001E969D4F2C0>, 'PRAGMA temp.table_info("conversation_summaries")', ()) completed
DEBUG    aiosqlite:core.py:62 executing functools.partial(<built-in method fetchall of sqlite3.Cursor object at 0x000001E969D4F2C0>)
DEBUG    aiosqlite:core.py:67 operation functools.partial(<built-in method fetchall of sqlite3.Cursor object at 0x000001E969D4F2C0>) completed
DEBUG    aiosqlite:core.py:62 executing functools.partial(<built-in method close of sqlite3.Cursor object at 0x000001E969D4F2C0>)
DEBUG    aiosqlite:core.py:67 operation functools.partial(<built-in method close of sqlite3.Cursor object at 0x000001E969D4F2C0>) completed
DEBUG    aiosqlite:core.py:62 executing functools.partial(<built-in method cursor of sqlite3.Connection object at 0x000001E9693274C0>)
DEBUG    aiosqlite:core.py:67 operation functools.partial(<built-in method cursor of sqlite3.Connection object at 0x000001E9693274C0>) completed
DEBUG    aiosqlite:core.py:62 executing functools.partial(<built-in method execute of sqlite3.Cursor object at 0x000001E969D4F3C0>, 'PRAGMA main.table_info("travels")', ())
DEBUG    aiosqlite:core.py:67 operation functools.partial(<built-in method execute of sqlite3.Cursor object at 0x000001E969D4F3C0>, 'PRAGMA main.table_info("travels")', ()) completed
DEBUG    aiosqlite:core.py:62 executing functools.partial(<built-in method fetchall of sqlite3.Cursor object at 0x000001E969D4F3C0>)
DEBUG    aiosqlite:core.py:67 operation functools.partial(<built-in method fetchall of sqlite3.Cursor object at 0x000001E969D4F3C0>) completed
DEBUG    aiosqlite:core.py:62 executing functools.partial(<built-in method close of sqlite3.Cursor object at 0x000001E969D4F3C0>)
DEBUG    aiosqlite:core.py:67 operation functools.partial(<built-in method close of sqlite3.Cursor object at 0x000001E969D4F3C0>) completed
DEBUG    aiosqlite:core.py:62 executing functools.partial(<built-in method cursor of sqlite3.Connection object at 0x000001E9693274C0>)
DEBUG    aiosqlite:core.py:67 operation functools.partial(<built-in method cursor of sqlite3.Connection object at 0x000001E9693274C0>) completed
DEBUG    aiosqlite:core.py:62 executing functools.partial(<built-in method execute of sqlite3.Cursor object at 0x000001E969D4F9C0>, 'PRAGMA main.table_info("itinerary_items")', ())
DEBUG    aiosqlite:core.py:67 operation functools.partial(<built-in method execute of sqlite3.Cursor object at 0x000001E969D4F9C0>, 'PRAGMA main.table_info("itinerary_items")', ()) completed
DEBUG    aiosqlite:core.py:62 executing functools.partial(<built-in method fetchall of sqlite3.Cursor object at 0x000001E969D4F9C0>)
DEBUG    aiosqlite:core.py:67 operation functools.partial(<built-in method fetchall of sqlite3.Cursor object at 0x000001E969D4F9C0>) completed
DEBUG    aiosqlite:core.py:62 executing functools.partial(<built-in method close of sqlite3.Cursor object at 0x000001E969D4F9C0>)
DEBUG    aiosqlite:core.py:67 operation functools.partial(<built-in method close of sqlite3.Cursor object at 0x000001E969D4F9C0>) completed
DEBUG    aiosqlite:core.py:62 executing functools.partial(<built-in method cursor of sqlite3.Connection object at 0x000001E9693274C0>)
DEBUG    aiosqlite:core.py:67 operation functools.partial(<built-in method cursor of sqlite3.Connection object at 0x000001E9693274C0>) completed
DEBUG    aiosqlite:core.py:62 executing functools.partial(<built-in method execute of sqlite3.Cursor object at 0x000001E969D4F6C0>, 'PRAGMA temp.table_info("itinerary_items")', ())
DEBUG    aiosqlite:core.py:67 operation functools.partial(<built-in method execute of sqlite3.Cursor object at 0x000001E969D4F6C0>, 'PRAGMA temp.table_info("itinerary_items")', ()) completed
DEBUG    aiosqlite:core.py:62 executing functools.partial(<built-in method fetchall of sqlite3.Cursor object at 0x000001E969D4F6C0>)
DEBUG    aiosqlite:core.py:67 operation functools.partial(<built-in method fetchall of sqlite3.Cursor object at 0x000001E969D4F6C0>) completed
DEBUG    aiosqlite:core.py:62 executing functools.partial(<built-in method close of sqlite3.Cursor object at 0x000001E969D4F6C0>)
DEBUG    aiosqlite:core.py:67 operation functools.partial(<built-in method close of sqlite3.Cursor object at 0x000001E969D4F6C0>) completed
DEBUG    aiosqlite:core.py:62 executing functools.partial(<built-in method cursor of sqlite3.Connection object at 0x000001E9693274C0>)
DEBUG    aiosqlite:core.py:67 operation functools.partial(<built-in method cursor of sqlite3.Connection object at 0x000001E9693274C0>) completed
DEBUG    aiosqlite:core.py:62 executing functools.partial(<built-in method execute of sqlite3.Cursor object at 0x000001E969D4F540>, 'PRAGMA main.table_info("travel_checkpoints")', ())
DEBUG    aiosqlite:core.py:67 operation functools.partial(<built-in method execute of sqlite3.Cursor object at 0x000001E969D4F540>, 'PRAGMA main.table_info("travel_checkpoints")', ()) completed
DEBUG    aiosqlite:core.py:62 executing functools.partial(<built-in method fetchall of sqlite3.Cursor object at 0x000001E969D4F540>)
DEBUG    aiosqlite:core.py:67 operation functools.partial(<built-in method fetchall of sqlite3.Cursor object at 0x000001E969D4F540>) completed
DEBUG    aiosqlite:core.py:62 executing functools.partial(<built-in method close of sqlite3.Cursor object at 0x000001E969D4F540>)
DEBUG    aiosqlite:core.py:67 operation functools.partial(<built-in method close of sqlite3.Cursor object at 0x000001E969D4F540>) completed
DEBUG    aiosqlite:core.py:62 executing functools.partial(<built-in method cursor of sqlite3.Connection object at 0x000001E9693274C0>)
DEBUG    aiosqlite:core.py:67 operation functools.partial(<built-in method cursor of sqlite3.Connection object at 0x000001E9693274C0>) completed
DEBUG    aiosqlite:core.py:62 executing functools.partial(<built-in method execute of sqlite3.Cursor object at 0x000001E969D4F4C0>, 'PRAGMA temp.table_info("travel_checkpoints")', ())
DEBUG    aiosqlite:core.py:67 operation functools.partial(<built-in method execute of sqlite3.Cursor object at 0x000001E969D4F4C0>, 'PRAGMA temp.table_info("travel_checkpoints")', ()) completed
DEBUG    aiosqlite:core.py:62 executing functools.partial(<built-in method fetchall of sqlite3.Cursor object at 0x000001E969D4F4C0>)
DEBUG    aiosqlite:core.py:67 operation functools.partial(<built-in method fetchall of sqlite3.Cursor object at 0x000001E969D4F4C0>) completed
DEBUG    aiosqlite:core.py:62 executing functools.partial(<built-in method close of sqlite3.Cursor object at 0x000001E969D4F4C0>)
DEBUG    aiosqlite:core.py:67 operation functools.partial(<built-in method close of sqlite3.Cursor object at 0x000001E969D4F4C0>) completed
DEBUG    aiosqlite:core.py:62 executing functools.partial(<built-in method cursor of sqlite3.Connection object at 0x000001E9693274C0>)
DEBUG    aiosqlite:core.py:67 operation functools.partial(<built-in method cursor of sqlite3.Connection object at 0x000001E9693274C0>) completed
DEBUG    aiosqlite:core.py:62 executing functools.partial(<built-in method execute of sqlite3.Cursor object at 0x000001E969D4F740>, 'PRAGMA main.table_info("lead_offers")', ())
DEBUG    aiosqlite:core.py:67 operation functools.partial(<built-in method execute of sqlite3.Cursor object at 0x000001E969D4F740>, 'PRAGMA main.table_info("lead_offers")', ()) completed
DEBUG    aiosqlite:core.py:62 executing functools.partial(<built-in method fetchall of sqlite3.Cursor object at 0x000001E969D4F740>)
DEBUG    aiosqlite:core.py:67 operation functools.partial(<built-in method fetchall of sqlite3.Cursor object at 0x000001E969D4F740>) completed
DEBUG    aiosqlite:core.py:62 executing functools.partial(<built-in method close of sqlite3.Cursor object at 0x000001E969D4F740>)
DEBUG    aiosqlite:core.py:67 operation functools.partial(<built-in method close of sqlite3.Cursor object at 0x000001E969D4F740>) completed
DEBUG    aiosqlite:core.py:62 executing functools.partial(<built-in method cursor of sqlite3.Connection object at 0x000001E9693274C0>)
DEBUG    aiosqlite:core.py:67 operation functools.partial(<built-in method cursor of sqlite3.Connection object at 0x000001E9693274C0>) completed
DEBUG    aiosqlite:core.py:62 executing functools.partial(<built-in method execute of sqlite3.Cursor object at 0x000001E969D4FA40>, 'PRAGMA temp.table_info("lead_offers")', ())
DEBUG    aiosqlite:core.py:67 operation functools.partial(<built-in method execute of sqlite3.Cursor object at 0x000001E969D4FA40>, 'PRAGMA temp.table_info("lead_offers")', ()) completed
DEBUG    aiosqlite:core.py:62 executing functools.partial(<built-in method fetchall of sqlite3.Cursor object at 0x000001E969D4FA40>)
DEBUG    aiosqlite:core.py:67 operation functools.partial(<built-in method fetchall of sqlite3.Cursor object at 0x000001E969D4FA40>) completed
DEBUG    aiosqlite:core.py:62 executing functools.partial(<built-in method close of sqlite3.Cursor object at 0x000001E969D4FA40>)
DEBUG    aiosqlite:core.py:67 operation functools.partial(<built-in method close of sqlite3.Cursor object at 0x000001E969D4FA40>) completed
DEBUG    aiosqlite:core.py:62 executing functools.partial(<built-in method cursor of sqlite3.Connection object at 0x000001E9693274C0>)
DEBUG    aiosqlite:core.py:67 operation functools.partial(<built-in method cursor of sqlite3.Connection object at 0x000001E9693274C0>) completed
DEBUG    aiosqlite:core.py:62 executing functools.partial(<built-in method execute of sqlite3.Cursor object at 0x000001E969D4D9C0>, '\nCREATE TABLE lead_score_history (\n\tid UUID NOT NULL, \n\tlead_id UUID NOT NULL, \n\tscore_numerico INTEGER NOT NULL, \n\tscore_label VARCHAR(10) NOT NULL, \n\tmotivo VARCHAR(255), \n\tcriterios_json TEXT, \n\tcriado_em DATETIME DEFAULT CURRENT_TIMESTAMP NOT NULL, \n\tPRIMARY KEY (id), \n\tFOREIGN KEY(lead_id) REFERENCES leads (id) ON DELETE CASCADE\n)\n\n', ())
DEBUG    aiosqlite:core.py:67 operation functools.partial(<built-in method execute of sqlite3.Cursor object at 0x000001E969D4D9C0>, '\nCREATE TABLE lead_score_history (\n\tid UUID NOT NULL, \n\tlead_id UUID NOT NULL, \n\tscore_numerico INTEGER NOT NULL, \n\tscore_label VARCHAR(10) NOT NULL, \n\tmotivo VARCHAR(255), \n\tcriterios_json TEXT, \n\tcriado_em DATETIME DEFAULT CURRENT_TIMESTAMP NOT NULL, \n\tPRIMARY KEY (id), \n\tFOREIGN KEY(lead_id) REFERENCES leads (id) ON DELETE CASCADE\n)\n\n', ()) completed
DEBUG    aiosqlite:core.py:62 executing functools.partial(<built-in method close of sqlite3.Cursor object at 0x000001E969D4D9C0>)
DEBUG    aiosqlite:core.py:67 operation functools.partial(<built-in method close of sqlite3.Cursor object at 0x000001E969D4D9C0>) completed
DEBUG    aiosqlite:core.py:62 executing functools.partial(<built-in method cursor of sqlite3.Connection object at 0x000001E9693274C0>)
DEBUG    aiosqlite:core.py:67 operation functools.partial(<built-in method cursor of sqlite3.Connection object at 0x000001E9693274C0>) completed
DEBUG    aiosqlite:core.py:62 executing functools.partial(<built-in method execute of sqlite3.Cursor object at 0x000001E969D4C340>, 'CREATE INDEX ix_lead_score_history_lead_id ON lead_score_history (lead_id)', ())
DEBUG    aiosqlite:core.py:67 operation functools.partial(<built-in method execute of sqlite3.Cursor object at 0x000001E969D4C340>, 'CREATE INDEX ix_lead_score_history_lead_id ON lead_score_history (lead_id)', ()) completed
DEBUG    aiosqlite:core.py:62 executing functools.partial(<built-in method close of sqlite3.Cursor object at 0x000001E969D4C340>)
DEBUG    aiosqlite:core.py:67 operation functools.partial(<built-in method close of sqlite3.Cursor object at 0x000001E969D4C340>) completed
DEBUG    aiosqlite:core.py:62 executing functools.partial(<built-in method cursor of sqlite3.Connection object at 0x000001E9693274C0>)
DEBUG    aiosqlite:core.py:67 operation functools.partial(<built-in method cursor of sqlite3.Connection object at 0x000001E9693274C0>) completed
DEBUG    aiosqlite:core.py:62 executing functools.partial(<built-in method execute of sqlite3.Cursor object at 0x000001E969D4C5C0>, 'CREATE INDEX ix_lead_score_history_lead_id ON lead_score_history (lead_id)', ())
DEBUG    aiosqlite:core.py:73 returning exception index ix_lead_score_history_lead_id already exists
DEBUG    aiosqlite:core.py:62 executing functools.partial(<built-in method rollback of sqlite3.Connection object at 0x000001E9693274C0>)
DEBUG    aiosqlite:core.py:67 operation functools.partial(<built-in method rollback of sqlite3.Connection object at 0x000001E9693274C0>) completed
DEBUG    aiosqlite:core.py:62 executing functools.partial(<built-in method rollback of sqlite3.Connection object at 0x000001E9693274C0>)
DEBUG    aiosqlite:core.py:67 operation functools.partial(<built-in method rollback of sqlite3.Connection object at 0x000001E9693274C0>) completed
=========================== short test summary info ===========================
ERROR tests/test_routes/test_auth_register.py::test_register_success - sqlalc...
ERROR tests/test_routes/test_auth_register.py::test_register_duplicate_email
ERROR tests/test_routes/test_auth_register.py::test_register_weak_password - ...
============================== 3 errors in 4.18s ==============================
